15.950: [GC 15.950: [ParNew: 1677824K->8161K(1887488K), 0.0202746 secs] 1677824K->8161K(5033216K), 0.0203475 secs] [Times: user=0.06 sys=0.00, real=0.02 secs] 
35.882: [GC [1 CMS-initial-mark: 0K(3145728K)] 793744K(5033216K), 0.2990237 secs] [Times: user=0.30 sys=0.00, real=0.30 secs] 
36.181: [CMS-concurrent-mark-start]
36.198: [CMS-concurrent-mark: 0.017/0.017 secs] [Times: user=0.03 sys=0.00, real=0.02 secs] 
36.198: [CMS-concurrent-preclean-start]
36.207: [CMS-concurrent-preclean: 0.009/0.009 secs] [Times: user=0.00 sys=0.00, real=0.00 secs] 
36.207: [CMS-concurrent-abortable-preclean-start]
 CMS: abort preclean due to time 41.353: [CMS-concurrent-abortable-preclean: 2.488/5.147 secs] [Times: user=2.65 sys=0.00, real=5.14 secs] 
41.354: [GC[YG occupancy: 842006 K (1887488 K)]41.354: [Rescan (parallel) , 0.2525829 secs]41.606: [weak refs processing, 0.0001083 secs] [1 CMS-remark: 0K(3145728K)] 842006K(5033216K), 0.2527541 secs] [Times: user=0.31 sys=0.00, real=0.26 secs] 
41.607: [CMS-concurrent-sweep-start]
41.614: [CMS-concurrent-sweep: 0.007/0.007 secs] [Times: user=0.00 sys=0.00, real=0.00 secs] 
41.614: [CMS-concurrent-reset-start]
41.629: [CMS-concurrent-reset: 0.016/0.016 secs] [Times: user=0.00 sys=0.02, real=0.02 secs] 
1153.337: [GC 1153.337: [ParNew: 1685985K->12229K(1887488K), 0.0281933 secs] 1685985K->12229K(5033216K) icms_dc=5 , 0.0282785 secs] [Times: user=0.03 sys=0.00, real=0.02 secs] 
2059.289: [GC [1 CMS-initial-mark: 0K(3145728K)] 809780K(5033216K), 0.2736949 secs] [Times: user=0.28 sys=0.00, real=0.28 secs] 
2059.563: [CMS-concurrent-mark-start]
2059.584: [CMS-concurrent-mark: 0.021/0.021 secs] [Times: user=0.03 sys=0.00, real=0.02 secs] 
2059.584: [CMS-concurrent-preclean-start]
2059.594: [CMS-concurrent-preclean: 0.009/0.009 secs] [Times: user=0.01 sys=0.00, real=0.01 secs] 
2059.594: [CMS-concurrent-abortable-preclean-start]
 CMS: abort preclean due to time 2064.752: [CMS-concurrent-abortable-preclean: 2.924/5.159 secs] [Times: user=2.73 sys=0.00, real=5.15 secs] 
2064.753: [GC[YG occupancy: 811458 K (1887488 K)]2064.753: [Rescan (parallel) , 0.2971223 secs]2065.050: [weak refs processing, 0.0000108 secs] [1 CMS-remark: 0K(3145728K)] 811458K(5033216K), 0.2972056 secs] [Times: user=0.38 sys=0.00, real=0.31 secs] 
2065.050: [CMS-concurrent-sweep-start]
2065.050: [CMS-concurrent-sweep: 0.000/0.000 secs] [Times: user=0.00 sys=0.00, real=0.00 secs] 
2065.050: [CMS-concurrent-reset-start]
2065.064: [CMS-concurrent-reset: 0.013/0.013 secs] [Times: user=0.00 sys=0.00, real=0.00 secs] 
3134.195: [GC 3134.195: [ParNew: 1690053K->18441K(1887488K), 0.0276131 secs] 1690053K->18441K(5033216K) icms_dc=0 , 0.0276880 secs] [Times: user=0.08 sys=0.00, real=0.02 secs] 
4643.121: [GC 4643.121: [ParNew: 1696265K->35085K(1887488K), 0.0615656 secs] 1696265K->35085K(5033216K) icms_dc=0 , 0.0616347 secs] [Times: user=0.09 sys=0.00, real=0.06 secs] 
6638.051: [GC 6638.051: [ParNew: 1712909K->35746K(1887488K), 0.0842196 secs] 1712909K->43582K(5033216K) icms_dc=0 , 0.0842895 secs] [Times: user=0.20 sys=0.00, real=0.08 secs] 
8602.918: [GC 8602.918: [ParNew: 1713570K->35132K(1887488K), 0.0862839 secs] 1721406K->44261K(5033216K) icms_dc=0 , 0.0863672 secs] [Times: user=0.11 sys=0.00, real=0.08 secs] 
10803.905: [GC 10803.905: [ParNew: 1712956K->26904K(1887488K), 0.0531619 secs] 1722085K->39533K(5033216K) icms_dc=0 , 0.0532564 secs] [Times: user=0.08 sys=0.00, real=0.05 secs] 
13228.299: [GC 13228.299: [ParNew: 1704728K->12916K(1887488K), 0.0264550 secs] 1717357K->33622K(5033216K) icms_dc=0 , 0.0265564 secs] [Times: user=0.03 sys=0.00, real=0.02 secs] 
15663.779: [GC 15663.779: [ParNew: 1690740K->4180K(1887488K), 0.0115895 secs] 1711446K->27690K(5033216K) icms_dc=0 , 0.0116678 secs] [Times: user=0.03 sys=0.00, real=0.02 secs] 
18103.704: [GC 18103.704: [ParNew: 1682004K->1065K(1887488K), 0.0077862 secs] 1705514K->24962K(5033216K) icms_dc=0 , 0.0078615 secs] [Times: user=0.00 sys=0.00, real=0.00 secs] 
19515.109: [GC 19515.109: [ParNew: 1678889K->20925K(1887488K), 0.0670959 secs] 1702786K->44970K(5033216K) icms_dc=0 , 0.0671870 secs] [Times: user=0.05 sys=0.00, real=0.06 secs] 
21612.628: [GC 21612.628: [ParNew: 1698749K->10692K(1887488K), 0.0374194 secs] 1722794K->34738K(5033216K) icms_dc=0 , 0.0375254 secs] [Times: user=0.03 sys=0.00, real=0.03 secs] 
23797.471: [GC 23797.471: [ParNew: 1688516K->8561K(1887488K), 0.0305912 secs] 1712562K->32609K(5033216K) icms_dc=0 , 0.0306941 secs] [Times: user=0.05 sys=0.00, real=0.03 secs] 
25688.360: [GC 25688.360: [ParNew: 1686385K->16418K(1887488K), 0.0542774 secs] 1710433K->40465K(5033216K) icms_dc=0 , 0.0543780 secs] [Times: user=0.05 sys=0.00, real=0.05 secs] 
27637.301: [GC 27637.301: [ParNew: 1694242K->10804K(1887488K), 0.0350096 secs] 1718289K->35089K(5033216K) icms_dc=0 , 0.0351056 secs] [Times: user=0.03 sys=0.00, real=0.03 secs] 
30072.253: [GC 30072.253: [ParNew: 1688628K->2226K(1887488K), 0.0061697 secs] 1712913K->26544K(5033216K) icms_dc=0 , 0.0062430 secs] [Times: user=0.03 sys=0.00, real=0.02 secs] 
32263.459: [GC 32263.459: [ParNew: 1680050K->7451K(1887488K), 0.0251622 secs] 1704368K->31862K(5033216K) icms_dc=0 , 0.0252566 secs] [Times: user=0.01 sys=0.00, real=0.02 secs] 
34503.109: [GC 34503.109: [ParNew: 1685275K->7659K(1887488K), 0.0222682 secs] 1709686K->32176K(5033216K) icms_dc=0 , 0.0223626 secs] [Times: user=0.05 sys=0.00, real=0.03 secs] 
36347.031: [GC 36347.032: [ParNew: 1685483K->24276K(1887488K), 0.0808818 secs] 1710000K->48898K(5033216K) icms_dc=0 , 0.0809850 secs] [Times: user=0.09 sys=0.00, real=0.08 secs] 
37980.132: [GC 37980.132: [ParNew: 1702100K->13459K(1887488K), 0.0435902 secs] 1726722K->38099K(5033216K) icms_dc=0 , 0.0436835 secs] [Times: user=0.03 sys=0.00, real=0.03 secs] 
39584.885: [GC 39584.886: [ParNew: 1691283K->13770K(1887488K), 0.0468198 secs] 1715923K->38463K(5033216K) icms_dc=0 , 0.0469212 secs] [Times: user=0.05 sys=0.00, real=0.05 secs] 
41717.929: [GC 41717.929: [ParNew: 1691594K->15811K(1887488K), 0.0415168 secs] 1716287K->40596K(5033216K) icms_dc=0 , 0.0416112 secs] [Times: user=0.06 sys=0.00, real=0.05 secs] 
43668.741: [GC 43668.741: [ParNew: 1693635K->13207K(1887488K), 0.0460511 secs] 1718420K->39063K(5033216K) icms_dc=0 , 0.0461490 secs] [Times: user=0.08 sys=0.00, real=0.05 secs] 
45912.810: [GC 45912.810: [ParNew: 1691031K->6918K(1887488K), 0.0212395 secs] 1716887K->32925K(5033216K) icms_dc=0 , 0.0213240 secs] [Times: user=0.05 sys=0.00, real=0.03 secs] 
47757.713: [GC 47757.713: [ParNew: 1684742K->16605K(1887488K), 0.0481572 secs] 1710749K->42721K(5033216K) icms_dc=0 , 0.0482459 secs] [Times: user=0.05 sys=0.00, real=0.05 secs] 
49907.801: [GC 49907.801: [ParNew: 1694429K->8249K(1887488K), 0.0283549 secs] 1720545K->34427K(5033216K) icms_dc=0 , 0.0284544 secs] [Times: user=0.01 sys=0.00, real=0.02 secs] 
52117.629: [GC 52117.629: [ParNew: 1686073K->10566K(1887488K), 0.0323029 secs] 1712251K->36796K(5033216K) icms_dc=0 , 0.0324047 secs] [Times: user=0.03 sys=0.00, real=0.03 secs] 
53816.573: [GC 53816.573: [ParNew: 1688390K->19642K(1887488K), 0.0654372 secs] 1714620K->45892K(5033216K) icms_dc=0 , 0.0655313 secs] [Times: user=0.06 sys=0.00, real=0.06 secs] 
56142.524: [GC 56142.524: [ParNew: 1697466K->7345K(1887488K), 0.0221929 secs] 1723716K->33745K(5033216K) icms_dc=0 , 0.0222858 secs] [Times: user=0.02 sys=0.00, real=0.02 secs] 
58202.390: [GC 58202.390: [ParNew: 1685169K->13021K(1887488K), 0.0471393 secs] 1711569K->39501K(5033216K) icms_dc=0 , 0.0472453 secs] [Times: user=0.05 sys=0.00, real=0.05 secs] 
60411.350: [GC 60411.350: [ParNew: 1690845K->9385K(1887488K), 0.0315657 secs] 1717325K->35895K(5033216K) icms_dc=0 , 0.0316598 secs] [Times: user=0.03 sys=0.00, real=0.03 secs] 
62862.279: [GC 62862.279: [ParNew: 1687209K->1765K(1887488K), 0.0025108 secs] 1713719K->28365K(5033216K) icms_dc=0 , 0.0025738 secs] [Times: user=0.00 sys=0.00, real=0.00 secs] 
65196.194: [GC 65196.194: [ParNew: 1679589K->4549K(1887488K), 0.0177895 secs] 1706189K->31185K(5033216K) icms_dc=0 , 0.0178786 secs] [Times: user=0.02 sys=0.00, real=0.02 secs] 
67477.132: [GC 67477.132: [ParNew: 1682373K->5121K(1887488K), 0.0185905 secs] 1709009K->31875K(5033216K) icms_dc=0 , 0.0186826 secs] [Times: user=0.02 sys=0.00, real=0.02 secs] 
69208.621: [GC 69208.621: [ParNew: 1682945K->20107K(1887488K), 0.0594357 secs] 1709699K->46897K(5033216K) icms_dc=0 , 0.0595221 secs] [Times: user=0.12 sys=0.00, real=0.06 secs] 
71557.025: [GC 71557.025: [ParNew: 1697931K->3709K(1887488K), 0.0103811 secs] 1724721K->30500K(5033216K) icms_dc=0 , 0.0104506 secs] [Times: user=0.02 sys=0.00, real=0.01 secs] 
73717.771: [GC 73717.771: [ParNew: 1681533K->8260K(1887488K), 0.0272445 secs] 1708324K->35062K(5033216K) icms_dc=0 , 0.0273420 secs] [Times: user=0.01 sys=0.00, real=0.01 secs] 
76168.736: [GC 76168.736: [ParNew: 1686084K->824K(1887488K), 0.0034393 secs] 1712886K->27651K(5033216K) icms_dc=0 , 0.0035137 secs] [Times: user=0.00 sys=0.00, real=0.00 secs] 
78606.819: [GC 78606.819: [ParNew: 1678648K->986K(1887488K), 0.0042613 secs] 1705475K->27950K(5033216K) icms_dc=0 , 0.0043232 secs] [Times: user=0.00 sys=0.00, real=0.00 secs] 
80022.625: [GC 80022.625: [ParNew: 1678810K->35256K(1887488K), 0.1050041 secs] 1705774K->62233K(5033216K) icms_dc=0 , 0.1050925 secs] [Times: user=0.09 sys=0.00, real=0.09 secs] 
81861.745: [GC 81861.745: [ParNew: 1713080K->20765K(1887488K), 0.0660838 secs] 1740057K->47913K(5033216K) icms_dc=0 , 0.0661698 secs] [Times: user=0.06 sys=0.00, real=0.06 secs] 
84255.694: [GC 84255.694: [ParNew: 1698589K->3351K(1887488K), 0.0093018 secs] 1725737K->30500K(5033216K) icms_dc=0 , 0.0093736 secs] [Times: user=0.00 sys=0.00, real=0.00 secs] 
86706.648: [GC 86706.648: [ParNew: 1681175K->1255K(1887488K), 0.0020147 secs] 1708324K->28404K(5033216K) icms_dc=0 , 0.0020769 secs] [Times: user=0.00 sys=0.00, real=0.00 secs] 
89165.586: [GC 89165.586: [ParNew: 1679079K->790K(1887488K), 0.0039880 secs] 1706228K->28134K(5033216K) icms_dc=0 , 0.0040594 secs] [Times: user=0.00 sys=0.00, real=0.00 secs] 
91621.521: [GC 91621.521: [ParNew: 1678614K->401K(1887488K), 0.0028130 secs] 1705958K->27840K(5033216K) icms_dc=0 , 0.0028744 secs] [Times: user=0.00 sys=0.00, real=0.00 secs] 
93186.509: [GC 93186.509: [ParNew: 1678225K->22581K(1887488K), 0.0640787 secs] 1705664K->50065K(5033216K) icms_dc=0 , 0.0641666 secs] [Times: user=0.06 sys=0.00, real=0.06 secs] 
95239.119: [GC 95239.119: [ParNew: 1700405K->13125K(1887488K), 0.0355444 secs] 1727889K->40609K(5033216K) icms_dc=0 , 0.0356393 secs] [Times: user=0.11 sys=0.00, real=0.05 secs] 
96757.488: [GC 96757.488: [ParNew: 1690949K->22530K(1887488K), 0.0563167 secs] 1718433K->50014K(5033216K) icms_dc=0 , 0.0564019 secs] [Times: user=0.05 sys=0.00, real=0.05 secs] 
98985.001: [GC 98985.001: [ParNew: 1700354K->4890K(1887488K), 0.0156032 secs] 1727838K->32374K(5033216K) icms_dc=0 , 0.0156945 secs] [Times: user=0.01 sys=0.00, real=0.02 secs] 
101296.283: [GC 101296.283: [ParNew: 1682714K->4627K(1887488K), 0.0160889 secs] 1710198K->32181K(5033216K) icms_dc=0 , 0.0161826 secs] [Times: user=0.03 sys=0.00, real=0.02 secs] 
103626.204: [GC 103626.204: [ParNew: 1682451K->4742K(1887488K), 0.0124346 secs] 1710005K->32307K(5033216K) icms_dc=0 , 0.0125099 secs] [Times: user=0.01 sys=0.00, real=0.02 secs] 
106017.561: [GC 106017.561: [ParNew: 1682566K->2636K(1887488K), 0.0105197 secs] 1710131K->30211K(5033216K) icms_dc=0 , 0.0105942 secs] [Times: user=0.02 sys=0.00, real=0.02 secs] 
108241.082: [GC 108241.082: [ParNew: 1680460K->7959K(1887488K), 0.0249495 secs] 1708035K->35537K(5033216K) icms_dc=0 , 0.0250393 secs] [Times: user=0.02 sys=0.00, real=0.02 secs] 
110340.728: [GC 110340.728: [ParNew: 1685783K->4924K(1887488K), 0.0174808 secs] 1713361K->32505K(5033216K) icms_dc=0 , 0.0175714 secs] [Times: user=0.02 sys=0.00, real=0.02 secs] 
112794.953: [GC 112794.953: [ParNew: 1682748K->1229K(1887488K), 0.0024759 secs] 1710329K->28831K(5033216K) icms_dc=0 , 0.0025400 secs] [Times: user=0.00 sys=0.00, real=0.00 secs] 
115259.612: [GC 115259.612: [ParNew: 1679053K->889K(1887488K), 0.0034020 secs] 1706655K->28520K(5033216K) icms_dc=0 , 0.0034715 secs] [Times: user=0.00 sys=0.00, real=0.00 secs] 
117489.852: [GC 117489.852: [ParNew: 1678713K->10497K(1887488K), 0.0350345 secs] 1706344K->38261K(5033216K) icms_dc=0 , 0.0351336 secs] [Times: user=0.03 sys=0.00, real=0.03 secs] 
119800.769: [GC 119800.769: [ParNew: 1688321K->4187K(1887488K), 0.0114125 secs] 1716085K->31993K(5033216K) icms_dc=0 , 0.0114858 secs] [Times: user=0.00 sys=0.00, real=0.01 secs] 
122095.709: [GC 122095.709: [ParNew: 1682011K->6587K(1887488K), 0.0213789 secs] 1709817K->34394K(5033216K) icms_dc=0 , 0.0214737 secs] [Times: user=0.02 sys=0.00, real=0.02 secs] 
124406.242: [GC 124406.242: [ParNew: 1684411K->5264K(1887488K), 0.0154089 secs] 1712218K->33071K(5033216K) icms_dc=0 , 0.0154918 secs] [Times: user=0.03 sys=0.00, real=0.02 secs] 
126670.615: [GC 126670.615: [ParNew: 1683088K->4766K(1887488K), 0.0163899 secs] 1710895K->32861K(5033216K) icms_dc=0 , 0.0164805 secs] [Times: user=0.02 sys=0.00, real=0.01 secs] 
129114.547: [GC 129114.547: [ParNew: 1682590K->1257K(1887488K), 0.0059216 secs] 1710685K->29365K(5033216K) icms_dc=0 , 0.0059862 secs] [Times: user=0.02 sys=0.00, real=0.02 secs] 
131544.474: [GC 131544.475: [ParNew: 1679081K->1820K(1887488K), 0.0064918 secs] 1707189K->29967K(5033216K) icms_dc=0 , 0.0065698 secs] [Times: user=0.00 sys=0.00, real=0.00 secs] 
133489.817: [GC 133489.817: [ParNew: 1679644K->16220K(1887488K), 0.0488775 secs] 1707791K->44400K(5033216K) icms_dc=0 , 0.0489693 secs] [Times: user=0.05 sys=0.00, real=0.05 secs] 
135858.847: [GC 135858.847: [ParNew: 1694044K->3595K(1887488K), 0.0132233 secs] 1722224K->31785K(5033216K) icms_dc=0 , 0.0133093 secs] [Times: user=0.01 sys=0.00, real=0.02 secs] 
138111.039: [GC 138111.039: [ParNew: 1681419K->5808K(1887488K), 0.0184192 secs] 1709609K->34011K(5033216K) icms_dc=0 , 0.0184968 secs] [Times: user=0.01 sys=0.00, real=0.02 secs] 
140535.241: [GC 140535.241: [ParNew: 1683632K->2530K(1887488K), 0.0061294 secs] 1711835K->30739K(5033216K) icms_dc=0 , 0.0062077 secs] [Times: user=0.00 sys=0.00, real=0.00 secs] 
142815.171: [GC 142815.171: [ParNew: 1680354K->7604K(1887488K), 0.0269864 secs] 1708563K->36031K(5033216K) icms_dc=0 , 0.0270694 secs] [Times: user=0.03 sys=0.00, real=0.03 secs] 
145143.517: [GC 145143.517: [ParNew: 1685428K->5302K(1887488K), 0.0190654 secs] 1713855K->33811K(5033216K) icms_dc=0 , 0.0191503 secs] [Times: user=0.02 sys=0.00, real=0.02 secs] 
147525.067: [GC 147525.067: [ParNew: 1683126K->2907K(1887488K), 0.0102291 secs] 1711635K->31503K(5033216K) icms_dc=0 , 0.0103001 secs] [Times: user=0.00 sys=0.00, real=0.00 secs] 
149349.026: [GC 149349.026: [ParNew: 1680731K->18736K(1887488K), 0.0549463 secs] 1709327K->47338K(5033216K) icms_dc=0 , 0.0550376 secs] [Times: user=0.05 sys=0.00, real=0.05 secs] 
151253.964: [GC 151253.964: [ParNew: 1696560K->15151K(1887488K), 0.0478904 secs] 1725162K->43784K(5033216K) icms_dc=0 , 0.0479810 secs] [Times: user=0.05 sys=0.00, real=0.05 secs] 
153244.903: [GC 153244.903: [ParNew: 1692975K->8677K(1887488K), 0.0268198 secs] 1721608K->37350K(5033216K) icms_dc=0 , 0.0269185 secs] [Times: user=0.05 sys=0.00, real=0.03 secs] 
155508.855: [GC 155508.855: [ParNew: 1686501K->8557K(1887488K), 0.0275705 secs] 1715174K->37286K(5033216K) icms_dc=0 , 0.0276499 secs] [Times: user=0.03 sys=0.00, real=0.03 secs] 
157250.188: [GC 157250.188: [ParNew: 1686381K->21734K(1887488K), 0.0680709 secs] 1715110K->50499K(5033216K) icms_dc=0 , 0.0681553 secs] [Times: user=0.06 sys=0.00, real=0.06 secs] 
158893.468: [GC 158893.468: [ParNew: 1699558K->24555K(1887488K), 0.0632105 secs] 1728323K->53346K(5033216K) icms_dc=0 , 0.0632938 secs] [Times: user=0.06 sys=0.00, real=0.06 secs] 
160616.267: [GC 160616.267: [ParNew: 1702379K->17695K(1887488K), 0.0546279 secs] 1731170K->46510K(5033216K) icms_dc=0 , 0.0547174 secs] [Times: user=0.05 sys=0.00, real=0.05 secs] 
162298.674: [GC 162298.674: [ParNew: 1695519K->19547K(1887488K), 0.0579912 secs] 1724334K->48419K(5033216K) icms_dc=0 , 0.0580802 secs] [Times: user=0.05 sys=0.00, real=0.05 secs] 
164504.641: [GC 164504.641: [ParNew: 1697371K->7609K(1887488K), 0.0235564 secs] 1726243K->36667K(5033216K) icms_dc=0 , 0.0236574 secs] [Times: user=0.03 sys=0.00, real=0.03 secs] 
166824.589: [GC 166824.589: [ParNew: 1685433K->5223K(1887488K), 0.0161607 secs] 1714491K->34398K(5033216K) icms_dc=0 , 0.0162432 secs] [Times: user=0.03 sys=0.00, real=0.02 secs] 
168688.550: [GC 168688.550: [ParNew: 1683047K->21720K(1887488K), 0.0624134 secs] 1712222K->50954K(5033216K) icms_dc=0 , 0.0625021 secs] [Times: user=0.06 sys=0.00, real=0.06 secs] 
170609.479: [GC 170609.479: [ParNew: 1699544K->17689K(1887488K), 0.0537160 secs] 1728778K->47004K(5033216K) icms_dc=0 , 0.0538078 secs] [Times: user=0.08 sys=0.00, real=0.06 secs] 
172980.190: [GC 172980.190: [ParNew: 1695513K->4310K(1887488K), 0.0147373 secs] 1724828K->33657K(5033216K) icms_dc=0 , 0.0148245 secs] [Times: user=0.02 sys=0.00, real=0.02 secs] 
174228.363: [Full GC 174228.363: [CMS: 29346K->31421K(3145728K), 0.5658221 secs] 955586K->31421K(5033216K), [CMS Perm : 58212K->57316K(58536K)] icms_dc=0 , 0.5660007 secs] [Times: user=0.51 sys=0.00, real=0.56 secs] 
174228.930: [GC [1 CMS-initial-mark: 31421K(3145728K)] 31421K(5033216K), 0.0013385 secs] [Times: user=0.00 sys=0.00, real=0.00 secs] 
174228.931: [CMS-concurrent-mark-start]
175694.396: [GC 175694.396: [ParNew: 1677824K->25622K(1887488K), 0.0726440 secs] 1709245K->57044K(5033216K) icms_dc=0 , 0.0727338 secs] [Times: user=0.06 sys=0.00, real=0.06 secs] 
177309.350: [GC 177309.350: [ParNew: 1703446K->23200K(1887488K), 0.0730725 secs] 1734868K->54622K(5033216K) icms_dc=0 , 0.0731623 secs] [Times: user=0.06 sys=0.00, real=0.06 secs] 
179729.274: [GC 179729.274: [ParNew: 1701024K->4428K(1887488K), 0.0138419 secs] 1732446K->35850K(5033216K) icms_dc=0 , 0.0139156 secs] [Times: user=0.02 sys=0.00, real=0.02 secs] 
181438.204: [GC 181438.204: [ParNew: 1682252K->30684K(1887488K), 0.0976626 secs] 1713674K->62105K(5033216K) icms_dc=0 , 0.0977643 secs] [Times: user=0.09 sys=0.00, real=0.09 secs] 
183007.332: [GC 183007.332: [ParNew: 1708508K->25658K(1887488K), 0.0756397 secs] 1739929K->57662K(5033216K) icms_dc=0 , 0.0757281 secs] [Times: user=0.11 sys=0.02, real=0.08 secs] 
184363.452: [GC 184363.452: [ParNew: 1703482K->39283K(1887488K), 0.1109434 secs] 1735486K->71439K(5033216K) icms_dc=0 , 0.1110271 secs] [Times: user=0.11 sys=0.00, real=0.11 secs] 
186209.193: [GC 186209.193: [ParNew: 1717107K->21124K(1887488K), 0.0665787 secs] 1749263K->53340K(5033216K) icms_dc=0 , 0.0666882 secs] [Times: user=0.08 sys=0.00, real=0.06 secs] 
187958.109: [GC 187958.109: [ParNew: 1698948K->25087K(1887488K), 0.0768124 secs] 1731164K->57536K(5033216K) icms_dc=0 , 0.0768992 secs] [Times: user=0.08 sys=0.00, real=0.08 secs] 
189396.570: [GC 189396.570: [ParNew: 1702911K->36603K(1887488K), 0.1164496 secs] 1735360K->69465K(5033216K) icms_dc=0 , 0.1165406 secs] [Times: user=0.11 sys=0.00, real=0.11 secs] 
190679.053: [GC 190679.053: [ParNew: 1714427K->38765K(1887488K), 0.1126483 secs] 1747289K->71821K(5033216K) icms_dc=0 , 0.1127412 secs] [Times: user=0.11 sys=0.00, real=0.11 secs] 
192145.548: [GC 192145.548: [ParNew: 1716589K->33289K(1887488K), 0.1068726 secs] 1749645K->66544K(5033216K) icms_dc=0 , 0.1069778 secs] [Times: user=0.11 sys=0.00, real=0.11 secs] 
193507.997: [GC 193507.997: [ParNew: 1711113K->38270K(1887488K), 0.1180627 secs] 1744368K->71708K(5033216K) icms_dc=0 , 0.1181522 secs] [Times: user=0.11 sys=0.00, real=0.11 secs] 
195085.189: [GC 195085.189: [ParNew: 1716094K->30428K(1887488K), 0.0928475 secs] 1749532K->64365K(5033216K) icms_dc=0 , 0.0929301 secs] [Times: user=0.13 sys=0.00, real=0.09 secs] 
196468.988: [GC 196468.988: [ParNew: 1708252K->36556K(1887488K), 0.1102976 secs] 1742189K->70903K(5033216K) icms_dc=0 , 0.1103944 secs] [Times: user=0.11 sys=0.00, real=0.11 secs] 
197836.709: [GC 197836.709: [ParNew: 1714380K->30043K(1887488K), 0.0889245 secs] 1748727K->64655K(5033216K) icms_dc=0 , 0.0890205 secs] [Times: user=0.09 sys=0.00, real=0.09 secs] 
199053.368: [GC 199053.368: [ParNew: 1707867K->40233K(1887488K), 0.1364589 secs] 1742479K->75088K(5033216K) icms_dc=0 , 0.1365572 secs] [Times: user=0.13 sys=0.00, real=0.13 secs] 
200248.097: [GC 200248.097: [ParNew: 1718057K->35341K(1887488K), 0.1141892 secs] 1752912K->70431K(5033216K) icms_dc=0 , 0.1142786 secs] [Times: user=0.11 sys=0.00, real=0.11 secs] 
201193.816: [GC 201193.816: [ParNew: 1713165K->41353K(1887488K), 0.1266303 secs] 1748255K->76621K(5033216K) icms_dc=0 , 0.1267240 secs] [Times: user=0.13 sys=0.00, real=0.13 secs] 
202483.687: [GC 202483.687: [ParNew: 1719177K->37569K(1887488K), 0.1121522 secs] 1754445K->72974K(5033216K) icms_dc=0 , 0.1122413 secs] [Times: user=0.11 sys=0.00, real=0.11 secs] 
203523.205: [GC 203523.205: [ParNew: 1715393K->42032K(1887488K), 0.1368379 secs] 1750798K->77584K(5033216K) icms_dc=0 , 0.1369396 secs] [Times: user=0.13 sys=0.00, real=0.13 secs] 
204242.795: [GC 204242.795: [ParNew: 1719856K->59111K(1887488K), 0.1833394 secs] 1755408K->94909K(5033216K) icms_dc=0 , 0.1836062 secs] [Times: user=0.17 sys=0.00, real=0.17 secs] 
204654.876: [GC 204654.876: [ParNew: 1736935K->52185K(1887488K), 0.1837629 secs] 1772733K->88123K(5033216K) icms_dc=0 , 0.1838558 secs] [Times: user=0.19 sys=0.00, real=0.19 secs] 
205531.152: [GC 205531.152: [ParNew: 1730009K->53983K(1887488K), 0.1653748 secs] 1765947K->90086K(5033216K) icms_dc=0 , 0.1654762 secs] [Times: user=0.20 sys=0.00, real=0.17 secs] 
205963.410: [GC 205963.410: [ParNew: 1731807K->57513K(1887488K), 0.1972807 secs] 1767910K->93855K(5033216K) icms_dc=0 , 0.1973790 secs] [Times: user=0.19 sys=0.00, real=0.19 secs] 
206534.729: [GC 206534.729: [ParNew: 1735337K->67362K(1887488K), 0.2005875 secs] 1771679K->103916K(5033216K) icms_dc=0 , 0.2006731 secs] [Times: user=0.20 sys=0.00, real=0.20 secs] 
207084.038: [GC 207084.038: [ParNew: 1745186K->49780K(1887488K), 0.1526507 secs] 1781740K->86592K(5033216K) icms_dc=0 , 0.1527417 secs] [Times: user=0.17 sys=0.00, real=0.16 secs] 
207556.674: [GC 207556.674: [ParNew: 1727604K->67586K(1887488K), 0.2402193 secs] 1764416K->104712K(5033216K) icms_dc=0 , 0.2403142 secs] [Times: user=0.26 sys=0.00, real=0.25 secs] 
207947.706: [GC 207947.706: [ParNew: 1745410K->66226K(1887488K), 0.1945207 secs] 1782536K->103701K(5033216K) icms_dc=0 , 0.1945998 secs] [Times: user=0.20 sys=0.00, real=0.20 secs] 
208380.981: [GC 208380.981: [ParNew: 1744050K->66385K(1887488K), 0.1930992 secs] 1781525K->104103K(5033216K) icms_dc=0 , 0.1931879 secs] [Times: user=0.22 sys=0.00, real=0.20 secs] 
208718.415: [GC 208718.415: [ParNew: 1744209K->63784K(1887488K), 0.1840121 secs] 1781927K->101735K(5033216K) icms_dc=0 , 0.1840973 secs] [Times: user=0.20 sys=0.00, real=0.19 secs] 
208988.026: [GC 208988.026: [ParNew: 1741608K->52782K(1887488K), 0.1582287 secs] 1779559K->91108K(5033216K) icms_dc=0 , 0.1583147 secs] [Times: user=0.16 sys=0.00, real=0.16 secs] 
209229.731: [GC 209229.731: [ParNew: 1730606K->41025K(1887488K), 0.1282188 secs] 1768932K->79689K(5033216K) icms_dc=0 , 0.1283113 secs] [Times: user=0.12 sys=0.00, real=0.13 secs] 
209592.618: [GC 209592.619: [ParNew: 1718849K->49888K(1887488K), 0.1487518 secs] 1757513K->88771K(5033216K) icms_dc=0 , 0.1488424 secs] [Times: user=0.14 sys=0.00, real=0.14 secs] 
209996.055: [GC 209996.055: [ParNew: 1727712K->55291K(1887488K), 0.1836754 secs] 1766595K->94427K(5033216K) icms_dc=0 , 0.1837752 secs] [Times: user=0.19 sys=0.00, real=0.19 secs] 
210303.593: [GC 210303.593: [ParNew: 1733115K->56978K(1887488K), 0.1654282 secs] 1772251K->96275K(5033216K) icms_dc=0 , 0.1655207 secs] [Times: user=0.19 sys=0.00, real=0.17 secs] 
210544.954: [GC 210544.954: [ParNew: 1734802K->61192K(1887488K), 0.2001739 secs] 1774099K->100626K(5033216K) icms_dc=0 , 0.2002630 secs] [Times: user=0.20 sys=0.00, real=0.20 secs] 
210839.287: [GC 210839.287: [ParNew: 1739016K->70767K(1887488K), 0.2019763 secs] 1778450K->110451K(5033216K) icms_dc=0 , 0.2020612 secs] [Times: user=0.20 sys=0.00, real=0.20 secs] 
211078.097: [GC 211078.097: [ParNew: 1748591K->67626K(1887488K), 0.2228683 secs] 1788275K->107439K(5033216K) icms_dc=0 , 0.2229655 secs] [Times: user=0.22 sys=0.00, real=0.22 secs] 
211333.380: [GC 211333.380: [ParNew: 1745450K->48656K(1887488K), 0.1174710 secs] 1785263K->88621K(5033216K) icms_dc=0 , 0.1175585 secs] [Times: user=0.19 sys=0.00, real=0.12 secs] 
211619.247: [GC 211619.247: [ParNew: 1726480K->62176K(1887488K), 0.2123816 secs] 1766445K->102374K(5033216K) icms_dc=0 , 0.2124930 secs] [Times: user=0.20 sys=0.00, real=0.20 secs] 
211997.357: [GC 211997.357: [ParNew: 1740000K->68288K(1887488K), 0.2294711 secs] 1780198K->108790K(5033216K) icms_dc=0 , 0.2295714 secs] [Times: user=0.25 sys=0.00, real=0.23 secs] 
212379.378: [GC 212379.378: [ParNew: 1746112K->71049K(1887488K), 0.2132744 secs] 1786614K->111787K(5033216K) icms_dc=0 , 0.2133631 secs] [Times: user=0.20 sys=0.00, real=0.20 secs] 
212738.672: [GC 212738.672: [ParNew: 1748873K->69285K(1887488K), 0.2123643 secs] 1789611K->110177K(5033216K) icms_dc=0 , 0.2124530 secs] [Times: user=0.23 sys=0.00, real=0.22 secs] 
213024.580: [GC 213024.580: [ParNew: 1747109K->56677K(1887488K), 0.1686109 secs] 1788001K->97770K(5033216K) icms_dc=0 , 0.1686962 secs] [Times: user=0.19 sys=0.00, real=0.17 secs] 
213335.211: [GC 213335.211: [ParNew: 1734501K->49699K(1887488K), 0.1570610 secs] 1775594K->91140K(5033216K) icms_dc=0 , 0.1571585 secs] [Times: user=0.17 sys=0.00, real=0.16 secs] 
213583.464: [GC 213583.465: [ParNew: 1727523K->58496K(1887488K), 0.1712584 secs] 1768964K->100237K(5033216K) icms_dc=0 , 0.1713506 secs] [Times: user=0.19 sys=0.00, real=0.17 secs] 
213903.875: [GC 213903.875: [ParNew: 1736320K->67318K(1887488K), 0.1839011 secs] 1778061K->109340K(5033216K) icms_dc=0 , 0.1839902 secs] [Times: user=0.19 sys=0.00, real=0.19 secs] 
214117.417: [GC 214117.417: [ParNew: 1745142K->73139K(1887488K), 0.2216953 secs] 1787164K->115412K(5033216K) icms_dc=0 , 0.2217871 secs] [Times: user=0.22 sys=0.00, real=0.22 secs] 
214393.048: [GC 214393.048: [ParNew: 1750963K->72377K(1887488K), 0.2384442 secs] 1793236K->114801K(5033216K) icms_dc=0 , 0.2385513 secs] [Times: user=0.25 sys=0.00, real=0.23 secs] 
214658.874: [GC 214658.874: [ParNew: 1750201K->83815K(1887488K), 0.2474810 secs] 1792625K->126431K(5033216K) icms_dc=0 , 0.2475628 secs] [Times: user=0.25 sys=0.00, real=0.25 secs] 
214805.720: [GC 214805.720: [ParNew: 1761639K->50239K(1887488K), 0.1485425 secs] 1804255K->93092K(5033216K) icms_dc=0 , 0.1486343 secs] [Times: user=0.17 sys=0.00, real=0.16 secs] 
214969.260: [GC 214969.261: [ParNew: 1728063K->57666K(1887488K), 0.1555355 secs] 1770916K->100730K(5033216K) icms_dc=0 , 0.1556211 secs] [Times: user=0.16 sys=0.00, real=0.16 secs] 
215120.790: [GC 215120.790: [ParNew: 1735490K->68951K(1887488K), 0.1873227 secs] 1778554K->112347K(5033216K) icms_dc=0 , 0.1874149 secs] [Times: user=0.19 sys=0.00, real=0.19 secs] 
215316.406: [GC 215316.406: [ParNew: 1746775K->56737K(1887488K), 0.1872379 secs] 1790171K->100471K(5033216K) icms_dc=0 , 0.1873223 secs] [Times: user=0.25 sys=0.00, real=0.19 secs] 
215505.431: [GC 215505.431: [ParNew: 1734561K->56605K(1887488K), 0.1665256 secs] 1778295K->100525K(5033216K) icms_dc=0 , 0.1666096 secs] [Times: user=0.17 sys=0.00, real=0.17 secs] 
215772.101: [GC 215772.101: [ParNew: 1734429K->61240K(1887488K), 0.1884512 secs] 1778349K->105332K(5033216K) icms_dc=0 , 0.1885399 secs] [Times: user=0.19 sys=0.00, real=0.19 secs] 
216076.014: [GC 216076.014: [ParNew: 1739064K->65858K(1887488K), 0.2207108 secs] 1783156K->110241K(5033216K) icms_dc=0 , 0.2208137 secs] [Times: user=0.22 sys=0.00, real=0.22 secs] 
216358.605: [GC 216358.605: [ParNew: 1743682K->68880K(1887488K), 0.2050619 secs] 1788065K->113490K(5033216K) icms_dc=0 , 0.2051514 secs] [Times: user=0.27 sys=0.00, real=0.20 secs] 
216550.472: [GC 216550.472: [ParNew: 1746704K->65296K(1887488K), 0.1899817 secs] 1791314K->110111K(5033216K) icms_dc=0 , 0.1900727 secs] [Times: user=0.19 sys=0.00, real=0.19 secs] 
216856.888: [GC 216856.888: [ParNew: 1743120K->75165K(1887488K), 0.2292488 secs] 1787935K->120231K(5033216K) icms_dc=0 , 0.2293371 secs] [Times: user=0.22 sys=0.00, real=0.22 secs] 
217103.113: [GC 217103.113: [ParNew: 1752989K->70242K(1887488K), 0.2306833 secs] 1798055K->115561K(5033216K) icms_dc=0 , 0.2307759 secs] [Times: user=0.23 sys=0.00, real=0.23 secs] 
217363.591: [GC 217363.591: [ParNew: 1748066K->67948K(1887488K), 0.1901818 secs] 1793385K->113531K(5033216K) icms_dc=0 , 0.1902632 secs] [Times: user=0.19 sys=0.00, real=0.19 secs] 
217535.917: [GC 217535.917: [ParNew: 1745772K->61551K(1887488K), 0.1849548 secs] 1791355K->107397K(5033216K) icms_dc=0 , 0.1850415 secs] [Times: user=0.20 sys=0.00, real=0.19 secs] 
217828.463: [GC 217828.463: [ParNew: 1739375K->75663K(1887488K), 0.2553859 secs] 1785221K->121856K(5033216K) icms_dc=0 , 0.2554907 secs] [Times: user=0.25 sys=0.00, real=0.25 secs] 
218047.874: [GC 218047.875: [ParNew: 1753487K->76587K(1887488K), 0.2249545 secs] 1799680K->123079K(5033216K) icms_dc=0 , 0.2250374 secs] [Times: user=0.25 sys=0.02, real=0.23 secs] 
218191.817: [GC 218191.817: [ParNew: 1754411K->57870K(1887488K), 0.1747568 secs] 1800903K->104662K(5033216K) icms_dc=0 , 0.1748467 secs] [Times: user=0.19 sys=0.00, real=0.17 secs] 
218326.887: [GC 218326.887: [ParNew: 1735694K->45542K(1887488K), 0.1235351 secs] 1782486K->92597K(5033216K) icms_dc=0 , 0.1236269 secs] [Times: user=0.13 sys=0.00, real=0.13 secs] 
218473.861: [GC 218473.861: [ParNew: 1723366K->50684K(1887488K), 0.1359313 secs] 1770421K->98075K(5033216K) icms_dc=0 , 0.1360173 secs] [Times: user=0.14 sys=0.00, real=0.14 secs] 
218720.147: [GC 218720.147: [ParNew: 1728508K->61491K(1887488K), 0.1820561 secs] 1775899K->109311K(5033216K) icms_dc=0 , 0.1821406 secs] [Times: user=0.19 sys=0.00, real=0.19 secs] 
219001.847: [GC 219001.847: [ParNew: 1739315K->66482K(1887488K), 0.1979615 secs] 1787135K->114499K(5033216K) icms_dc=0 , 0.1980525 secs] [Times: user=0.22 sys=0.00, real=0.20 secs] 
219223.463: [GC 219223.464: [ParNew: 1744306K->61601K(1887488K), 0.1852577 secs] 1792323K->109793K(5033216K) icms_dc=0 , 0.1853472 secs] [Times: user=0.19 sys=0.00, real=0.19 secs] 
219450.667: [GC 219450.667: [ParNew: 1739425K->68186K(1887488K), 0.2349681 secs] 1787617K->116627K(5033216K) icms_dc=0 , 0.2350702 secs] [Times: user=0.23 sys=0.00, real=0.23 secs] 
219761.993: [GC 219761.993: [ParNew: 1746010K->61264K(1887488K), 0.1539028 secs] 1794451K->109990K(5033216K) icms_dc=0 , 0.1539919 secs] [Times: user=0.16 sys=0.00, real=0.16 secs] 
219804.210: [GC 219804.210: [ParNew: 1739088K->27464K(1887488K), 0.0548890 secs] 1787814K->76556K(5033216K) icms_dc=0 , 0.0549720 secs] [Times: user=0.13 sys=0.00, real=0.06 secs] 
220012.466: [GC 220012.466: [ParNew: 1705288K->47361K(1887488K), 0.1526787 secs] 1754380K->96680K(5033216K) icms_dc=0 , 0.1527843 secs] [Times: user=0.14 sys=0.00, real=0.14 secs] 
220212.143: [GC 220212.143: [ParNew: 1725185K->56205K(1887488K), 0.1612912 secs] 1774504K->105796K(5033216K) icms_dc=0 , 0.1613795 secs] [Times: user=0.16 sys=0.00, real=0.16 secs] 
220613.680: [GC 220613.680: [ParNew: 1734029K->67763K(1887488K), 0.2016231 secs] 1783620K->117592K(5033216K) icms_dc=0 , 0.2017102 secs] [Times: user=0.22 sys=0.00, real=0.20 secs] 
220834.561: [GC 220834.561: [ParNew: 1745587K->68478K(1887488K), 0.2247053 secs] 1795416K->118369K(5033216K) icms_dc=0 , 0.2248020 secs] [Times: user=0.22 sys=0.00, real=0.22 secs] 
221093.315: [GC 221093.315: [ParNew: 1746302K->66460K(1887488K), 0.2053077 secs] 1796193K->116511K(5033216K) icms_dc=0 , 0.2054021 secs] [Times: user=0.20 sys=0.00, real=0.20 secs] 
221307.272: [GC 221307.272: [ParNew: 1744284K->78515K(1887488K), 0.2586328 secs] 1794335K->128764K(5033216K) icms_dc=0 , 0.2587311 secs] [Times: user=0.25 sys=0.00, real=0.25 secs] 
221442.365: [GC 221442.365: [ParNew: 1756339K->65708K(1887488K), 0.1936591 secs] 1806588K->116218K(5033216K) icms_dc=0 , 0.1937543 secs] [Times: user=0.19 sys=0.00, real=0.19 secs] 
221709.293: [GC 221709.293: [ParNew: 1743532K->79446K(1887488K), 0.2267046 secs] 1794042K->130325K(5033216K) icms_dc=0 , 0.2267898 secs] [Times: user=0.22 sys=0.00, real=0.22 secs] 
221921.687: [GC 221921.687: [ParNew: 1757270K->66128K(1887488K), 0.1883234 secs] 1808149K->117323K(5033216K) icms_dc=0 , 0.1884136 secs] [Times: user=0.25 sys=0.00, real=0.19 secs] 
222037.892: [GC 222037.892: [ParNew: 1743952K->57078K(1887488K), 0.1718532 secs] 1795147K->108552K(5033216K) icms_dc=0 , 0.1719430 secs] [Times: user=0.17 sys=0.00, real=0.17 secs] 
222332.673: [GC 222332.673: [ParNew: 1734902K->55193K(1887488K), 0.1802330 secs] 1786376K->106970K(5033216K) icms_dc=0 , 0.1803363 secs] [Times: user=0.20 sys=0.00, real=0.19 secs] 
222546.749: [GC 222546.749: [ParNew: 1733017K->60784K(1887488K), 0.1809902 secs] 1784794K->113025K(5033216K) icms_dc=0 , 0.1810743 secs] [Times: user=0.17 sys=0.00, real=0.17 secs] 
222773.398: [GC 222773.399: [ParNew: 1738608K->73616K(1887488K), 0.2511426 secs] 1790849K->126173K(5033216K) icms_dc=0 , 0.2512390 secs] [Times: user=0.25 sys=0.00, real=0.25 secs] 
222910.782: [GC 222910.782: [ParNew: 1751440K->74553K(1887488K), 0.2318978 secs] 1803997K->127285K(5033216K) icms_dc=0 , 0.2319935 secs] [Times: user=0.23 sys=0.00, real=0.23 secs] 
223147.026: [GC 223147.026: [ParNew: 1752377K->79558K(1887488K), 0.2657950 secs] 1805109K->132487K(5033216K) icms_dc=0 , 0.2658956 secs] [Times: user=0.25 sys=0.02, real=0.27 secs] 
223388.904: [GC 223388.904: [ParNew: 1757382K->72848K(1887488K), 0.2420828 secs] 1810311K->126016K(5033216K) icms_dc=0 , 0.2421845 secs] [Times: user=0.23 sys=0.00, real=0.23 secs] 
223647.941: [GC 223647.941: [ParNew: 1750672K->71447K(1887488K), 0.2103638 secs] 1803840K->124902K(5033216K) icms_dc=0 , 0.2104479 secs] [Times: user=0.22 sys=0.00, real=0.22 secs] 
223876.248: [GC 223876.248: [ParNew: 1749271K->73889K(1887488K), 0.2103896 secs] 1802726K->127541K(5033216K) icms_dc=0 , 0.2104744 secs] [Times: user=0.20 sys=0.00, real=0.20 secs] 
224103.184: [GC 224103.184: [ParNew: 1751571K->70873K(1887488K), 0.1989633 secs] 1805222K->124766K(5033216K) icms_dc=0 , 0.1990481 secs] [Times: user=0.26 sys=0.00, real=0.20 secs] 
224354.767: [GC 224354.767: [ParNew: 1748697K->76105K(1887488K), 0.2505874 secs] 1802590K->130242K(5033216K) icms_dc=0 , 0.2506853 secs] [Times: user=0.25 sys=0.00, real=0.25 secs] 
224659.983: [GC 224659.983: [ParNew: 1753929K->67559K(1887488K), 0.2238425 secs] 1808066K->121925K(5033216K) icms_dc=0 , 0.2239515 secs] [Times: user=0.22 sys=0.00, real=0.22 secs] 
224877.207: [GC 224877.207: [ParNew: 1745383K->61736K(1887488K), 0.1845716 secs] 1799749K->116364K(5033216K) icms_dc=0 , 0.1846579 secs] [Times: user=0.19 sys=0.00, real=0.19 secs] 
225200.874: [GC 225200.874: [ParNew: 1739560K->69294K(1887488K), 0.2306027 secs] 1794188K->124323K(5033216K) icms_dc=0 , 0.2306995 secs] [Times: user=0.25 sys=0.00, real=0.23 secs] 
225507.830: [GC 225507.830: [ParNew: 1747118K->76683K(1887488K), 0.2424064 secs] 1802147K->131947K(5033216K) icms_dc=0 , 0.2424925 secs] [Times: user=0.23 sys=0.00, real=0.25 secs] 
225731.449: [GC 225731.449: [ParNew: 1754507K->71536K(1887488K), 0.2367190 secs] 1809771K->127076K(5033216K) icms_dc=0 , 0.2368123 secs] [Times: user=0.23 sys=0.00, real=0.23 secs] 
225901.700: [GC 225901.700: [ParNew: 1749360K->52429K(1887488K), 0.1223517 secs] 1804900K->108211K(5033216K) icms_dc=0 , 0.1224404 secs] [Times: user=0.19 sys=0.00, real=0.13 secs] 
226079.087: [GC 226079.087: [ParNew: 1730253K->73410K(1887488K), 0.2129837 secs] 1786035K->129525K(5033216K) icms_dc=0 , 0.2130735 secs] [Times: user=0.20 sys=0.00, real=0.20 secs] 
226347.708: [GC 226347.708: [ParNew: 1751234K->71316K(1887488K), 0.2384957 secs] 1807349K->127836K(5033216K) icms_dc=0 , 0.2385967 secs] [Times: user=0.23 sys=0.00, real=0.23 secs] 
226474.953: [GC 226474.953: [ParNew: 1749140K->70364K(1887488K), 0.2293444 secs] 1805660K->127170K(5033216K) icms_dc=0 , 0.2294350 secs] [Times: user=0.30 sys=0.00, real=0.23 secs] 
226693.619: [GC 226693.619: [ParNew: 1748188K->59972K(1887488K), 0.1773125 secs] 1804994K->117288K(5033216K) icms_dc=0 , 0.1774047 secs] [Times: user=0.19 sys=0.00, real=0.17 secs] 
226862.154: [GC 226862.154: [ParNew: 1737796K->39232K(1887488K), 0.1108194 secs] 1795112K->96954K(5033216K) icms_dc=0 , 0.1109097 secs] [Times: user=0.11 sys=0.00, real=0.11 secs] 
227075.127: [GC 227075.127: [ParNew: 1717056K->48424K(1887488K), 0.1455260 secs] 1774778K->106479K(5033216K) icms_dc=0 , 0.1456167 secs] [Times: user=0.17 sys=0.00, real=0.16 secs] 
227363.887: [GC 227363.887: [ParNew: 1726248K->70488K(1887488K), 0.2138730 secs] 1784303K->128852K(5033216K) icms_dc=0 , 0.2139594 secs] [Times: user=0.25 sys=0.00, real=0.22 secs] 
227586.734: [GC 227586.734: [ParNew: 1748312K->68801K(1887488K), 0.1972154 secs] 1806676K->127339K(5033216K) icms_dc=0 , 0.1973018 secs] [Times: user=0.19 sys=0.00, real=0.19 secs] 
227846.583: [GC 227846.583: [ParNew: 1746625K->64859K(1887488K), 0.1944838 secs] 1805163K->123497K(5033216K) icms_dc=0 , 0.1945714 secs] [Times: user=0.22 sys=0.00, real=0.20 secs] 
227999.507: [GC 227999.507: [ParNew: 1742683K->64087K(1887488K), 0.1604684 secs] 1801321K->122966K(5033216K) icms_dc=0 , 0.1605540 secs] [Times: user=0.23 sys=0.00, real=0.17 secs] 
228174.242: [GC 228174.242: [ParNew: 1741911K->69118K(1887488K), 0.2038877 secs] 1800790K->128260K(5033216K) icms_dc=0 , 0.2039764 secs] [Times: user=0.20 sys=0.00, real=0.20 secs] 
228253.309: [GC 228253.309: [ParNew: 1746942K->44697K(1887488K), 0.1345279 secs] 1806084K->104075K(5033216K) icms_dc=0 , 0.1346193 secs] [Times: user=0.16 sys=0.00, real=0.14 secs] 
228478.262: [GC 228478.262: [ParNew: 1722521K->67539K(1887488K), 0.2253492 secs] 1781899K->127197K(5033216K) icms_dc=0 , 0.2254467 secs] [Times: user=0.22 sys=0.00, real=0.22 secs] 
228870.576: [GC 228870.576: [ParNew: 1745363K->76303K(1887488K), 0.2301105 secs] 1805021K->136178K(5033216K) icms_dc=0 , 0.2301968 secs] [Times: user=0.25 sys=0.00, real=0.23 secs] 
229124.591: [GC 229124.591: [ParNew: 1754127K->77438K(1887488K), 0.2245605 secs] 1814002K->137510K(5033216K) icms_dc=0 , 0.2246434 secs] [Times: user=0.30 sys=0.00, real=0.23 secs] 
229334.023: [GC 229334.023: [ParNew: 1755262K->75400K(1887488K), 0.2238448 secs] 1815334K->135617K(5033216K) icms_dc=0 , 0.2239335 secs] [Times: user=0.22 sys=0.00, real=0.22 secs] 
229638.347: [GC 229638.347: [ParNew: 1753224K->77915K(1887488K), 0.2398661 secs] 1813441K->138339K(5033216K) icms_dc=0 , 0.2399502 secs] [Times: user=0.23 sys=0.00, real=0.23 secs] 
229983.231: [GC 229983.231: [ParNew: 1755739K->67747K(1887488K), 0.2056897 secs] 1816163K->128428K(5033216K) icms_dc=0 , 0.2057834 secs] [Times: user=0.22 sys=0.00, real=0.20 secs] 
230163.517: [GC 230163.517: [ParNew: 1745571K->80207K(1887488K), 0.2341353 secs] 1806252K->141173K(5033216K) icms_dc=0 , 0.2342243 secs] [Times: user=0.27 sys=0.00, real=0.23 secs] 
230369.974: [GC 230369.974: [ParNew: 1758031K->86661K(1887488K), 0.2530237 secs] 1818997K->147874K(5033216K) icms_dc=0 , 0.2531109 secs] [Times: user=0.25 sys=0.00, real=0.25 secs] 
230566.937: [GC 230566.937: [ParNew: 1764485K->61529K(1887488K), 0.1717630 secs] 1825698K->122931K(5033216K) icms_dc=0 , 0.1718455 secs] [Times: user=0.23 sys=0.00, real=0.17 secs] 
230791.458: [GC 230791.458: [ParNew: 1739353K->59481K(1887488K), 0.1766644 secs] 1800755K->121079K(5033216K) icms_dc=0 , 0.1767500 secs] [Times: user=0.20 sys=0.00, real=0.19 secs] 
230987.865: [GC 230987.865: [ParNew: 1737305K->68976K(1887488K), 0.2327748 secs] 1798903K->130768K(5033216K) icms_dc=0 , 0.2328728 secs] [Times: user=0.23 sys=0.00, real=0.23 secs] 
231175.943: [GC 231175.943: [ParNew: 1746800K->71061K(1887488K), 0.2387875 secs] 1808592K->133237K(5033216K) icms_dc=0 , 0.2388869 secs] [Times: user=0.25 sys=0.00, real=0.25 secs] 
231456.369: [GC 231456.369: [ParNew: 1748885K->81932K(1887488K), 0.2472161 secs] 1811061K->144404K(5033216K) icms_dc=0 , 0.2473025 secs] [Times: user=0.27 sys=0.00, real=0.25 secs] 
231618.730: [GC 231618.730: [ParNew: 1759756K->66531K(1887488K), 0.2167217 secs] 1822228K->129251K(5033216K) icms_dc=0 , 0.2168188 secs] [Times: user=0.25 sys=0.00, real=0.22 secs] 
231847.343: [GC 231847.343: [ParNew: 1744355K->83463K(1887488K), 0.2534703 secs] 1807075K->146432K(5033216K) icms_dc=0 , 0.2535551 secs] [Times: user=0.30 sys=0.00, real=0.26 secs] 
232064.005: [GC 232064.006: [ParNew: 1761287K->65105K(1887488K), 0.1905120 secs] 1824256K->128331K(5033216K) icms_dc=0 , 0.1905969 secs] [Times: user=0.25 sys=0.02, real=0.20 secs] 
232219.539: [GC 232219.539: [ParNew: 1742929K->48127K(1887488K), 0.1391321 secs] 1806155K->111919K(5033216K) icms_dc=0 , 0.1392208 secs] [Times: user=0.14 sys=0.00, real=0.14 secs] 
232421.443: [GC 232421.443: [ParNew: 1725951K->53351K(1887488K), 0.1585358 secs] 1789743K->117389K(5033216K) icms_dc=0 , 0.1586253 secs] [Times: user=0.16 sys=0.00, real=0.16 secs] 
232723.205: [GC 232723.205: [ParNew: 1731175K->70474K(1887488K), 0.2076887 secs] 1795213K->134885K(5033216K) icms_dc=0 , 0.2077762 secs] [Times: user=0.20 sys=0.00, real=0.20 secs] 
232904.600: [GC 232904.600: [ParNew: 1748298K->83513K(1887488K), 0.2493272 secs] 1812709K->148137K(5033216K) icms_dc=0 , 0.2494155 secs] [Times: user=0.26 sys=0.00, real=0.25 secs] 
233088.218: [GC 233088.218: [ParNew: 1761337K->75518K(1887488K), 0.2221269 secs] 1825961K->140305K(5033216K) icms_dc=0 , 0.2222152 secs] [Times: user=0.22 sys=0.00, real=0.22 secs] 
233213.651: [GC 233213.651: [ParNew: 1753342K->63589K(1887488K), 0.2031302 secs] 1818129K->128593K(5033216K) icms_dc=0 , 0.2032304 secs] [Times: user=0.20 sys=0.00, real=0.20 secs] 
233495.962: [GC 233495.962: [ParNew: 1741413K->63261K(1887488K), 0.1907282 secs] 1806417K->128494K(5033216K) icms_dc=0 , 0.1908188 secs] [Times: user=0.25 sys=0.00, real=0.20 secs] 
233734.283: [GC 233734.283: [ParNew: 1741085K->62464K(1887488K), 0.2158788 secs] 1806318K->127977K(5033216K) icms_dc=0 , 0.2159771 secs] [Times: user=0.22 sys=0.00, real=0.22 secs] 
234017.038: [GC 234017.038: [ParNew: 1740288K->68536K(1887488K), 0.2288084 secs] 1805801K->134194K(5033216K) icms_dc=0 , 0.2289013 secs] [Times: user=0.22 sys=0.00, real=0.22 secs] 
234285.898: [GC 234285.898: [ParNew: 1746360K->73641K(1887488K), 0.2488357 secs] 1812018K->139489K(5033216K) icms_dc=0 , 0.2489348 secs] [Times: user=0.25 sys=0.00, real=0.25 secs] 
234502.017: [GC 234502.017: [ParNew: 1751465K->68176K(1887488K), 0.2022017 secs] 1817313K->134227K(5033216K) icms_dc=0 , 0.2022939 secs] [Times: user=0.22 sys=0.00, real=0.20 secs] 
234702.189: [GC 234702.189: [ParNew: 1746000K->53869K(1887488K), 0.1546089 secs] 1812051K->120133K(5033216K) icms_dc=0 , 0.1547003 secs] [Times: user=0.16 sys=0.00, real=0.16 secs] 
234922.603: [GC 234922.604: [ParNew: 1731693K->60987K(1887488K), 0.1991810 secs] 1797957K->127451K(5033216K) icms_dc=0 , 0.1992873 secs] [Times: user=0.19 sys=0.00, real=0.19 secs] 
235131.488: [GC 235131.488: [ParNew: 1738811K->56818K(1887488K), 0.1738015 secs] 1805275K->123581K(5033216K) icms_dc=0 , 0.1738936 secs] [Times: user=0.17 sys=0.00, real=0.17 secs] 
235380.449: [GC 235380.449: [ParNew: 1734642K->60427K(1887488K), 0.1718436 secs] 1801405K->127481K(5033216K) icms_dc=0 , 0.1719281 secs] [Times: user=0.17 sys=0.00, real=0.17 secs] 
235694.172: [GC 235694.172: [ParNew: 1738251K->67745K(1887488K), 0.2033041 secs] 1805305K->134991K(5033216K) icms_dc=0 , 0.2033886 secs] [Times: user=0.20 sys=0.00, real=0.20 secs] 
235935.874: [GC 235935.874: [ParNew: 1745569K->75978K(1887488K), 0.2606237 secs] 1812815K->143417K(5033216K) icms_dc=0 , 0.2607239 secs] [Times: user=0.26 sys=0.00, real=0.27 secs] 
236220.655: [GC 236220.655: [ParNew: 1753802K->78195K(1887488K), 0.2568650 secs] 1821241K->145893K(5033216K) icms_dc=0 , 0.2569571 secs] [Times: user=0.25 sys=0.00, real=0.25 secs] 
236536.446: [GC 236536.446: [ParNew: 1756019K->72329K(1887488K), 0.2189764 secs] 1823717K->140303K(5033216K) icms_dc=0 , 0.2190681 secs] [Times: user=0.23 sys=0.00, real=0.22 secs] 
236819.288: [GC 236819.288: [ParNew: 1750153K->56000K(1887488K), 0.1674383 secs] 1818127K->124240K(5033216K) icms_dc=0 , 0.1675281 secs] [Times: user=0.16 sys=0.00, real=0.16 secs] 
237243.552: [GC 237243.552: [ParNew: 1733824K->60605K(1887488K), 0.1656274 secs] 1802064K->129062K(5033216K) icms_dc=0 , 0.1657081 secs] [Times: user=0.17 sys=0.00, real=0.17 secs] 
237587.981: [GC 237587.981: [ParNew: 1738429K->72646K(1887488K), 0.2158324 secs] 1806886K->141287K(5033216K) icms_dc=0 , 0.2159222 secs] [Times: user=0.23 sys=0.00, real=0.22 secs] 
237907.276: [GC 237907.276: [ParNew: 1750470K->58055K(1887488K), 0.1941098 secs] 1819111K->126988K(5033216K) icms_dc=0 , 0.1942139 secs] [Times: user=0.19 sys=0.00, real=0.19 secs] 
238342.597: [GC 238342.597: [ParNew: 1735879K->65605K(1887488K), 0.1907658 secs] 1804812K->134724K(5033216K) icms_dc=0 , 0.1908534 secs] [Times: user=0.19 sys=0.00, real=0.19 secs] 
238637.484: [GC 238637.484: [ParNew: 1743429K->63391K(1887488K), 0.1799020 secs] 1812548K->132788K(5033216K) icms_dc=0 , 0.1799900 secs] [Times: user=0.25 sys=0.00, real=0.19 secs] 
238978.027: [GC 238978.027: [ParNew: 1741215K->61458K(1887488K), 0.2025761 secs] 1810612K->131140K(5033216K) icms_dc=0 , 0.2026717 secs] [Times: user=0.20 sys=0.00, real=0.20 secs] 
239246.545: [GC 239246.545: [ParNew: 1739282K->55767K(1887488K), 0.1583101 secs] 1808964K->125658K(5033216K) icms_dc=0 , 0.1584030 secs] [Times: user=0.16 sys=0.00, real=0.16 secs] 
239521.801: [GC 239521.801: [ParNew: 1733591K->49837K(1887488K), 0.1499859 secs] 1803482K->119958K(5033216K) icms_dc=0 , 0.1500780 secs] [Times: user=0.17 sys=0.00, real=0.16 secs] 
239821.659: [GC 239821.659: [ParNew: 1727661K->61141K(1887488K), 0.1717987 secs] 1797782K->131529K(5033216K) icms_dc=0 , 0.1718901 secs] [Times: user=0.23 sys=0.00, real=0.17 secs] 
240038.758: [GC 240038.758: [ParNew: 1738965K->47376K(1887488K), 0.1529951 secs] 1809353K->118055K(5033216K) icms_dc=0 , 0.1530995 secs] [Times: user=0.17 sys=0.00, real=0.16 secs] 
240474.352: [GC 240474.352: [ParNew: 1725200K->64759K(1887488K), 0.2166671 secs] 1795879K->135629K(5033216K) icms_dc=0 , 0.2167670 secs] [Times: user=0.22 sys=0.00, real=0.22 secs] 
240992.227: [GC 240992.227: [ParNew: 1742583K->54342K(1887488K), 0.1604787 secs] 1813453K->125366K(5033216K) icms_dc=0 , 0.1605701 secs] [Times: user=0.17 sys=0.00, real=0.16 secs] 
241443.901: [GC 241443.901: [ParNew: 1732166K->45827K(1887488K), 0.1517341 secs] 1803190K->117010K(5033216K) icms_dc=0 , 0.1518336 secs] [Times: user=0.14 sys=0.00, real=0.14 secs] 
241988.960: [GC 241988.960: [ParNew: 1723651K->58810K(1887488K), 0.1947357 secs] 1794834K->130087K(5033216K) icms_dc=0 , 0.1948313 secs] [Times: user=0.22 sys=0.00, real=0.20 secs] 
242491.502: [GC 242491.502: [ParNew: 1736634K->49363K(1887488K), 0.1452745 secs] 1807911K->120811K(5033216K) icms_dc=0 , 0.1453636 secs] [Times: user=0.14 sys=0.00, real=0.14 secs] 
242858.785: [GC 242858.785: [ParNew: 1727187K->51819K(1887488K), 0.1581780 secs] 1798635K->123444K(5033216K) icms_dc=0 , 0.1582797 secs] [Times: user=0.16 sys=0.00, real=0.16 secs] 
243184.067: [GC 243184.067: [ParNew: 1729643K->58789K(1887488K), 0.1631712 secs] 1801268K->130612K(5033216K) icms_dc=0 , 0.1632595 secs] [Times: user=0.17 sys=0.00, real=0.17 secs] 
243662.739: [GC 243662.739: [ParNew: 1736613K->43061K(1887488K), 0.1288428 secs] 1808436K->115120K(5033216K) icms_dc=0 , 0.1289326 secs] [Times: user=0.14 sys=0.00, real=0.13 secs] 
244275.427: [GC 244275.427: [ParNew: 1720885K->45018K(1887488K), 0.1418149 secs] 1792944K->117327K(5033216K) icms_dc=0 , 0.1419109 secs] [Times: user=0.16 sys=0.00, real=0.14 secs] 
244723.918: [GC 244723.918: [ParNew: 1722842K->50254K(1887488K), 0.1559075 secs] 1795151K->122708K(5033216K) icms_dc=0 , 0.1560070 secs] [Times: user=0.16 sys=0.00, real=0.16 secs] 
245475.220: [GC 245475.220: [ParNew: 1728078K->47511K(1887488K), 0.1458125 secs] 1800532K->120154K(5033216K) icms_dc=0 , 0.1459062 secs] [Times: user=0.14 sys=0.00, real=0.14 secs] 
245993.931: [GC 245993.931: [ParNew: 1725335K->55501K(1887488K), 0.1510407 secs] 1797978K->128280K(5033216K) icms_dc=0 , 0.1511301 secs] [Times: user=0.16 sys=0.00, real=0.16 secs] 
246756.027: [GC 246756.027: [ParNew: 1733325K->40107K(1887488K), 0.1271475 secs] 1806104K->113050K(5033216K) icms_dc=0 , 0.1272527 secs] [Times: user=0.13 sys=0.00, real=0.13 secs] 
247145.110: [GC 247145.110: [ParNew: 1717931K->34579K(1887488K), 0.0784762 secs] 1790874K->107730K(5033216K) icms_dc=0 , 0.0785710 secs] [Times: user=0.14 sys=0.00, real=0.08 secs] 
247808.876: [GC 247808.876: [ParNew: 1712403K->39475K(1887488K), 0.1144691 secs] 1785554K->112801K(5033216K) icms_dc=0 , 0.1145582 secs] [Times: user=0.11 sys=0.00, real=0.11 secs] 
249139.717: [GC 249139.717: [ParNew: 1717299K->26912K(1887488K), 0.0829326 secs] 1790625K->100477K(5033216K) icms_dc=0 , 0.0830247 secs] [Times: user=0.08 sys=0.00, real=0.08 secs] 
250654.195: [GC 250654.196: [ParNew: 1704736K->30753K(1887488K), 0.0935533 secs] 1778301K->104435K(5033216K) icms_dc=0 , 0.0936458 secs] [Times: user=0.09 sys=0.00, real=0.09 secs] 
252257.456: [GC 252257.456: [ParNew: 1708577K->19011K(1887488K), 0.0527887 secs] 1782259K->92768K(5033216K) icms_dc=0 , 0.0528751 secs] [Times: user=0.05 sys=0.00, real=0.05 secs] 
253741.415: [GC 253741.415: [ParNew: 1696835K->24659K(1887488K), 0.0804137 secs] 1770592K->98527K(5033216K) icms_dc=0 , 0.0805181 secs] [Times: user=0.11 sys=0.00, real=0.09 secs] 
256055.465: [GC 256055.465: [ParNew: 1702483K->7411K(1887488K), 0.0262911 secs] 1776351K->81460K(5033216K) icms_dc=0 , 0.0263878 secs] [Times: user=0.02 sys=0.00, real=0.02 secs] 
256972.203: [GC 256972.203: [ParNew: 1685235K->39814K(1887488K), 0.1178085 secs] 1759284K->114012K(5033216K) icms_dc=0 , 0.1178976 secs] [Times: user=0.11 sys=0.00, real=0.11 secs] 
258142.285: [GC 258142.285: [ParNew: 1717638K->26311K(1887488K), 0.0811033 secs] 1791836K->100572K(5033216K) icms_dc=0 , 0.0811939 secs] [Times: user=0.11 sys=0.00, real=0.09 secs] 
260462.202: [GC 260462.202: [ParNew: 1704135K->3764K(1887488K), 0.0134583 secs] 1778396K->78103K(5033216K) icms_dc=0 , 0.0135324 secs] [Times: user=0.00 sys=0.00, real=0.00 secs] 
262070.947: [GC 262070.947: [ParNew: 1681588K->19713K(1887488K), 0.0601629 secs] 1755927K->94119K(5033216K) icms_dc=0 , 0.0602478 secs] [Times: user=0.05 sys=0.00, real=0.05 secs] 
264027.137: [GC 264027.137: [ParNew: 1697537K->17867K(1887488K), 0.0577619 secs] 1771943K->92388K(5033216K) icms_dc=0 , 0.0578510 secs] [Times: user=0.08 sys=0.00, real=0.06 secs] 
265953.426: [GC 265953.426: [ParNew: 1695691K->18910K(1887488K), 0.0591761 secs] 1770212K->93511K(5033216K) icms_dc=0 , 0.0592683 secs] [Times: user=0.08 sys=0.00, real=0.06 secs] 
268117.024: [GC 268117.024: [ParNew: 1696734K->10950K(1887488K), 0.0364656 secs] 1771335K->85609K(5033216K) icms_dc=0 , 0.0365543 secs] [Times: user=0.03 sys=0.00, real=0.03 secs] 
270263.234: [GC 270263.234: [ParNew: 1688774K->8952K(1887488K), 0.0301869 secs] 1763433K->83677K(5033216K) icms_dc=0 , 0.0302790 secs] [Times: user=0.02 sys=0.00, real=0.02 secs] 
271900.943: [GC 271900.943: [ParNew: 1686776K->24959K(1887488K), 0.0782166 secs] 1761501K->99794K(5033216K) icms_dc=0 , 0.0783061 secs] [Times: user=0.09 sys=0.00, real=0.08 secs] 
273135.938: [GC 273135.938: [ParNew: 1702783K->30223K(1887488K), 0.1014731 secs] 1777618K->105146K(5033216K) icms_dc=0 , 0.1015703 secs] [Times: user=0.11 sys=0.00, real=0.11 secs] 
274872.623: [GC 274872.623: [ParNew: 1708047K->24904K(1887488K), 0.0824322 secs] 1782970K->99915K(5033216K) icms_dc=0 , 0.0825294 secs] [Times: user=0.08 sys=0.00, real=0.09 secs] 
275931.809: [GC 275931.809: [ParNew: 1702728K->31592K(1887488K), 0.0963697 secs] 1777739K->106681K(5033216K) icms_dc=0 , 0.0964603 secs] [Times: user=0.11 sys=0.00, real=0.09 secs] 
277411.759: [GC 277411.759: [ParNew: 1709416K->38327K(1887488K), 0.1263807 secs] 1784505K->113546K(5033216K) icms_dc=0 , 0.1264871 secs] [Times: user=0.13 sys=0.00, real=0.13 secs] 
278243.353: [GC 278243.353: [ParNew: 1716151K->31248K(1887488K), 0.0904078 secs] 1791370K->106545K(5033216K) icms_dc=0 , 0.0905061 secs] [Times: user=0.08 sys=0.00, real=0.08 secs] 
279282.734: [GC 279282.734: [ParNew: 1709072K->39479K(1887488K), 0.1132415 secs] 1784369K->114889K(5033216K) icms_dc=0 , 0.1133272 secs] [Times: user=0.11 sys=0.00, real=0.11 secs] 
280608.456: [GC 280608.456: [ParNew: 1717303K->30974K(1887488K), 0.1021577 secs] 1792713K->106491K(5033216K) icms_dc=0 , 0.1022660 secs] [Times: user=0.09 sys=0.00, real=0.09 secs] 
282060.213: [GC 282060.213: [ParNew: 1708798K->33561K(1887488K), 0.1008714 secs] 1784315K->109274K(5033216K) icms_dc=0 , 0.1009655 secs] [Times: user=0.11 sys=0.00, real=0.09 secs] 
283231.651: [GC 283231.651: [ParNew: 1711385K->40349K(1887488K), 0.1128295 secs] 1787098K->116122K(5033216K) icms_dc=0 , 0.1129244 secs] [Times: user=0.14 sys=0.00, real=0.13 secs] 
284685.436: [GC 284685.436: [ParNew: 1718173K->29807K(1887488K), 0.0894252 secs] 1793946K->105761K(5033216K) icms_dc=0 , 0.0895192 secs] [Times: user=0.08 sys=0.00, real=0.08 secs] 
285856.895: [GC 285856.895: [ParNew: 1707631K->36674K(1887488K), 0.1177432 secs] 1783585K->113324K(5033216K) icms_dc=0 , 0.1178423 secs] [Times: user=0.11 sys=0.00, real=0.11 secs] 
286908.847: [GC 286908.848: [ParNew: 1714498K->36421K(1887488K), 0.1155661 secs] 1791148K->113180K(5033216K) icms_dc=0 , 0.1156544 secs] [Times: user=0.11 sys=0.00, real=0.11 secs] 
287880.474: [GC 287880.474: [ParNew: 1714245K->40368K(1887488K), 0.1295266 secs] 1791004K->117460K(5033216K) icms_dc=0 , 0.1296165 secs] [Times: user=0.16 sys=0.00, real=0.14 secs] 
288594.833: [GC 288594.833: [ParNew: 1718192K->44124K(1887488K), 0.1465512 secs] 1795284K->121285K(5033216K) icms_dc=0 , 0.1466488 secs] [Times: user=0.14 sys=0.00, real=0.14 secs] 
289311.501: [GC 289311.501: [ParNew: 1721948K->48810K(1887488K), 0.1486236 secs] 1799109K->126085K(5033216K) icms_dc=0 , 0.1487142 secs] [Times: user=0.14 sys=0.00, real=0.14 secs] 
290214.128: [GC 290214.128: [ParNew: 1726634K->45291K(1887488K), 0.1368989 secs] 1803909K->122752K(5033216K) icms_dc=0 , 0.1369880 secs] [Times: user=0.14 sys=0.00, real=0.14 secs] 
290837.881: [GC 290837.881: [ParNew: 1723115K->56851K(1887488K), 0.1799316 secs] 1800576K->134456K(5033216K) icms_dc=0 , 0.1800303 secs] [Times: user=0.17 sys=0.00, real=0.17 secs] 
291430.823: [GC 291430.823: [ParNew: 1734675K->67248K(1887488K), 0.1975714 secs] 1812280K->144979K(5033216K) icms_dc=0 , 0.1976608 secs] [Times: user=0.19 sys=0.00, real=0.19 secs] 
291738.772: [GC 291738.772: [ParNew: 1745072K->84385K(1887488K), 0.2542152 secs] 1822803K->162297K(5033216K) icms_dc=0 , 0.2542993 secs] [Times: user=0.25 sys=0.00, real=0.25 secs] 
292171.597: [GC 292171.597: [ParNew: 1762209K->54964K(1887488K), 0.1869134 secs] 1840121K->133041K(5033216K) icms_dc=0 , 0.1870136 secs] [Times: user=0.19 sys=0.00, real=0.19 secs] 
292559.804: [GC 292559.804: [ParNew: 1732788K->51004K(1887488K), 0.1255721 secs] 1810865K->129264K(5033216K) icms_dc=0 , 0.1256527 secs] [Times: user=0.13 sys=0.00, real=0.13 secs] 
292926.042: [GC 292926.043: [ParNew: 1728828K->59384K(1887488K), 0.2122422 secs] 1807088K->137830K(5033216K) icms_dc=0 , 0.2123298 secs] [Times: user=0.23 sys=0.00, real=0.22 secs] 
293131.039: [GC 293131.039: [ParNew: 1737208K->70702K(1887488K), 0.2174950 secs] 1815654K->149326K(5033216K) icms_dc=0 , 0.2175868 secs] [Times: user=0.23 sys=0.00, real=0.22 secs] 
293370.848: [GC 293370.848: [ParNew: 1748526K->77069K(1887488K), 0.2305708 secs] 1827150K->155897K(5033216K) icms_dc=0 , 0.2306588 secs] [Times: user=0.25 sys=0.00, real=0.23 secs] 
293831.394: [GC 293831.394: [ParNew: 1754893K->64458K(1887488K), 0.1903615 secs] 1833721K->143398K(5033216K) icms_dc=0 , 0.1904552 secs] [Times: user=0.22 sys=0.00, real=0.20 secs] 
294316.123: [GC 294316.123: [ParNew: 1742282K->50527K(1887488K), 0.1707593 secs] 1821222K->129673K(5033216K) icms_dc=0 , 0.1708599 secs] [Times: user=0.17 sys=0.00, real=0.17 secs] 
294726.232: [GC 294726.232: [ParNew: 1728351K->66031K(1887488K), 0.2189533 secs] 1807497K->145371K(5033216K) icms_dc=0 , 0.2190532 secs] [Times: user=0.22 sys=0.00, real=0.22 secs] 
295213.867: [GC 295213.867: [ParNew: 1743855K->52783K(1887488K), 0.1595960 secs] 1823195K->132353K(5033216K) icms_dc=0 , 0.1596862 secs] [Times: user=0.16 sys=0.00, real=0.16 secs] 
295477.045: [GC 295477.045: [ParNew: 1730607K->55525K(1887488K), 0.1524525 secs] 1810177K->135326K(5033216K) icms_dc=0 , 0.1525385 secs] [Times: user=0.16 sys=0.00, real=0.16 secs] 
295904.282: [GC 295904.282: [ParNew: 1733349K->72132K(1887488K), 0.2416439 secs] 1813150K->152199K(5033216K) icms_dc=0 , 0.2417498 secs] [Times: user=0.25 sys=0.00, real=0.25 secs] 
296316.088: [GC 296316.088: [ParNew: 1749956K->70818K(1887488K), 0.2152526 secs] 1830023K->151173K(5033216K) icms_dc=0 , 0.2153451 secs] [Times: user=0.20 sys=0.00, real=0.20 secs] 
296448.522: [GC 296448.522: [ParNew: 1748642K->57272K(1887488K), 0.1658494 secs] 1828997K->137799K(5033216K) icms_dc=0 , 0.1659438 secs] [Times: user=0.19 sys=0.00, real=0.17 secs] 
296710.551: [GC 296710.551: [ParNew: 1735096K->77817K(1887488K), 0.2636087 secs] 1815623K->158464K(5033216K) icms_dc=0 , 0.2637070 secs] [Times: user=0.25 sys=0.00, real=0.25 secs] 
297078.491: [GC 297078.491: [ParNew: 1755641K->75412K(1887488K), 0.2535674 secs] 1836288K->156299K(5033216K) icms_dc=0 , 0.2536715 secs] [Times: user=0.26 sys=0.00, real=0.25 secs] 
297294.254: [GC 297294.254: [ParNew: 1753236K->58730K(1887488K), 0.1882416 secs] 1834123K->139813K(5033216K) icms_dc=0 , 0.1883380 secs] [Times: user=0.19 sys=0.00, real=0.19 secs] 
297717.943: [GC 297717.943: [ParNew: 1736554K->66293K(1887488K), 0.1978390 secs] 1817637K->147526K(5033216K) icms_dc=0 , 0.1979262 secs] [Times: user=0.20 sys=0.00, real=0.20 secs] 
297878.878: [GC 297878.878: [ParNew: 1744117K->43080K(1887488K), 0.0891023 secs] 1825350K->124531K(5033216K) icms_dc=0 , 0.0891848 secs] [Times: user=0.08 sys=0.00, real=0.08 secs] 
298120.335: [GC 298120.335: [ParNew: 1720904K->61696K(1887488K), 0.1993280 secs] 1802355K->143367K(5033216K) icms_dc=0 , 0.1994248 secs] [Times: user=0.20 sys=0.00, real=0.20 secs] 
298338.276: [GC 298338.276: [ParNew: 1739520K->72201K(1887488K), 0.2417107 secs] 1821191K->154036K(5033216K) icms_dc=0 , 0.2418055 secs] [Times: user=0.27 sys=0.00, real=0.25 secs] 
298720.649: [GC 298720.649: [ParNew: 1750025K->75310K(1887488K), 0.2641244 secs] 1831860K->157423K(5033216K) icms_dc=0 , 0.2642361 secs] [Times: user=0.33 sys=0.00, real=0.27 secs] 
298946.392: [GC 298946.392: [ParNew: 1753134K->67455K(1887488K), 0.2272337 secs] 1835247K->149626K(5033216K) icms_dc=0 , 0.2273382 secs] [Times: user=0.25 sys=0.00, real=0.23 secs] 
299223.775: [GC 299223.775: [ParNew: 1745279K->74259K(1887488K), 0.2202727 secs] 1827450K->156729K(5033216K) icms_dc=0 , 0.2203606 secs] [Times: user=0.20 sys=0.00, real=0.22 secs] 
299538.802: [GC 299538.802: [ParNew: 1752083K->61791K(1887488K), 0.1959487 secs] 1834553K->144539K(5033216K) icms_dc=0 , 0.1960432 secs] [Times: user=0.22 sys=0.00, real=0.20 secs] 
299785.621: [GC 299785.621: [ParNew: 1739615K->76535K(1887488K), 0.2648777 secs] 1822363K->159553K(5033216K) icms_dc=0 , 0.2649814 secs] [Times: user=0.27 sys=0.00, real=0.27 secs] 
300100.013: [GC 300100.013: [ParNew: 1754359K->69623K(1887488K), 0.2274495 secs] 1837377K->152812K(5033216K) icms_dc=0 , 0.2275351 secs] [Times: user=0.22 sys=0.00, real=0.22 secs] 
300454.124: [GC 300454.124: [ParNew: 1747447K->65349K(1887488K), 0.2005779 secs] 1830636K->148811K(5033216K) icms_dc=0 , 0.2006685 secs] [Times: user=0.20 sys=0.00, real=0.20 secs] 
300743.592: [GC 300743.592: [ParNew: 1743173K->61914K(1887488K), 0.1892100 secs] 1826635K->145618K(5033216K) icms_dc=0 , 0.1892967 secs] [Times: user=0.19 sys=0.00, real=0.19 secs] 
301219.914: [GC 301219.914: [ParNew: 1739738K->68799K(1887488K), 0.2012959 secs] 1823442K->152693K(5033216K) icms_dc=0 , 0.2013812 secs] [Times: user=0.22 sys=0.00, real=0.20 secs] 
301489.777: [GC 301489.777: [ParNew: 1746623K->75423K(1887488K), 0.2268567 secs] 1830517K->159512K(5033216K) icms_dc=0 , 0.2269469 secs] [Times: user=0.22 sys=0.00, real=0.22 secs] 
301783.410: [GC 301783.410: [ParNew: 1753247K->65950K(1887488K), 0.2050765 secs] 1837336K->150282K(5033216K) icms_dc=0 , 0.2051698 secs] [Times: user=0.20 sys=0.00, real=0.20 secs] 
302082.354: [GC 302082.354: [ParNew: 1743774K->69773K(1887488K), 0.2300383 secs] 1828106K->154347K(5033216K) icms_dc=0 , 0.2301458 secs] [Times: user=0.22 sys=0.00, real=0.22 secs] 
302367.146: [GC 302367.146: [ParNew: 1747597K->67752K(1887488K), 0.1967097 secs] 1832171K->152569K(5033216K) icms_dc=0 , 0.1967950 secs] [Times: user=0.20 sys=0.00, real=0.20 secs] 
302534.528: [GC 302534.528: [ParNew: 1745576K->53013K(1887488K), 0.1539719 secs] 1830393K->138120K(5033216K) icms_dc=0 , 0.1540629 secs] [Times: user=0.17 sys=0.00, real=0.16 secs] 
302746.533: [GC 302746.533: [ParNew: 1730837K->51176K(1887488K), 0.1114895 secs] 1815944K->136666K(5033216K) icms_dc=0 , 0.1115678 secs] [Times: user=0.11 sys=0.00, real=0.11 secs] 
302946.560: [GC 302946.560: [ParNew: 1729000K->52549K(1887488K), 0.1534528 secs] 1814490K->138260K(5033216K) icms_dc=0 , 0.1535388 secs] [Times: user=0.17 sys=0.00, real=0.16 secs] 
303280.947: [GC 303280.947: [ParNew: 1730373K->57341K(1887488K), 0.1740879 secs] 1816084K->143306K(5033216K) icms_dc=0 , 0.1741805 secs] [Times: user=0.17 sys=0.00, real=0.17 secs] 
303516.615: [GC 303516.615: [ParNew: 1735165K->60372K(1887488K), 0.1717161 secs] 1821130K->146452K(5033216K) icms_dc=0 , 0.1718071 secs] [Times: user=0.22 sys=0.00, real=0.17 secs] 
303821.952: [GC 303821.952: [ParNew: 1738196K->56020K(1887488K), 0.1851759 secs] 1824276K->142304K(5033216K) icms_dc=0 , 0.1852811 secs] [Times: user=0.19 sys=0.00, real=0.19 secs] 
304069.642: [GC 304069.642: [ParNew: 1733836K->72283K(1887488K), 0.2461917 secs] 1820121K->158800K(5033216K) icms_dc=0 , 0.2462896 secs] [Times: user=0.25 sys=0.00, real=0.25 secs] 
304215.260: [GC 304215.261: [ParNew: 1750107K->51258K(1887488K), 0.1735150 secs] 1836624K->137972K(5033216K) icms_dc=0 , 0.1736091 secs] [Times: user=0.17 sys=0.00, real=0.17 secs] 
304621.625: [GC 304621.625: [ParNew: 1729082K->70243K(1887488K), 0.2052075 secs] 1815796K->157136K(5033216K) icms_dc=0 , 0.2052958 secs] [Times: user=0.20 sys=0.00, real=0.20 secs] 
304832.636: [GC 304832.636: [ParNew: 1748067K->78752K(1887488K), 0.2560168 secs] 1834960K->165835K(5033216K) icms_dc=0 , 0.2561128 secs] [Times: user=0.28 sys=0.00, real=0.27 secs] 
305051.144: [GC 305051.144: [ParNew: 1756576K->54836K(1887488K), 0.1602530 secs] 1843659K->142076K(5033216K) icms_dc=0 , 0.1603378 secs] [Times: user=0.16 sys=0.00, real=0.16 secs] 
305522.606: [GC 305522.606: [ParNew: 1732660K->57437K(1887488K), 0.1844410 secs] 1819900K->144782K(5033216K) icms_dc=0 , 0.1845504 secs] [Times: user=0.17 sys=0.00, real=0.17 secs] 
306150.112: [GC 306150.112: [ParNew: 1735261K->48256K(1887488K), 0.1745080 secs] 1822606K->135827K(5033216K) icms_dc=0 , 0.1746090 secs] [Times: user=0.17 sys=0.00, real=0.17 secs] 
306555.961: [GC 306555.961: [ParNew: 1726080K->59980K(1887488K), 0.1815938 secs] 1813651K->147727K(5033216K) icms_dc=0 , 0.1816802 secs] [Times: user=0.20 sys=0.00, real=0.19 secs] 
306949.473: [GC 306949.473: [ParNew: 1737804K->67423K(1887488K), 0.2075585 secs] 1825551K->155315K(5033216K) icms_dc=0 , 0.2076549 secs] [Times: user=0.22 sys=0.02, real=0.22 secs] 
307263.997: [GC 307263.997: [ParNew: 1745247K->73277K(1887488K), 0.2202431 secs] 1833139K->161390K(5033216K) icms_dc=0 , 0.2203276 secs] [Times: user=0.22 sys=0.00, real=0.22 secs] 
307527.044: [GC 307527.045: [ParNew: 1751101K->67315K(1887488K), 0.2178636 secs] 1839214K->155579K(5033216K) icms_dc=0 , 0.2179623 secs] [Times: user=0.23 sys=0.00, real=0.22 secs] 
307760.039: [GC 307760.039: [ParNew: 1745139K->60893K(1887488K), 0.1871300 secs] 1833403K->149352K(5033216K) icms_dc=0 , 0.1872221 secs] [Times: user=0.20 sys=0.00, real=0.19 secs] 
307969.490: [GC 307969.490: [ParNew: 1738717K->66689K(1887488K), 0.1987736 secs] 1827176K->155367K(5033216K) icms_dc=0 , 0.1988634 secs] [Times: user=0.20 sys=0.00, real=0.20 secs] 
308407.386: [GC 308407.386: [ParNew: 1744513K->51699K(1887488K), 0.1530300 secs] 1833191K->140629K(5033216K) icms_dc=0 , 0.1531230 secs] [Times: user=0.19 sys=0.00, real=0.16 secs] 
308648.249: [GC 308648.249: [ParNew: 1729523K->53889K(1887488K), 0.1717787 secs] 1818453K->143037K(5033216K) icms_dc=0 , 0.1718755 secs] [Times: user=0.17 sys=0.00, real=0.17 secs] 
309026.037: [GC 309026.037: [ParNew: 1731713K->72026K(1887488K), 0.2465745 secs] 1820861K->161352K(5033216K) icms_dc=0 , 0.2466774 secs] [Times: user=0.23 sys=0.00, real=0.23 secs] 
309334.128: [GC 309334.128: [ParNew: 1749850K->80619K(1887488K), 0.2417779 secs] 1839176K->170139K(5033216K) icms_dc=0 , 0.2418620 secs] [Times: user=0.23 sys=0.00, real=0.23 secs] 
309577.583: [GC 309577.583: [ParNew: 1758443K->57723K(1887488K), 0.1696734 secs] 1847963K->147536K(5033216K) icms_dc=0 , 0.1697686 secs] [Times: user=0.19 sys=0.00, real=0.17 secs] 
309895.575: [GC 309895.575: [ParNew: 1735547K->75658K(1887488K), 0.2290165 secs] 1825360K->165604K(5033216K) icms_dc=0 , 0.2291010 secs] [Times: user=0.23 sys=0.00, real=0.23 secs] 
310246.661: [GC 310246.662: [ParNew: 1753482K->61243K(1887488K), 0.1795446 secs] 1843428K->151421K(5033216K) icms_dc=0 , 0.1796367 secs] [Times: user=0.20 sys=0.00, real=0.19 secs] 
310521.741: [GC 310521.741: [ParNew: 1739067K->69597K(1887488K), 0.2437818 secs] 1829245K->160045K(5033216K) icms_dc=0 , 0.2438786 secs] [Times: user=0.25 sys=0.00, real=0.25 secs] 
310901.045: [GC 310901.045: [ParNew: 1747421K->64359K(1887488K), 0.1824098 secs] 1837869K->154923K(5033216K) icms_dc=0 , 0.1824939 secs] [Times: user=0.19 sys=0.00, real=0.19 secs] 
311151.560: [GC 311151.560: [ParNew: 1742183K->68200K(1887488K), 0.1992766 secs] 1832747K->158947K(5033216K) icms_dc=0 , 0.1993664 secs] [Times: user=0.23 sys=0.00, real=0.20 secs] 
311488.009: [GC 311488.009: [ParNew: 1746024K->62239K(1887488K), 0.1833213 secs] 1836771K->153228K(5033216K) icms_dc=0 , 0.1834081 secs] [Times: user=0.20 sys=0.00, real=0.19 secs] 
311793.768: [GC 311793.768: [ParNew: 1740063K->64604K(1887488K), 0.1817432 secs] 1831052K->155792K(5033216K) icms_dc=0 , 0.1818281 secs] [Times: user=0.17 sys=0.00, real=0.17 secs] 
312002.209: [GC 312002.209: [ParNew: 1742428K->57790K(1887488K), 0.1864665 secs] 1833616K->149189K(5033216K) icms_dc=0 , 0.1865690 secs] [Times: user=0.19 sys=0.00, real=0.19 secs] 
312299.707: [GC 312299.707: [ParNew: 1735614K->74515K(1887488K), 0.2271251 secs] 1827013K->166090K(5033216K) icms_dc=0 , 0.2272168 secs] [Times: user=0.22 sys=0.00, real=0.22 secs] 
312603.262: [GC 312603.263: [ParNew: 1752339K->75263K(1887488K), 0.2320772 secs] 1843914K->167006K(5033216K) icms_dc=0 , 0.2321620 secs] [Times: user=0.23 sys=0.00, real=0.23 secs] 
312826.811: [GC 312826.811: [ParNew: 1753087K->59380K(1887488K), 0.2005568 secs] 1844830K->151367K(5033216K) icms_dc=0 , 0.2006627 secs] [Times: user=0.19 sys=0.00, real=0.19 secs] 
313031.099: [GC 313031.099: [ParNew: 1737204K->67296K(1887488K), 0.2220171 secs] 1829191K->159515K(5033216K) icms_dc=0 , 0.2221119 secs] [Times: user=0.25 sys=0.00, real=0.23 secs] 
313199.197: [GC 313199.197: [ParNew: 1745120K->61432K(1887488K), 0.1835187 secs] 1837339K->153788K(5033216K) icms_dc=0 , 0.1836158 secs] [Times: user=0.20 sys=0.00, real=0.19 secs] 
313399.684: [GC 313399.684: [ParNew: 1739256K->72860K(1887488K), 0.2370934 secs] 1831612K->165443K(5033216K) icms_dc=0 , 0.2371921 secs] [Times: user=0.25 sys=0.00, real=0.23 secs] 
313567.209: [GC 313567.209: [ParNew: 1750684K->48849K(1887488K), 0.1581592 secs] 1843267K->141606K(5033216K) icms_dc=0 , 0.1582505 secs] [Times: user=0.19 sys=0.00, real=0.17 secs] 
313786.474: [GC 313786.474: [ParNew: 1726673K->64752K(1887488K), 0.1886728 secs] 1819430K->157734K(5033216K) icms_dc=0 , 0.1887726 secs] [Times: user=0.25 sys=0.00, real=0.19 secs] 
313945.500: [GC 313945.500: [ParNew: 1742576K->54675K(1887488K), 0.1694668 secs] 1835558K->147846K(5033216K) icms_dc=0 , 0.1695597 secs] [Times: user=0.16 sys=0.00, real=0.16 secs] 
314232.608: [GC 314232.608: [ParNew: 1732499K->66759K(1887488K), 0.1974531 secs] 1825670K->160210K(5033216K) icms_dc=0 , 0.1975479 secs] [Times: user=0.19 sys=0.00, real=0.19 secs] 
314507.347: [GC 314507.347: [ParNew: 1744583K->61623K(1887488K), 0.2021019 secs] 1838034K->155206K(5033216K) icms_dc=0 , 0.2022025 secs] [Times: user=0.19 sys=0.00, real=0.19 secs] 
314745.588: [GC 314745.588: [ParNew: 1739447K->66663K(1887488K), 0.2009227 secs] 1833030K->160488K(5033216K) icms_dc=0 , 0.2010183 secs] [Times: user=0.20 sys=0.00, real=0.20 secs] 
314964.890: [GC 314964.890: [ParNew: 1744487K->49532K(1887488K), 0.1555896 secs] 1838312K->143545K(5033216K) icms_dc=0 , 0.1556894 secs] [Times: user=0.16 sys=0.00, real=0.16 secs] 
315115.222: [GC 315115.222: [ParNew: 1727356K->47155K(1887488K), 0.1535903 secs] 1821369K->141473K(5033216K) icms_dc=0 , 0.1536878 secs] [Times: user=0.17 sys=0.00, real=0.16 secs] 
315281.998: [GC 315281.998: [ParNew: 1724979K->59905K(1887488K), 0.1747480 secs] 1819297K->154469K(5033216K) icms_dc=0 , 0.1748382 secs] [Times: user=0.17 sys=0.00, real=0.17 secs] 
315412.427: [GC 315412.427: [ParNew: 1737729K->39229K(1887488K), 0.1184163 secs] 1832293K->134143K(5033216K) icms_dc=0 , 0.1185043 secs] [Times: user=0.14 sys=0.00, real=0.13 secs] 
315720.437: [GC 315720.437: [ParNew: 1717053K->58490K(1887488K), 0.1804185 secs] 1811967K->153612K(5033216K) icms_dc=0 , 0.1805106 secs] [Times: user=0.19 sys=0.00, real=0.19 secs] 
315887.277: [GC 315887.277: [ParNew: 1736314K->61666K(1887488K), 0.1729110 secs] 1831436K->156984K(5033216K) icms_dc=0 , 0.1729974 secs] [Times: user=0.23 sys=0.00, real=0.17 secs] 
316124.497: [GC 316124.497: [ParNew: 1739490K->59933K(1887488K), 0.1763829 secs] 1834808K->155497K(5033216K) icms_dc=0 , 0.1764705 secs] [Times: user=0.19 sys=0.00, real=0.19 secs] 
316341.353: [GC 316341.353: [ParNew: 1737757K->65355K(1887488K), 0.1966479 secs] 1833321K->161031K(5033216K) icms_dc=0 , 0.1967366 secs] [Times: user=0.19 sys=0.00, real=0.19 secs] 
316636.004: [GC 316636.004: [ParNew: 1743179K->61195K(1887488K), 0.1993016 secs] 1838855K->157094K(5033216K) icms_dc=0 , 0.1994398 secs] [Times: user=0.23 sys=0.00, real=0.20 secs] 
316941.261: [GC 316941.261: [ParNew: 1739019K->69387K(1887488K), 0.2115426 secs] 1834918K->165411K(5033216K) icms_dc=0 , 0.2116283 secs] [Times: user=0.20 sys=0.00, real=0.20 secs] 
317232.997: [GC 317232.997: [ParNew: 1747211K->67789K(1887488K), 0.2053653 secs] 1843235K->164003K(5033216K) icms_dc=0 , 0.2054543 secs] [Times: user=0.22 sys=0.00, real=0.20 secs] 
317440.339: [GC 317440.339: [ParNew: 1745613K->74319K(1887488K), 0.2209350 secs] 1841827K->170654K(5033216K) icms_dc=0 , 0.2210226 secs] [Times: user=0.22 sys=0.00, real=0.22 secs] 
317603.291: [GC 317603.291: [ParNew: 1752143K->62691K(1887488K), 0.1735719 secs] 1848478K->159274K(5033216K) icms_dc=0 , 0.1736575 secs] [Times: user=0.17 sys=0.00, real=0.17 secs] 
317746.130: [GC 317746.130: [ParNew: 1740515K->59290K(1887488K), 0.1646180 secs] 1837098K->156143K(5033216K) icms_dc=0 , 0.1647055 secs] [Times: user=0.20 sys=0.00, real=0.17 secs] 
318028.355: [GC 318028.355: [ParNew: 1737114K->72618K(1887488K), 0.2398918 secs] 1833967K->169735K(5033216K) icms_dc=0 , 0.2400001 secs] [Times: user=0.26 sys=0.00, real=0.25 secs] 
318245.089: [GC 318245.089: [ParNew: 1750442K->66323K(1887488K), 0.2074145 secs] 1847559K->163744K(5033216K) icms_dc=0 , 0.2075094 secs] [Times: user=0.20 sys=0.00, real=0.20 secs] 
318544.425: [GC 318544.425: [ParNew: 1744147K->59186K(1887488K), 0.1790427 secs] 1841568K->156843K(5033216K) icms_dc=0 , 0.1791341 secs] [Times: user=0.17 sys=0.00, real=0.17 secs] 
318727.790: [GC 318727.790: [ParNew: 1737010K->64613K(1887488K), 0.2141982 secs] 1834667K->162502K(5033216K) icms_dc=0 , 0.2143053 secs] [Times: user=0.25 sys=0.00, real=0.22 secs] 
319032.634: [GC 319032.634: [ParNew: 1742437K->72939K(1887488K), 0.2186465 secs] 1840326K->171098K(5033216K) icms_dc=0 , 0.2187345 secs] [Times: user=0.22 sys=0.01, real=0.22 secs] 
319280.688: [GC 319280.688: [ParNew: 1750763K->74113K(1887488K), 0.2323640 secs] 1848922K->172470K(5033216K) icms_dc=0 , 0.2324546 secs] [Times: user=0.20 sys=0.00, real=0.22 secs] 
319539.745: [GC 319539.745: [ParNew: 1751937K->64528K(1887488K), 0.1873074 secs] 1850294K->163111K(5033216K) icms_dc=0 , 0.1873980 secs] [Times: user=0.20 sys=0.00, real=0.19 secs] 
319854.837: [GC 319854.837: [ParNew: 1742352K->70659K(1887488K), 0.2383183 secs] 1840935K->169459K(5033216K) icms_dc=0 , 0.2384208 secs] [Times: user=0.25 sys=0.00, real=0.23 secs] 
320115.716: [GC 320115.716: [ParNew: 1748483K->65433K(1887488K), 0.1999086 secs] 1847283K->164545K(5033216K) icms_dc=0 , 0.1999965 secs] [Times: user=0.19 sys=0.00, real=0.19 secs] 
320404.217: [GC 320404.217: [ParNew: 1743257K->61578K(1887488K), 0.1876468 secs] 1842369K->160894K(5033216K) icms_dc=0 , 0.1877340 secs] [Times: user=0.19 sys=0.00, real=0.19 secs] 
320735.697: [GC 320735.697: [ParNew: 1739402K->42033K(1887488K), 0.1421048 secs] 1838718K->141536K(5033216K) icms_dc=0 , 0.1422116 secs] [Times: user=0.16 sys=0.00, real=0.14 secs] 
320962.901: [GC 320962.901: [ParNew: 1719857K->72720K(1887488K), 0.2153002 secs] 1819360K->172430K(5033216K) icms_dc=0 , 0.2153828 secs] [Times: user=0.22 sys=0.00, real=0.22 secs] 
321224.518: [GC 321224.518: [ParNew: 1750544K->67881K(1887488K), 0.2227520 secs] 1850254K->167792K(5033216K) icms_dc=0 , 0.2228514 secs] [Times: user=0.22 sys=0.00, real=0.22 secs] 
321508.628: [GC 321508.628: [ParNew: 1745705K->73054K(1887488K), 0.2501354 secs] 1845616K->173284K(5033216K) icms_dc=0 , 0.2502395 secs] [Times: user=0.25 sys=0.00, real=0.25 secs] 
321909.025: [GC 321909.025: [ParNew: 1750878K->66808K(1887488K), 0.2013608 secs] 1851108K->167189K(5033216K) icms_dc=0 , 0.2014533 secs] [Times: user=0.20 sys=0.00, real=0.20 secs] 
322180.724: [GC 322180.724: [ParNew: 1744632K->62909K(1887488K), 0.1868278 secs] 1845013K->163580K(5033216K) icms_dc=0 , 0.1869165 secs] [Times: user=0.19 sys=0.00, real=0.19 secs] 
322469.278: [GC 322469.278: [ParNew: 1740733K->69967K(1887488K), 0.2343150 secs] 1841404K->170849K(5033216K) icms_dc=0 , 0.2344067 secs] [Times: user=0.23 sys=0.00, real=0.23 secs] 
322662.472: [GC 322662.472: [ParNew: 1747791K->71346K(1887488K), 0.2103393 secs] 1848673K->172443K(5033216K) icms_dc=0 , 0.2104249 secs] [Times: user=0.27 sys=0.00, real=0.22 secs] 
323026.721: [GC 323026.721: [ParNew: 1749170K->55900K(1887488K), 0.1669468 secs] 1850267K->157298K(5033216K) icms_dc=0 , 0.1670393 secs] [Times: user=0.19 sys=0.00, real=0.17 secs] 
323349.953: [GC 323349.953: [ParNew: 1733724K->62985K(1887488K), 0.1895275 secs] 1835122K->164588K(5033216K) icms_dc=0 , 0.1896285 secs] [Times: user=0.19 sys=0.00, real=0.19 secs] 
323650.631: [GC 323650.631: [ParNew: 1740809K->68893K(1887488K), 0.2005095 secs] 1842412K->170700K(5033216K) icms_dc=0 , 0.2005998 secs] [Times: user=0.20 sys=0.00, real=0.20 secs] 
323932.367: [GC 323932.367: [ParNew: 1746717K->59433K(1887488K), 0.1788331 secs] 1848524K->161426K(5033216K) icms_dc=0 , 0.1789279 secs] [Times: user=0.20 sys=0.00, real=0.19 secs] 
324219.654: [GC 324219.654: [ParNew: 1737257K->74439K(1887488K), 0.2510259 secs] 1839250K->176594K(5033216K) icms_dc=0 , 0.2511223 secs] [Times: user=0.25 sys=0.00, real=0.25 secs] 
324563.254: [GC 324563.254: [ParNew: 1752263K->60909K(1887488K), 0.1853180 secs] 1854418K->163244K(5033216K) icms_dc=0 , 0.1854178 secs] [Times: user=0.19 sys=0.00, real=0.19 secs] 
325090.956: [GC 325090.956: [ParNew: 1738733K->63995K(1887488K), 0.1869802 secs] 1841068K->166520K(5033216K) icms_dc=0 , 0.1870689 secs] [Times: user=0.23 sys=0.00, real=0.19 secs] 
325288.651: [GC 325288.651: [ParNew: 1741819K->40966K(1887488K), 0.1277573 secs] 1844344K->143633K(5033216K) icms_dc=0 , 0.1278556 secs] [Times: user=0.19 sys=0.00, real=0.14 secs] 
325590.183: [GC 325590.183: [ParNew: 1718790K->57859K(1887488K), 0.1925682 secs] 1821457K->160782K(5033216K) icms_dc=0 , 0.1926665 secs] [Times: user=0.20 sys=0.00, real=0.19 secs] 
325964.126: [GC 325964.126: [ParNew: 1735683K->63593K(1887488K), 0.1952065 secs] 1838606K->166693K(5033216K) icms_dc=0 , 0.1952913 secs] [Times: user=0.22 sys=0.00, real=0.20 secs] 
326405.123: [GC 326405.123: [ParNew: 1741417K->57373K(1887488K), 0.1716405 secs] 1844517K->160658K(5033216K) icms_dc=0 , 0.1717392 secs] [Times: user=0.23 sys=0.00, real=0.17 secs] 
326692.475: [GC 326692.475: [ParNew: 1735197K->47572K(1887488K), 0.1522548 secs] 1838482K->150977K(5033216K) icms_dc=0 , 0.1523512 secs] [Times: user=0.16 sys=0.00, real=0.16 secs] 
327200.241: [GC 327200.241: [ParNew: 1725396K->56989K(1887488K), 0.1875339 secs] 1828801K->160570K(5033216K) icms_dc=0 , 0.1876307 secs] [Times: user=0.19 sys=0.00, real=0.19 secs] 
327718.561: [GC 327718.561: [ParNew: 1734813K->62401K(1887488K), 0.1776278 secs] 1838394K->166166K(5033216K) icms_dc=0 , 0.1777157 secs] [Times: user=0.17 sys=0.00, real=0.17 secs] 
328276.802: [GC 328276.802: [ParNew: 1740225K->56730K(1887488K), 0.1693858 secs] 1843990K->160697K(5033216K) icms_dc=0 , 0.1694768 secs] [Times: user=0.16 sys=0.00, real=0.16 secs] 
329029.468: [GC 329029.468: [ParNew: 1734554K->59012K(1887488K), 0.1812867 secs] 1838521K->163127K(5033216K) icms_dc=0 , 0.1813742 secs] [Times: user=0.19 sys=0.00, real=0.19 secs] 
329486.933: [GC 329486.934: [ParNew: 1736836K->43542K(1887488K), 0.1315667 secs] 1840951K->147871K(5033216K) icms_dc=0 , 0.1316554 secs] [Times: user=0.13 sys=0.00, real=0.13 secs] 
330549.408: [GC 330549.408: [ParNew: 1721366K->41833K(1887488K), 0.1259591 secs] 1825695K->146331K(5033216K) icms_dc=0 , 0.1260501 secs] [Times: user=0.13 sys=0.00, real=0.13 secs] 
331311.800: [GC 331311.800: [ParNew: 1719657K->48021K(1887488K), 0.1576250 secs] 1824155K->152685K(5033216K) icms_dc=0 , 0.1577230 secs] [Times: user=0.16 sys=0.00, real=0.16 secs] 
332132.777: [GC 332132.777: [ParNew: 1725845K->59861K(1887488K), 0.1707704 secs] 1830509K->164715K(5033216K) icms_dc=0 , 0.1708572 secs] [Times: user=0.19 sys=0.00, real=0.17 secs] 
332879.386: [GC 332879.386: [ParNew: 1737685K->42150K(1887488K), 0.1277027 secs] 1842539K->147195K(5033216K) icms_dc=0 , 0.1277949 secs] [Times: user=0.14 sys=0.00, real=0.13 secs] 
334037.652: [GC 334037.652: [ParNew: 1719974K->42680K(1887488K), 0.1356571 secs] 1825019K->147845K(5033216K) icms_dc=0 , 0.1357558 secs] [Times: user=0.16 sys=0.00, real=0.14 secs] 
334652.698: [GC 334652.698: [ParNew: 1720504K->45610K(1887488K), 0.1386813 secs] 1825669K->150921K(5033216K) icms_dc=0 , 0.1387673 secs] [Times: user=0.14 sys=0.00, real=0.14 secs] 
335411.887: [GC 335411.887: [ParNew: 1723434K->49201K(1887488K), 0.1544711 secs] 1828745K->154628K(5033216K) icms_dc=0 , 0.1545644 secs] [Times: user=0.16 sys=0.00, real=0.16 secs] 
336075.282: [GC 336075.282: [ParNew: 1727025K->32609K(1887488K), 0.0984201 secs] 1832452K->138197K(5033216K) icms_dc=0 , 0.0985062 secs] [Times: user=0.09 sys=0.00, real=0.09 secs] 
337089.234: [GC 337089.234: [ParNew: 1710433K->54776K(1887488K), 0.1548128 secs] 1816021K->160484K(5033216K) icms_dc=0 , 0.1549015 secs] [Times: user=0.16 sys=0.00, real=0.16 secs] 
338450.202: [GC 338450.202: [ParNew: 1732600K->28602K(1887488K), 0.0901175 secs] 1838308K->134451K(5033216K) icms_dc=0 , 0.0902085 secs] [Times: user=0.11 sys=0.00, real=0.09 secs] 
340034.822: [GC 340034.822: [ParNew: 1705751K->20984K(1887488K), 0.0640844 secs] 1811600K->126976K(5033216K) icms_dc=0 , 0.0641731 secs] [Times: user=0.09 sys=0.00, real=0.08 secs] 
341579.145: [GC 341579.145: [ParNew: 1698808K->25674K(1887488K), 0.0844880 secs] 1804800K->131744K(5033216K) icms_dc=0 , 0.0845921 secs] [Times: user=0.08 sys=0.00, real=0.08 secs] 
341974.336: [GC 341974.336: [ParNew: 1703498K->20423K(1887488K), 0.0504480 secs] 1809568K->126685K(5033216K) icms_dc=0 , 0.0505390 secs] [Times: user=0.11 sys=0.00, real=0.05 secs] 
342915.090: [GC 342915.090: [ParNew: 1698247K->32525K(1887488K), 0.0936416 secs] 1804509K->138871K(5033216K) icms_dc=0 , 0.0937303 secs] [Times: user=0.09 sys=0.00, real=0.09 secs] 
344104.047: [GC 344104.047: [ParNew: 1710349K->27950K(1887488K), 0.0837159 secs] 1816695K->134382K(5033216K) icms_dc=0 , 0.0838103 secs] [Times: user=0.11 sys=0.00, real=0.09 secs] 
345589.029: [GC 345589.029: [ParNew: 1705774K->11382K(1887488K), 0.0374148 secs] 1812206K->117979K(5033216K) icms_dc=0 , 0.0375035 secs] [Times: user=0.03 sys=0.00, real=0.03 secs] 
347736.349: [GC 347736.349: [ParNew: 1689206K->10326K(1887488K), 0.0321662 secs] 1795803K->116993K(5033216K) icms_dc=0 , 0.0322530 secs] [Times: user=0.03 sys=0.00, real=0.03 secs] 
349859.904: [GC 349859.904: [ParNew: 1688150K->12187K(1887488K), 0.0549904 secs] 1794817K->118996K(5033216K) icms_dc=0 , 0.0550776 secs] [Times: user=0.09 sys=0.00, real=0.06 secs] 
351614.866: [GC 351614.866: [ParNew: 1690011K->21469K(1887488K), 0.0737740 secs] 1796820K->128368K(5033216K) icms_dc=0 , 0.0738727 secs] [Times: user=0.09 sys=0.00, real=0.08 secs] 
352857.788: [GC 352857.788: [ParNew: 1699293K->45685K(1887488K), 0.1570514 secs] 1806192K->152631K(5033216K) icms_dc=0 , 0.1571470 secs] [Times: user=0.16 sys=0.00, real=0.16 secs] 
354668.346: [GC 354668.346: [ParNew: 1723509K->23478K(1887488K), 0.0741780 secs] 1830455K->130493K(5033216K) icms_dc=0 , 0.0742651 secs] [Times: user=0.11 sys=0.00, real=0.08 secs] 
356293.751: [GC 356293.751: [ParNew: 1701302K->25172K(1887488K), 0.0824971 secs] 1808317K->132252K(5033216K) icms_dc=0 , 0.0826054 secs] [Times: user=0.09 sys=0.00, real=0.08 secs] 
357734.831: [GC 357734.831: [ParNew: 1702996K->34831K(1887488K), 0.1081608 secs] 1810076K->141969K(5033216K) icms_dc=0 , 0.1082533 secs] [Times: user=0.11 sys=0.00, real=0.11 secs] 
359309.658: [GC 359309.658: [ParNew: 1712655K->32942K(1887488K), 0.1065477 secs] 1819793K->140238K(5033216K) icms_dc=0 , 0.1066426 secs] [Times: user=0.09 sys=0.00, real=0.09 secs] 
361086.067: [GC 361086.067: [ParNew: 1710766K->19746K(1887488K), 0.0722846 secs] 1818062K->127158K(5033216K) icms_dc=0 , 0.0723933 secs] [Times: user=0.06 sys=0.00, real=0.06 secs] 
362404.002: [GC 362404.002: [ParNew: 1697570K->31892K(1887488K), 0.0892700 secs] 1804982K->139438K(5033216K) icms_dc=0 , 0.0893607 secs] [Times: user=0.09 sys=0.00, real=0.09 secs] 
363607.044: [GC 363607.044: [ParNew: 1709716K->45905K(1887488K), 0.1378777 secs] 1817262K->153584K(5033216K) icms_dc=0 , 0.1379698 secs] [Times: user=0.14 sys=0.00, real=0.14 secs] 
364761.467: [GC 364761.467: [ParNew: 1723729K->34867K(1887488K), 0.1100507 secs] 1831408K->142989K(5033216K) icms_dc=0 , 0.1101421 secs] [Times: user=0.13 sys=0.00, real=0.12 secs] 
365908.507: [GC 365908.507: [ParNew: 1712691K->38624K(1887488K), 0.1214083 secs] 1820813K->146867K(5033216K) icms_dc=0 , 0.1214877 secs] [Times: user=0.12 sys=0.00, real=0.13 secs] 
366966.866: [GC 366966.866: [ParNew: 1716448K->47050K(1887488K), 0.1449977 secs] 1824691K->155457K(5033216K) icms_dc=0 , 0.1450825 secs] [Times: user=0.14 sys=0.00, real=0.14 secs] 
368144.448: [GC 368144.448: [ParNew: 1724874K->34339K(1887488K), 0.0996423 secs] 1833281K->142825K(5033216K) icms_dc=0 , 0.0997353 secs] [Times: user=0.09 sys=0.00, real=0.09 secs] 
369418.327: [GC 369418.327: [ParNew: 1712163K->44228K(1887488K), 0.1220088 secs] 1820649K->152842K(5033216K) icms_dc=0 , 0.1220952 secs] [Times: user=0.16 sys=0.00, real=0.13 secs] 
370634.362: [GC 370634.362: [ParNew: 1722052K->39368K(1887488K), 0.1314511 secs] 1830666K->148379K(5033216K) icms_dc=0 , 0.1315598 secs] [Times: user=0.13 sys=0.00, real=0.13 secs] 
371548.836: [GC 371548.836: [ParNew: 1717192K->43760K(1887488K), 0.1490789 secs] 1826203K->152997K(5033216K) icms_dc=0 , 0.1491780 secs] [Times: user=0.14 sys=0.00, real=0.14 secs] 
372437.940: [GC 372437.940: [ParNew: 1721584K->50437K(1887488K), 0.1676145 secs] 1830821K->159806K(5033216K) icms_dc=0 , 0.1677136 secs] [Times: user=0.17 sys=0.00, real=0.17 secs] 
373718.927: [GC 373718.927: [ParNew: 1728261K->38862K(1887488K), 0.1301053 secs] 1837630K->148372K(5033216K) icms_dc=0 , 0.1302208 secs] [Times: user=0.13 sys=0.00, real=0.12 secs] 
375055.087: [GC 375055.087: [ParNew: 1716686K->39847K(1887488K), 0.1182340 secs] 1826196K->149515K(5033216K) icms_dc=0 , 0.1183246 secs] [Times: user=0.11 sys=0.00, real=0.11 secs] 
375899.413: [GC 375899.413: [ParNew: 1717671K->44390K(1887488K), 0.1630606 secs] 1827339K->154211K(5033216K) icms_dc=0 , 0.1631627 secs] [Times: user=0.16 sys=0.00, real=0.16 secs] 
376463.291: [GC 376463.291: [ParNew: 1722214K->61578K(1887488K), 0.1934575 secs] 1832035K->171501K(5033216K) icms_dc=0 , 0.1935477 secs] [Times: user=0.19 sys=0.00, real=0.19 secs] 
376885.214: [GC 376885.214: [ParNew: 1739402K->58068K(1887488K), 0.1845804 secs] 1849325K->168136K(5033216K) icms_dc=0 , 0.1846668 secs] [Times: user=0.19 sys=0.00, real=0.19 secs] 
377334.503: [GC 377334.503: [ParNew: 1735892K->42243K(1887488K), 0.1234779 secs] 1845960K->152417K(5033216K) icms_dc=0 , 0.1235689 secs] [Times: user=0.13 sys=0.00, real=0.13 secs] 
377816.714: [GC 377816.715: [ParNew: 1720067K->61138K(1887488K), 0.2135362 secs] 1830241K->171489K(5033216K) icms_dc=0 , 0.2136322 secs] [Times: user=0.20 sys=0.00, real=0.20 secs] 
378316.805: [GC 378316.805: [ParNew: 1738962K->69781K(1887488K), 0.2083480 secs] 1849313K->180323K(5033216K) icms_dc=0 , 0.2084367 secs] [Times: user=0.20 sys=0.00, real=0.20 secs] 
378839.587: [GC 378839.588: [ParNew: 1747605K->54917K(1887488K), 0.1884485 secs] 1858147K->165640K(5033216K) icms_dc=0 , 0.1885464 secs] [Times: user=0.23 sys=0.00, real=0.19 secs] 
379341.900: [GC 379341.900: [ParNew: 1732741K->63866K(1887488K), 0.2225673 secs] 1843464K->174681K(5033216K) icms_dc=0 , 0.2226633 secs] [Times: user=0.22 sys=0.00, real=0.22 secs] 
379874.313: [GC 379874.313: [ParNew: 1741690K->61857K(1887488K), 0.1838044 secs] 1852505K->172879K(5033216K) icms_dc=0 , 0.1838919 secs] [Times: user=0.19 sys=0.00, real=0.19 secs] 
380245.981: [GC 380245.981: [ParNew: 1739681K->69552K(1887488K), 0.2554097 secs] 1850703K->180709K(5033216K) icms_dc=0 , 0.2555115 secs] [Times: user=0.25 sys=0.00, real=0.25 secs] 
380691.166: [GC 380691.166: [ParNew: 1747376K->59945K(1887488K), 0.1786987 secs] 1858533K->171251K(5033216K) icms_dc=0 , 0.1787866 secs] [Times: user=0.17 sys=0.00, real=0.17 secs] 
381209.160: [GC 381209.160: [ParNew: 1737769K->60360K(1887488K), 0.1649774 secs] 1849075K->171808K(5033216K) icms_dc=0 , 0.1650661 secs] [Times: user=0.16 sys=0.00, real=0.16 secs] 
381688.399: [GC 381688.399: [ParNew: 1738184K->58873K(1887488K), 0.1867076 secs] 1849632K->170502K(5033216K) icms_dc=0 , 0.1868040 secs] [Times: user=0.20 sys=0.00, real=0.19 secs] 
382036.827: [GC 382036.827: [ParNew: 1736697K->77009K(1887488K), 0.2634843 secs] 1848326K->188899K(5033216K) icms_dc=0 , 0.2635665 secs] [Times: user=0.26 sys=0.00, real=0.27 secs] 
382484.622: [GC 382484.622: [ParNew: 1754833K->66391K(1887488K), 0.1967374 secs] 1866723K->178444K(5033216K) icms_dc=0 , 0.1968257 secs] [Times: user=0.19 sys=0.00, real=0.19 secs] 
382805.306: [GC 382805.306: [ParNew: 1744215K->61950K(1887488K), 0.1883433 secs] 1856268K->174165K(5033216K) icms_dc=0 , 0.1884320 secs] [Times: user=0.20 sys=0.00, real=0.19 secs] 
382966.783: [GC 382966.783: [ParNew: 1739774K->58367K(1887488K), 0.1597384 secs] 1851989K->170760K(5033216K) icms_dc=0 , 0.1598244 secs] [Times: user=0.20 sys=0.00, real=0.17 secs] 
383224.959: [GC 383224.959: [ParNew: 1736191K->65826K(1887488K), 0.1974174 secs] 1848584K->178465K(5033216K) icms_dc=0 , 0.1975099 secs] [Times: user=0.19 sys=0.00, real=0.19 secs] 
383262.151: [GC 383262.152: [ParNew: 1743650K->24179K(1887488K), 0.0466839 secs] 1856289K->137061K(5033216K) icms_dc=0 , 0.0467619 secs] [Times: user=0.05 sys=0.00, real=0.05 secs] 
383534.852: [GC 383534.852: [ParNew: 1702003K->68945K(1887488K), 0.1926615 secs] 1814885K->182049K(5033216K) icms_dc=0 , 0.1927410 secs] [Times: user=0.19 sys=0.02, real=0.20 secs] 
383736.679: [GC 383736.679: [ParNew: 1746769K->64147K(1887488K), 0.1712707 secs] 1859873K->177395K(5033216K) icms_dc=0 , 0.1713663 secs] [Times: user=0.23 sys=0.00, real=0.17 secs] 
383858.021: [GC 383858.021: [ParNew: 1741971K->29486K(1887488K), 0.0625098 secs] 1855219K->143061K(5033216K) icms_dc=0 , 0.0625923 secs] [Times: user=0.06 sys=0.00, real=0.06 secs] 
383969.985: [GC 383969.985: [ParNew: 1707310K->26605K(1887488K), 0.0756363 secs] 1820885K->140221K(5033216K) icms_dc=0 , 0.0757277 secs] [Times: user=0.11 sys=0.00, real=0.08 secs] 
384093.934: [GC 384093.934: [ParNew: 1704429K->39190K(1887488K), 0.0966781 secs] 1818045K->153128K(5033216K) icms_dc=0 , 0.0967633 secs] [Times: user=0.09 sys=0.00, real=0.09 secs] 
384219.709: [GC 384219.709: [ParNew: 1717014K->32083K(1887488K), 0.0804590 secs] 1830952K->146354K(5033216K) icms_dc=0 , 0.0805465 secs] [Times: user=0.08 sys=0.00, real=0.08 secs] 
384365.806: [GC 384365.806: [ParNew: 1709907K->23965K(1887488K), 0.0700019 secs] 1824178K->138371K(5033216K) icms_dc=0 , 0.0700925 secs] [Times: user=0.08 sys=0.00, real=0.08 secs] 
384512.470: [GC 384512.470: [ParNew: 1701789K->34402K(1887488K), 0.1025989 secs] 1816195K->148877K(5033216K) icms_dc=0 , 0.1026903 secs] [Times: user=0.11 sys=0.00, real=0.11 secs] 
384729.035: [GC 384729.035: [ParNew: 1712226K->62333K(1887488K), 0.1847459 secs] 1826701K->177080K(5033216K) icms_dc=0 , 0.1848307 secs] [Times: user=0.19 sys=0.00, real=0.19 secs] 
385114.388: [GC 385114.388: [ParNew: 1740157K->70443K(1887488K), 0.2391119 secs] 1854904K->185348K(5033216K) icms_dc=0 , 0.2392079 secs] [Times: user=0.23 sys=0.00, real=0.23 secs] 
385482.518: [GC 385482.518: [ParNew: 1748267K->67788K(1887488K), 0.2050504 secs] 1863172K->182763K(5033216K) icms_dc=0 , 0.2051479 secs] [Times: user=0.20 sys=0.00, real=0.20 secs] 
385824.392: [GC 385824.392: [ParNew: 1745612K->63320K(1887488K), 0.2191876 secs] 1860587K->178355K(5033216K) icms_dc=0 , 0.2192882 secs] [Times: user=0.23 sys=0.00, real=0.22 secs] 
386178.504: [GC 386178.504: [ParNew: 1741144K->68391K(1887488K), 0.2154096 secs] 1856179K->183664K(5033216K) icms_dc=0 , 0.2155060 secs] [Times: user=0.23 sys=0.00, real=0.22 secs] 
386404.378: [GC 386404.378: [ParNew: 1746215K->48955K(1887488K), 0.1599519 secs] 1861488K->164463K(5033216K) icms_dc=0 , 0.1600502 secs] [Times: user=0.19 sys=0.00, real=0.16 secs] 
386711.510: [GC 386711.510: [ParNew: 1726779K->69335K(1887488K), 0.2206474 secs] 1842287K->185074K(5033216K) icms_dc=0 , 0.2207311 secs] [Times: user=0.22 sys=0.00, real=0.22 secs] 
386924.088: [GC 386924.088: [ParNew: 1747159K->67764K(1887488K), 0.2029831 secs] 1862898K->183679K(5033216K) icms_dc=0 , 0.2030745 secs] [Times: user=0.20 sys=0.00, real=0.20 secs] 
387156.845: [GC 387156.845: [ParNew: 1745588K->61571K(1887488K), 0.1856824 secs] 1861503K->177642K(5033216K) icms_dc=0 , 0.1857761 secs] [Times: user=0.17 sys=0.00, real=0.17 secs] 
387413.175: [GC 387413.175: [ParNew: 1739395K->62121K(1887488K), 0.1884558 secs] 1855466K->178441K(5033216K) icms_dc=0 , 0.1885418 secs] [Times: user=0.19 sys=0.00, real=0.19 secs] 
387705.154: [GC 387705.154: [ParNew: 1739945K->59872K(1887488K), 0.1783124 secs] 1856265K->176444K(5033216K) icms_dc=0 , 0.1784046 secs] [Times: user=0.17 sys=0.00, real=0.17 secs] 
388111.605: [GC 388111.605: [ParNew: 1737696K->58470K(1887488K), 0.1927237 secs] 1854268K->175280K(5033216K) icms_dc=0 , 0.1928216 secs] [Times: user=0.20 sys=0.00, real=0.19 secs] 
388637.951: [GC 388637.951: [ParNew: 1736294K->65635K(1887488K), 0.1946344 secs] 1853104K->182561K(5033216K) icms_dc=0 , 0.1947238 secs] [Times: user=0.22 sys=0.00, real=0.20 secs] 
388888.227: [GC 388888.227: [ParNew: 1743459K->67017K(1887488K), 0.1995419 secs] 1860385K->184129K(5033216K) icms_dc=0 , 0.1996298 secs] [Times: user=0.20 sys=0.00, real=0.20 secs] 
389166.983: [GC 389166.983: [ParNew: 1744841K->65640K(1887488K), 0.1963576 secs] 1861953K->182903K(5033216K) icms_dc=0 , 0.1964482 secs] [Times: user=0.19 sys=0.00, real=0.19 secs] 
389465.924: [GC 389465.924: [ParNew: 1743464K->79668K(1887488K), 0.2481154 secs] 1860727K->197177K(5033216K) icms_dc=0 , 0.2481995 secs] [Times: user=0.27 sys=0.00, real=0.25 secs] 
389820.462: [GC 389820.462: [ParNew: 1757492K->71635K(1887488K), 0.1986523 secs] 1875001K->189374K(5033216K) icms_dc=0 , 0.1987375 secs] [Times: user=0.19 sys=0.00, real=0.19 secs] 
390203.775: [GC 390203.775: [ParNew: 1749459K->70177K(1887488K), 0.2113019 secs] 1867198K->188134K(5033216K) icms_dc=0 , 0.2113906 secs] [Times: user=0.20 sys=0.00, real=0.20 secs] 
390387.213: [GC 390387.213: [ParNew: 1748001K->49772K(1887488K), 0.1526395 secs] 1865958K->167949K(5033216K) icms_dc=0 , 0.1527271 secs] [Times: user=0.16 sys=0.00, real=0.16 secs] 
390594.133: [GC 390594.134: [ParNew: 1727596K->81224K(1887488K), 0.2416408 secs] 1845773K->199646K(5033216K) icms_dc=0 , 0.2417330 secs] [Times: user=0.23 sys=0.00, real=0.23 secs] 
390777.071: [GC 390777.071: [ParNew: 1759048K->82517K(1887488K), 0.2461198 secs] 1877470K->201186K(5033216K) icms_dc=0 , 0.2462070 secs] [Times: user=0.23 sys=0.00, real=0.23 secs] 
390968.141: [GC 390968.141: [ParNew: 1760341K->70061K(1887488K), 0.2455043 secs] 1879010K->189071K(5033216K) icms_dc=0 , 0.2456026 secs] [Times: user=0.27 sys=0.00, real=0.25 secs] 
391248.588: [GC 391248.588: [ParNew: 1747885K->62982K(1887488K), 0.1648503 secs] 1866895K->182222K(5033216K) icms_dc=0 , 0.1649382 secs] [Times: user=0.17 sys=0.00, real=0.17 secs] 
391474.229: [GC 391474.229: [ParNew: 1740806K->60123K(1887488K), 0.1781615 secs] 1860046K->179750K(5033216K) icms_dc=0 , 0.1782563 secs] [Times: user=0.17 sys=0.00, real=0.17 secs] 
391616.336: [GC 391616.336: [ParNew: 1737947K->58265K(1887488K), 0.1693796 secs] 1857574K->178279K(5033216K) icms_dc=0 , 0.1694775 secs] [Times: user=0.23 sys=0.00, real=0.17 secs] 
391823.318: [GC 391823.318: [ParNew: 1736089K->57906K(1887488K), 0.1973636 secs] 1856103K->178118K(5033216K) icms_dc=0 , 0.1974623 secs] [Times: user=0.20 sys=0.00, real=0.20 secs] 
392010.415: [GC 392010.415: [ParNew: 1735730K->67766K(1887488K), 0.1991357 secs] 1855942K->188225K(5033216K) icms_dc=0 , 0.1992236 secs] [Times: user=0.19 sys=0.00, real=0.19 secs] 
392325.307: [GC 392325.307: [ParNew: 1745590K->65484K(1887488K), 0.1930274 secs] 1866049K->186198K(5033216K) icms_dc=0 , 0.1931142 secs] [Times: user=0.19 sys=0.00, real=0.19 secs] 
392616.943: [GC 392616.943: [ParNew: 1743308K->69324K(1887488K), 0.2351359 secs] 1864022K->190207K(5033216K) icms_dc=0 , 0.2352403 secs] [Times: user=0.23 sys=0.00, real=0.23 secs] 
392829.301: [GC 392829.301: [ParNew: 1747148K->68982K(1887488K), 0.2114297 secs] 1868031K->190052K(5033216K) icms_dc=0 , 0.2115181 secs] [Times: user=0.23 sys=0.00, real=0.22 secs] 
393176.828: [GC 393176.828: [ParNew: 1746806K->62961K(1887488K), 0.1906433 secs] 1867876K->184166K(5033216K) icms_dc=0 , 0.1907336 secs] [Times: user=0.19 sys=0.00, real=0.19 secs] 
393379.585: [GC 393379.585: [ParNew: 1740785K->57072K(1887488K), 0.1906153 secs] 1861990K->178563K(5033216K) icms_dc=0 , 0.1907201 secs] [Times: user=0.19 sys=0.00, real=0.19 secs] 
393604.428: [GC 393604.428: [ParNew: 1734896K->73518K(1887488K), 0.2175388 secs] 1856387K->195386K(5033216K) icms_dc=0 , 0.2176263 secs] [Times: user=0.25 sys=0.00, real=0.22 secs] 
393804.337: [GC 393804.337: [ParNew: 1751342K->54045K(1887488K), 0.1588257 secs] 1873210K->176206K(5033216K) icms_dc=0 , 0.1589206 secs] [Times: user=0.17 sys=0.00, real=0.16 secs] 
394184.455: [GC 394184.455: [ParNew: 1731869K->61119K(1887488K), 0.2224625 secs] 1854030K->183505K(5033216K) icms_dc=0 , 0.2225654 secs] [Times: user=0.25 sys=0.00, real=0.22 secs] 
394503.854: [GC 394503.854: [ParNew: 1738943K->69821K(1887488K), 0.2044119 secs] 1861329K->192367K(5033216K) icms_dc=0 , 0.2044940 secs] [Times: user=0.23 sys=0.00, real=0.22 secs] 
394835.536: [GC 394835.536: [ParNew: 1747645K->69587K(1887488K), 0.2039653 secs] 1870191K->192297K(5033216K) icms_dc=0 , 0.2040536 secs] [Times: user=0.20 sys=0.00, real=0.20 secs] 
395179.336: [GC 395179.336: [ParNew: 1747411K->73935K(1887488K), 0.2160989 secs] 1870121K->196871K(5033216K) icms_dc=0 , 0.2161864 secs] [Times: user=0.22 sys=0.00, real=0.22 secs] 
395581.047: [GC 395581.047: [ParNew: 1751759K->71109K(1887488K), 0.2217536 secs] 1874695K->194297K(5033216K) icms_dc=0 , 0.2218412 secs] [Times: user=0.22 sys=0.00, real=0.23 secs] 
395902.937: [GC 395902.937: [ParNew: 1748933K->64011K(1887488K), 0.1945188 secs] 1872121K->187345K(5033216K) icms_dc=0 , 0.1946105 secs] [Times: user=0.20 sys=0.00, real=0.20 secs] 
396167.773: [GC 396167.773: [ParNew: 1741835K->68754K(1887488K), 0.2022850 secs] 1865169K->192280K(5033216K) icms_dc=0 , 0.2023707 secs] [Times: user=0.22 sys=0.00, real=0.20 secs] 
396526.434: [GC 396526.434: [ParNew: 1746578K->65764K(1887488K), 0.2001471 secs] 1870104K->189538K(5033216K) icms_dc=0 , 0.2002342 secs] [Times: user=0.22 sys=0.00, real=0.20 secs] 
396790.556: [GC 396790.557: [ParNew: 1743588K->66470K(1887488K), 0.2163281 secs] 1867362K->190458K(5033216K) icms_dc=0 , 0.2164226 secs] [Times: user=0.20 sys=0.00, real=0.20 secs] 
397076.896: [GC 397076.896: [ParNew: 1744294K->60202K(1887488K), 0.2056517 secs] 1868282K->184302K(5033216K) icms_dc=0 , 0.2057527 secs] [Times: user=0.20 sys=0.00, real=0.20 secs] 
397424.789: [GC 397424.789: [ParNew: 1738026K->72237K(1887488K), 0.1962570 secs] 1862126K->196550K(5033216K) icms_dc=0 , 0.1963434 secs] [Times: user=0.19 sys=0.00, real=0.19 secs] 
397738.990: [GC 397738.990: [ParNew: 1750061K->63055K(1887488K), 0.1867978 secs] 1874374K->187556K(5033216K) icms_dc=0 , 0.1871165 secs] [Times: user=0.19 sys=0.00, real=0.19 secs] 
397981.676: [GC 397981.676: [ParNew: 1740879K->62704K(1887488K), 0.1732029 secs] 1865380K->187405K(5033216K) icms_dc=0 , 0.1732900 secs] [Times: user=0.17 sys=0.00, real=0.17 secs] 
398162.609: [GC 398162.609: [ParNew: 1740528K->73704K(1887488K), 0.2128574 secs] 1865229K->198591K(5033216K) icms_dc=0 , 0.2129434 secs] [Times: user=0.28 sys=0.00, real=0.22 secs] 
398507.316: [GC 398507.316: [ParNew: 1751528K->74892K(1887488K), 0.2368112 secs] 1876415K->199906K(5033216K) icms_dc=0 , 0.2368945 secs] [Times: user=0.23 sys=0.00, real=0.23 secs] 
398760.156: [GC 398760.156: [ParNew: 1752716K->62397K(1887488K), 0.1800499 secs] 1877730K->187572K(5033216K) icms_dc=0 , 0.1801436 secs] [Times: user=0.17 sys=0.00, real=0.17 secs] 
398978.537: [GC 398978.537: [ParNew: 1740221K->75464K(1887488K), 0.2091847 secs] 1865396K->200777K(5033216K) icms_dc=0 , 0.2092726 secs] [Times: user=0.22 sys=0.00, real=0.22 secs] 
399203.746: [GC 399203.746: [ParNew: 1753067K->56187K(1887488K), 0.1860595 secs] 1878381K->181713K(5033216K) icms_dc=0 , 0.1861577 secs] [Times: user=0.20 sys=0.00, real=0.19 secs] 
399467.683: [GC 399467.683: [ParNew: 1734011K->72872K(1887488K), 0.2485105 secs] 1859537K->198627K(5033216K) icms_dc=0 , 0.2486065 secs] [Times: user=0.25 sys=0.00, real=0.25 secs] 
399715.220: [GC 399715.220: [ParNew: 1750696K->67097K(1887488K), 0.2041277 secs] 1876451K->193101K(5033216K) icms_dc=0 , 0.2042160 secs] [Times: user=0.20 sys=0.00, real=0.20 secs] 
399887.640: [GC 399887.640: [ParNew: 1744921K->53007K(1887488K), 0.1589893 secs] 1870925K->179151K(5033216K) icms_dc=0 , 0.1590784 secs] [Times: user=0.16 sys=0.00, real=0.16 secs] 
400003.712: [GC 400003.712: [ParNew: 1730831K->57853K(1887488K), 0.1643745 secs] 1856975K->184152K(5033216K) icms_dc=0 , 0.1644644 secs] [Times: user=0.16 sys=0.00, real=0.16 secs] 
400159.628: [GC 400159.628: [ParNew: 1735677K->63595K(1887488K), 0.1993346 secs] 1861976K->190120K(5033216K) icms_dc=0 , 0.1994352 secs] [Times: user=0.23 sys=0.00, real=0.20 secs] 
400463.663: [GC 400463.663: [ParNew: 1741419K->78029K(1887488K), 0.2357986 secs] 1867944K->204803K(5033216K) icms_dc=0 , 0.2358827 secs] [Times: user=0.23 sys=0.00, real=0.23 secs] 
400827.234: [GC 400827.234: [ParNew: 1755853K->73811K(1887488K), 0.2171894 secs] 1882627K->200784K(5033216K) icms_dc=0 , 0.2172800 secs] [Times: user=0.22 sys=0.00, real=0.22 secs] 
401057.473: [GC 401057.473: [ParNew: 1751635K->74737K(1887488K), 0.2240310 secs] 1878608K->202027K(5033216K) icms_dc=0 , 0.2241228 secs] [Times: user=0.25 sys=0.00, real=0.23 secs] 
401273.818: [GC 401273.818: [ParNew: 1752561K->62916K(1887488K), 0.2098386 secs] 1879851K->190383K(5033216K) icms_dc=0 , 0.2099349 secs] [Times: user=0.23 sys=0.00, real=0.22 secs] 
401594.978: [GC 401594.978: [ParNew: 1740740K->81380K(1887488K), 0.2458614 secs] 1868207K->209143K(5033216K) icms_dc=0 , 0.2459455 secs] [Times: user=0.25 sys=0.00, real=0.25 secs] 
401889.098: [GC 401889.098: [ParNew: 1759204K->73531K(1887488K), 0.2121939 secs] 1886967K->201617K(5033216K) icms_dc=0 , 0.2122814 secs] [Times: user=0.25 sys=0.00, real=0.22 secs] 
402096.109: [GC 402096.109: [ParNew: 1751355K->73724K(1887488K), 0.2511008 secs] 1879441K->202079K(5033216K) icms_dc=0 , 0.2512002 secs] [Times: user=0.25 sys=0.00, real=0.25 secs] 
402381.136: [GC 402381.136: [ParNew: 1751548K->70001K(1887488K), 0.2011450 secs] 1879903K->198576K(5033216K) icms_dc=0 , 0.2012337 secs] [Times: user=0.23 sys=0.00, real=0.20 secs] 
402653.654: [GC 402653.654: [ParNew: 1747825K->62469K(1887488K), 0.2181232 secs] 1876400K->191386K(5033216K) icms_dc=0 , 0.2182219 secs] [Times: user=0.28 sys=0.00, real=0.22 secs] 
402917.083: [GC 402917.083: [ParNew: 1740293K->63188K(1887488K), 0.1945011 secs] 1869210K->192424K(5033216K) icms_dc=0 , 0.1945940 secs] [Times: user=0.19 sys=0.00, real=0.19 secs] 
403127.572: [GC 403127.572: [ParNew: 1741012K->76641K(1887488K), 0.2714229 secs] 1870248K->206069K(5033216K) icms_dc=0 , 0.2715247 secs] [Times: user=0.34 sys=0.00, real=0.28 secs] 
403451.030: [GC 403451.030: [ParNew: 1754465K->70960K(1887488K), 0.2356531 secs] 1883893K->200616K(5033216K) icms_dc=0 , 0.2357533 secs] [Times: user=0.26 sys=0.00, real=0.25 secs] 
403761.431: [GC 403761.431: [ParNew: 1748784K->62743K(1887488K), 0.2002488 secs] 1878440K->192684K(5033216K) icms_dc=0 , 0.2003448 secs] [Times: user=0.19 sys=0.00, real=0.19 secs] 
404103.974: [GC 404103.974: [ParNew: 1740567K->69787K(1887488K), 0.2088318 secs] 1870508K->199880K(5033216K) icms_dc=0 , 0.2089243 secs] [Times: user=0.22 sys=0.00, real=0.20 secs] 
404405.072: [GC 404405.072: [ParNew: 1747611K->70588K(1887488K), 0.2140788 secs] 1877704K->200885K(5033216K) icms_dc=0 , 0.2141679 secs] [Times: user=0.22 sys=0.00, real=0.22 secs] 
404756.657: [GC 404756.657: [ParNew: 1748412K->65878K(1887488K), 0.1903024 secs] 1878709K->196399K(5033216K) icms_dc=0 , 0.1903949 secs] [Times: user=0.20 sys=0.00, real=0.19 secs] 
405059.009: [GC 405059.009: [ParNew: 1743702K->75043K(1887488K), 0.2203621 secs] 1874223K->205831K(5033216K) icms_dc=0 , 0.2204512 secs] [Times: user=0.25 sys=0.00, real=0.22 secs] 
405433.161: [GC 405433.161: [ParNew: 1752867K->69063K(1887488K), 0.2033916 secs] 1883655K->200035K(5033216K) icms_dc=0 , 0.2034838 secs] [Times: user=0.22 sys=0.00, real=0.20 secs] 
405658.361: [GC 405658.361: [ParNew: 1746887K->62392K(1887488K), 0.2068931 secs] 1877859K->193611K(5033216K) icms_dc=0 , 0.2069922 secs] [Times: user=0.26 sys=0.01, real=0.22 secs] 
405858.205: [GC 405858.205: [ParNew: 1740216K->68696K(1887488K), 0.2180767 secs] 1871435K->200128K(5033216K) icms_dc=0 , 0.2181758 secs] [Times: user=0.28 sys=0.00, real=0.22 secs] 
406147.032: [GC 406147.032: [ParNew: 1746520K->78405K(1887488K), 0.2580718 secs] 1877952K->210084K(5033216K) icms_dc=0 , 0.2581640 secs] [Times: user=0.28 sys=0.00, real=0.27 secs] 
406366.665: [GC 406366.665: [ParNew: 1756229K->58830K(1887488K), 0.1749073 secs] 1887908K->190810K(5033216K) icms_dc=0 , 0.1750010 secs] [Times: user=0.17 sys=0.00, real=0.17 secs] 
406558.021: [GC 406558.021: [ParNew: 1736654K->63702K(1887488K), 0.2015866 secs] 1868634K->195844K(5033216K) icms_dc=0 , 0.2016868 secs] [Times: user=0.20 sys=0.00, real=0.20 secs] 
406837.465: [GC 406837.465: [ParNew: 1741526K->71636K(1887488K), 0.2115849 secs] 1873668K->203988K(5033216K) icms_dc=0 , 0.2116782 secs] [Times: user=0.23 sys=0.00, real=0.22 secs] 
407131.689: [GC 407131.689: [ParNew: 1749460K->66678K(1887488K), 0.2005963 secs] 1881812K->199212K(5033216K) icms_dc=0 , 0.2006900 secs] [Times: user=0.22 sys=0.00, real=0.20 secs] 
407377.816: [GC 407377.817: [ParNew: 1744502K->64778K(1887488K), 0.1879390 secs] 1877036K->197580K(5033216K) icms_dc=0 , 0.1880327 secs] [Times: user=0.20 sys=0.00, real=0.19 secs] 
407659.117: [GC 407659.117: [ParNew: 1742602K->71094K(1887488K), 0.2153463 secs] 1875404K->204128K(5033216K) icms_dc=0 , 0.2154350 secs] [Times: user=0.22 sys=0.00, real=0.22 secs] 
408021.639: [GC 408021.639: [ParNew: 1748918K->60588K(1887488K), 0.1825250 secs] 1881952K->193861K(5033216K) icms_dc=0 , 0.1826114 secs] [Times: user=0.20 sys=0.00, real=0.19 secs] 
408253.329: [GC 408253.329: [ParNew: 1738412K->66631K(1887488K), 0.2414672 secs] 1871685K->200235K(5033216K) icms_dc=0 , 0.2415675 secs] [Times: user=0.28 sys=0.00, real=0.23 secs] 
408523.713: [GC 408523.713: [ParNew: 1744455K->70507K(1887488K), 0.2354477 secs] 1878059K->204297K(5033216K) icms_dc=0 , 0.2355521 secs] [Times: user=0.23 sys=0.00, real=0.23 secs] 
408803.286: [GC 408803.286: [ParNew: 1748331K->73570K(1887488K), 0.2352776 secs] 1882121K->207884K(5033216K) icms_dc=0 , 0.2353690 secs] [Times: user=0.25 sys=0.00, real=0.25 secs] 
409086.384: [GC 409086.384: [ParNew: 1751394K->60987K(1887488K), 0.1819671 secs] 1885708K->195503K(5033216K) icms_dc=0 , 0.1820538 secs] [Times: user=0.20 sys=0.00, real=0.19 secs] 
409333.366: [GC 409333.366: [ParNew: 1738811K->71022K(1887488K), 0.2183428 secs] 1873327K->205754K(5033216K) icms_dc=0 , 0.2184296 secs] [Times: user=0.23 sys=0.00, real=0.22 secs] 
409602.519: [GC 409602.519: [ParNew: 1748846K->53224K(1887488K), 0.1491565 secs] 1883578K->188127K(5033216K) icms_dc=0 , 0.1492433 secs] [Times: user=0.16 sys=0.00, real=0.16 secs] 
409734.073: [GC 409734.073: [ParNew: 1731048K->66054K(1887488K), 0.1649451 secs] 1865951K->201144K(5033216K) icms_dc=0 , 0.1650277 secs] [Times: user=0.17 sys=0.00, real=0.17 secs] 
409908.366: [GC 409908.366: [ParNew: 1743878K->62120K(1887488K), 0.2021971 secs] 1878968K->197442K(5033216K) icms_dc=0 , 0.2022958 secs] [Times: user=0.20 sys=0.00, real=0.20 secs] 
410228.918: [GC 410228.918: [ParNew: 1739944K->60136K(1887488K), 0.1820454 secs] 1875266K->195774K(5033216K) icms_dc=0 , 0.1821364 secs] [Times: user=0.20 sys=0.00, real=0.19 secs] 
410620.364: [GC 410620.364: [ParNew: 1737960K->50648K(1887488K), 0.1648948 secs] 1873598K->186440K(5033216K) icms_dc=0 , 0.1649893 secs] [Times: user=0.19 sys=0.00, real=0.17 secs] 
410922.564: [GC 410922.565: [ParNew: 1728472K->64421K(1887488K), 0.1913011 secs] 1864264K->200377K(5033216K) icms_dc=0 , 0.1913975 secs] [Times: user=0.19 sys=0.00, real=0.19 secs] 
411229.454: [GC 411229.454: [ParNew: 1742245K->56048K(1887488K), 0.1605813 secs] 1878201K->192153K(5033216K) icms_dc=0 , 0.1606688 secs] [Times: user=0.16 sys=0.00, real=0.16 secs] 
411535.816: [GC 411535.816: [ParNew: 1733872K->60666K(1887488K), 0.2023795 secs] 1869977K->196953K(5033216K) icms_dc=0 , 0.2024889 secs] [Times: user=0.22 sys=0.00, real=0.20 secs] 
412004.841: [GC 412004.841: [ParNew: 1738490K->72328K(1887488K), 0.2203326 secs] 1874777K->208814K(5033216K) icms_dc=0 , 0.2204247 secs] [Times: user=0.22 sys=0.00, real=0.22 secs] 
412353.174: [GC 412353.174: [ParNew: 1750152K->53081K(1887488K), 0.1762593 secs] 1886638K->189700K(5033216K) icms_dc=0 , 0.1763718 secs] [Times: user=0.17 sys=0.00, real=0.17 secs] 
412826.292: [GC 412826.292: [ParNew: 1730905K->59568K(1887488K), 0.1852930 secs] 1867524K->196382K(5033216K) icms_dc=0 , 0.1853810 secs] [Times: user=0.16 sys=0.00, real=0.17 secs] 
413351.751: [GC 413351.751: [ParNew: 1737392K->68794K(1887488K), 0.1998487 secs] 1874206K->205774K(5033216K) icms_dc=0 , 0.1999413 secs] [Times: user=0.20 sys=0.00, real=0.20 secs] 
413683.833: [GC 413683.833: [ParNew: 1746618K->54702K(1887488K), 0.1646187 secs] 1883598K->191948K(5033216K) icms_dc=0 , 0.1647120 secs] [Times: user=0.16 sys=0.00, real=0.16 secs] 
414435.261: [GC 414435.261: [ParNew: 1732526K->52168K(1887488K), 0.1544288 secs] 1869772K->189549K(5033216K) icms_dc=0 , 0.1545175 secs] [Times: user=0.16 sys=0.00, real=0.16 secs] 
414966.670: [GC 414966.670: [ParNew: 1729992K->66647K(1887488K), 0.1892737 secs] 1867373K->204215K(5033216K) icms_dc=0 , 0.1893566 secs] [Times: user=0.19 sys=0.00, real=0.19 secs] 
415469.640: [GC 415469.640: [ParNew: 1744471K->50134K(1887488K), 0.1747422 secs] 1882039K->187919K(5033216K) icms_dc=0 , 0.1748447 secs] [Times: user=0.23 sys=0.00, real=0.17 secs] 
416052.703: [GC 416052.703: [ParNew: 1727958K->58508K(1887488K), 0.1708683 secs] 1865743K->196471K(5033216K) icms_dc=0 , 0.1709562 secs] [Times: user=0.19 sys=0.00, real=0.17 secs] 
416617.967: [GC 416617.967: [ParNew: 1736332K->52540K(1887488K), 0.1529390 secs] 1874295K->190693K(5033216K) icms_dc=0 , 0.1530254 secs] [Times: user=0.22 sys=0.00, real=0.16 secs] 
417318.452: [GC 417318.452: [ParNew: 1730364K->46191K(1887488K), 0.1555566 secs] 1868517K->184500K(5033216K) icms_dc=0 , 0.1556560 secs] [Times: user=0.16 sys=0.00, real=0.16 secs] 
417833.470: [GC 417833.470: [ParNew: 1724015K->44885K(1887488K), 0.1459039 secs] 1862324K->183378K(5033216K) icms_dc=0 , 0.1460002 secs] [Times: user=0.14 sys=0.00, real=0.14 secs] 
418337.434: [GC 418337.434: [ParNew: 1722709K->47706K(1887488K), 0.1561456 secs] 1861202K->186339K(5033216K) icms_dc=0 , 0.1562493 secs] [Times: user=0.16 sys=0.00, real=0.16 secs] 
418850.720: [GC 418850.720: [ParNew: 1725530K->44386K(1887488K), 0.1394193 secs] 1864163K->183168K(5033216K) icms_dc=0 , 0.1395107 secs] [Times: user=0.14 sys=0.00, real=0.14 secs] 
419616.956: [GC 419616.956: [ParNew: 1722210K->39983K(1887488K), 0.1265527 secs] 1860992K->178903K(5033216K) icms_dc=0 , 0.1266411 secs] [Times: user=0.12 sys=0.00, real=0.13 secs] 
420275.896: [GC 420275.896: [ParNew: 1717807K->61327K(1887488K), 0.1773993 secs] 1856727K->200359K(5033216K) icms_dc=0 , 0.1774865 secs] [Times: user=0.19 sys=0.00, real=0.19 secs] 
421216.959: [GC 421216.960: [ParNew: 1739151K->35311K(1887488K), 0.1018145 secs] 1878183K->174504K(5033216K) icms_dc=0 , 0.1019066 secs] [Times: user=0.09 sys=0.00, real=0.09 secs] 
422333.009: [GC 422333.009: [ParNew: 1713135K->28749K(1887488K), 0.0806548 secs] 1852328K->168065K(5033216K) icms_dc=0 , 0.0807393 secs] [Times: user=0.08 sys=0.00, real=0.08 secs] 
423181.562: [GC 423181.562: [ParNew: 1706573K->33879K(1887488K), 0.1139630 secs] 1845889K->173357K(5033216K) icms_dc=0 , 0.1140717 secs] [Times: user=0.11 sys=0.00, real=0.11 secs] 
424111.009: [GC 424111.010: [ParNew: 1711703K->46880K(1887488K), 0.1441741 secs] 1851181K->186575K(5033216K) icms_dc=0 , 0.1442635 secs] [Times: user=0.14 sys=0.00, real=0.14 secs] 
425612.909: [GC 425612.909: [ParNew: 1724704K->27925K(1887488K), 0.0818693 secs] 1864399K->167730K(5033216K) icms_dc=0 , 0.0819592 secs] [Times: user=0.09 sys=0.00, real=0.08 secs] 
427317.870: [GC 427317.870: [ParNew: 1705749K->19839K(1887488K), 0.0584116 secs] 1845554K->159758K(5033216K) icms_dc=0 , 0.0584961 secs] [Times: user=0.06 sys=0.00, real=0.06 secs] 
429131.811: [GC 429131.811: [ParNew: 1697663K->23771K(1887488K), 0.0709971 secs] 1837582K->163815K(5033216K) icms_dc=0 , 0.0710881 secs] [Times: user=0.06 sys=0.00, real=0.06 secs] 
431164.272: [GC 431164.272: [ParNew: 1701595K->13964K(1887488K), 0.0483991 secs] 1841639K->154161K(5033216K) icms_dc=0 , 0.0485001 secs] [Times: user=0.05 sys=0.00, real=0.05 secs] 
433026.674: [GC 433026.674: [ParNew: 1691788K->22726K(1887488K), 0.0747094 secs] 1831985K->163036K(5033216K) icms_dc=0 , 0.0748173 secs] [Times: user=0.09 sys=0.00, real=0.08 secs] 
434857.664: [GC 434857.664: [ParNew: 1700550K->15583K(1887488K), 0.0510458 secs] 1840860K->155974K(5033216K) icms_dc=0 , 0.0511480 secs] [Times: user=0.06 sys=0.00, real=0.05 secs] 
436657.609: [GC 436657.609: [ParNew: 1693407K->26360K(1887488K), 0.0783652 secs] 1833798K->166841K(5033216K) icms_dc=0 , 0.0784543 secs] [Times: user=0.08 sys=0.00, real=0.08 secs] 
438079.901: [GC 438079.901: [ParNew: 1704102K->33822K(1887488K), 0.1238377 secs] 1844583K->174385K(5033216K) icms_dc=0 , 0.1239463 secs] [Times: user=0.14 sys=0.00, real=0.12 secs] 
440427.485: [GC 440427.485: [ParNew: 1711646K->5208K(1887488K), 0.0177250 secs] 1852209K->145898K(5033216K) icms_dc=0 , 0.0178191 secs] [Times: user=0.03 sys=0.00, real=0.02 secs] 
442589.476: [GC 442589.476: [ParNew: 1683032K->10993K(1887488K), 0.0360885 secs] 1823722K->151736K(5033216K) icms_dc=0 , 0.0361792 secs] [Times: user=0.03 sys=0.00, real=0.03 secs] 
444303.724: [GC 444303.724: [ParNew: 1688817K->26338K(1887488K), 0.0809013 secs] 1829560K->167155K(5033216K) icms_dc=0 , 0.0810411 secs] [Times: user=0.08 sys=0.00, real=0.08 secs] 
446022.551: [GC 446022.551: [ParNew: 1704162K->20838K(1887488K), 0.0700775 secs] 1844979K->161781K(5033216K) icms_dc=0 , 0.0701770 secs] [Times: user=0.06 sys=0.00, real=0.06 secs] 
447166.290: [GC 447166.290: [ParNew: 1698662K->38320K(1887488K), 0.1234468 secs] 1839605K->179315K(5033216K) icms_dc=0 , 0.1235455 secs] [Times: user=0.14 sys=0.00, real=0.13 secs] 
448342.662: [GC 448342.662: [ParNew: 1716144K->44409K(1887488K), 0.1360096 secs] 1857139K->185462K(5033216K) icms_dc=0 , 0.1360968 secs] [Times: user=0.16 sys=0.00, real=0.14 secs] 
449231.225: [GC 449231.225: [ParNew: 1722233K->40114K(1887488K), 0.1398989 secs] 1863286K->181279K(5033216K) icms_dc=0 , 0.1400041 secs] [Times: user=0.16 sys=0.00, real=0.14 secs] 
450707.203: [GC 450707.203: [ParNew: 1717938K->31056K(1887488K), 0.0886626 secs] 1859103K->172348K(5033216K) icms_dc=0 , 0.0887505 secs] [Times: user=0.11 sys=0.00, real=0.09 secs] 
451957.229: [GC 451957.229: [ParNew: 1708880K->27457K(1887488K), 0.1020859 secs] 1850172K->168868K(5033216K) icms_dc=0 , 0.1021904 secs] [Times: user=0.09 sys=0.00, real=0.09 secs] 
453381.127: [GC 453381.127: [ParNew: 1705281K->31324K(1887488K), 0.0985910 secs] 1846692K->172986K(5033216K) icms_dc=0 , 0.0986832 secs] [Times: user=0.09 sys=0.00, real=0.09 secs] 
454728.929: [GC 454728.930: [ParNew: 1709148K->31231K(1887488K), 0.0938835 secs] 1850810K->172974K(5033216K) icms_dc=0 , 0.0939795 secs] [Times: user=0.11 sys=0.00, real=0.09 secs] 
455641.148: [GC 455641.148: [ParNew: 1709055K->29881K(1887488K), 0.0872757 secs] 1850798K->171729K(5033216K) icms_dc=0 , 0.0873648 secs] [Times: user=0.08 sys=0.00, real=0.08 secs] 
456664.537: [GC 456664.538: [ParNew: 1707705K->38911K(1887488K), 0.1248825 secs] 1849553K->180933K(5033216K) icms_dc=0 , 0.1249896 secs] [Times: user=0.13 sys=0.00, real=0.12 secs] 
457751.005: [GC 457751.005: [ParNew: 1716735K->40263K(1887488K), 0.1259964 secs] 1858757K->182403K(5033216K) icms_dc=0 , 0.1260935 secs] [Times: user=0.14 sys=0.00, real=0.13 secs] 
458573.372: [GC 458573.372: [ParNew: 1718087K->27588K(1887488K), 0.0774993 secs] 1860227K->169843K(5033216K) icms_dc=0 , 0.0775853 secs] [Times: user=0.08 sys=0.00, real=0.08 secs] 
459242.840: [GC 459242.840: [ParNew: 1705412K->37412K(1887488K), 0.1235681 secs] 1847667K->179751K(5033216K) icms_dc=0 , 0.1236768 secs] [Times: user=0.11 sys=0.00, real=0.11 secs] 
459888.527: [GC 459888.527: [ParNew: 1715236K->43456K(1887488K), 0.1242431 secs] 1857575K->185925K(5033216K) icms_dc=0 , 0.1243338 secs] [Times: user=0.13 sys=0.00, real=0.13 secs] 
460857.421: [GC 460857.421: [ParNew: 1721280K->41195K(1887488K), 0.1215761 secs] 1863749K->183869K(5033216K) icms_dc=0 , 0.1216947 secs] [Times: user=0.11 sys=0.00, real=0.11 secs] 
461742.178: [GC 461742.178: [ParNew: 1719019K->50368K(1887488K), 0.1760009 secs] 1861693K->193069K(5033216K) icms_dc=0 , 0.1761026 secs] [Times: user=0.17 sys=0.00, real=0.17 secs] 
462861.891: [GC 462861.891: [ParNew: 1728192K->44752K(1887488K), 0.1305518 secs] 1870893K->187546K(5033216K) icms_dc=0 , 0.1306405 secs] [Times: user=0.14 sys=0.00, real=0.14 secs] 
463651.949: [GC 463651.949: [ParNew: 1722576K->63986K(1887488K), 0.1954000 secs] 1865370K->206859K(5033216K) icms_dc=0 , 0.1954902 secs] [Times: user=0.19 sys=0.00, real=0.19 secs] 
464481.560: [GC 464481.560: [ParNew: 1741810K->62639K(1887488K), 0.1982475 secs] 1884683K->205567K(5033216K) icms_dc=0 , 0.1983455 secs] [Times: user=0.22 sys=0.00, real=0.20 secs] 
465213.653: [GC 465213.653: [ParNew: 1740463K->57298K(1887488K), 0.1552429 secs] 1883391K->200335K(5033216K) icms_dc=0 , 0.1553273 secs] [Times: user=0.16 sys=0.00, real=0.16 secs] 
465774.863: [GC 465774.863: [ParNew: 1735122K->68582K(1887488K), 0.2065752 secs] 1878159K->211822K(5033216K) icms_dc=0 , 0.2066681 secs] [Times: user=0.22 sys=0.00, real=0.20 secs] 
466077.626: [GC 466077.626: [ParNew: 1746406K->71234K(1887488K), 0.2156151 secs] 1889646K->214671K(5033216K) icms_dc=0 , 0.2157030 secs] [Times: user=0.20 sys=0.00, real=0.20 secs] 
466349.841: [GC 466349.841: [ParNew: 1749058K->51271K(1887488K), 0.1686332 secs] 1892495K->194934K(5033216K) icms_dc=0 , 0.1687200 secs] [Times: user=0.17 sys=0.00, real=0.17 secs] 
466855.712: [GC 466855.712: [ParNew: 1729095K->65489K(1887488K), 0.2053841 secs] 1872758K->209369K(5033216K) icms_dc=0 , 0.2054755 secs] [Times: user=0.23 sys=0.00, real=0.22 secs] 
467251.226: [GC 467251.226: [ParNew: 1743313K->59233K(1887488K), 0.2091739 secs] 1887193K->203273K(5033216K) icms_dc=0 , 0.2092787 secs] [Times: user=0.20 sys=0.00, real=0.20 secs] 
467559.493: [GC 467559.493: [ParNew: 1737057K->74713K(1887488K), 0.2231728 secs] 1881097K->218930K(5033216K) icms_dc=0 , 0.2232607 secs] [Times: user=0.22 sys=0.00, real=0.22 secs] 
467865.601: [GC 467865.601: [ParNew: 1752537K->61733K(1887488K), 0.1874283 secs] 1896754K->206159K(5033216K) icms_dc=0 , 0.1875174 secs] [Times: user=0.19 sys=0.00, real=0.19 secs] 
468148.336: [GC 468148.336: [ParNew: 1739557K->74728K(1887488K), 0.2455143 secs] 1883983K->219357K(5033216K) icms_dc=0 , 0.2456126 secs] [Times: user=0.23 sys=0.00, real=0.23 secs] 
468388.020: [GC 468388.020: [ParNew: 1752552K->70906K(1887488K), 0.2285051 secs] 1897181K->215722K(5033216K) icms_dc=0 , 0.2285953 secs] [Times: user=0.27 sys=0.00, real=0.23 secs] 
468669.800: [GC 468669.800: [ParNew: 1748730K->56774K(1887488K), 0.1738211 secs] 1893546K->201773K(5033216K) icms_dc=0 , 0.1739128 secs] [Times: user=0.17 sys=0.00, real=0.17 secs] 
468885.841: [GC 468885.841: [ParNew: 1734598K->58690K(1887488K), 0.1776454 secs] 1879597K->203877K(5033216K) icms_dc=0 , 0.1777341 secs] [Times: user=0.19 sys=0.00, real=0.17 secs] 
469148.771: [GC 469148.771: [ParNew: 1736514K->61076K(1887488K), 0.1896031 secs] 1881701K->206500K(5033216K) icms_dc=0 , 0.1896903 secs] [Times: user=0.19 sys=0.02, real=0.19 secs] 
469505.336: [GC 469505.336: [ParNew: 1738900K->65173K(1887488K), 0.1985636 secs] 1884324K->210793K(5033216K) icms_dc=0 , 0.1986572 secs] [Times: user=0.22 sys=0.00, real=0.20 secs] 
469874.281: [GC 469874.282: [ParNew: 1742997K->64217K(1887488K), 0.1948148 secs] 1888617K->210008K(5033216K) icms_dc=0 , 0.1949074 secs] [Times: user=0.19 sys=0.00, real=0.19 secs] 
470247.258: [GC 470247.258: [ParNew: 1742041K->70597K(1887488K), 0.2222305 secs] 1887832K->216549K(5033216K) icms_dc=0 , 0.2223196 secs] [Times: user=0.23 sys=0.00, real=0.22 secs] 
470436.106: [GC 470436.106: [ParNew: 1748421K->64337K(1887488K), 0.1856163 secs] 1894373K->210584K(5033216K) icms_dc=0 , 0.1857089 secs] [Times: user=0.23 sys=0.00, real=0.19 secs] 
470620.266: [GC 470620.266: [ParNew: 1742161K->72938K(1887488K), 0.2319474 secs] 1888408K->219385K(5033216K) icms_dc=0 , 0.2320430 secs] [Times: user=0.22 sys=0.00, real=0.22 secs] 
470820.716: [GC 470820.716: [ParNew: 1750762K->72978K(1887488K), 0.2172097 secs] 1897209K->219666K(5033216K) icms_dc=0 , 0.2172999 secs] [Times: user=0.23 sys=0.00, real=0.22 secs] 
471043.592: [GC 471043.592: [ParNew: 1750802K->66508K(1887488K), 0.1808182 secs] 1897490K->213517K(5033216K) icms_dc=0 , 0.1809038 secs] [Times: user=0.17 sys=0.00, real=0.17 secs] 
471242.908: [GC 471242.908: [ParNew: 1744332K->57054K(1887488K), 0.1889803 secs] 1891341K->204280K(5033216K) icms_dc=0 , 0.1890775 secs] [Times: user=0.19 sys=0.00, real=0.19 secs] 
471473.631: [GC 471473.631: [ParNew: 1734878K->65744K(1887488K), 0.1972170 secs] 1882104K->213333K(5033216K) icms_dc=0 , 0.1973041 secs] [Times: user=0.20 sys=0.00, real=0.20 secs] 
471773.929: [GC 471773.929: [ParNew: 1743568K->57642K(1887488K), 0.1665302 secs] 1891157K->205469K(5033216K) icms_dc=0 , 0.1666204 secs] [Times: user=0.16 sys=0.00, real=0.16 secs] 
472122.107: [GC 472122.107: [ParNew: 1735466K->75768K(1887488K), 0.2470986 secs] 1883293K->223816K(5033216K) icms_dc=0 , 0.2471988 secs] [Times: user=0.28 sys=0.02, real=0.25 secs] 
472334.136: [GC 472334.136: [ParNew: 1753592K->58597K(1887488K), 0.1949450 secs] 1901640K->206927K(5033216K) icms_dc=0 , 0.1950556 secs] [Times: user=0.22 sys=0.00, real=0.20 secs] 
472533.021: [GC 472533.021: [ParNew: 1736421K->63819K(1887488K), 0.1638915 secs] 1884751K->212443K(5033216K) icms_dc=0 , 0.1639748 secs] [Times: user=0.16 sys=0.00, real=0.16 secs] 
472702.061: [GC 472702.061: [ParNew: 1741643K->62225K(1887488K), 0.1840106 secs] 1890267K->211077K(5033216K) icms_dc=0 , 0.1840985 secs] [Times: user=0.19 sys=0.00, real=0.19 secs] 
472832.706: [GC 472832.706: [ParNew: 1740049K->70072K(1887488K), 0.2018838 secs] 1888901K->219216K(5033216K) icms_dc=0 , 0.2019702 secs] [Times: user=0.20 sys=0.00, real=0.20 secs] 
473003.526: [GC 473003.526: [ParNew: 1747896K->74436K(1887488K), 0.2224947 secs] 1897040K->223791K(5033216K) icms_dc=0 , 0.2225788 secs] [Times: user=0.30 sys=0.00, real=0.23 secs] 
473186.865: [GC 473186.866: [ParNew: 1752260K->64902K(1887488K), 0.1945556 secs] 1901615K->214406K(5033216K) icms_dc=0 , 0.1946478 secs] [Times: user=0.22 sys=0.00, real=0.20 secs] 
473357.861: [GC 473357.861: [ParNew: 1742726K->62769K(1887488K), 0.1819694 secs] 1892230K->212573K(5033216K) icms_dc=0 , 0.1820631 secs] [Times: user=0.19 sys=0.00, real=0.19 secs] 
473573.632: [GC 473573.632: [ParNew: 1740593K->47435K(1887488K), 0.1516170 secs] 1890397K->197380K(5033216K) icms_dc=0 , 0.1517172 secs] [Times: user=0.16 sys=0.00, real=0.16 secs] 
473730.734: [GC 473730.734: [ParNew: 1725259K->57675K(1887488K), 0.1943928 secs] 1875204K->207853K(5033216K) icms_dc=0 , 0.1945015 secs] [Times: user=0.19 sys=0.00, real=0.19 secs] 
473996.211: [GC 473996.211: [ParNew: 1735499K->66434K(1887488K), 0.2094066 secs] 1885677K->216830K(5033216K) icms_dc=0 , 0.2095041 secs] [Times: user=0.20 sys=0.00, real=0.20 secs] 
474381.359: [GC 474381.359: [ParNew: 1744258K->71680K(1887488K), 0.2204554 secs] 1894654K->222270K(5033216K) icms_dc=0 , 0.2205468 secs] [Times: user=0.22 sys=0.00, real=0.22 secs] 
474575.098: [GC 474575.098: [ParNew: 1749504K->66911K(1887488K), 0.2011400 secs] 1900094K->217617K(5033216K) icms_dc=0 , 0.2012279 secs] [Times: user=0.22 sys=0.00, real=0.20 secs] 
474877.164: [GC 474877.164: [ParNew: 1744735K->69069K(1887488K), 0.2059485 secs] 1895441K->219976K(5033216K) icms_dc=0 , 0.2060414 secs] [Times: user=0.22 sys=0.00, real=0.20 secs] 
475302.340: [GC 475302.340: [ParNew: 1746893K->64757K(1887488K), 0.2141291 secs] 1897800K->215783K(5033216K) icms_dc=0 , 0.2142262 secs] [Times: user=0.22 sys=0.00, real=0.22 secs] 
475482.140: [GC 475482.140: [ParNew: 1742581K->64634K(1887488K), 0.2159464 secs] 1893607K->215833K(5033216K) icms_dc=0 , 0.2160516 secs] [Times: user=0.22 sys=0.00, real=0.22 secs] 
475707.966: [GC 475707.966: [ParNew: 1742458K->73402K(1887488K), 0.2210107 secs] 1893657K->225259K(5033216K) icms_dc=0 , 0.2210959 secs] [Times: user=0.25 sys=0.00, real=0.23 secs] 
476008.599: [GC 476008.600: [ParNew: 1751226K->70993K(1887488K), 0.2175910 secs] 1903083K->223032K(5033216K) icms_dc=0 , 0.2176831 secs] [Times: user=0.23 sys=0.00, real=0.22 secs] 
476185.441: [GC 476185.442: [ParNew: 1748817K->62332K(1887488K), 0.1870332 secs] 1900856K->214564K(5033216K) icms_dc=0 , 0.1871208 secs] [Times: user=0.19 sys=0.00, real=0.19 secs] 
476412.438: [GC 476412.438: [ParNew: 1740156K->73925K(1887488K), 0.2466255 secs] 1892388K->226382K(5033216K) icms_dc=0 , 0.2467215 secs] [Times: user=0.27 sys=0.00, real=0.25 secs] 
476576.596: [GC 476576.596: [ParNew: 1751749K->65488K(1887488K), 0.2216093 secs] 1904206K->218212K(5033216K) icms_dc=0 , 0.2217026 secs] [Times: user=0.22 sys=0.00, real=0.22 secs] 
476807.641: [GC 476807.641: [ParNew: 1743312K->69193K(1887488K), 0.2344290 secs] 1896036K->222119K(5033216K) icms_dc=0 , 0.2345346 secs] [Times: user=0.23 sys=0.00, real=0.23 secs] 
477037.555: [GC 477037.555: [ParNew: 1747017K->73101K(1887488K), 0.2208659 secs] 1899943K->226217K(5033216K) icms_dc=0 , 0.2209542 secs] [Times: user=0.25 sys=0.00, real=0.22 secs] 
477271.405: [GC 477271.405: [ParNew: 1750925K->76553K(1887488K), 0.2676473 secs] 1904041K->229893K(5033216K) icms_dc=0 , 0.2677579 secs] [Times: user=0.28 sys=0.00, real=0.27 secs] 
477569.808: [GC 477569.808: [ParNew: 1754377K->74849K(1887488K), 0.2697630 secs] 1907717K->228343K(5033216K) icms_dc=0 , 0.2698640 secs] [Times: user=0.26 sys=0.00, real=0.27 secs] 
477772.268: [GC 477772.269: [ParNew: 1752673K->62918K(1887488K), 0.1850765 secs] 1906167K->216733K(5033216K) icms_dc=0 , 0.1851744 secs] [Times: user=0.19 sys=0.00, real=0.19 secs] 
477974.260: [GC 477974.260: [ParNew: 1740742K->73286K(1887488K), 0.2443520 secs] 1894557K->227422K(5033216K) icms_dc=0 , 0.2444400 secs] [Times: user=0.26 sys=0.00, real=0.25 secs] 
478167.905: [GC 478167.905: [ParNew: 1751110K->71347K(1887488K), 0.2117097 secs] 1905246K->225751K(5033216K) icms_dc=0 , 0.2117999 secs] [Times: user=0.20 sys=0.00, real=0.20 secs] 
478389.275: [GC 478389.275: [ParNew: 1749171K->65162K(1887488K), 0.2199236 secs] 1903575K->219806K(5033216K) icms_dc=0 , 0.2200250 secs] [Times: user=0.22 sys=0.00, real=0.22 secs] 
478607.363: [GC 478607.363: [ParNew: 1742986K->51966K(1887488K), 0.1530884 secs] 1897630K->206777K(5033216K) icms_dc=0 , 0.1531752 secs] [Times: user=0.16 sys=0.00, real=0.16 secs] 
478821.338: [GC 478821.338: [ParNew: 1729790K->80757K(1887488K), 0.2404236 secs] 1884601K->235749K(5033216K) icms_dc=0 , 0.2405111 secs] [Times: user=0.23 sys=0.00, real=0.23 secs] 
478946.432: [GC 478946.433: [ParNew: 1758581K->59505K(1887488K), 0.1918805 secs] 1913573K->214717K(5033216K) icms_dc=0 , 0.1919834 secs] [Times: user=0.19 sys=0.00, real=0.19 secs] 
479118.235: [GC 479118.235: [ParNew: 1737329K->69565K(1887488K), 0.2093014 secs] 1892541K->224975K(5033216K) icms_dc=0 , 0.2093901 secs] [Times: user=0.23 sys=0.00, real=0.22 secs] 
479297.979: [GC 479297.979: [ParNew: 1747389K->42374K(1887488K), 0.1281005 secs] 1902799K->198008K(5033216K) icms_dc=0 , 0.1281942 secs] [Times: user=0.13 sys=0.00, real=0.13 secs] 
479577.728: [GC 479577.728: [ParNew: 1720198K->66124K(1887488K), 0.2217821 secs] 1875832K->222166K(5033216K) icms_dc=0 , 0.2218800 secs] [Times: user=0.22 sys=0.00, real=0.22 secs] 
479779.456: [GC 479779.456: [ParNew: 1743948K->38030K(1887488K), 0.1155143 secs] 1899990K->194287K(5033216K) icms_dc=0 , 0.1156106 secs] [Times: user=0.11 sys=0.00, real=0.11 secs] 
479824.679: [GC 479824.679: [ParNew: 1715854K->23033K(1887488K), 0.0526846 secs] 1872111K->179525K(5033216K) icms_dc=0 , 0.0527741 secs] [Times: user=0.05 sys=0.00, real=0.05 secs] 
480016.562: [GC 480016.562: [ParNew: 1700857K->40737K(1887488K), 0.1245407 secs] 1857349K->197384K(5033216K) icms_dc=0 , 0.1246363 secs] [Times: user=0.14 sys=0.00, real=0.12 secs] 
480226.506: [GC 480226.506: [ParNew: 1718561K->54649K(1887488K), 0.1757298 secs] 1875208K->211537K(5033216K) icms_dc=0 , 0.1758246 secs] [Times: user=0.17 sys=0.00, real=0.19 secs] 
480511.582: [GC 480511.582: [ParNew: 1732473K->67506K(1887488K), 0.2023096 secs] 1889361K->224711K(5033216K) icms_dc=0 , 0.2023968 secs] [Times: user=0.23 sys=0.00, real=0.20 secs] 
480785.827: [GC 480785.827: [ParNew: 1745330K->75114K(1887488K), 0.2624840 secs] 1902535K->232350K(5033216K) icms_dc=0 , 0.2625931 secs] [Times: user=0.25 sys=0.00, real=0.25 secs] 
481015.666: [GC 481015.666: [ParNew: 1752938K->68211K(1887488K), 0.1901495 secs] 1910174K->225635K(5033216K) icms_dc=0 , 0.1902355 secs] [Times: user=0.25 sys=0.00, real=0.19 secs] 
481258.930: [GC 481258.930: [ParNew: 1746035K->59765K(1887488K), 0.1911168 secs] 1903459K->217352K(5033216K) icms_dc=0 , 0.1912135 secs] [Times: user=0.19 sys=0.00, real=0.19 secs] 
481615.308: [GC 481615.308: [ParNew: 1737589K->67074K(1887488K), 0.2190593 secs] 1895176K->224939K(5033216K) icms_dc=0 , 0.2191549 secs] [Times: user=0.23 sys=0.00, real=0.22 secs] 
481860.447: [GC 481860.447: [ParNew: 1744898K->68211K(1887488K), 0.2120483 secs] 1902763K->226390K(5033216K) icms_dc=0 , 0.2121428 secs] [Times: user=0.20 sys=0.00, real=0.20 secs] 
482189.721: [GC 482189.721: [ParNew: 1746035K->62354K(1887488K), 0.2077924 secs] 1904214K->220792K(5033216K) icms_dc=0 , 0.2078926 secs] [Times: user=0.20 sys=0.00, real=0.20 secs] 
482372.387: [GC 482372.387: [ParNew: 1740178K->72100K(1887488K), 0.1681720 secs] 1898616K->230732K(5033216K) icms_dc=0 , 0.1682557 secs] [Times: user=0.23 sys=0.00, real=0.17 secs] 
482491.850: [GC 482491.850: [ParNew: 1749924K->42428K(1887488K), 0.1119253 secs] 1908556K->201266K(5033216K) icms_dc=0 , 0.1120147 secs] [Times: user=0.19 sys=0.00, real=0.12 secs] 
482769.930: [GC 482769.930: [ParNew: 1720252K->62706K(1887488K), 0.2056064 secs] 1879090K->221784K(5033216K) icms_dc=0 , 0.2057028 secs] [Times: user=0.20 sys=0.00, real=0.20 secs] 
482988.100: [GC 482988.100: [ParNew: 1740530K->68399K(1887488K), 0.2111318 secs] 1899608K->227693K(5033216K) icms_dc=0 , 0.2112255 secs] [Times: user=0.23 sys=0.00, real=0.22 secs] 
483217.994: [GC 483217.995: [ParNew: 1746223K->76160K(1887488K), 0.2550879 secs] 1905517K->235629K(5033216K) icms_dc=0 , 0.2551805 secs] [Times: user=0.25 sys=0.00, real=0.25 secs] 
483451.824: [GC 483451.824: [ParNew: 1753984K->68758K(1887488K), 0.2075704 secs] 1913453K->228321K(5033216K) icms_dc=0 , 0.2076587 secs] [Times: user=0.22 sys=0.00, real=0.20 secs] 
483693.601: [GC 483693.601: [ParNew: 1746582K->67316K(1887488K), 0.2281802 secs] 1906145K->227072K(5033216K) icms_dc=0 , 0.2282920 secs] [Times: user=0.27 sys=0.00, real=0.23 secs] 
483912.518: [GC 483912.518: [ParNew: 1745140K->73830K(1887488K), 0.2254060 secs] 1904896K->233822K(5033216K) icms_dc=0 , 0.2254932 secs] [Times: user=0.22 sys=0.00, real=0.22 secs] 
484173.171: [GC 484173.171: [ParNew: 1751654K->61528K(1887488K), 0.2063621 secs] 1911646K->221763K(5033216K) icms_dc=0 , 0.2064680 secs] [Times: user=0.20 sys=0.00, real=0.20 secs] 
484293.967: [GC 484293.967: [ParNew: 1739352K->53225K(1887488K), 0.1418337 secs] 1899587K->213689K(5033216K) icms_dc=0 , 0.1419267 secs] [Times: user=0.20 sys=0.00, real=0.14 secs] 
484580.982: [GC 484580.982: [ParNew: 1731049K->62294K(1887488K), 0.1808900 secs] 1891513K->222986K(5033216K) icms_dc=0 , 0.1809768 secs] [Times: user=0.23 sys=0.00, real=0.19 secs] 
484716.115: [GC 484716.115: [ParNew: 1740118K->59778K(1887488K), 0.1876668 secs] 1900810K->220669K(5033216K) icms_dc=0 , 0.1877570 secs] [Times: user=0.19 sys=0.00, real=0.19 secs] 
484895.767: [GC 484895.767: [ParNew: 1737602K->53104K(1887488K), 0.1547917 secs] 1898493K->214331K(5033216K) icms_dc=0 , 0.1548808 secs] [Times: user=0.20 sys=0.00, real=0.16 secs] 
485018.963: [GC 485018.963: [ParNew: 1730928K->53194K(1887488K), 0.1793641 secs] 1892155K->214605K(5033216K) icms_dc=0 , 0.1794662 secs] [Times: user=0.17 sys=0.00, real=0.17 secs] 
485189.787: [GC 485189.787: [ParNew: 1731018K->64898K(1887488K), 0.2164963 secs] 1892429K->226544K(5033216K) icms_dc=0 , 0.2166030 secs] [Times: user=0.20 sys=0.00, real=0.20 secs] 
485414.435: [GC 485414.435: [ParNew: 1742722K->67875K(1887488K), 0.2026329 secs] 1904368K->229895K(5033216K) icms_dc=0 , 0.2027201 secs] [Times: user=0.22 sys=0.00, real=0.20 secs] 
485638.588: [GC 485638.588: [ParNew: 1745699K->62207K(1887488K), 0.1851076 secs] 1907719K->224397K(5033216K) icms_dc=0 , 0.1851959 secs] [Times: user=0.19 sys=0.00, real=0.19 secs] 
485823.602: [GC 485823.602: [ParNew: 1740031K->64785K(1887488K), 0.1583531 secs] 1902221K->227160K(5033216K) icms_dc=0 , 0.1584391 secs] [Times: user=0.16 sys=0.00, real=0.16 secs] 
485985.638: [GC 485985.638: [ParNew: 1742609K->42916K(1887488K), 0.1290758 secs] 1904984K->205541K(5033216K) icms_dc=0 , 0.1291718 secs] [Times: user=0.14 sys=0.00, real=0.13 secs] 
486251.440: [GC 486251.440: [ParNew: 1720740K->59414K(1887488K), 0.1942181 secs] 1883365K->222235K(5033216K) icms_dc=0 , 0.1943022 secs] [Times: user=0.22 sys=0.00, real=0.20 secs] 
486416.337: [GC 486416.337: [ParNew: 1737238K->60829K(1887488K), 0.1804646 secs] 1900059K->223937K(5033216K) icms_dc=0 , 0.1805548 secs] [Times: user=0.20 sys=0.00, real=0.19 secs] 
486682.552: [GC 486682.552: [ParNew: 1738653K->70250K(1887488K), 0.2125145 secs] 1901761K->233573K(5033216K) icms_dc=0 , 0.2126051 secs] [Times: user=0.20 sys=0.00, real=0.20 secs] 
486875.695: [GC 486875.695: [ParNew: 1748074K->71728K(1887488K), 0.2056172 secs] 1911397K->235216K(5033216K) icms_dc=0 , 0.2057020 secs] [Times: user=0.20 sys=0.00, real=0.20 secs] 
487117.692: [GC 487117.692: [ParNew: 1749552K->65126K(1887488K), 0.1941694 secs] 1913040K->228810K(5033216K) icms_dc=0 , 0.1942584 secs] [Times: user=0.19 sys=0.00, real=0.19 secs] 
487372.475: [GC 487372.475: [ParNew: 1742950K->65415K(1887488K), 0.2026133 secs] 1906634K->229331K(5033216K) icms_dc=0 , 0.2027013 secs] [Times: user=0.20 sys=0.00, real=0.20 secs] 
487537.797: [GC 487537.797: [ParNew: 1743239K->56815K(1887488K), 0.1431719 secs] 1907155K->220995K(5033216K) icms_dc=0 , 0.1432544 secs] [Times: user=0.14 sys=0.00, real=0.14 secs] 
487702.910: [GC 487702.910: [ParNew: 1734639K->65277K(1887488K), 0.1936998 secs] 1898819K->229664K(5033216K) icms_dc=0 , 0.1937923 secs] [Times: user=0.20 sys=0.00, real=0.20 secs] 
487921.639: [GC 487921.639: [ParNew: 1743101K->56968K(1887488K), 0.1848952 secs] 1907488K->221681K(5033216K) icms_dc=0 , 0.1849909 secs] [Times: user=0.19 sys=0.00, real=0.19 secs] 
488147.708: [GC 488147.708: [ParNew: 1734792K->66739K(1887488K), 0.2256064 secs] 1899505K->231745K(5033216K) icms_dc=0 , 0.2257105 secs] [Times: user=0.22 sys=0.00, real=0.22 secs] 
488372.102: [GC 488372.102: [ParNew: 1744563K->59084K(1887488K), 0.1718002 secs] 1909569K->224303K(5033216K) icms_dc=0 , 0.1718885 secs] [Times: user=0.23 sys=0.00, real=0.17 secs] 
488612.306: [GC 488612.307: [ParNew: 1736908K->70257K(1887488K), 0.2162636 secs] 1902127K->235666K(5033216K) icms_dc=0 , 0.2163542 secs] [Times: user=0.22 sys=0.00, real=0.22 secs] 
488864.894: [GC 488864.894: [ParNew: 1748081K->76329K(1887488K), 0.2610599 secs] 1913490K->241908K(5033216K) icms_dc=0 , 0.2611697 secs] [Times: user=0.25 sys=0.00, real=0.25 secs] 
489083.096: [GC 489083.096: [ParNew: 1754153K->65684K(1887488K), 0.2174601 secs] 1919732K->231526K(5033216K) icms_dc=0 , 0.2175614 secs] [Times: user=0.23 sys=0.00, real=0.22 secs] 
489293.631: [GC 489293.631: [ParNew: 1743508K->58621K(1887488K), 0.1650684 secs] 1909350K->224767K(5033216K) icms_dc=0 , 0.1651552 secs] [Times: user=0.16 sys=0.00, real=0.16 secs] 
489458.299: [GC 489458.299: [ParNew: 1736445K->62520K(1887488K), 0.1899026 secs] 1902591K->228883K(5033216K) icms_dc=0 , 0.1899906 secs] [Times: user=0.19 sys=0.00, real=0.19 secs] 
489741.197: [GC 489741.197: [ParNew: 1740344K->64977K(1887488K), 0.1746393 secs] 1906707K->231603K(5033216K) icms_dc=0 , 0.1747234 secs] [Times: user=0.17 sys=0.00, real=0.17 secs] 
489978.590: [GC 489978.590: [ParNew: 1742801K->61282K(1887488K), 0.1792424 secs] 1909427K->228153K(5033216K) icms_dc=0 , 0.1793288 secs] [Times: user=0.17 sys=0.00, real=0.17 secs] 
490256.357: [GC 490256.357: [ParNew: 1739106K->69011K(1887488K), 0.2068443 secs] 1905977K->236103K(5033216K) icms_dc=0 , 0.2069361 secs] [Times: user=0.20 sys=0.00, real=0.20 secs] 
490511.486: [GC 490511.486: [ParNew: 1746835K->60564K(1887488K), 0.1814629 secs] 1913927K->227821K(5033216K) icms_dc=0 , 0.1815570 secs] [Times: user=0.17 sys=0.00, real=0.17 secs] 
490708.026: [GC 490708.026: [ParNew: 1738388K->57760K(1887488K), 0.1752721 secs] 1905645K->225236K(5033216K) icms_dc=0 , 0.1753577 secs] [Times: user=0.17 sys=0.00, real=0.17 secs] 
491003.454: [GC 491003.454: [ParNew: 1735584K->67162K(1887488K), 0.2023292 secs] 1903060K->234910K(5033216K) icms_dc=0 , 0.2024183 secs] [Times: user=0.22 sys=0.00, real=0.20 secs] 
491356.623: [GC 491356.623: [ParNew: 1744986K->67097K(1887488K), 0.1989982 secs] 1912734K->235154K(5033216K) icms_dc=0 , 0.1990827 secs] [Times: user=0.20 sys=0.00, real=0.20 secs] 
491589.855: [GC 491589.855: [ParNew: 1744921K->65198K(1887488K), 0.2199528 secs] 1912978K->233586K(5033216K) icms_dc=0 , 0.2200419 secs] [Times: user=0.33 sys=0.00, real=0.22 secs] 
491872.010: [GC 491872.010: [ParNew: 1743022K->64281K(1887488K), 0.1942677 secs] 1911410K->232862K(5033216K) icms_dc=0 , 0.1943556 secs] [Times: user=0.19 sys=0.00, real=0.19 secs] 
492018.976: [GC 492018.976: [ParNew: 1742105K->66875K(1887488K), 0.1717084 secs] 1910686K->235644K(5033216K) icms_dc=0 , 0.1717921 secs] [Times: user=0.17 sys=0.00, real=0.17 secs] 
492229.174: [GC 492229.174: [ParNew: 1744699K->61093K(1887488K), 0.1784656 secs] 1913468K->230240K(5033216K) icms_dc=0 , 0.1785505 secs] [Times: user=0.23 sys=0.00, real=0.19 secs] 
492569.570: [GC 492569.570: [ParNew: 1738917K->67491K(1887488K), 0.2284705 secs] 1908064K->236882K(5033216K) icms_dc=0 , 0.2285669 secs] [Times: user=0.25 sys=0.00, real=0.23 secs] 
492860.985: [GC 492860.985: [ParNew: 1745315K->63934K(1887488K), 0.2205161 secs] 1914706K->233566K(5033216K) icms_dc=0 , 0.2206194 secs] [Times: user=0.25 sys=0.00, real=0.23 secs] 
493187.950: [GC 493187.950: [ParNew: 1741758K->69995K(1887488K), 0.2077697 secs] 1911390K->239783K(5033216K) icms_dc=0 , 0.2078615 secs] [Times: user=0.23 sys=0.00, real=0.22 secs] 
493355.496: [GC 493355.496: [ParNew: 1747819K->65291K(1887488K), 0.2166153 secs] 1917607K->235235K(5033216K) icms_dc=0 , 0.2167125 secs] [Times: user=0.22 sys=0.00, real=0.22 secs] 
493581.230: [GC 493581.230: [ParNew: 1743115K->60922K(1887488K), 0.1903976 secs] 1913059K->231099K(5033216K) icms_dc=0 , 0.1904978 secs] [Times: user=0.27 sys=0.00, real=0.20 secs] 
493880.637: [GC 493880.637: [ParNew: 1738746K->57614K(1887488K), 0.1723719 secs] 1908923K->228045K(5033216K) icms_dc=0 , 0.1724672 secs] [Times: user=0.17 sys=0.00, real=0.17 secs] 
493974.119: [GC 493974.119: [ParNew: 1735438K->43547K(1887488K), 0.1264667 secs] 1905869K->214228K(5033216K) icms_dc=0 , 0.1265558 secs] [Times: user=0.16 sys=0.00, real=0.12 secs] 
494196.672: [GC 494196.672: [ParNew: 1721371K->76480K(1887488K), 0.2301723 secs] 1892052K->247333K(5033216K) icms_dc=0 , 0.2302571 secs] [Times: user=0.23 sys=0.00, real=0.23 secs] 
494340.426: [GC 494340.426: [ParNew: 1754304K->51012K(1887488K), 0.1542806 secs] 1925157K->222095K(5033216K) icms_dc=0 , 0.1543693 secs] [Times: user=0.19 sys=0.00, real=0.16 secs] 
494621.313: [GC 494621.313: [ParNew: 1728836K->44156K(1887488K), 0.1355757 secs] 1899919K->215525K(5033216K) icms_dc=0 , 0.1356802 secs] [Times: user=0.16 sys=0.00, real=0.14 secs] 
494944.053: [GC 494944.053: [ParNew: 1721980K->74874K(1887488K), 0.2246573 secs] 1893349K->246372K(5033216K) icms_dc=0 , 0.2247436 secs] [Times: user=0.22 sys=0.00, real=0.22 secs] 
495169.839: [GC 495169.840: [ParNew: 1752698K->64095K(1887488K), 0.1806877 secs] 1924196K->235864K(5033216K) icms_dc=0 , 0.1807721 secs] [Times: user=0.17 sys=0.01, real=0.19 secs] 
495321.192: [GC 495321.192: [ParNew: 1741919K->55166K(1887488K), 0.1642213 secs] 1913688K->227143K(5033216K) icms_dc=0 , 0.1643047 secs] [Times: user=0.16 sys=0.00, real=0.16 secs] 
495688.169: [GC 495688.169: [ParNew: 1732990K->64760K(1887488K), 0.2035345 secs] 1904967K->236895K(5033216K) icms_dc=0 , 0.2036174 secs] [Times: user=0.20 sys=0.00, real=0.20 secs] 
495979.227: [GC 495979.227: [ParNew: 1742584K->67873K(1887488K), 0.1937808 secs] 1914719K->240286K(5033216K) icms_dc=0 , 0.1938645 secs] [Times: user=0.19 sys=0.00, real=0.19 secs] 
496248.837: [GC 496248.837: [ParNew: 1745697K->65557K(1887488K), 0.2023300 secs] 1918110K->238159K(5033216K) icms_dc=0 , 0.2024240 secs] [Times: user=0.22 sys=0.00, real=0.20 secs] 
496589.052: [GC 496589.052: [ParNew: 1743381K->65323K(1887488K), 0.1945384 secs] 1915983K->238123K(5033216K) icms_dc=0 , 0.1946317 secs] [Times: user=0.19 sys=0.00, real=0.20 secs] 
496904.864: [GC 496904.864: [ParNew: 1743147K->65985K(1887488K), 0.2153056 secs] 1915947K->239042K(5033216K) icms_dc=0 , 0.2156312 secs] [Times: user=0.20 sys=0.02, real=0.22 secs] 
497247.019: [GC 497247.019: [ParNew: 1743809K->65692K(1887488K), 0.2179784 secs] 1916866K->238945K(5033216K) icms_dc=0 , 0.2180756 secs] [Times: user=0.23 sys=0.00, real=0.22 secs] 
497515.635: [GC 497515.635: [ParNew: 1743516K->76359K(1887488K), 0.2205825 secs] 1916769K->249759K(5033216K) icms_dc=0 , 0.2206643 secs] [Times: user=0.22 sys=0.00, real=0.22 secs] 
497712.670: [GC 497712.670: [ParNew: 1754183K->51610K(1887488K), 0.1562358 secs] 1927583K->225229K(5033216K) icms_dc=0 , 0.1563199 secs] [Times: user=0.16 sys=0.00, real=0.16 secs] 
497985.738: [GC 497985.738: [ParNew: 1729434K->66590K(1887488K), 0.2016004 secs] 1903053K->240395K(5033216K) icms_dc=0 , 0.2016945 secs] [Times: user=0.19 sys=0.01, real=0.20 secs] 
498466.899: [GC 498466.899: [ParNew: 1744414K->67973K(1887488K), 0.1991364 secs] 1918219K->241962K(5033216K) icms_dc=0 , 0.1992251 secs] [Times: user=0.20 sys=0.00, real=0.20 secs] 
498876.809: [GC 498876.809: [ParNew: 1745797K->64777K(1887488K), 0.2153762 secs] 1919786K->238992K(5033216K) icms_dc=0 , 0.2154764 secs] [Times: user=0.26 sys=0.00, real=0.22 secs] 
499323.114: [GC 499323.114: [ParNew: 1742601K->61488K(1887488K), 0.1862568 secs] 1916816K->235837K(5033216K) icms_dc=0 , 0.1863444 secs] [Times: user=0.23 sys=0.00, real=0.19 secs] 
499775.597: [GC 499775.597: [ParNew: 1739312K->57563K(1887488K), 0.1722974 secs] 1913661K->232113K(5033216K) icms_dc=0 , 0.1723842 secs] [Times: user=0.17 sys=0.00, real=0.17 secs] 
500217.780: [GC 500217.780: [ParNew: 1735387K->63244K(1887488K), 0.1924687 secs] 1909937K->238034K(5033216K) icms_dc=0 , 0.1925571 secs] [Times: user=0.19 sys=0.00, real=0.19 secs] 
500569.431: [GC 500569.431: [ParNew: 1741068K->52833K(1887488K), 0.1589978 secs] 1915858K->227833K(5033216K) icms_dc=0 , 0.1590872 secs] [Times: user=0.17 sys=0.00, real=0.16 secs] 
501070.823: [GC 501070.823: [ParNew: 1730657K->45566K(1887488K), 0.1332853 secs] 1905657K->220756K(5033216K) icms_dc=0 , 0.1333706 secs] [Times: user=0.13 sys=0.00, real=0.13 secs] 
501650.488: [GC 501650.488: [ParNew: 1723390K->64992K(1887488K), 0.1963019 secs] 1898580K->240318K(5033216K) icms_dc=0 , 0.1963964 secs] [Times: user=0.19 sys=0.00, real=0.19 secs] 
502406.057: [GC 502406.057: [ParNew: 1742816K->50952K(1887488K), 0.1724418 secs] 1918142K->226429K(5033216K) icms_dc=0 , 0.1725466 secs] [Times: user=0.17 sys=0.00, real=0.17 secs] 
503164.102: [GC 503164.102: [ParNew: 1728776K->52770K(1887488K), 0.1587850 secs] 1904253K->228437K(5033216K) icms_dc=0 , 0.1588741 secs] [Times: user=0.17 sys=0.00, real=0.16 secs] 
503751.625: [GC 503751.625: [ParNew: 1730594K->55095K(1887488K), 0.1677351 secs] 1906261K->230890K(5033216K) icms_dc=0 , 0.1678226 secs] [Times: user=0.19 sys=0.00, real=0.17 secs] 
504459.658: [GC 504459.658: [ParNew: 1732919K->50337K(1887488K), 0.1499218 secs] 1908714K->226317K(5033216K) icms_dc=0 , 0.1500151 secs] [Times: user=0.17 sys=0.00, real=0.16 secs] 
505586.773: [GC 505586.773: [ParNew: 1728161K->46878K(1887488K), 0.1431600 secs] 1904141K->223206K(5033216K) icms_dc=0 , 0.1432472 secs] [Times: user=0.14 sys=0.00, real=0.14 secs] 
506785.691: [GC 506785.691: [ParNew: 1724702K->32417K(1887488K), 0.1061369 secs] 1901030K->208902K(5033216K) icms_dc=0 , 0.1062409 secs] [Times: user=0.11 sys=0.00, real=0.11 secs] 
508085.542: [GC 508085.542: [ParNew: 1710241K->34754K(1887488K), 0.1154951 secs] 1886726K->211404K(5033216K) icms_dc=0 , 0.1156033 secs] [Times: user=0.13 sys=0.00, real=0.11 secs] 
509069.192: [GC 509069.192: [ParNew: 1712578K->42199K(1887488K), 0.1374672 secs] 1889228K->219063K(5033216K) icms_dc=0 , 0.1375597 secs] [Times: user=0.13 sys=0.00, real=0.12 secs] 
510571.606: [GC 510571.606: [ParNew: 1720023K->31925K(1887488K), 0.1015322 secs] 1896887K->209097K(5033216K) icms_dc=0 , 0.1016202 secs] [Times: user=0.13 sys=0.00, real=0.11 secs] 
512224.817: [GC 512224.817: [ParNew: 1709749K->20814K(1887488K), 0.0666594 secs] 1886921K->198149K(5033216K) icms_dc=0 , 0.0667523 secs] [Times: user=0.06 sys=0.00, real=0.06 secs] 
513345.412: [GC 513345.412: [ParNew: 1698638K->35547K(1887488K), 0.1069912 secs] 1875973K->213046K(5033216K) icms_dc=0 , 0.1070791 secs] [Times: user=0.11 sys=0.00, real=0.11 secs] 
514879.347: [GC 514879.347: [ParNew: 1713371K->29992K(1887488K), 0.0931908 secs] 1890870K->207622K(5033216K) icms_dc=0 , 0.0932795 secs] [Times: user=0.11 sys=0.00, real=0.09 secs] 
516676.638: [GC 516676.638: [ParNew: 1707816K->23943K(1887488K), 0.0695277 secs] 1885446K->201759K(5033216K) icms_dc=0 , 0.0696190 secs] [Times: user=0.06 sys=0.00, real=0.06 secs] 
518227.356: [GC 518227.356: [ParNew: 1701767K->25429K(1887488K), 0.0840472 secs] 1879583K->203412K(5033216K) icms_dc=0 , 0.0841344 secs] [Times: user=0.08 sys=0.00, real=0.08 secs] 
519891.561: [GC 519891.561: [ParNew: 1703253K->14016K(1887488K), 0.0479698 secs] 1881236K->192130K(5033216K) icms_dc=0 , 0.0480608 secs] [Times: user=0.11 sys=0.00, real=0.05 secs] 
521275.158: [GC 521275.158: [ParNew: 1691840K->13336K(1887488K), 0.0477763 secs] 1869954K->191650K(5033216K) icms_dc=0 , 0.0478742 secs] [Times: user=0.05 sys=0.00, real=0.05 secs] 
522835.973: [GC 522835.973: [ParNew: 1691160K->17650K(1887488K), 0.0686023 secs] 1869474K->196122K(5033216K) icms_dc=0 , 0.0686990 secs] [Times: user=0.11 sys=0.00, real=0.08 secs] 
524752.073: [GC 524752.073: [ParNew: 1695474K->10509K(1887488K), 0.0364660 secs] 1873946K->189203K(5033216K) icms_dc=0 , 0.0365631 secs] [Times: user=0.03 sys=0.00, real=0.03 secs] 
526350.112: [GC 526350.112: [ParNew: 1688333K->20575K(1887488K), 0.0704192 secs] 1867027K->199395K(5033216K) icms_dc=0 , 0.0705218 secs] [Times: user=0.06 sys=0.00, real=0.06 secs] 
527941.482: [GC 527941.482: [ParNew: 1698399K->19027K(1887488K), 0.0621189 secs] 1877219K->197963K(5033216K) icms_dc=0 , 0.0622114 secs] [Times: user=0.06 sys=0.00, real=0.06 secs] 
529702.036: [GC 529702.036: [ParNew: 1696851K->24138K(1887488K), 0.0746034 secs] 1875787K->203210K(5033216K) icms_dc=0 , 0.0746952 secs] [Times: user=0.11 sys=0.00, real=0.08 secs] 
531207.503: [GC 531207.503: [ParNew: 1701962K->26219K(1887488K), 0.0821677 secs] 1881034K->205418K(5033216K) icms_dc=0 , 0.0822564 secs] [Times: user=0.08 sys=0.00, real=0.08 secs] 
532439.873: [GC 532439.873: [ParNew: 1704043K->16361K(1887488K), 0.0595800 secs] 1883242K->195734K(5033216K) icms_dc=0 , 0.0596687 secs] [Times: user=0.08 sys=0.00, real=0.06 secs] 
534111.272: [GC 534111.272: [ParNew: 1694185K->26143K(1887488K), 0.0896437 secs] 1873558K->205703K(5033216K) icms_dc=0 , 0.0897443 secs] [Times: user=0.13 sys=0.00, real=0.09 secs] 
535017.033: [GC 535017.033: [ParNew: 1703967K->42511K(1887488K), 0.1432533 secs] 1883527K->222296K(5033216K) icms_dc=0 , 0.1433577 secs] [Times: user=0.14 sys=0.00, real=0.14 secs] 
535969.790: [GC 535969.790: [ParNew: 1720335K->30017K(1887488K), 0.0942559 secs] 1900120K->209921K(5033216K) icms_dc=0 , 0.0943462 secs] [Times: user=0.09 sys=0.00, real=0.09 secs] 
537164.748: [GC 537164.748: [ParNew: 1707841K->35369K(1887488K), 0.1141112 secs] 1887745K->215386K(5033216K) icms_dc=0 , 0.1142099 secs] [Times: user=0.12 sys=0.00, real=0.11 secs] 
538331.429: [GC 538331.429: [ParNew: 1713193K->38356K(1887488K), 0.1245776 secs] 1893210K->218565K(5033216K) icms_dc=0 , 0.1246624 secs] [Times: user=0.13 sys=0.00, real=0.12 secs] 
539722.142: [GC 539722.142: [ParNew: 1716180K->31594K(1887488K), 0.0979225 secs] 1896389K->211991K(5033216K) icms_dc=0 , 0.0980097 secs] [Times: user=0.09 sys=0.00, real=0.09 secs] 
540822.005: [GC 540822.005: [ParNew: 1709418K->40032K(1887488K), 0.1173381 secs] 1889815K->220569K(5033216K) icms_dc=0 , 0.1174284 secs] [Times: user=0.13 sys=0.00, real=0.13 secs] 
541881.263: [GC 541881.263: [ParNew: 1717856K->38310K(1887488K), 0.1190764 secs] 1898393K->219035K(5033216K) icms_dc=0 , 0.1191670 secs] [Times: user=0.16 sys=0.00, real=0.13 secs] 
542746.107: [GC 542746.107: [ParNew: 1716134K->42271K(1887488K), 0.1464349 secs] 1896859K->223154K(5033216K) icms_dc=0 , 0.1465324 secs] [Times: user=0.14 sys=0.00, real=0.14 secs] 
544324.777: [GC 544324.777: [ParNew: 1720095K->28912K(1887488K), 0.0963617 secs] 1900978K->209980K(5033216K) icms_dc=0 , 0.0964646 secs] [Times: user=0.09 sys=0.00, real=0.09 secs] 
545585.396: [GC 545585.396: [ParNew: 1706736K->32080K(1887488K), 0.1000152 secs] 1887804K->213291K(5033216K) icms_dc=0 , 0.1001092 secs] [Times: user=0.13 sys=0.00, real=0.11 secs] 
546213.583: [GC 546213.583: [ParNew: 1709904K->43050K(1887488K), 0.1410631 secs] 1891115K->224439K(5033216K) icms_dc=0 , 0.1411533 secs] [Times: user=0.14 sys=0.00, real=0.14 secs] 
546784.520: [GC 546784.520: [ParNew: 1720874K->54351K(1887488K), 0.1902225 secs] 1902263K->235910K(5033216K) icms_dc=0 , 0.1903266 secs] [Times: user=0.19 sys=0.00, real=0.19 secs] 
547867.962: [GC 547867.962: [ParNew: 1732175K->42978K(1887488K), 0.1519933 secs] 1913734K->224939K(5033216K) icms_dc=0 , 0.1520943 secs] [Times: user=0.16 sys=0.00, real=0.16 secs] 
548555.562: [GC 548555.562: [ParNew: 1720802K->57587K(1887488K), 0.1703192 secs] 1902763K->239718K(5033216K) icms_dc=0 , 0.1704083 secs] [Times: user=0.20 sys=0.00, real=0.17 secs] 
549590.821: [GC 549590.821: [ParNew: 1735411K->45716K(1887488K), 0.1276448 secs] 1917542K->228000K(5033216K) icms_dc=0 , 0.1277327 secs] [Times: user=0.19 sys=0.00, real=0.13 secs] 
550571.612: [GC 550571.612: [ParNew: 1723540K->55360K(1887488K), 0.1633155 secs] 1905824K->237766K(5033216K) icms_dc=0 , 0.1634085 secs] [Times: user=0.16 sys=0.00, real=0.17 secs] 
551131.255: [GC 551131.256: [ParNew: 1733184K->70258K(1887488K), 0.2169693 secs] 1915590K->252824K(5033216K) icms_dc=0 , 0.2170546 secs] [Times: user=0.23 sys=0.00, real=0.22 secs] 
551774.140: [GC 551774.140: [ParNew: 1748082K->67705K(1887488K), 0.2047701 secs] 1930648K->250374K(5033216K) icms_dc=0 , 0.2048561 secs] [Times: user=0.20 sys=0.00, real=0.20 secs] 
552073.829: [GC 552073.830: [ParNew: 1745529K->75386K(1887488K), 0.1956772 secs] 1928198K->258229K(5033216K) icms_dc=0 , 0.1957582 secs] [Times: user=0.22 sys=0.00, real=0.20 secs] 
552583.240: [GC 552583.240: [ParNew: 1753210K->61002K(1887488K), 0.2086966 secs] 1936053K->244125K(5033216K) icms_dc=0 , 0.2087957 secs] [Times: user=0.22 sys=0.00, real=0.20 secs] 
552985.422: [GC 552985.422: [ParNew: 1738826K->71543K(1887488K), 0.2140515 secs] 1921949K->254910K(5033216K) icms_dc=0 , 0.2141379 secs] [Times: user=0.20 sys=0.00, real=0.20 secs] 
553246.284: [GC 553246.284: [ParNew: 1749367K->50091K(1887488K), 0.1383784 secs] 1932734K->233658K(5033216K) icms_dc=0 , 0.1384640 secs] [Times: user=0.14 sys=0.00, real=0.14 secs] 
553705.664: [GC 553705.664: [ParNew: 1727915K->68227K(1887488K), 0.2334049 secs] 1911482K->251937K(5033216K) icms_dc=0 , 0.2335136 secs] [Times: user=0.22 sys=0.00, real=0.22 secs] 
554007.482: [GC 554007.482: [ParNew: 1746051K->67924K(1887488K), 0.2206221 secs] 1929761K->251826K(5033216K) icms_dc=0 , 0.2207081 secs] [Times: user=0.30 sys=0.00, real=0.23 secs] 
554491.922: [GC 554491.922: [ParNew: 1745748K->58419K(1887488K), 0.1795837 secs] 1929650K->242551K(5033216K) icms_dc=0 , 0.1796709 secs] [Times: user=0.20 sys=0.00, real=0.19 secs] 
554916.750: [GC 554916.750: [ParNew: 1736243K->63158K(1887488K), 0.1987982 secs] 1920375K->247414K(5033216K) icms_dc=0 , 0.1988853 secs] [Times: user=0.19 sys=0.00, real=0.19 secs] 
555172.035: [GC 555172.035: [ParNew: 1740982K->63661K(1887488K), 0.1936679 secs] 1925238K->248152K(5033216K) icms_dc=0 , 0.1937570 secs] [Times: user=0.19 sys=0.00, real=0.19 secs] 
555524.441: [GC 555524.441: [ParNew: 1741485K->69018K(1887488K), 0.2312969 secs] 1925976K->253686K(5033216K) icms_dc=0 , 0.2313925 secs] [Times: user=0.25 sys=0.00, real=0.23 secs] 
555895.323: [GC 555895.323: [ParNew: 1746842K->64202K(1887488K), 0.2047417 secs] 1931510K->249055K(5033216K) icms_dc=0 , 0.2048300 secs] [Times: user=0.20 sys=0.00, real=0.20 secs] 
556035.960: [GC 556035.960: [ParNew: 1742026K->43382K(1887488K), 0.1280337 secs] 1926879K->228458K(5033216K) icms_dc=0 , 0.1281224 secs] [Times: user=0.14 sys=0.00, real=0.12 secs] 
556278.762: [GC 556278.762: [ParNew: 1721206K->78301K(1887488K), 0.2336046 secs] 1906282K->263554K(5033216K) icms_dc=0 , 0.2336956 secs] [Times: user=0.23 sys=0.00, real=0.23 secs] 
556484.250: [GC 556484.250: [ParNew: 1756125K->77178K(1887488K), 0.2304618 secs] 1941378K->262711K(5033216K) icms_dc=0 , 0.2305497 secs] [Times: user=0.22 sys=0.00, real=0.22 secs] 
556745.817: [GC 556745.817: [ParNew: 1755002K->67611K(1887488K), 0.2040406 secs] 1940535K->253405K(5033216K) icms_dc=0 , 0.2041308 secs] [Times: user=0.23 sys=0.00, real=0.20 secs] 
556995.977: [GC 556995.977: [ParNew: 1745435K->69019K(1887488K), 0.2018269 secs] 1931229K->254977K(5033216K) icms_dc=0 , 0.2019103 secs] [Times: user=0.20 sys=0.00, real=0.20 secs] 
557193.390: [GC 557193.390: [ParNew: 1746843K->84133K(1887488K), 0.2903955 secs] 1932801K->270369K(5033216K) icms_dc=0 , 0.2904991 secs] [Times: user=0.28 sys=0.00, real=0.28 secs] 
557540.792: [GC 557540.792: [ParNew: 1761957K->74636K(1887488K), 0.2246457 secs] 1948193K->261151K(5033216K) icms_dc=0 , 0.2247329 secs] [Times: user=0.22 sys=0.00, real=0.22 secs] 
557722.709: [GC 557722.709: [ParNew: 1752460K->66820K(1887488K), 0.2092941 secs] 1938975K->253544K(5033216K) icms_dc=0 , 0.2093824 secs] [Times: user=0.22 sys=0.00, real=0.22 secs] 
558073.703: [GC 558073.703: [ParNew: 1744644K->60342K(1887488K), 0.1819982 secs] 1931368K->247349K(5033216K) icms_dc=0 , 0.1820869 secs] [Times: user=0.17 sys=0.00, real=0.17 secs] 
558336.554: [GC 558336.554: [ParNew: 1738166K->63316K(1887488K), 0.2075608 secs] 1925173K->250557K(5033216K) icms_dc=0 , 0.2076557 secs] [Times: user=0.20 sys=0.00, real=0.20 secs] 
558605.674: [GC 558605.674: [ParNew: 1741140K->70634K(1887488K), 0.2127057 secs] 1928381K->258137K(5033216K) icms_dc=0 , 0.2127929 secs] [Times: user=0.20 sys=0.00, real=0.20 secs] 
558911.487: [GC 558911.487: [ParNew: 1748458K->65209K(1887488K), 0.2151931 secs] 1935961K->252992K(5033216K) icms_dc=0 , 0.2152944 secs] [Times: user=0.20 sys=0.00, real=0.20 secs] 
559159.175: [GC 559159.175: [ParNew: 1743033K->69692K(1887488K), 0.2093882 secs] 1930816K->257709K(5033216K) icms_dc=0 , 0.2094769 secs] [Times: user=0.20 sys=0.00, real=0.20 secs] 
559468.631: [GC 559468.631: [ParNew: 1747516K->72776K(1887488K), 0.2226168 secs] 1935533K->261000K(5033216K) icms_dc=0 , 0.2227021 secs] [Times: user=0.23 sys=0.00, real=0.22 secs] 
559623.701: [GC 559623.701: [ParNew: 1750600K->73665K(1887488K), 0.2324066 secs] 1938824K->262182K(5033216K) icms_dc=0 , 0.2324945 secs] [Times: user=0.23 sys=0.00, real=0.23 secs] 
559870.117: [GC 559870.117: [ParNew: 1751489K->70291K(1887488K), 0.2039699 secs] 1940006K->259070K(5033216K) icms_dc=0 , 0.2040586 secs] [Times: user=0.23 sys=0.00, real=0.20 secs] 
560060.245: [GC 560060.245: [ParNew: 1748115K->73089K(1887488K), 0.2214826 secs] 1936894K->262077K(5033216K) icms_dc=0 , 0.2215693 secs] [Times: user=0.23 sys=0.00, real=0.22 secs] 
560260.952: [GC 560260.952: [ParNew: 1750913K->68159K(1887488K), 0.2088118 secs] 1939901K->257418K(5033216K) icms_dc=0 , 0.2088978 secs] [Times: user=0.23 sys=0.00, real=0.22 secs] 
560495.363: [GC 560495.363: [ParNew: 1745983K->66922K(1887488K), 0.2115008 secs] 1935242K->256410K(5033216K) icms_dc=0 , 0.2115887 secs] [Times: user=0.23 sys=0.00, real=0.22 secs] 
560724.524: [GC 560724.524: [ParNew: 1744746K->61596K(1887488K), 0.2044122 secs] 1934234K->251275K(5033216K) icms_dc=0 , 0.2045198 secs] [Times: user=0.20 sys=0.00, real=0.20 secs] 
560996.274: [GC 560996.274: [ParNew: 1739420K->67690K(1887488K), 0.2048043 secs] 1929099K->257583K(5033216K) icms_dc=0 , 0.2048895 secs] [Times: user=0.20 sys=0.00, real=0.20 secs] 
561362.227: [GC 561362.227: [ParNew: 1745514K->59174K(1887488K), 0.1781481 secs] 1935407K->249255K(5033216K) icms_dc=0 , 0.1782364 secs] [Times: user=0.20 sys=0.00, real=0.19 secs] 
561682.894: [GC 561682.894: [ParNew: 1736998K->54525K(1887488K), 0.1802945 secs] 1927079K->244835K(5033216K) icms_dc=0 , 0.1803812 secs] [Times: user=0.19 sys=0.00, real=0.19 secs] 
561994.733: [GC 561994.733: [ParNew: 1732349K->69640K(1887488K), 0.2153989 secs] 1922659K->260138K(5033216K) icms_dc=0 , 0.2154864 secs] [Times: user=0.22 sys=0.00, real=0.22 secs] 
562337.149: [GC 562337.149: [ParNew: 1747464K->53461K(1887488K), 0.1802968 secs] 1937962K->244115K(5033216K) icms_dc=0 , 0.1804028 secs] [Times: user=0.20 sys=0.00, real=0.19 secs] 
562648.645: [GC 562648.645: [ParNew: 1731285K->71447K(1887488K), 0.2447433 secs] 1921939K->262391K(5033216K) icms_dc=0 , 0.2448397 secs] [Times: user=0.23 sys=0.00, real=0.23 secs] 
562899.550: [GC 562899.550: [ParNew: 1749271K->71917K(1887488K), 0.2111863 secs] 1940215K->263085K(5033216K) icms_dc=0 , 0.2112735 secs] [Times: user=0.20 sys=0.00, real=0.20 secs] 
563078.136: [GC 563078.136: [ParNew: 1749741K->76834K(1887488K), 0.2669224 secs] 1940909K->268224K(5033216K) icms_dc=0 , 0.2670230 secs] [Times: user=0.27 sys=0.00, real=0.27 secs] 
563400.862: [GC 563400.862: [ParNew: 1754658K->81855K(1887488K), 0.2564860 secs] 1946048K->273416K(5033216K) icms_dc=0 , 0.2565747 secs] [Times: user=0.27 sys=0.00, real=0.27 secs] 
563618.376: [GC 563618.376: [ParNew: 1759679K->77304K(1887488K), 0.2230511 secs] 1951240K->269078K(5033216K) icms_dc=0 , 0.2231360 secs] [Times: user=0.22 sys=0.00, real=0.22 secs] 
563946.967: [GC 563946.967: [ParNew: 1755128K->76001K(1887488K), 0.2368730 secs] 1946902K->268046K(5033216K) icms_dc=0 , 0.2369659 secs] [Times: user=0.23 sys=0.00, real=0.23 secs] 
564183.786: [GC 564183.786: [ParNew: 1753825K->66595K(1887488K), 0.2063045 secs] 1945870K->258837K(5033216K) icms_dc=0 , 0.2063924 secs] [Times: user=0.22 sys=0.00, real=0.20 secs] 
564467.037: [GC 564467.037: [ParNew: 1744419K->61563K(1887488K), 0.1903822 secs] 1936661K->254108K(5033216K) icms_dc=0 , 0.1904702 secs] [Times: user=0.19 sys=0.00, real=0.19 secs] 
564799.542: [GC 564799.542: [ParNew: 1739387K->69981K(1887488K), 0.2002450 secs] 1931932K->262747K(5033216K) icms_dc=0 , 0.2003291 secs] [Times: user=0.20 sys=0.00, real=0.20 secs] 
565022.935: [GC 565022.935: [ParNew: 1747805K->62374K(1887488K), 0.1690659 secs] 1940571K->255356K(5033216K) icms_dc=0 , 0.1691531 secs] [Times: user=0.23 sys=0.00, real=0.17 secs] 
565184.404: [GC 565184.404: [ParNew: 1740198K->66894K(1887488K), 0.2212510 secs] 1933180K->260059K(5033216K) icms_dc=0 , 0.2213486 secs] [Times: user=0.26 sys=0.00, real=0.22 secs] 
565451.671: [GC 565451.671: [ParNew: 1744718K->68467K(1887488K), 0.2125920 secs] 1937883K->261814K(5033216K) icms_dc=0 , 0.2126811 secs] [Times: user=0.23 sys=0.00, real=0.22 secs] 
565716.449: [GC 565716.449: [ParNew: 1746291K->73006K(1887488K), 0.2447836 secs] 1939638K->266550K(5033216K) icms_dc=0 , 0.2448812 secs] [Times: user=0.25 sys=0.00, real=0.25 secs] 
565953.303: [GC 565953.303: [ParNew: 1750830K->60852K(1887488K), 0.2081944 secs] 1944374K->254856K(5033216K) icms_dc=0 , 0.2083004 secs] [Times: user=0.23 sys=0.00, real=0.22 secs] 
566249.412: [GC 566249.412: [ParNew: 1738676K->69996K(1887488K), 0.2063429 secs] 1932680K->264177K(5033216K) icms_dc=0 , 0.2064385 secs] [Times: user=0.20 sys=0.00, real=0.20 secs] 
566566.216: [GC 566566.216: [ParNew: 1747820K->60942K(1887488K), 0.1960485 secs] 1942001K->255349K(5033216K) icms_dc=0 , 0.1961472 secs] [Times: user=0.19 sys=0.00, real=0.19 secs] 
566706.737: [GC 566706.737: [ParNew: 1738766K->60868K(1887488K), 0.2133308 secs] 1933173K->255523K(5033216K) icms_dc=0 , 0.2134341 secs] [Times: user=0.20 sys=0.00, real=0.20 secs] 
566898.790: [GC 566898.790: [ParNew: 1738692K->71256K(1887488K), 0.2145342 secs] 1933347K->266138K(5033216K) icms_dc=0 , 0.2146240 secs] [Times: user=0.23 sys=0.00, real=0.22 secs] 
567128.532: [GC 567128.532: [ParNew: 1749080K->76778K(1887488K), 0.2325633 secs] 1943962K->271911K(5033216K) icms_dc=0 , 0.2326493 secs] [Times: user=0.23 sys=0.00, real=0.23 secs] 
567329.491: [GC 567329.491: [ParNew: 1754602K->64814K(1887488K), 0.1905086 secs] 1949735K->260153K(5033216K) icms_dc=0 , 0.1905976 secs] [Times: user=0.19 sys=0.00, real=0.19 secs] 
567513.962: [GC 567513.962: [ParNew: 1742638K->60464K(1887488K), 0.1943940 secs] 1937977K->256005K(5033216K) icms_dc=0 , 0.1944858 secs] [Times: user=0.19 sys=0.00, real=0.19 secs] 
567718.956: [GC 567718.956: [ParNew: 1738288K->51970K(1887488K), 0.1557624 secs] 1933829K->247709K(5033216K) icms_dc=0 , 0.1558515 secs] [Times: user=0.16 sys=0.00, real=0.16 secs] 
567962.138: [GC 567962.138: [ParNew: 1729794K->64094K(1887488K), 0.2170116 secs] 1925533K->260056K(5033216K) icms_dc=0 , 0.2171152 secs] [Times: user=0.22 sys=0.00, real=0.22 secs] 
568312.415: [GC 568312.415: [ParNew: 1741918K->61900K(1887488K), 0.1677739 secs] 1937880K->258059K(5033216K) icms_dc=0 , 0.1678637 secs] [Times: user=0.17 sys=0.00, real=0.17 secs] 
568666.224: [GC 568666.224: [ParNew: 1739724K->57883K(1887488K), 0.1617090 secs] 1935883K->254242K(5033216K) icms_dc=0 , 0.1617946 secs] [Times: user=0.16 sys=0.00, real=0.16 secs] 
568968.316: [GC 568968.317: [ParNew: 1735707K->51746K(1887488K), 0.1404941 secs] 1932066K->248287K(5033216K) icms_dc=0 , 0.1405808 secs] [Times: user=0.19 sys=0.01, real=0.14 secs] 
569240.323: [GC 569240.323: [ParNew: 1729570K->67474K(1887488K), 0.2028188 secs] 1926111K->264202K(5033216K) icms_dc=0 , 0.2029082 secs] [Times: user=0.23 sys=0.00, real=0.20 secs] 
569652.729: [GC 569652.729: [ParNew: 1745298K->69908K(1887488K), 0.2104625 secs] 1942026K->266806K(5033216K) icms_dc=0 , 0.2105547 secs] [Times: user=0.23 sys=0.00, real=0.22 secs] 
569930.008: [GC 569930.008: [ParNew: 1747732K->67468K(1887488K), 0.2016799 secs] 1944630K->264527K(5033216K) icms_dc=0 , 0.2017670 secs] [Times: user=0.22 sys=0.00, real=0.20 secs] 
570248.102: [GC 570248.102: [ParNew: 1745292K->58616K(1887488K), 0.1758484 secs] 1942351K->255823K(5033216K) icms_dc=0 , 0.1759360 secs] [Times: user=0.20 sys=0.00, real=0.19 secs] 
570409.911: [GC 570409.911: [ParNew: 1736440K->53844K(1887488K), 0.1284960 secs] 1933647K->251301K(5033216K) icms_dc=0 , 0.1285817 secs] [Times: user=0.19 sys=0.00, real=0.12 secs] 
570558.742: [GC 570558.742: [ParNew: 1731668K->27979K(1887488K), 0.0812127 secs] 1929125K->225675K(5033216K) icms_dc=0 , 0.0813003 secs] [Times: user=0.08 sys=0.00, real=0.08 secs] 
570729.882: [GC 570729.882: [ParNew: 1705803K->46097K(1887488K), 0.1443653 secs] 1903499K->243994K(5033216K) icms_dc=0 , 0.1444636 secs] [Times: user=0.16 sys=0.00, real=0.14 secs] 
570980.625: [GC 570980.625: [ParNew: 1723921K->62509K(1887488K), 0.2040947 secs] 1921818K->260609K(5033216K) icms_dc=0 , 0.2041938 secs] [Times: user=0.20 sys=0.00, real=0.20 secs] 
571461.306: [GC 571461.306: [ParNew: 1740333K->69092K(1887488K), 0.2101523 secs] 1938433K->267286K(5033216K) icms_dc=0 , 0.2102390 secs] [Times: user=0.23 sys=0.00, real=0.22 secs] 
571905.561: [GC 571905.561: [ParNew: 1746916K->67627K(1887488K), 0.2391553 secs] 1945110K->265859K(5033216K) icms_dc=0 , 0.2392575 secs] [Times: user=0.25 sys=0.00, real=0.23 secs] 
572079.860: [GC 572079.860: [ParNew: 1745451K->59224K(1887488K), 0.1848542 secs] 1943683K->257569K(5033216K) icms_dc=0 , 0.1849409 secs] [Times: user=0.17 sys=0.00, real=0.17 secs] 
572439.773: [GC 572439.773: [ParNew: 1737048K->61590K(1887488K), 0.2060510 secs] 1935393K->260136K(5033216K) icms_dc=0 , 0.2061589 secs] [Times: user=0.20 sys=0.00, real=0.20 secs] 
572740.306: [GC 572740.306: [ParNew: 1739414K->61844K(1887488K), 0.1865525 secs] 1937960K->260588K(5033216K) icms_dc=0 , 0.1866396 secs] [Times: user=0.19 sys=0.00, real=0.19 secs] 
572989.976: [GC 572989.976: [ParNew: 1739668K->68677K(1887488K), 0.1914712 secs] 1938412K->267600K(5033216K) icms_dc=0 , 0.1915572 secs] [Times: user=0.19 sys=0.00, real=0.19 secs] 
573366.103: [GC 573366.103: [ParNew: 1746501K->71982K(1887488K), 0.2413647 secs] 1945424K->271093K(5033216K) icms_dc=0 , 0.2414653 secs] [Times: user=0.23 sys=0.00, real=0.23 secs] 
573717.790: [GC 573717.790: [ParNew: 1749806K->72901K(1887488K), 0.2202673 secs] 1948917K->272191K(5033216K) icms_dc=0 , 0.2203594 secs] [Times: user=0.23 sys=0.00, real=0.22 secs] 
573966.110: [GC 573966.110: [ParNew: 1750725K->67380K(1887488K), 0.2282647 secs] 1950015K->266794K(5033216K) icms_dc=0 , 0.2283714 secs] [Times: user=0.22 sys=0.00, real=0.22 secs] 
574373.765: [GC 574373.765: [ParNew: 1745204K->66683K(1887488K), 0.2186638 secs] 1944618K->266296K(5033216K) icms_dc=0 , 0.2187590 secs] [Times: user=0.23 sys=0.00, real=0.22 secs] 
574648.751: [GC 574648.751: [ParNew: 1744507K->49491K(1887488K), 0.1412935 secs] 1944120K->249282K(5033216K) icms_dc=0 , 0.1413826 secs] [Times: user=0.17 sys=0.00, real=0.14 secs] 
575016.483: [GC 575016.483: [ParNew: 1727315K->67263K(1887488K), 0.2280934 secs] 1927106K->267249K(5033216K) icms_dc=0 , 0.2281979 secs] [Times: user=0.22 sys=0.02, real=0.23 secs] 
575291.672: [GC 575291.672: [ParNew: 1745087K->62989K(1887488K), 0.1947987 secs] 1945073K->263198K(5033216K) icms_dc=0 , 0.1948912 secs] [Times: user=0.22 sys=0.00, real=0.20 secs] 
575628.552: [GC 575628.552: [ParNew: 1740813K->53978K(1887488K), 0.1769708 secs] 1941022K->254411K(5033216K) icms_dc=0 , 0.1770741 secs] [Times: user=0.17 sys=0.00, real=0.17 secs] 
575933.333: [GC 575933.333: [ParNew: 1731802K->59142K(1887488K), 0.1976604 secs] 1932235K->259683K(5033216K) icms_dc=0 , 0.1977703 secs] [Times: user=0.19 sys=0.00, real=0.19 secs] 
576179.364: [GC 576179.364: [ParNew: 1736966K->57587K(1887488K), 0.1718747 secs] 1937507K->258352K(5033216K) icms_dc=0 , 0.1719645 secs] [Times: user=0.19 sys=0.00, real=0.17 secs] 
576446.717: [GC 576446.717: [ParNew: 1735411K->69855K(1887488K), 0.2044879 secs] 1936176K->270840K(5033216K) icms_dc=0 , 0.2045785 secs] [Times: user=0.20 sys=0.00, real=0.20 secs] 
576608.661: [GC 576608.661: [ParNew: 1747679K->62592K(1887488K), 0.2117611 secs] 1948664K->263750K(5033216K) icms_dc=0 , 0.2118552 secs] [Times: user=0.23 sys=0.00, real=0.22 secs] 
576872.966: [GC 576872.966: [ParNew: 1740416K->59961K(1887488K), 0.1964056 secs] 1941574K->261256K(5033216K) icms_dc=0 , 0.1965104 secs] [Times: user=0.19 sys=0.00, real=0.19 secs] 
577095.223: [GC 577095.223: [ParNew: 1737785K->67086K(1887488K), 0.2185598 secs] 1939080K->268573K(5033216K) icms_dc=0 , 0.2186619 secs] [Times: user=0.28 sys=0.00, real=0.22 secs] 
577451.132: [GC 577451.132: [ParNew: 1744910K->65858K(1887488K), 0.2006931 secs] 1946397K->267511K(5033216K) icms_dc=0 , 0.2007845 secs] [Times: user=0.19 sys=0.00, real=0.19 secs] 
577686.912: [GC 577686.912: [ParNew: 1743682K->51247K(1887488K), 0.1543079 secs] 1945335K->253100K(5033216K) icms_dc=0 , 0.1543962 secs] [Times: user=0.17 sys=0.00, real=0.16 secs] 
577953.362: [GC 577953.362: [ParNew: 1729071K->58132K(1887488K), 0.2016638 secs] 1930924K->260166K(5033216K) icms_dc=0 , 0.2017651 secs] [Times: user=0.20 sys=0.00, real=0.20 secs] 
578253.970: [GC 578253.970: [ParNew: 1735956K->67657K(1887488K), 0.2039012 secs] 1937990K->269931K(5033216K) icms_dc=0 , 0.2039937 secs] [Times: user=0.22 sys=0.00, real=0.20 secs] 
578431.275: [GC 578431.275: [ParNew: 1745481K->72342K(1887488K), 0.2183520 secs] 1947755K->274884K(5033216K) icms_dc=0 , 0.2184423 secs] [Times: user=0.23 sys=0.00, real=0.22 secs] 
578550.771: [GC 578550.771: [ParNew: 1750166K->54252K(1887488K), 0.1697521 secs] 1952708K->256991K(5033216K) icms_dc=0 , 0.1698442 secs] [Times: user=0.17 sys=0.00, real=0.17 secs] 
578686.386: [GC 578686.386: [ParNew: 1732076K->43828K(1887488K), 0.1262659 secs] 1934815K->246748K(5033216K) icms_dc=0 , 0.1263585 secs] [Times: user=0.13 sys=0.00, real=0.12 secs] 
578842.462: [GC 578842.462: [ParNew: 1721652K->69720K(1887488K), 0.2061029 secs] 1924572K->272902K(5033216K) icms_dc=0 , 0.2062042 secs] [Times: user=0.27 sys=0.00, real=0.20 secs] 
578963.613: [GC 578963.613: [ParNew: 1747544K->34376K(1887488K), 0.0970052 secs] 1950726K->238004K(5033216K) icms_dc=0 , 0.0970985 secs] [Times: user=0.09 sys=0.00, real=0.09 secs] 
579527.601: [GC 579527.601: [ParNew: 1712200K->67488K(1887488K), 0.2005959 secs] 1915828K->271369K(5033216K) icms_dc=0 , 0.2006835 secs] [Times: user=0.20 sys=0.00, real=0.20 secs] 
579803.534: [GC 579803.535: [ParNew: 1745312K->70297K(1887488K), 0.2261521 secs] 1949193K->274309K(5033216K) icms_dc=0 , 0.2262515 secs] [Times: user=0.25 sys=0.00, real=0.23 secs] 
580056.637: [GC 580056.637: [ParNew: 1748121K->68724K(1887488K), 0.2030384 secs] 1952133K->272970K(5033216K) icms_dc=0 , 0.2031340 secs] [Times: user=0.22 sys=0.00, real=0.20 secs] 
580352.542: [GC 580352.542: [ParNew: 1746548K->71007K(1887488K), 0.2300244 secs] 1950794K->275346K(5033216K) icms_dc=0 , 0.2301197 secs] [Times: user=0.25 sys=0.00, real=0.23 secs] 
580679.289: [GC 580679.289: [ParNew: 1748831K->58848K(1887488K), 0.1956300 secs] 1953170K->263525K(5033216K) icms_dc=0 , 0.1957252 secs] [Times: user=0.22 sys=0.00, real=0.20 secs] 
581043.579: [GC 581043.579: [ParNew: 1736672K->59435K(1887488K), 0.2029919 secs] 1941349K->264320K(5033216K) icms_dc=0 , 0.2030910 secs] [Times: user=0.20 sys=0.00, real=0.20 secs] 
581355.390: [GC 581355.390: [ParNew: 1737259K->64334K(1887488K), 0.1900816 secs] 1942144K->269431K(5033216K) icms_dc=0 , 0.1901733 secs] [Times: user=0.25 sys=0.00, real=0.20 secs] 
581649.057: [GC 581649.057: [ParNew: 1742158K->73970K(1887488K), 0.2248527 secs] 1947255K->279330K(5033216K) icms_dc=0 , 0.2249418 secs] [Times: user=0.22 sys=0.00, real=0.22 secs] 
581771.589: [GC 581771.589: [ParNew: 1751794K->47210K(1887488K), 0.1385715 secs] 1957154K->252737K(5033216K) icms_dc=0 , 0.1386602 secs] [Times: user=0.14 sys=0.00, real=0.14 secs] 
581978.089: [GC 581978.089: [ParNew: 1725034K->52656K(1887488K), 0.1642113 secs] 1930561K->258371K(5033216K) icms_dc=0 , 0.1643081 secs] [Times: user=0.19 sys=0.00, real=0.17 secs] 
582146.954: [GC 582146.954: [ParNew: 1730480K->53347K(1887488K), 0.1568191 secs] 1936195K->259291K(5033216K) icms_dc=0 , 0.1569074 secs] [Times: user=0.17 sys=0.00, real=0.16 secs] 
582243.836: [GC 582243.836: [ParNew: 1731171K->47548K(1887488K), 0.1314741 secs] 1937115K->254001K(5033216K) icms_dc=0 , 0.1315624 secs] [Times: user=0.13 sys=0.00, real=0.12 secs] 
582575.498: [GC 582575.498: [ParNew: 1725372K->58696K(1887488K), 0.1758281 secs] 1931825K->265316K(5033216K) icms_dc=0 , 0.1759172 secs] [Times: user=0.17 sys=0.00, real=0.17 secs] 
582968.787: [GC 582968.787: [ParNew: 1736520K->69779K(1887488K), 0.2122054 secs] 1943140K->276569K(5033216K) icms_dc=0 , 0.2122922 secs] [Times: user=0.20 sys=0.00, real=0.20 secs] 
583284.558: [GC 583284.558: [ParNew: 1747603K->74838K(1887488K), 0.2274687 secs] 1954393K->281730K(5033216K) icms_dc=0 , 0.2275570 secs] [Times: user=0.23 sys=0.00, real=0.23 secs] 
583459.210: [GC 583459.210: [ParNew: 1752662K->58463K(1887488K), 0.1697287 secs] 1959554K->265454K(5033216K) icms_dc=0 , 0.1698135 secs] [Times: user=0.17 sys=0.00, real=0.17 secs] 
583825.186: [GC 583825.186: [ParNew: 1736287K->60631K(1887488K), 0.1693255 secs] 1943278K->267827K(5033216K) icms_dc=0 , 0.1694176 secs] [Times: user=0.16 sys=0.00, real=0.16 secs] 
584096.350: [GC 584096.350: [ParNew: 1738455K->55361K(1887488K), 0.1819832 secs] 1945651K->262772K(5033216K) icms_dc=0 , 0.1820799 secs] [Times: user=0.20 sys=0.00, real=0.19 secs] 
584389.856: [GC 584389.856: [ParNew: 1733185K->64651K(1887488K), 0.2149377 secs] 1940596K->272327K(5033216K) icms_dc=0 , 0.2150349 secs] [Times: user=0.20 sys=0.00, real=0.20 secs] 
584685.364: [GC 584685.364: [ParNew: 1742475K->67494K(1887488K), 0.2059996 secs] 1950151K->275331K(5033216K) icms_dc=0 , 0.2060868 secs] [Times: user=0.20 sys=0.00, real=0.20 secs] 
585299.479: [GC 585299.479: [ParNew: 1745318K->63444K(1887488K), 0.1876441 secs] 1953155K->271470K(5033216K) icms_dc=0 , 0.1877355 secs] [Times: user=0.19 sys=0.00, real=0.19 secs] 
585759.884: [GC 585759.884: [ParNew: 1741268K->63403K(1887488K), 0.2094527 secs] 1949294K->271606K(5033216K) icms_dc=0 , 0.2095583 secs] [Times: user=0.20 sys=0.00, real=0.20 secs] 
586062.568: [GC 586062.568: [ParNew: 1741227K->53776K(1887488K), 0.1647746 secs] 1949430K->262175K(5033216K) icms_dc=0 , 0.1648583 secs] [Times: user=0.19 sys=0.00, real=0.17 secs] 
586578.086: [GC 586578.086: [ParNew: 1731600K->49715K(1887488K), 0.1543194 secs] 1939999K->258297K(5033216K) icms_dc=0 , 0.1544077 secs] [Times: user=0.16 sys=0.00, real=0.16 secs] 
587071.096: [GC 587071.096: [ParNew: 1727539K->57469K(1887488K), 0.1731345 secs] 1936121K->266219K(5033216K) icms_dc=0 , 0.1732213 secs] [Times: user=0.19 sys=0.00, real=0.17 secs] 
587618.335: [GC 587618.335: [ParNew: 1735293K->44215K(1887488K), 0.1431074 secs] 1944043K->253137K(5033216K) icms_dc=0 , 0.1432038 secs] [Times: user=0.14 sys=0.00, real=0.14 secs] 
587827.366: [GC 587827.366: [ParNew: 1722039K->45604K(1887488K), 0.1527958 secs] 1930961K->254644K(5033216K) icms_dc=0 , 0.1529045 secs] [Times: user=0.14 sys=0.00, real=0.14 secs] 
587846.943: [GC 587846.943: [ParNew: 1723428K->21876K(1887488K), 0.0453991 secs] 1932468K->231069K(5033216K) icms_dc=0 , 0.0454863 secs] [Times: user=0.05 sys=0.00, real=0.05 secs] 
587878.163: [GC 587878.163: [ParNew: 1699700K->25167K(1887488K), 0.0562257 secs] 1908893K->234641K(5033216K) icms_dc=0 , 0.0563090 secs] [Times: user=0.06 sys=0.00, real=0.06 secs] 
588308.297: [GC 588308.297: [ParNew: 1702991K->52759K(1887488K), 0.1562258 secs] 1912465K->262441K(5033216K) icms_dc=0 , 0.1563153 secs] [Times: user=0.16 sys=0.00, real=0.16 secs] 
588985.217: [GC 588985.217: [ParNew: 1730583K->55429K(1887488K), 0.1744707 secs] 1940265K->265200K(5033216K) icms_dc=0 , 0.1745717 secs] [Times: user=0.17 sys=0.00, real=0.17 secs] 
589610.447: [GC 589610.447: [ParNew: 1733253K->54959K(1887488K), 0.1574492 secs] 1943024K->264739K(5033216K) icms_dc=0 , 0.1575402 secs] [Times: user=0.20 sys=0.00, real=0.16 secs] 
590697.487: [GC 590697.487: [ParNew: 1732783K->34479K(1887488K), 0.1103502 secs] 1942563K->244274K(5033216K) icms_dc=0 , 0.1104527 secs] [Times: user=0.11 sys=0.00, real=0.11 secs] 
591443.232: [GC 591443.232: [ParNew: 1712303K->50447K(1887488K), 0.1513455 secs] 1922098K->260403K(5033216K) icms_dc=0 , 0.1514319 secs] [Times: user=0.17 sys=0.00, real=0.16 secs] 
592219.713: [GC 592219.713: [ParNew: 1728271K->53310K(1887488K), 0.1880492 secs] 1938227K->263459K(5033216K) icms_dc=0 , 0.1881475 secs] [Times: user=0.19 sys=0.00, real=0.19 secs] 
593164.331: [GC 593164.331: [ParNew: 1731134K->42206K(1887488K), 0.1370421 secs] 1941283K->252511K(5033216K) icms_dc=0 , 0.1371408 secs] [Times: user=0.13 sys=0.00, real=0.13 secs] 
594638.657: [GC 594638.657: [ParNew: 1720030K->33130K(1887488K), 0.1108071 secs] 1930335K->243640K(5033216K) icms_dc=0 , 0.1109104 secs] [Times: user=0.11 sys=0.00, real=0.11 secs] 
596114.027: [GC 596114.028: [ParNew: 1710954K->30710K(1887488K), 0.1033592 secs] 1921464K->241385K(5033216K) icms_dc=0 , 0.1034690 secs] [Times: user=0.09 sys=0.00, real=0.09 secs] 
598092.010: [GC 598092.010: [ParNew: 1708534K->12881K(1887488K), 0.0429409 secs] 1919209K->223772K(5033216K) icms_dc=0 , 0.0430339 secs] [Times: user=0.06 sys=0.00, real=0.05 secs] 
599869.309: [GC 599869.309: [ParNew: 1690705K->11557K(1887488K), 0.0246868 secs] 1901596K->222625K(5033216K) icms_dc=0 , 0.0247694 secs] [Times: user=0.09 sys=0.00, real=0.03 secs] 
601079.974: [GC 601079.974: [ParNew: 1689381K->19979K(1887488K), 0.0660577 secs] 1900449K->231244K(5033216K) icms_dc=0 , 0.0661502 secs] [Times: user=0.09 sys=0.00, real=0.08 secs] 
603407.847: [GC 603407.847: [ParNew: 1697803K->3705K(1887488K), 0.0191396 secs] 1909068K->215199K(5033216K) icms_dc=0 , 0.0192229 secs] [Times: user=0.02 sys=0.00, real=0.02 secs] 
605507.553: [GC 605507.553: [ParNew: 1681529K->12231K(1887488K), 0.0416289 secs] 1893023K->223859K(5033216K) icms_dc=0 , 0.0417164 secs] [Times: user=0.03 sys=0.00, real=0.03 secs] 
607957.760: [GC 607957.760: [ParNew: 1690055K->2635K(1887488K), 0.0135746 secs] 1901683K->214389K(5033216K) icms_dc=0 , 0.0136414 secs] [Times: user=0.06 sys=0.00, real=0.01 secs] 
610255.109: [GC 610255.109: [ParNew: 1680459K->5368K(1887488K), 0.0298455 secs] 1892213K->217234K(5033216K) icms_dc=0 , 0.0299423 secs] [Times: user=0.02 sys=0.00, real=0.01 secs] 
612702.604: [GC 612702.604: [ParNew: 1683192K->1633K(1887488K), 0.0092906 secs] 1895058K->213663K(5033216K) icms_dc=0 , 0.0093686 secs] [Times: user=0.03 sys=0.00, real=0.02 secs] 
615062.527: [GC 615062.527: [ParNew: 1679457K->4749K(1887488K), 0.0303520 secs] 1891487K->216938K(5033216K) icms_dc=0 , 0.0304445 secs] [Times: user=0.09 sys=0.00, real=0.03 secs] 
617506.426: [GC 617506.426: [ParNew: 1682573K->1691K(1887488K), 0.0114827 secs] 1894762K->214026K(5033216K) icms_dc=0 , 0.0115611 secs] [Times: user=0.03 sys=0.00, real=0.01 secs] 
619722.390: [GC 619722.390: [ParNew: 1679515K->3266K(1887488K), 0.0240844 secs] 1891850K->215792K(5033216K) icms_dc=0 , 0.0241600 secs] [Times: user=0.08 sys=0.00, real=0.01 secs] 
622162.301: [GC 622162.301: [ParNew: 1681090K->2290K(1887488K), 0.0164133 secs] 1893616K->214960K(5033216K) icms_dc=0 , 0.0164752 secs] [Times: user=0.03 sys=0.00, real=0.02 secs] 
624607.215: [GC 624607.215: [ParNew: 1680114K->1516K(1887488K), 0.0158385 secs] 1892784K->214347K(5033216K) icms_dc=0 , 0.0159019 secs] [Times: user=0.03 sys=0.00, real=0.02 secs] 
626609.650: [GC 626609.650: [ParNew: 1679340K->12751K(1887488K), 0.0450774 secs] 1892171K->225730K(5033216K) icms_dc=0 , 0.0451703 secs] [Times: user=0.11 sys=0.00, real=0.05 secs] 
629048.464: [GC 629048.464: [ParNew: 1690575K->1592K(1887488K), 0.0085181 secs] 1903554K->214737K(5033216K) icms_dc=0 , 0.0085903 secs] [Times: user=0.00 sys=0.00, real=0.00 secs] 
631260.531: [GC 631260.531: [ParNew: 1679416K->9710K(1887488K), 0.0388247 secs] 1892561K->223008K(5033216K) icms_dc=0 , 0.0389180 secs] [Times: user=0.11 sys=0.00, real=0.05 secs] 
633065.989: [GC 633065.989: [ParNew: 1687534K->14172K(1887488K), 0.0519409 secs] 1900832K->227627K(5033216K) icms_dc=0 , 0.0520423 secs] [Times: user=0.08 sys=0.00, real=0.06 secs] 
635351.912: [GC 635351.912: [ParNew: 1691996K->5757K(1887488K), 0.0252758 secs] 1905451K->219363K(5033216K) icms_dc=0 , 0.0253584 secs] [Times: user=0.05 sys=0.00, real=0.03 secs] 
637630.825: [GC 637630.825: [ParNew: 1683581K->6663K(1887488K), 0.0265403 secs] 1897187K->220414K(5033216K) icms_dc=0 , 0.0266351 secs] [Times: user=0.05 sys=0.00, real=0.03 secs] 
639951.756: [GC 639951.757: [ParNew: 1684487K->5069K(1887488K), 0.0276979 secs] 1898238K->218960K(5033216K) icms_dc=0 , 0.0277744 secs] [Times: user=0.09 sys=0.00, real=0.03 secs] 
642315.685: [GC 642315.685: [ParNew: 1682893K->5391K(1887488K), 0.0294258 secs] 1896784K->219456K(5033216K) icms_dc=0 , 0.0295153 secs] [Times: user=0.05 sys=0.00, real=0.03 secs] 
644336.665: [GC 644336.665: [ParNew: 1683215K->17325K(1887488K), 0.0553790 secs] 1897280K->231527K(5033216K) icms_dc=0 , 0.0554750 secs] [Times: user=0.08 sys=0.00, real=0.06 secs] 
646240.420: [GC 646240.420: [ParNew: 1695149K->14408K(1887488K), 0.0449088 secs] 1909351K->228745K(5033216K) icms_dc=0 , 0.0449998 secs] [Times: user=0.03 sys=0.00, real=0.03 secs] 
648505.523: [GC 648505.523: [ParNew: 1692232K->7802K(1887488K), 0.0298639 secs] 1906569K->222290K(5033216K) icms_dc=0 , 0.0299665 secs] [Times: user=0.03 sys=0.00, real=0.03 secs] 
650780.493: [GC 650780.493: [ParNew: 1685626K->8242K(1887488K), 0.0367567 secs] 1900114K->222879K(5033216K) icms_dc=0 , 0.0368546 secs] [Times: user=0.08 sys=0.00, real=0.03 secs] 
652968.598: [GC 652968.598: [ParNew: 1686066K->8874K(1887488K), 0.0328804 secs] 1900703K->223681K(5033216K) icms_dc=0 , 0.0329757 secs] [Times: user=0.03 sys=0.00, real=0.03 secs] 
655155.383: [GC 655155.383: [ParNew: 1686698K->9057K(1887488K), 0.0329273 secs] 1901505K->224050K(5033216K) icms_dc=0 , 0.0330156 secs] [Times: user=0.06 sys=0.00, real=0.05 secs] 
656341.347: [GC 656341.348: [ParNew: 1686881K->17520K(1887488K), 0.0596584 secs] 1901874K->232663K(5033216K) icms_dc=0 , 0.0597486 secs] [Times: user=0.08 sys=0.00, real=0.06 secs] 
658291.289: [GC 658291.289: [ParNew: 1695344K->11298K(1887488K), 0.0488868 secs] 1910487K->226596K(5033216K) icms_dc=0 , 0.0489766 secs] [Times: user=0.13 sys=0.00, real=0.05 secs] 
659911.229: [GC 659911.229: [ParNew: 1689122K->19386K(1887488K), 0.0635123 secs] 1904420K->234826K(5033216K) icms_dc=0 , 0.0636006 secs] [Times: user=0.08 sys=0.00, real=0.06 secs] 
661808.318: [GC 661808.318: [ParNew: 1697210K->14734K(1887488K), 0.0410364 secs] 1912650K->230320K(5033216K) icms_dc=0 , 0.0411236 secs] [Times: user=0.05 sys=0.00, real=0.05 secs] 
664001.133: [GC 664001.133: [ParNew: 1692558K->8455K(1887488K), 0.0345215 secs] 1908144K->224199K(5033216K) icms_dc=0 , 0.0348164 secs] [Times: user=0.05 sys=0.00, real=0.05 secs] 
666131.263: [GC 666131.263: [ParNew: 1686279K->10688K(1887488K), 0.0376617 secs] 1902023K->226568K(5033216K) icms_dc=0 , 0.0377607 secs] [Times: user=0.03 sys=0.00, real=0.03 secs] 
667973.908: [GC 667973.908: [ParNew: 1688512K->12296K(1887488K), 0.0450290 secs] 1904392K->228313K(5033216K) icms_dc=0 , 0.0451215 secs] [Times: user=0.03 sys=0.00, real=0.03 secs] 
669126.754: [GC 669126.754: [ParNew: 1690120K->13970K(1887488K), 0.0407308 secs] 1906137K->230179K(5033216K) icms_dc=0 , 0.0408218 secs] [Times: user=0.11 sys=0.00, real=0.05 secs] 
671155.948: [GC 671155.948: [ParNew: 1691794K->5242K(1887488K), 0.0224229 secs] 1908003K->221593K(5033216K) icms_dc=0 , 0.0225112 secs] [Times: user=0.01 sys=0.00, real=0.02 secs] 
673434.865: [GC 673434.865: [ParNew: 1683066K->5810K(1887488K), 0.0246811 secs] 1899417K->222296K(5033216K) icms_dc=0 , 0.0247774 secs] [Times: user=0.01 sys=0.00, real=0.01 secs] 
675635.824: [GC 675635.824: [ParNew: 1683634K->5382K(1887488K), 0.0271431 secs] 1900120K->221972K(5033216K) icms_dc=0 , 0.0272295 secs] [Times: user=0.05 sys=0.00, real=0.03 secs] 
678084.773: [GC 678084.773: [ParNew: 1683206K->1464K(1887488K), 0.0104422 secs] 1899796K->218128K(5033216K) icms_dc=0 , 0.0105201 secs] [Times: user=0.03 sys=0.00, real=0.02 secs] 
680530.706: [GC 680530.706: [ParNew: 1679288K->2005K(1887488K), 0.0121796 secs] 1895952K->218785K(5033216K) icms_dc=0 , 0.0123398 secs] [Times: user=0.00 sys=0.02, real=0.02 secs] 
682980.610: [GC 682980.610: [ParNew: 1679829K->1531K(1887488K), 0.0084731 secs] 1896609K->218506K(5033216K) icms_dc=0 , 0.0085530 secs] [Times: user=0.00 sys=0.00, real=0.00 secs] 
685432.335: [GC 685432.335: [ParNew: 1679355K->1228K(1887488K), 0.0093056 secs] 1896330K->218581K(5033216K) icms_dc=0 , 0.0093851 secs] [Times: user=0.00 sys=0.00, real=0.00 secs] 
687714.123: [GC 687714.124: [ParNew: 1679052K->5519K(1887488K), 0.0244315 secs] 1896405K->223011K(5033216K) icms_dc=0 , 0.0245290 secs] [Times: user=0.01 sys=0.00, real=0.02 secs] 
690160.422: [GC 690160.422: [ParNew: 1683343K->1289K(1887488K), 0.0110991 secs] 1900835K->218919K(5033216K) icms_dc=0 , 0.0111790 secs] [Times: user=0.00 sys=0.00, real=0.00 secs] 
692609.363: [GC 692609.363: [ParNew: 1679113K->1372K(1887488K), 0.0108956 secs] 1896743K->219151K(5033216K) icms_dc=0 , 0.0109717 secs] [Times: user=0.03 sys=0.00, real=0.02 secs] 
695052.632: [GC 695052.632: [ParNew: 1679196K->1094K(1887488K), 0.0153478 secs] 1896975K->219010K(5033216K) icms_dc=0 , 0.0154089 secs] [Times: user=0.02 sys=0.00, real=0.02 secs] 
697500.648: [GC 697500.648: [ParNew: 1678918K->962K(1887488K), 0.0063624 secs] 1896834K->219136K(5033216K) icms_dc=0 , 0.0064400 secs] [Times: user=0.00 sys=0.00, real=0.00 secs] 
699950.127: [GC 699950.127: [ParNew: 1678786K->1006K(1887488K), 0.0077816 secs] 1896960K->219318K(5033216K) icms_dc=0 , 0.0078584 secs] [Times: user=0.03 sys=0.00, real=0.02 secs] 
702344.935: [GC 702344.935: [ParNew: 1678830K->3535K(1887488K), 0.0169306 secs] 1897142K->221986K(5033216K) icms_dc=0 , 0.0170162 secs] [Times: user=0.01 sys=0.00, real=0.02 secs] 
704743.130: [GC 704743.130: [ParNew: 1681359K->4019K(1887488K), 0.0239653 secs] 1899810K->222607K(5033216K) icms_dc=0 , 0.0240525 secs] [Times: user=0.03 sys=0.00, real=0.02 secs] 
707011.201: [GC 707011.201: [ParNew: 1681843K->8851K(1887488K), 0.0340231 secs] 1900431K->227578K(5033216K) icms_dc=0 , 0.0341237 secs] [Times: user=0.03 sys=0.00, real=0.03 secs] 
709463.868: [GC 709463.868: [ParNew: 1686675K->980K(1887488K), 0.0096877 secs] 1905402K->219846K(5033216K) icms_dc=0 , 0.0097598 secs] [Times: user=0.00 sys=0.00, real=0.00 secs] 
711909.816: [GC 711909.816: [ParNew: 1678804K->1393K(1887488K), 0.0125014 secs] 1897670K->220405K(5033216K) icms_dc=0 , 0.0125667 secs] [Times: user=0.03 sys=0.00, real=0.02 secs] 
714351.395: [GC 714351.395: [ParNew: 1679217K->1053K(1887488K), 0.0119086 secs] 1898229K->220118K(5033216K) icms_dc=0 , 0.0119735 secs] [Times: user=0.00 sys=0.00, real=0.00 secs] 
716797.261: [GC 716797.261: [ParNew: 1678877K->1208K(1887488K), 0.0146290 secs] 1897942K->220489K(5033216K) icms_dc=0 , 0.0146985 secs] [Times: user=0.03 sys=0.00, real=0.01 secs] 
719248.630: [GC 719248.630: [ParNew: 1679032K->1313K(1887488K), 0.0187210 secs] 1898313K->220733K(5033216K) icms_dc=0 , 0.0187840 secs] [Times: user=0.06 sys=0.00, real=0.02 secs] 
721699.030: [GC 721699.030: [ParNew: 1679137K->1087K(1887488K), 0.0082535 secs] 1898557K->220645K(5033216K) icms_dc=0 , 0.0083165 secs] [Times: user=0.00 sys=0.00, real=0.00 secs] 
724158.495: [GC 724158.495: [ParNew: 1678911K->1305K(1887488K), 0.0201387 secs] 1898469K->221003K(5033216K) icms_dc=0 , 0.0202001 secs] [Times: user=0.06 sys=0.00, real=0.02 secs] 
726524.428: [GC 726524.428: [ParNew: 1679129K->2965K(1887488K), 0.0229539 secs] 1898827K->222801K(5033216K) icms_dc=0 , 0.0230231 secs] [Times: user=0.03 sys=0.00, real=0.02 secs] 
728784.355: [GC 728784.355: [ParNew: 1680789K->7085K(1887488K), 0.0346402 secs] 1900625K->227060K(5033216K) icms_dc=0 , 0.0347343 secs] [Times: user=0.05 sys=0.00, real=0.03 secs] 
731232.905: [GC 731232.905: [ParNew: 1684909K->1335K(1887488K), 0.0100720 secs] 1904884K->221450K(5033216K) icms_dc=0 , 0.0101430 secs] [Times: user=0.00 sys=0.00, real=0.00 secs] 
733673.207: [GC 733673.207: [ParNew: 1679159K->1348K(1887488K), 0.0124500 secs] 1899274K->221603K(5033216K) icms_dc=0 , 0.0125275 secs] [Times: user=0.03 sys=0.00, real=0.02 secs] 
735866.116: [GC 735866.116: [ParNew: 1679172K->9363K(1887488K), 0.0416105 secs] 1899427K->229753K(5033216K) icms_dc=0 , 0.0416988 secs] [Times: user=0.05 sys=0.00, real=0.03 secs] 
738314.086: [GC 738314.086: [ParNew: 1687187K->1345K(1887488K), 0.0133373 secs] 1907577K->221907K(5033216K) icms_dc=0 , 0.0134107 secs] [Times: user=0.00 sys=0.00, real=0.00 secs] 
740769.038: [GC 740769.038: [ParNew: 1679169K->1017K(1887488K), 0.0071792 secs] 1899731K->221719K(5033216K) icms_dc=0 , 0.0072437 secs] [Times: user=0.03 sys=0.00, real=0.02 secs] 
743163.256: [GC 743163.256: [ParNew: 1678841K->3805K(1887488K), 0.0143733 secs] 1899543K->224645K(5033216K) icms_dc=0 , 0.0144562 secs] [Times: user=0.00 sys=0.00, real=0.00 secs] 
745423.924: [GC 745423.924: [ParNew: 1681629K->8049K(1887488K), 0.0342190 secs] 1902469K->229039K(5033216K) icms_dc=0 , 0.0343104 secs] [Times: user=0.03 sys=0.00, real=0.03 secs] 
747875.368: [GC 747875.369: [ParNew: 1685873K->996K(1887488K), 0.0045443 secs] 1906863K->222034K(5033216K) icms_dc=0 , 0.0046146 secs] [Times: user=0.00 sys=0.00, real=0.00 secs] 
750321.466: [GC 750321.466: [ParNew: 1678820K->655K(1887488K), 0.0076856 secs] 1899858K->221740K(5033216K) icms_dc=0 , 0.0077570 secs] [Times: user=0.00 sys=0.00, real=0.00 secs] 
752213.735: [GC 752213.735: [ParNew: 1678472K->16879K(1887488K), 0.0521413 secs] 1899556K->238016K(5033216K) icms_dc=0 , 0.0522319 secs] [Times: user=0.05 sys=0.00, real=0.05 secs] 
754422.651: [GC 754422.651: [ParNew: 1694703K->6852K(1887488K), 0.0244480 secs] 1915840K->228139K(5033216K) icms_dc=0 , 0.0245344 secs] [Times: user=0.05 sys=0.00, real=0.03 secs] 
756718.583: [GC 756718.583: [ParNew: 1684676K->8085K(1887488K), 0.0290914 secs] 1905963K->229418K(5033216K) icms_dc=0 , 0.0291962 secs] [Times: user=0.03 sys=0.00, real=0.03 secs] 
758996.008: [GC 758996.008: [ParNew: 1685909K->7879K(1887488K), 0.0253307 secs] 1907242K->229257K(5033216K) icms_dc=0 , 0.0254210 secs] [Times: user=0.06 sys=0.00, real=0.03 secs] 
760772.489: [GC 760772.489: [ParNew: 1685703K->24288K(1887488K), 0.0796442 secs] 1907081K->245779K(5033216K) icms_dc=0 , 0.0797391 secs] [Times: user=0.08 sys=0.00, real=0.08 secs] 
762902.430: [GC 762902.430: [ParNew: 1702112K->8541K(1887488K), 0.0285573 secs] 1923603K->230095K(5033216K) icms_dc=0 , 0.0286494 secs] [Times: user=0.03 sys=0.00, real=0.03 secs] 
765353.364: [GC 765353.364: [ParNew: 1686365K->1291K(1887488K), 0.0065725 secs] 1907919K->222908K(5033216K) icms_dc=0 , 0.0066489 secs] [Times: user=0.00 sys=0.00, real=0.00 secs] 
767514.888: [GC 767514.888: [ParNew: 1679115K->10824K(1887488K), 0.0408356 secs] 1900732K->232510K(5033216K) icms_dc=0 , 0.0409393 secs] [Times: user=0.03 sys=0.00, real=0.03 secs] 
769721.766: [GC 769721.766: [ParNew: 1688648K->11495K(1887488K), 0.0425543 secs] 1910334K->233299K(5033216K) icms_dc=0 , 0.0426668 secs] [Times: user=0.03 sys=0.00, real=0.03 secs] 
771613.174: [GC 771613.174: [ParNew: 1689319K->15808K(1887488K), 0.0486637 secs] 1911123K->237679K(5033216K) icms_dc=0 , 0.0487566 secs] [Times: user=0.08 sys=0.00, real=0.06 secs] 
773597.815: [GC 773597.815: [ParNew: 1693632K->17019K(1887488K), 0.0527200 secs] 1915503K->238937K(5033216K) icms_dc=0 , 0.0528114 secs] [Times: user=0.05 sys=0.00, real=0.05 secs] 
775474.837: [GC 775474.837: [ParNew: 1694843K->17580K(1887488K), 0.0601936 secs] 1916761K->239563K(5033216K) icms_dc=0 , 0.0602981 secs] [Times: user=0.06 sys=0.00, real=0.06 secs] 
777178.233: [GC 777178.233: [ParNew: 1695404K->25051K(1887488K), 0.0765916 secs] 1917387K->247110K(5033216K) icms_dc=0 , 0.0766834 secs] [Times: user=0.09 sys=0.00, real=0.08 secs] 
779288.214: [GC 779288.214: [ParNew: 1702875K->11698K(1887488K), 0.0416024 secs] 1924934K->233847K(5033216K) icms_dc=0 , 0.0416922 secs] [Times: user=0.03 sys=0.00, real=0.03 secs] 
781462.921: [GC 781462.921: [ParNew: 1689522K->8197K(1887488K), 0.0281925 secs] 1911671K->230428K(5033216K) icms_dc=0 , 0.0282816 secs] [Times: user=0.05 sys=0.00, real=0.03 secs] 
783802.884: [GC 783802.884: [ParNew: 1686021K->2008K(1887488K), 0.0052447 secs] 1908252K->224314K(5033216K) icms_dc=0 , 0.0053084 secs] [Times: user=0.00 sys=0.00, real=0.00 secs] 
786102.787: [GC 786102.787: [ParNew: 1679832K->1928K(1887488K), 0.0087427 secs] 1902138K->224335K(5033216K) icms_dc=0 , 0.0088260 secs] [Times: user=0.00 sys=0.00, real=0.00 secs] 
788192.731: [GC 788192.731: [ParNew: 1679752K->9819K(1887488K), 0.0287047 secs] 1902159K->232292K(5033216K) icms_dc=0 , 0.0287950 secs] [Times: user=0.03 sys=0.00, real=0.03 secs] 
790245.537: [GC 790245.537: [ParNew: 1687643K->15219K(1887488K), 0.0479034 secs] 1910116K->237770K(5033216K) icms_dc=0 , 0.0479925 secs] [Times: user=0.06 sys=0.00, real=0.05 secs] 
791598.339: [GC 791598.339: [ParNew: 1693043K->38353K(1887488K), 0.1160046 secs] 1915594K->260957K(5033216K) icms_dc=0 , 0.1160983 secs] [Times: user=0.11 sys=0.00, real=0.11 secs] 
793484.372: [GC 793484.372: [ParNew: 1716177K->19651K(1887488K), 0.0597544 secs] 1938781K->242299K(5033216K) icms_dc=0 , 0.0598412 secs] [Times: user=0.08 sys=0.00, real=0.06 secs] 
794841.539: [GC 794841.539: [ParNew: 1697475K->37480K(1887488K), 0.1214674 secs] 1920123K->260192K(5033216K) icms_dc=0 , 0.1215588 secs] [Times: user=0.13 sys=0.00, real=0.13 secs] 
796400.535: [GC 796400.535: [ParNew: 1715304K->29006K(1887488K), 0.0968090 secs] 1938016K->251804K(5033216K) icms_dc=0 , 0.0969161 secs] [Times: user=0.09 sys=0.00, real=0.09 secs] 
797852.450: [GC 797852.450: [ParNew: 1706830K->17063K(1887488K), 0.0537417 secs] 1929628K->240007K(5033216K) icms_dc=0 , 0.0538343 secs] [Times: user=0.09 sys=0.00, real=0.05 secs] 
799235.948: [GC 799235.948: [ParNew: 1694887K->27409K(1887488K), 0.0856261 secs] 1917831K->250424K(5033216K) icms_dc=0 , 0.0857171 secs] [Times: user=0.08 sys=0.00, real=0.08 secs] 
800335.230: [GC 800335.231: [ParNew: 1705233K->31924K(1887488K), 0.1042934 secs] 1928248K->255064K(5033216K) icms_dc=0 , 0.1043921 secs] [Times: user=0.09 sys=0.00, real=0.09 secs] 
801194.295: [GC 801194.295: [ParNew: 1709748K->34385K(1887488K), 0.1145324 secs] 1932888K->257639K(5033216K) icms_dc=0 , 0.1146377 secs] [Times: user=0.11 sys=0.00, real=0.11 secs] 
802760.029: [GC 802760.029: [ParNew: 1712209K->30871K(1887488K), 0.0918626 secs] 1935463K->254225K(5033216K) icms_dc=0 , 0.0919544 secs] [Times: user=0.13 sys=0.00, real=0.09 secs] 
804064.336: [GC 804064.336: [ParNew: 1708695K->31352K(1887488K), 0.0969891 secs] 1932049K->254792K(5033216K) icms_dc=0 , 0.0970820 secs] [Times: user=0.17 sys=0.00, real=0.11 secs] 
805392.254: [GC 805392.254: [ParNew: 1709176K->28864K(1887488K), 0.0884645 secs] 1932616K->252400K(5033216K) icms_dc=0 , 0.0885536 secs] [Times: user=0.09 sys=0.00, real=0.09 secs] 
807161.216: [GC 807161.216: [ParNew: 1706688K->23738K(1887488K), 0.0741972 secs] 1930224K->247394K(5033216K) icms_dc=0 , 0.0744763 secs] [Times: user=0.06 sys=0.02, real=0.08 secs] 
808471.327: [GC 808471.327: [ParNew: 1701562K->42779K(1887488K), 0.1244324 secs] 1925218K->266525K(5033216K) icms_dc=0 , 0.1245188 secs] [Times: user=0.13 sys=0.00, real=0.13 secs] 
809481.138: [GC 809481.138: [ParNew: 1720603K->48293K(1887488K), 0.1686843 secs] 1944349K->272169K(5033216K) icms_dc=0 , 0.1687902 secs] [Times: user=0.19 sys=0.00, real=0.17 secs] 
810238.134: [GC 810238.134: [ParNew: 1726117K->62810K(1887488K), 0.2016864 secs] 1949993K->286749K(5033216K) icms_dc=0 , 0.2017740 secs] [Times: user=0.20 sys=0.00, real=0.20 secs] 
811086.252: [GC 811086.252: [ParNew: 1740634K->55572K(1887488K), 0.1598348 secs] 1964573K->279570K(5033216K) icms_dc=0 , 0.1603186 secs] [Times: user=0.19 sys=0.00, real=0.17 secs] 
811927.114: [GC 811927.114: [ParNew: 1733396K->54089K(1887488K), 0.1673768 secs] 1957394K->278262K(5033216K) icms_dc=0 , 0.1674628 secs] [Times: user=0.19 sys=0.00, real=0.17 secs] 
812459.594: [GC 812459.594: [ParNew: 1731913K->66297K(1887488K), 0.2296251 secs] 1956086K->290665K(5033216K) icms_dc=0 , 0.2297246 secs] [Times: user=0.22 sys=0.00, real=0.22 secs] 
812758.464: [GC 812758.464: [ParNew: 1744121K->59379K(1887488K), 0.2168841 secs] 1968489K->283957K(5033216K) icms_dc=0 , 0.2169928 secs] [Times: user=0.22 sys=0.00, real=0.22 secs] 
813026.348: [GC 813026.348: [ParNew: 1737203K->55570K(1887488K), 0.1784168 secs] 1961781K->280322K(5033216K) icms_dc=0 , 0.1785055 secs] [Times: user=0.19 sys=0.00, real=0.19 secs] 
813262.075: [GC 813262.075: [ParNew: 1733394K->73849K(1887488K), 0.2214845 secs] 1958146K->298749K(5033216K) icms_dc=0 , 0.2215674 secs] [Times: user=0.25 sys=0.00, real=0.23 secs] 
813556.749: [GC 813556.749: [ParNew: 1751673K->67957K(1887488K), 0.2188827 secs] 1976573K->293024K(5033216K) icms_dc=0 , 0.2189833 secs] [Times: user=0.23 sys=0.00, real=0.22 secs] 
814047.041: [GC 814047.041: [ParNew: 1745781K->65377K(1887488K), 0.1977180 secs] 1970848K->290599K(5033216K) icms_dc=0 , 0.1978029 secs] [Times: user=0.22 sys=0.00, real=0.20 secs] 
814491.033: [GC 814491.033: [ParNew: 1743201K->58431K(1887488K), 0.1938077 secs] 1968423K->283748K(5033216K) icms_dc=0 , 0.1939102 secs] [Times: user=0.22 sys=0.00, real=0.20 secs] 
814863.334: [GC 814863.334: [ParNew: 1736255K->68634K(1887488K), 0.1979592 secs] 1961572K->294106K(5033216K) icms_dc=0 , 0.1980513 secs] [Times: user=0.23 sys=0.00, real=0.20 secs] 
815088.890: [GC 815088.890: [ParNew: 1746458K->62061K(1887488K), 0.2071857 secs] 1971930K->287685K(5033216K) icms_dc=0 , 0.2072917 secs] [Times: user=0.20 sys=0.00, real=0.20 secs] 
815296.874: [GC 815296.874: [ParNew: 1739885K->61830K(1887488K), 0.1776397 secs] 1965509K->287661K(5033216K) icms_dc=0 , 0.1777353 secs] [Times: user=0.25 sys=0.00, real=0.19 secs] 
815567.007: [GC 815567.007: [ParNew: 1739654K->49217K(1887488K), 0.1612133 secs] 1965485K->275188K(5033216K) icms_dc=0 , 0.1613216 secs] [Times: user=0.17 sys=0.00, real=0.16 secs] 
815985.509: [GC 815985.509: [ParNew: 1727032K->71212K(1887488K), 0.2174101 secs] 1953003K->297372K(5033216K) icms_dc=0 , 0.2174961 secs] [Times: user=0.22 sys=0.00, real=0.22 secs] 
816386.891: [GC 816386.891: [ParNew: 1749036K->61215K(1887488K), 0.1795519 secs] 1975196K->287482K(5033216K) icms_dc=0 , 0.1796406 secs] [Times: user=0.20 sys=0.00, real=0.19 secs] 
816725.102: [GC 816725.102: [ParNew: 1739039K->65125K(1887488K), 0.1936495 secs] 1965306K->291533K(5033216K) icms_dc=0 , 0.1937424 secs] [Times: user=0.22 sys=0.00, real=0.20 secs] 
816989.560: [GC 816989.560: [ParNew: 1742949K->58426K(1887488K), 0.1683863 secs] 1969357K->284947K(5033216K) icms_dc=0 , 0.1684742 secs] [Times: user=0.22 sys=0.00, real=0.17 secs] 
817161.742: [GC 817161.742: [ParNew: 1736250K->59539K(1887488K), 0.1974301 secs] 1962771K->286350K(5033216K) icms_dc=0 , 0.1975357 secs] [Times: user=0.20 sys=0.00, real=0.20 secs] 
817381.735: [GC 817381.735: [ParNew: 1737363K->65281K(1887488K), 0.2161983 secs] 1964174K->292282K(5033216K) icms_dc=0 , 0.2163008 secs] [Times: user=0.23 sys=0.00, real=0.22 secs] 
817543.640: [GC 817543.640: [ParNew: 1743105K->52212K(1887488K), 0.1405977 secs] 1970106K->279376K(5033216K) icms_dc=0 , 0.1406860 secs] [Times: user=0.20 sys=0.00, real=0.14 secs] 
817802.597: [GC 817802.597: [ParNew: 1730036K->77677K(1887488K), 0.2353525 secs] 1957200K->305016K(5033216K) icms_dc=0 , 0.2354423 secs] [Times: user=0.23 sys=0.00, real=0.23 secs] 
818019.571: [GC 818019.571: [ParNew: 1755501K->69083K(1887488K), 0.1949392 secs] 1982840K->296626K(5033216K) icms_dc=0 , 0.1950229 secs] [Times: user=0.19 sys=0.00, real=0.19 secs] 
818265.323: [GC 818265.323: [ParNew: 1746907K->73937K(1887488K), 0.2189564 secs] 1974450K->301648K(5033216K) icms_dc=0 , 0.2190505 secs] [Times: user=0.22 sys=0.00, real=0.22 secs] 
818486.041: [GC 818486.041: [ParNew: 1751761K->70688K(1887488K), 0.2343545 secs] 1979472K->298561K(5033216K) icms_dc=0 , 0.2344467 secs] [Times: user=0.23 sys=0.00, real=0.23 secs] 
818673.329: [GC 818673.329: [ParNew: 1748512K->58335K(1887488K), 0.1920314 secs] 1976385K->286487K(5033216K) icms_dc=0 , 0.1921301 secs] [Times: user=0.19 sys=0.00, real=0.19 secs] 
818861.024: [GC 818861.024: [ParNew: 1736159K->65251K(1887488K), 0.2152691 secs] 1964311K->293612K(5033216K) icms_dc=0 , 0.2153724 secs] [Times: user=0.20 sys=0.00, real=0.20 secs] 
819056.048: [GC 819056.048: [ParNew: 1743075K->56841K(1887488K), 0.1693516 secs] 1971436K->285424K(5033216K) icms_dc=0 , 0.1694407 secs] [Times: user=0.16 sys=0.00, real=0.16 secs] 
819269.318: [GC 819269.318: [ParNew: 1734665K->68647K(1887488K), 0.2071004 secs] 1963248K->297453K(5033216K) icms_dc=0 , 0.2071918 secs] [Times: user=0.22 sys=0.00, real=0.20 secs] 
819438.187: [GC 819438.187: [ParNew: 1746471K->67403K(1887488K), 0.1977541 secs] 1975277K->296349K(5033216K) icms_dc=0 , 0.1978398 secs] [Times: user=0.22 sys=0.00, real=0.20 secs] 
819550.418: [GC 819550.418: [ParNew: 1745227K->57806K(1887488K), 0.1988949 secs] 1974173K->286915K(5033216K) icms_dc=0 , 0.1989948 secs] [Times: user=0.20 sys=0.00, real=0.20 secs] 
819671.301: [GC 819671.301: [ParNew: 1735630K->44689K(1887488K), 0.1273030 secs] 1964739K->274011K(5033216K) icms_dc=0 , 0.1273959 secs] [Times: user=0.13 sys=0.00, real=0.13 secs] 
819887.186: [GC 819887.186: [ParNew: 1722513K->66561K(1887488K), 0.1946132 secs] 1951835K->296134K(5033216K) icms_dc=0 , 0.1947019 secs] [Times: user=0.26 sys=0.00, real=0.20 secs] 
820230.311: [GC 820230.311: [ParNew: 1744385K->74166K(1887488K), 0.2403245 secs] 1973958K->303941K(5033216K) icms_dc=0 , 0.2404182 secs] [Times: user=0.30 sys=0.00, real=0.25 secs] 
820461.387: [GC 820461.387: [ParNew: 1751990K->62994K(1887488K), 0.2134333 secs] 1981765K->293038K(5033216K) icms_dc=0 , 0.2135297 secs] [Times: user=0.23 sys=0.00, real=0.22 secs] 
820824.453: [GC 820824.453: [ParNew: 1740818K->60771K(1887488K), 0.1863590 secs] 1970862K->290939K(5033216K) icms_dc=0 , 0.1864484 secs] [Times: user=0.20 sys=0.00, real=0.19 secs] 
821079.845: [GC 821079.845: [ParNew: 1738595K->80878K(1887488K), 0.2433898 secs] 1968763K->311292K(5033216K) icms_dc=0 , 0.2434758 secs] [Times: user=0.27 sys=0.00, real=0.25 secs] 
821360.170: [GC 821360.170: [ParNew: 1758702K->62145K(1887488K), 0.1964578 secs] 1989116K->292827K(5033216K) icms_dc=0 , 0.1965538 secs] [Times: user=0.26 sys=0.00, real=0.20 secs] 
821626.051: [GC 821626.052: [ParNew: 1739969K->67068K(1887488K), 0.1881202 secs] 1970651K->297921K(5033216K) icms_dc=0 , 0.1882120 secs] [Times: user=0.19 sys=0.00, real=0.19 secs] 
821882.368: [GC 821882.368: [ParNew: 1744892K->71292K(1887488K), 0.2416135 secs] 1975745K->302403K(5033216K) icms_dc=0 , 0.2417187 secs] [Times: user=0.23 sys=0.00, real=0.23 secs] 
822036.977: [GC 822036.977: [ParNew: 1749116K->52279K(1887488K), 0.1720095 secs] 1980227K->283659K(5033216K) icms_dc=0 , 0.1720989 secs] [Times: user=0.23 sys=0.00, real=0.17 secs] 
822258.336: [GC 822258.336: [ParNew: 1730103K->60568K(1887488K), 0.1755140 secs] 1961483K->292142K(5033216K) icms_dc=0 , 0.1756023 secs] [Times: user=0.17 sys=0.00, real=0.17 secs] 
822477.762: [GC 822477.762: [ParNew: 1738392K->64883K(1887488K), 0.2088402 secs] 1969966K->296709K(5033216K) icms_dc=0 , 0.2089331 secs] [Times: user=0.22 sys=0.00, real=0.22 secs] 
822759.640: [GC 822759.640: [ParNew: 1742707K->81095K(1887488K), 0.2496186 secs] 1974533K->313182K(5033216K) icms_dc=0 , 0.2497054 secs] [Times: user=0.25 sys=0.00, real=0.25 secs] 
822902.820: [GC 822902.820: [ParNew: 1758919K->67895K(1887488K), 0.2031405 secs] 1991006K->300180K(5033216K) icms_dc=0 , 0.2032300 secs] [Times: user=0.22 sys=0.00, real=0.20 secs] 
823057.089: [GC 823057.089: [ParNew: 1745719K->60534K(1887488K), 0.1763983 secs] 1978004K->292983K(5033216K) icms_dc=0 , 0.1764870 secs] [Times: user=0.17 sys=0.00, real=0.17 secs] 
823406.752: [GC 823406.753: [ParNew: 1738358K->62471K(1887488K), 0.2001413 secs] 1970807K->295097K(5033216K) icms_dc=0 , 0.2002480 secs] [Times: user=0.20 sys=0.00, real=0.20 secs] 
823795.158: [GC 823795.159: [ParNew: 1740295K->74349K(1887488K), 0.2225661 secs] 1972921K->307206K(5033216K) icms_dc=0 , 0.2226537 secs] [Times: user=0.30 sys=0.00, real=0.23 secs] 
824089.927: [GC 824089.927: [ParNew: 1752173K->57823K(1887488K), 0.1729736 secs] 1985030K->290913K(5033216K) icms_dc=0 , 0.1730669 secs] [Times: user=0.19 sys=0.00, real=0.17 secs] 
824460.435: [GC 824460.435: [ParNew: 1735647K->68508K(1887488K), 0.2000111 secs] 1968737K->301760K(5033216K) icms_dc=0 , 0.2001014 secs] [Times: user=0.19 sys=0.00, real=0.19 secs] 
824692.785: [GC 824692.785: [ParNew: 1746332K->62929K(1887488K), 0.1893946 secs] 1979584K->296408K(5033216K) icms_dc=0 , 0.1894833 secs] [Times: user=0.20 sys=0.00, real=0.19 secs] 
824860.467: [GC 824860.467: [ParNew: 1740753K->72257K(1887488K), 0.2228161 secs] 1974232K->305911K(5033216K) icms_dc=0 , 0.2229056 secs] [Times: user=0.25 sys=0.00, real=0.23 secs] 
825165.714: [GC 825165.714: [ParNew: 1750081K->71609K(1887488K), 0.2388328 secs] 1983735K->305405K(5033216K) icms_dc=0 , 0.2389311 secs] [Times: user=0.28 sys=0.00, real=0.23 secs] 
825416.715: [GC 825416.715: [ParNew: 1749433K->75090K(1887488K), 0.2238294 secs] 1983229K->309232K(5033216K) icms_dc=0 , 0.2239158 secs] [Times: user=0.25 sys=0.00, real=0.23 secs] 
825677.297: [GC 825677.297: [ParNew: 1752914K->65002K(1887488K), 0.1951642 secs] 1987056K->299311K(5033216K) icms_dc=0 , 0.1952529 secs] [Times: user=0.20 sys=0.00, real=0.19 secs] 
826036.689: [GC 826036.689: [ParNew: 1742826K->71244K(1887488K), 0.2356020 secs] 1977135K->305758K(5033216K) icms_dc=0 , 0.2357003 secs] [Times: user=0.23 sys=0.00, real=0.23 secs] 
826404.031: [GC 826404.031: [ParNew: 1749068K->63478K(1887488K), 0.1944938 secs] 1983582K->298248K(5033216K) icms_dc=0 , 0.1945825 secs] [Times: user=0.19 sys=0.00, real=0.19 secs] 
826581.345: [GC 826581.345: [ParNew: 1741302K->57658K(1887488K), 0.1590976 secs] 1976072K->292641K(5033216K) icms_dc=0 , 0.1591817 secs] [Times: user=0.16 sys=0.00, real=0.16 secs] 
826883.688: [GC 826883.688: [ParNew: 1735482K->59552K(1887488K), 0.1844064 secs] 1970465K->294828K(5033216K) icms_dc=0 , 0.1844978 secs] [Times: user=0.19 sys=0.00, real=0.19 secs] 
827056.445: [GC 827056.445: [ParNew: 1737376K->67947K(1887488K), 0.1919949 secs] 1972652K->303415K(5033216K) icms_dc=0 , 0.1920844 secs] [Times: user=0.19 sys=0.00, real=0.19 secs] 
827395.614: [GC 827395.614: [ParNew: 1745771K->67506K(1887488K), 0.2324738 secs] 1981239K->303139K(5033216K) icms_dc=0 , 0.2325694 secs] [Times: user=0.23 sys=0.00, real=0.23 secs] 
827707.296: [GC 827707.296: [ParNew: 1745330K->77565K(1887488K), 0.2391534 secs] 1980963K->313378K(5033216K) icms_dc=0 , 0.2392479 secs] [Times: user=0.25 sys=0.00, real=0.23 secs] 
828029.285: [GC 828029.285: [ParNew: 1755389K->74929K(1887488K), 0.2370734 secs] 1991202K->310886K(5033216K) icms_dc=0 , 0.2371598 secs] [Times: user=0.23 sys=0.00, real=0.23 secs] 
828271.957: [GC 828271.957: [ParNew: 1752753K->71004K(1887488K), 0.2413171 secs] 1988710K->307199K(5033216K) icms_dc=0 , 0.2414131 secs] [Times: user=0.23 sys=0.00, real=0.23 secs] 
828545.181: [GC 828545.181: [ParNew: 1748828K->64258K(1887488K), 0.1849310 secs] 1985023K->300659K(5033216K) icms_dc=0 , 0.1850227 secs] [Times: user=0.20 sys=0.00, real=0.19 secs] 
828996.564: [GC 828996.564: [ParNew: 1742082K->58562K(1887488K), 0.1945242 secs] 1978483K->295210K(5033216K) icms_dc=0 , 0.1946194 secs] [Times: user=0.22 sys=0.00, real=0.20 secs] 
829322.087: [GC 829322.087: [ParNew: 1736386K->67475K(1887488K), 0.2270844 secs] 1973034K->304375K(5033216K) icms_dc=0 , 0.2271873 secs] [Times: user=0.22 sys=0.00, real=0.22 secs] 
829632.967: [GC 829632.968: [ParNew: 1745299K->71418K(1887488K), 0.2120118 secs] 1982199K->308528K(5033216K) icms_dc=0 , 0.2121029 secs] [Times: user=0.20 sys=0.00, real=0.20 secs] 
829875.555: [GC 829875.555: [ParNew: 1749242K->70396K(1887488K), 0.2419438 secs] 1986352K->307708K(5033216K) icms_dc=0 , 0.2420417 secs] [Times: user=0.27 sys=0.00, real=0.25 secs] 
830113.504: [GC 830113.504: [ParNew: 1748220K->50411K(1887488K), 0.1427971 secs] 1985532K->287953K(5033216K) icms_dc=0 , 0.1428866 secs] [Times: user=0.16 sys=0.00, real=0.14 secs] 
830455.770: [GC 830455.770: [ParNew: 1728235K->61999K(1887488K), 0.1866074 secs] 1965777K->299761K(5033216K) icms_dc=0 , 0.1866942 secs] [Times: user=0.19 sys=0.00, real=0.19 secs] 
830703.271: [GC 830703.271: [ParNew: 1739823K->50317K(1887488K), 0.1475611 secs] 1977585K->288289K(5033216K) icms_dc=0 , 0.1476536 secs] [Times: user=0.14 sys=0.00, real=0.14 secs] 
830935.135: [GC 830935.136: [ParNew: 1728141K->73913K(1887488K), 0.2157606 secs] 1966113K->312100K(5033216K) icms_dc=0 , 0.2158477 secs] [Times: user=0.28 sys=0.00, real=0.22 secs] 
831108.436: [GC 831108.436: [ParNew: 1751737K->61149K(1887488K), 0.2043973 secs] 1989924K->299482K(5033216K) icms_dc=0 , 0.2044963 secs] [Times: user=0.20 sys=0.00, real=0.20 secs] 
831244.752: [GC 831244.752: [ParNew: 1738973K->55585K(1887488K), 0.1654547 secs] 1977306K->294261K(5033216K) icms_dc=0 , 0.1655395 secs] [Times: user=0.22 sys=0.00, real=0.17 secs] 
831406.097: [GC 831406.097: [ParNew: 1733409K->55815K(1887488K), 0.1730139 secs] 1972085K->294661K(5033216K) icms_dc=0 , 0.1731080 secs] [Times: user=0.19 sys=0.00, real=0.17 secs] 
831625.168: [GC 831625.168: [ParNew: 1733639K->64595K(1887488K), 0.2236689 secs] 1972485K->303651K(5033216K) icms_dc=0 , 0.2237676 secs] [Times: user=0.22 sys=0.00, real=0.22 secs] 
831795.247: [GC 831795.247: [ParNew: 1742419K->67833K(1887488K), 0.2325510 secs] 1981475K->307141K(5033216K) icms_dc=0 , 0.2326612 secs] [Times: user=0.22 sys=0.00, real=0.23 secs] 
832026.679: [GC 832026.679: [ParNew: 1745657K->74710K(1887488K), 0.2125966 secs] 1984965K->314193K(5033216K) icms_dc=0 , 0.2126827 secs] [Times: user=0.28 sys=0.00, real=0.22 secs] 
832222.771: [GC 832222.772: [ParNew: 1752534K->61073K(1887488K), 0.1792021 secs] 1992017K->300877K(5033216K) icms_dc=0 , 0.1792923 secs] [Times: user=0.17 sys=0.00, real=0.17 secs] 
832388.339: [GC 832388.339: [ParNew: 1738897K->87579K(1887488K), 0.2697108 secs] 1978701K->327607K(5033216K) icms_dc=0 , 0.2697984 secs] [Times: user=0.30 sys=0.00, real=0.28 secs] 
832606.088: [GC 832606.089: [ParNew: 1765403K->80758K(1887488K), 0.2687804 secs] 2005431K->320977K(5033216K) icms_dc=0 , 0.2688757 secs] [Times: user=0.30 sys=0.00, real=0.26 secs] 
832795.650: [GC 832795.650: [ParNew: 1758582K->70191K(1887488K), 0.2148033 secs] 1998801K->310725K(5033216K) icms_dc=0 , 0.2148893 secs] [Times: user=0.23 sys=0.00, real=0.22 secs] 
832942.881: [GC 832942.882: [ParNew: 1748015K->69879K(1887488K), 0.2080097 secs] 1988549K->310614K(5033216K) icms_dc=0 , 0.2081022 secs] [Times: user=0.22 sys=0.00, real=0.20 secs] 
833156.526: [GC 833156.526: [ParNew: 1747703K->67005K(1887488K), 0.2172819 secs] 1988438K->307958K(5033216K) icms_dc=0 , 0.2173798 secs] [Times: user=0.22 sys=0.00, real=0.22 secs] 
833421.946: [GC 833421.946: [ParNew: 1744829K->65325K(1887488K), 0.1966468 secs] 1985782K->306552K(5033216K) icms_dc=0 , 0.1967339 secs] [Times: user=0.27 sys=0.00, real=0.20 secs] 
833597.381: [GC 833597.381: [ParNew: 1743149K->65933K(1887488K), 0.1902094 secs] 1984376K->307367K(5033216K) icms_dc=0 , 0.1902958 secs] [Times: user=0.19 sys=0.00, real=0.19 secs] 
833878.694: [GC 833878.694: [ParNew: 1743757K->73882K(1887488K), 0.2238367 secs] 1985191K->315551K(5033216K) icms_dc=0 , 0.2239227 secs] [Times: user=0.22 sys=0.01, real=0.22 secs] 
834016.330: [GC 834016.330: [ParNew: 1751706K->40605K(1887488K), 0.1223505 secs] 1993375K->282497K(5033216K) icms_dc=0 , 0.1224377 secs] [Times: user=0.13 sys=0.00, real=0.12 secs] 
834236.060: [GC 834236.060: [ParNew: 1718429K->66672K(1887488K), 0.1988853 secs] 1960321K->308795K(5033216K) icms_dc=0 , 0.1989721 secs] [Times: user=0.20 sys=0.00, real=0.20 secs] 
834526.052: [GC 834526.052: [ParNew: 1744496K->66594K(1887488K), 0.2280070 secs] 1986619K->308879K(5033216K) icms_dc=0 , 0.2281057 secs] [Times: user=0.22 sys=0.00, real=0.22 secs] 
834714.100: [GC 834714.100: [ParNew: 1744418K->79666K(1887488K), 0.2390129 secs] 1986703K->322334K(5033216K) icms_dc=0 , 0.2390966 secs] [Times: user=0.30 sys=0.00, real=0.25 secs] 
834967.265: [GC 834967.265: [ParNew: 1757490K->69031K(1887488K), 0.2095229 secs] 2000158K->311835K(5033216K) icms_dc=0 , 0.2096086 secs] [Times: user=0.23 sys=0.00, real=0.22 secs] 
835261.626: [GC 835261.626: [ParNew: 1746855K->71383K(1887488K), 0.2075251 secs] 1989659K->314354K(5033216K) icms_dc=0 , 0.2076104 secs] [Times: user=0.25 sys=0.00, real=0.22 secs] 
835563.630: [GC 835563.630: [ParNew: 1749207K->76908K(1887488K), 0.2625551 secs] 1992178K->320096K(5033216K) icms_dc=0 , 0.2626584 secs] [Times: user=0.28 sys=0.00, real=0.27 secs] 
835917.020: [GC 835917.020: [ParNew: 1754732K->69505K(1887488K), 0.2142155 secs] 1997920K->312870K(5033216K) icms_dc=0 , 0.2143011 secs] [Times: user=0.23 sys=0.00, real=0.22 secs] 
836232.902: [GC 836232.902: [ParNew: 1747329K->56422K(1887488K), 0.1855230 secs] 1990694K->299995K(5033216K) icms_dc=0 , 0.1856263 secs] [Times: user=0.17 sys=0.00, real=0.17 secs] 
836442.971: [GC 836442.971: [ParNew: 1734246K->75693K(1887488K), 0.2175499 secs] 1977819K->319489K(5033216K) icms_dc=0 , 0.2176355 secs] [Times: user=0.22 sys=0.00, real=0.22 secs] 
836876.606: [GC 836876.606: [ParNew: 1753517K->58880K(1887488K), 0.1828464 secs] 1997313K->302950K(5033216K) icms_dc=0 , 0.1829416 secs] [Times: user=0.19 sys=0.00, real=0.19 secs] 
837152.889: [GC 837152.889: [ParNew: 1736704K->60447K(1887488K), 0.1842824 secs] 1980774K->304744K(5033216K) icms_dc=0 , 0.1843757 secs] [Times: user=0.19 sys=0.00, real=0.19 secs] 
837418.005: [GC 837418.005: [ParNew: 1738271K->75965K(1887488K), 0.2140527 secs] 1982568K->320402K(5033216K) icms_dc=0 , 0.2141352 secs] [Times: user=0.22 sys=0.00, real=0.22 secs] 
837760.967: [GC 837760.967: [ParNew: 1753789K->67961K(1887488K), 0.2053660 secs] 1998226K->312618K(5033216K) icms_dc=0 , 0.2054478 secs] [Times: user=0.23 sys=0.00, real=0.22 secs] 
837931.381: [GC 837931.381: [ParNew: 1745785K->74062K(1887488K), 0.2175514 secs] 1990442K->318964K(5033216K) icms_dc=0 , 0.2176378 secs] [Times: user=0.22 sys=0.00, real=0.22 secs] 
838206.428: [GC 838206.428: [ParNew: 1751886K->59754K(1887488K), 0.1799758 secs] 1996788K->304822K(5033216K) icms_dc=0 , 0.1800672 secs] [Times: user=0.17 sys=0.00, real=0.17 secs] 
838401.010: [GC 838401.010: [ParNew: 1737578K->74209K(1887488K), 0.2254333 secs] 1982646K->319523K(5033216K) icms_dc=0 , 0.2255158 secs] [Times: user=0.25 sys=0.00, real=0.23 secs] 
838719.935: [GC 838719.935: [ParNew: 1752033K->64977K(1887488K), 0.1996901 secs] 1997347K->310509K(5033216K) icms_dc=0 , 0.1997792 secs] [Times: user=0.20 sys=0.00, real=0.20 secs] 
838947.101: [GC 838947.101: [ParNew: 1742801K->74972K(1887488K), 0.2232055 secs] 1988333K->320773K(5033216K) icms_dc=0 , 0.2232984 secs] [Times: user=0.23 sys=0.00, real=0.22 secs] 
839185.216: [GC 839185.216: [ParNew: 1752796K->75496K(1887488K), 0.2295234 secs] 1998597K->321509K(5033216K) icms_dc=0 , 0.2296105 secs] [Times: user=0.27 sys=0.00, real=0.23 secs] 
839389.371: [GC 839389.371: [ParNew: 1753320K->71760K(1887488K), 0.2394425 secs] 1999333K->318000K(5033216K) icms_dc=0 , 0.2395397 secs] [Times: user=0.23 sys=0.00, real=0.23 secs] 
839594.579: [GC 839594.579: [ParNew: 1749584K->63488K(1887488K), 0.2132041 secs] 1995824K->309969K(5033216K) icms_dc=0 , 0.2133066 secs] [Times: user=0.23 sys=0.00, real=0.22 secs] 
839695.846: [GC 839695.846: [ParNew: 1741312K->79757K(1887488K), 0.2810050 secs] 1987793K->326428K(5033216K) icms_dc=0 , 0.2811060 secs] [Times: user=0.28 sys=0.00, real=0.28 secs] 
839839.999: [GC 839839.999: [ParNew: 1757581K->79362K(1887488K), 0.2696674 secs] 2004252K->326250K(5033216K) icms_dc=0 , 0.2697596 secs] [Times: user=0.26 sys=0.00, real=0.26 secs] 
840032.842: [GC 840032.842: [ParNew: 1757186K->71706K(1887488K), 0.2388674 secs] 2004074K->318802K(5033216K) icms_dc=0 , 0.2389641 secs] [Times: user=0.25 sys=0.00, real=0.23 secs] 
840204.949: [GC 840204.949: [ParNew: 1749530K->64273K(1887488K), 0.2129054 secs] 1996626K->311766K(5033216K) icms_dc=0 , 0.2130117 secs] [Times: user=0.22 sys=0.00, real=0.22 secs] 
840344.539: [GC 840344.539: [ParNew: 1742097K->57885K(1887488K), 0.1993292 secs] 1989590K->305689K(5033216K) icms_dc=0 , 0.1994183 secs] [Times: user=0.30 sys=0.00, real=0.20 secs] 
840617.327: [GC 840617.327: [ParNew: 1735709K->68906K(1887488K), 0.2277171 secs] 1983513K->316936K(5033216K) icms_dc=0 , 0.2278170 secs] [Times: user=0.26 sys=0.00, real=0.23 secs] 
840714.148: [GC 840714.148: [ParNew: 1746730K->41991K(1887488K), 0.1045806 secs] 1994760K->290279K(5033216K) icms_dc=0 , 0.1046689 secs] [Times: user=0.11 sys=0.00, real=0.11 secs] 
840923.743: [GC 840923.743: [ParNew: 1719815K->61709K(1887488K), 0.1982598 secs] 1968103K->310211K(5033216K) icms_dc=0 , 0.1983608 secs] [Times: user=0.20 sys=0.00, real=0.20 secs] 
841119.163: [GC 841119.163: [ParNew: 1739533K->64193K(1887488K), 0.1829009 secs] 1988035K->313050K(5033216K) icms_dc=0 , 0.1829854 secs] [Times: user=0.19 sys=0.00, real=0.19 secs] 
841287.586: [GC 841287.586: [ParNew: 1742017K->63327K(1887488K), 0.1942734 secs] 1990874K->312505K(5033216K) icms_dc=0 , 0.1943598 secs] [Times: user=0.19 sys=0.00, real=0.19 secs] 
841513.659: [GC 841513.659: [ParNew: 1741151K->49128K(1887488K), 0.1395610 secs] 1990329K->298405K(5033216K) icms_dc=0 , 0.1396677 secs] [Times: user=0.14 sys=0.00, real=0.14 secs] 
841831.885: [GC 841831.885: [ParNew: 1726952K->61380K(1887488K), 0.2008110 secs] 1976229K->310897K(5033216K) icms_dc=0 , 0.2009123 secs] [Times: user=0.20 sys=0.00, real=0.20 secs] 
842113.997: [GC 842113.997: [ParNew: 1739204K->58663K(1887488K), 0.2014553 secs] 1988721K->308411K(5033216K) icms_dc=0 , 0.2015578 secs] [Times: user=0.20 sys=0.00, real=0.20 secs] 
842346.934: [GC 842346.934: [ParNew: 1736487K->63704K(1887488K), 0.2056801 secs] 1986235K->313658K(5033216K) icms_dc=0 , 0.2057773 secs] [Times: user=0.20 sys=0.00, real=0.20 secs] 
842605.278: [GC 842605.278: [ParNew: 1741528K->64563K(1887488K), 0.1939689 secs] 1991482K->314668K(5033216K) icms_dc=0 , 0.1940622 secs] [Times: user=0.19 sys=0.00, real=0.19 secs] 
842764.218: [GC 842764.218: [ParNew: 1742387K->55196K(1887488K), 0.1639287 secs] 1992492K->305489K(5033216K) icms_dc=0 , 0.1640151 secs] [Times: user=0.16 sys=0.00, real=0.16 secs] 
842963.700: [GC 842963.700: [ParNew: 1733020K->66475K(1887488K), 0.2117696 secs] 1983313K->316965K(5033216K) icms_dc=0 , 0.2118679 secs] [Times: user=0.26 sys=0.00, real=0.22 secs] 
843256.115: [GC 843256.115: [ParNew: 1744299K->52019K(1887488K), 0.1705895 secs] 1994789K->302700K(5033216K) icms_dc=0 , 0.1706921 secs] [Times: user=0.16 sys=0.00, real=0.16 secs] 
843555.238: [GC 843555.238: [ParNew: 1729843K->65204K(1887488K), 0.2025300 secs] 1980524K->316082K(5033216K) icms_dc=0 , 0.2026164 secs] [Times: user=0.20 sys=0.00, real=0.20 secs] 
843946.138: [GC 843946.138: [ParNew: 1743028K->60801K(1887488K), 0.1811442 secs] 1993906K->311826K(5033216K) icms_dc=0 , 0.1812298 secs] [Times: user=0.20 sys=0.00, real=0.19 secs] 
844334.077: [GC 844334.077: [ParNew: 1738625K->70672K(1887488K), 0.2390482 secs] 1989650K->321921K(5033216K) icms_dc=0 , 0.2391557 secs] [Times: user=0.23 sys=0.00, real=0.23 secs] 
844666.099: [GC 844666.099: [ParNew: 1748496K->46888K(1887488K), 0.1408239 secs] 1999745K->298298K(5033216K) icms_dc=0 , 0.1409126 secs] [Times: user=0.14 sys=0.00, real=0.14 secs] 
844937.310: [GC 844937.310: [ParNew: 1724712K->58925K(1887488K), 0.1646775 secs] 1976122K->310490K(5033216K) icms_dc=0 , 0.1647643 secs] [Times: user=0.16 sys=0.00, real=0.16 secs] 
845241.015: [GC 845241.016: [ParNew: 1736749K->64504K(1887488K), 0.1957778 secs] 1988314K->316314K(5033216K) icms_dc=0 , 0.1958669 secs] [Times: user=0.19 sys=0.00, real=0.19 secs] 
845719.339: [GC 845719.339: [ParNew: 1742328K->56631K(1887488K), 0.1575548 secs] 1994138K->308678K(5033216K) icms_dc=0 , 0.1576489 secs] [Times: user=0.17 sys=0.00, real=0.17 secs] 
846035.702: [GC 846035.702: [ParNew: 1734455K->54378K(1887488K), 0.1644456 secs] 1986502K->306573K(5033216K) icms_dc=0 , 0.1645370 secs] [Times: user=0.16 sys=0.00, real=0.16 secs] 
846709.085: [GC 846709.085: [ParNew: 1732202K->63709K(1887488K), 0.2130286 secs] 1984397K->316072K(5033216K) icms_dc=0 , 0.2131261 secs] [Times: user=0.20 sys=0.00, real=0.20 secs] 
847453.874: [GC 847453.874: [ParNew: 1741533K->51346K(1887488K), 0.1465946 secs] 1993896K->303912K(5033216K) icms_dc=0 , 0.1466899 secs] [Times: user=0.16 sys=0.00, real=0.16 secs] 
847915.215: [GC 847915.215: [ParNew: 1729170K->58056K(1887488K), 0.1717691 secs] 1981736K->310828K(5033216K) icms_dc=0 , 0.1718566 secs] [Times: user=0.19 sys=0.00, real=0.17 secs] 
848530.082: [GC 848530.082: [ParNew: 1735880K->57504K(1887488K), 0.1917841 secs] 1988652K->310492K(5033216K) icms_dc=0 , 0.1918836 secs] [Times: user=0.20 sys=0.00, real=0.19 secs] 
849171.400: [GC 849171.400: [ParNew: 1735328K->52911K(1887488K), 0.1466442 secs] 1988316K->306143K(5033216K) icms_dc=0 , 0.1467290 secs] [Times: user=0.22 sys=0.00, real=0.16 secs] 
849667.420: [GC 849667.420: [ParNew: 1730735K->60059K(1887488K), 0.1812890 secs] 1983967K->313483K(5033216K) icms_dc=0 , 0.1813765 secs] [Times: user=0.17 sys=0.00, real=0.17 secs] 
850554.035: [GC 850554.035: [ParNew: 1737883K->53589K(1887488K), 0.1628697 secs] 1991307K->307182K(5033216K) icms_dc=0 , 0.1629669 secs] [Times: user=0.16 sys=0.00, real=0.16 secs] 
851161.030: [GC 851161.030: [ParNew: 1731413K->63722K(1887488K), 0.2098873 secs] 1985006K->317503K(5033216K) icms_dc=0 , 0.2099833 secs] [Times: user=0.20 sys=0.00, real=0.20 secs] 
852018.777: [GC 852018.777: [ParNew: 1741546K->48733K(1887488K), 0.1529655 secs] 1995327K->302714K(5033216K) icms_dc=0 , 0.1530512 secs] [Times: user=0.16 sys=0.00, real=0.16 secs] 
852374.294: [GC 852374.294: [ParNew: 1726557K->48528K(1887488K), 0.1419647 secs] 1980538K->302665K(5033216K) icms_dc=0 , 0.1420538 secs] [Times: user=0.14 sys=0.00, real=0.14 secs] 
853262.405: [GC 853262.405: [ParNew: 1726352K->40058K(1887488K), 0.1245376 secs] 1980489K->294408K(5033216K) icms_dc=0 , 0.1246237 secs] [Times: user=0.12 sys=0.00, real=0.13 secs] 
854214.844: [GC 854214.844: [ParNew: 1717882K->45360K(1887488K), 0.1541750 secs] 1972232K->299893K(5033216K) icms_dc=0 , 0.1542860 secs] [Times: user=0.17 sys=0.00, real=0.16 secs] 
855719.968: [GC 855719.968: [ParNew: 1723184K->26775K(1887488K), 0.0925208 secs] 1977717K->281545K(5033216K) icms_dc=0 , 0.0926210 secs] [Times: user=0.08 sys=0.00, real=0.08 secs] 
857739.758: [GC 857739.759: [ParNew: 1704599K->14359K(1887488K), 0.0498578 secs] 1959369K->269271K(5033216K) icms_dc=0 , 0.0499458 secs] [Times: user=0.08 sys=0.00, real=0.06 secs] 
859130.743: [GC 859130.743: [ParNew: 1692183K->34235K(1887488K), 0.1151810 secs] 1947095K->289262K(5033216K) icms_dc=0 , 0.1152873 secs] [Times: user=0.11 sys=0.00, real=0.11 secs] 
861019.667: [GC 861019.667: [ParNew: 1712059K->9561K(1887488K), 0.0327219 secs] 1967086K->264819K(5033216K) icms_dc=0 , 0.0328155 secs] [Times: user=0.03 sys=0.00, real=0.03 secs] 
862906.874: [GC 862906.874: [ParNew: 1687385K->24952K(1887488K), 0.0738739 secs] 1942643K->280380K(5033216K) icms_dc=0 , 0.0739626 secs] [Times: user=0.14 sys=0.00, real=0.08 secs] 
864904.557: [GC 864904.557: [ParNew: 1702776K->14980K(1887488K), 0.0518315 secs] 1958204K->270556K(5033216K) icms_dc=0 , 0.0519213 secs] [Times: user=0.09 sys=0.00, real=0.05 secs] 
866966.248: [GC 866966.248: [ParNew: 1692804K->14588K(1887488K), 0.0595493 secs] 1948380K->270353K(5033216K) icms_dc=0 , 0.0596461 secs] [Times: user=0.03 sys=0.00, real=0.05 secs] 
869110.426: [GC 869110.426: [ParNew: 1692412K->12850K(1887488K), 0.0445367 secs] 1948177K->268754K(5033216K) icms_dc=0 , 0.0446323 secs] [Times: user=0.06 sys=0.00, real=0.05 secs] 
870998.488: [GC 870998.488: [ParNew: 1690674K->13999K(1887488K), 0.0527872 secs] 1946578K->270060K(5033216K) icms_dc=0 , 0.0528928 secs] [Times: user=0.05 sys=0.00, real=0.05 secs] 
873078.917: [GC 873078.917: [ParNew: 1691823K->6689K(1887488K), 0.0267852 secs] 1947884K->262881K(5033216K) icms_dc=0 , 0.0268824 secs] [Times: user=0.01 sys=0.00, real=0.02 secs] 
874564.269: [GC 874564.269: [ParNew: 1684513K->24384K(1887488K), 0.0869831 secs] 1940705K->280800K(5033216K) icms_dc=0 , 0.0870841 secs] [Times: user=0.11 sys=0.00, real=0.09 secs] 
876337.952: [GC 876337.952: [ParNew: 1702208K->23553K(1887488K), 0.0693007 secs] 1958624K->280135K(5033216K) icms_dc=0 , 0.0693867 secs] [Times: user=0.06 sys=0.00, real=0.06 secs] 
877954.049: [GC 877954.049: [ParNew: 1701377K->25345K(1887488K), 0.0809781 secs] 1957959K->282096K(5033216K) icms_dc=0 , 0.0810641 secs] [Times: user=0.08 sys=0.00, real=0.08 secs] 
879353.064: [GC 879353.064: [ParNew: 1703169K->36588K(1887488K), 0.1109281 secs] 1959920K->293461K(5033216K) icms_dc=0 , 0.1110252 secs] [Times: user=0.13 sys=0.00, real=0.11 secs] 
880975.098: [GC 880975.098: [ParNew: 1714412K->28615K(1887488K), 0.1073775 secs] 1971285K->285611K(5033216K) icms_dc=0 , 0.1074788 secs] [Times: user=0.11 sys=0.00, real=0.11 secs] 
882410.112: [GC 882410.112: [ParNew: 1706439K->33325K(1887488K), 0.1039044 secs] 1963435K->290479K(5033216K) icms_dc=0 , 0.1040108 secs] [Times: user=0.11 sys=0.00, real=0.11 secs] 
883697.334: [GC 883697.334: [ParNew: 1711149K->36003K(1887488K), 0.1200690 secs] 1968303K->293328K(5033216K) icms_dc=0 , 0.1201642 secs] [Times: user=0.11 sys=0.00, real=0.11 secs] 
884930.552: [GC 884930.552: [ParNew: 1713827K->36702K(1887488K), 0.1106555 secs] 1971152K->294223K(5033216K) icms_dc=0 , 0.1107419 secs] [Times: user=0.11 sys=0.00, real=0.11 secs] 
886008.915: [GC 886008.915: [ParNew: 1714526K->36156K(1887488K), 0.1177970 secs] 1972047K->293902K(5033216K) icms_dc=0 , 0.1178911 secs] [Times: user=0.11 sys=0.00, real=0.11 secs] 
887316.014: [GC 887316.014: [ParNew: 1713980K->35892K(1887488K), 0.1109584 secs] 1971726K->293831K(5033216K) icms_dc=0 , 0.1110487 secs] [Times: user=0.11 sys=0.00, real=0.11 secs] 
888756.536: [GC 888756.536: [ParNew: 1713716K->27936K(1887488K), 0.0781571 secs] 1971655K->286087K(5033216K) icms_dc=0 , 0.0782519 secs] [Times: user=0.08 sys=0.00, real=0.08 secs] 
890082.373: [GC 890082.373: [ParNew: 1705760K->36261K(1887488K), 0.1163529 secs] 1963911K->294622K(5033216K) icms_dc=0 , 0.1164450 secs] [Times: user=0.11 sys=0.00, real=0.11 secs] 
891168.803: [GC 891168.803: [ParNew: 1714085K->35313K(1887488K), 0.1158149 secs] 1972446K->293868K(5033216K) icms_dc=0 , 0.1159201 secs] [Times: user=0.11 sys=0.00, real=0.11 secs] 
892503.285: [GC 892503.286: [ParNew: 1713137K->39083K(1887488K), 0.1201769 secs] 1971692K->297796K(5033216K) icms_dc=0 , 0.1202698 secs] [Times: user=0.19 sys=0.00, real=0.12 secs] 
893587.095: [GC 893587.095: [ParNew: 1716907K->47359K(1887488K), 0.1583239 secs] 1975620K->306238K(5033216K) icms_dc=0 , 0.1584199 secs] [Times: user=0.16 sys=0.00, real=0.16 secs] 
894687.806: [GC 894687.806: [ParNew: 1725183K->39945K(1887488K), 0.1254400 secs] 1984062K->298951K(5033216K) icms_dc=0 , 0.1255329 secs] [Times: user=0.14 sys=0.00, real=0.13 secs] 
895399.633: [GC 895399.633: [ParNew: 1717769K->54223K(1887488K), 0.1990431 secs] 1976775K->313394K(5033216K) icms_dc=0 , 0.1991487 secs] [Times: user=0.19 sys=0.00, real=0.19 secs] 
896152.297: [GC 896152.297: [ParNew: 1732047K->57367K(1887488K), 0.2037038 secs] 1991218K->316684K(5033216K) icms_dc=0 , 0.2038052 secs] [Times: user=0.20 sys=0.00, real=0.20 secs] 
896899.052: [GC 896899.052: [ParNew: 1735191K->57001K(1887488K), 0.1837360 secs] 1994508K->316499K(5033216K) icms_dc=0 , 0.1838270 secs] [Times: user=0.20 sys=0.00, real=0.19 secs] 
897592.196: [GC 897592.196: [ParNew: 1734825K->58172K(1887488K), 0.1606680 secs] 1994323K->317852K(5033216K) icms_dc=0 , 0.1607590 secs] [Times: user=0.16 sys=0.00, real=0.16 secs] 
898025.249: [GC 898025.249: [ParNew: 1735996K->45294K(1887488K), 0.1371251 secs] 1995676K->305159K(5033216K) icms_dc=0 , 0.1372207 secs] [Times: user=0.13 sys=0.00, real=0.13 secs] 
898609.422: [GC 898609.422: [ParNew: 1723118K->68967K(1887488K), 0.2005502 secs] 1982983K->329025K(5033216K) icms_dc=0 , 0.2006869 secs] [Times: user=0.20 sys=0.00, real=0.20 secs] 
898944.803: [GC 898944.803: [ParNew: 1746791K->64727K(1887488K), 0.1956791 secs] 2006849K->324964K(5033216K) icms_dc=0 , 0.1957655 secs] [Times: user=0.22 sys=0.00, real=0.20 secs] 
899237.614: [GC 899237.614: [ParNew: 1742551K->75948K(1887488K), 0.2665737 secs] 2002788K->336338K(5033216K) icms_dc=0 , 0.2666759 secs] [Times: user=0.26 sys=0.00, real=0.27 secs] 
899615.186: [GC 899615.186: [ParNew: 1753772K->62618K(1887488K), 0.2228269 secs] 2014162K->323129K(5033216K) icms_dc=0 , 0.2229225 secs] [Times: user=0.22 sys=0.00, real=0.22 secs] 
899933.506: [GC 899933.506: [ParNew: 1740442K->69767K(1887488K), 0.2204124 secs] 2000953K->330517K(5033216K) icms_dc=0 , 0.2204977 secs] [Times: user=0.22 sys=0.00, real=0.22 secs] 
900167.986: [GC 900167.986: [ParNew: 1747591K->55381K(1887488K), 0.1719442 secs] 2008341K->316328K(5033216K) icms_dc=0 , 0.1720310 secs] [Times: user=0.17 sys=0.00, real=0.17 secs] 
900408.560: [GC 900408.560: [ParNew: 1733205K->50366K(1887488K), 0.1208369 secs] 1994152K->311544K(5033216K) icms_dc=0 , 0.1209206 secs] [Times: user=0.11 sys=0.00, real=0.11 secs] 
900579.198: [GC 900579.198: [ParNew: 1728190K->47924K(1887488K), 0.1265259 secs] 1989368K->309319K(5033216K) icms_dc=0 , 0.1266188 secs] [Times: user=0.19 sys=0.00, real=0.13 secs] 
900854.496: [GC 900854.497: [ParNew: 1725748K->76499K(1887488K), 0.2585690 secs] 1987143K->338108K(5033216K) icms_dc=0 , 0.2586647 secs] [Times: user=0.27 sys=0.00, real=0.27 secs] 
901183.486: [GC 901183.486: [ParNew: 1754323K->58703K(1887488K), 0.1779388 secs] 2015932K->320455K(5033216K) icms_dc=0 , 0.1780267 secs] [Times: user=0.17 sys=0.00, real=0.17 secs] 
901599.490: [GC 901599.490: [ParNew: 1736527K->69797K(1887488K), 0.2286529 secs] 1998279K->331679K(5033216K) icms_dc=0 , 0.2287500 secs] [Times: user=0.22 sys=0.00, real=0.22 secs] 
901891.860: [GC 901891.860: [ParNew: 1747621K->75739K(1887488K), 0.2280873 secs] 2009503K->337797K(5033216K) icms_dc=0 , 0.2281745 secs] [Times: user=0.23 sys=0.00, real=0.23 secs] 
902194.111: [GC 902194.111: [ParNew: 1753563K->71001K(1887488K), 0.2261939 secs] 2015621K->333362K(5033216K) icms_dc=0 , 0.2262853 secs] [Times: user=0.22 sys=0.00, real=0.22 secs] 
902628.466: [GC 902628.466: [ParNew: 1748825K->68035K(1887488K), 0.1998261 secs] 2011186K->330604K(5033216K) icms_dc=0 , 0.1999132 secs] [Times: user=0.20 sys=0.00, real=0.20 secs] 
902896.796: [GC 902896.796: [ParNew: 1745859K->73348K(1887488K), 0.2510159 secs] 2008428K->336123K(5033216K) icms_dc=0 , 0.2511150 secs] [Times: user=0.25 sys=0.00, real=0.25 secs] 
903107.745: [GC 903107.745: [ParNew: 1751172K->66854K(1887488K), 0.2015489 secs] 2013947K->329904K(5033216K) icms_dc=0 , 0.2016396 secs] [Times: user=0.20 sys=0.00, real=0.20 secs] 
903337.423: [GC 903337.424: [ParNew: 1744678K->54013K(1887488K), 0.1536912 secs] 2007728K->317256K(5033216K) icms_dc=0 , 0.1537819 secs] [Times: user=0.22 sys=0.00, real=0.16 secs] 
903571.230: [GC 903571.230: [ParNew: 1731837K->58743K(1887488K), 0.1929952 secs] 1995080K->322208K(5033216K) icms_dc=0 , 0.1931019 secs] [Times: user=0.22 sys=0.00, real=0.20 secs] 
903805.794: [GC 903805.794: [ParNew: 1736567K->66029K(1887488K), 0.1874130 secs] 2000032K->329700K(5033216K) icms_dc=0 , 0.1874986 secs] [Times: user=0.19 sys=0.00, real=0.19 secs] 
904003.473: [GC 904003.473: [ParNew: 1743853K->68141K(1887488K), 0.2053415 secs] 2007524K->332109K(5033216K) icms_dc=0 , 0.2054321 secs] [Times: user=0.20 sys=0.00, real=0.20 secs] 
904056.141: [GC 904056.141: [ParNew: 1745965K->32929K(1887488K), 0.1045987 secs] 2009933K->297068K(5033216K) icms_dc=0 , 0.1047004 secs] [Times: user=0.13 sys=0.00, real=0.11 secs] 
904352.151: [GC 904352.151: [ParNew: 1710753K->66560K(1887488K), 0.2007576 secs] 1974892K->330884K(5033216K) icms_dc=0 , 0.2008436 secs] [Times: user=0.20 sys=0.00, real=0.20 secs] 
904605.728: [GC 904605.728: [ParNew: 1744205K->67734K(1887488K), 0.1949362 secs] 2008530K->332300K(5033216K) icms_dc=0 , 0.1950268 secs] [Times: user=0.25 sys=0.00, real=0.20 secs] 
904827.440: [GC 904827.440: [ParNew: 1745558K->67226K(1887488K), 0.2014748 secs] 2010124K->331958K(5033216K) icms_dc=0 , 0.2015593 secs] [Times: user=0.20 sys=0.00, real=0.20 secs] 
905129.577: [GC 905129.577: [ParNew: 1745050K->64125K(1887488K), 0.1818872 secs] 2009782K->328913K(5033216K) icms_dc=0 , 0.1819801 secs] [Times: user=0.23 sys=0.00, real=0.19 secs] 
905375.997: [GC 905375.997: [ParNew: 1741949K->68530K(1887488K), 0.2076372 secs] 2006737K->333580K(5033216K) icms_dc=0 , 0.2077252 secs] [Times: user=0.23 sys=0.00, real=0.20 secs] 
905662.988: [GC 905662.989: [ParNew: 1746354K->63920K(1887488K), 0.1846756 secs] 2011404K->329167K(5033216K) icms_dc=0 , 0.1847639 secs] [Times: user=0.17 sys=0.00, real=0.17 secs] 
905898.020: [GC 905898.020: [ParNew: 1741744K->67950K(1887488K), 0.2050873 secs] 2006991K->333398K(5033216K) icms_dc=0 , 0.2051867 secs] [Times: user=0.20 sys=0.00, real=0.20 secs] 
906116.921: [GC 906116.921: [ParNew: 1745774K->57582K(1887488K), 0.1589490 secs] 2011222K->323190K(5033216K) icms_dc=0 , 0.1590354 secs] [Times: user=0.16 sys=0.00, real=0.16 secs] 
906377.103: [GC 906377.103: [ParNew: 1735406K->71354K(1887488K), 0.2409953 secs] 2001014K->337153K(5033216K) icms_dc=0 , 0.2411036 secs] [Times: user=0.23 sys=0.00, real=0.23 secs] 
906634.749: [GC 906634.749: [ParNew: 1749178K->68092K(1887488K), 0.2109978 secs] 2014977K->334164K(5033216K) icms_dc=0 , 0.2110888 secs] [Times: user=0.20 sys=0.00, real=0.20 secs] 
906829.758: [GC 906829.758: [ParNew: 1745916K->77882K(1887488K), 0.2241366 secs] 2011988K->344155K(5033216K) icms_dc=0 , 0.2242195 secs] [Times: user=0.22 sys=0.00, real=0.22 secs] 
907027.645: [GC 907027.645: [ParNew: 1755706K->65205K(1887488K), 0.2279894 secs] 2021979K->331651K(5033216K) icms_dc=0 , 0.2280950 secs] [Times: user=0.30 sys=0.00, real=0.23 secs] 
907184.429: [GC 907184.429: [ParNew: 1743029K->61178K(1887488K), 0.1820346 secs] 2009475K->327876K(5033216K) icms_dc=0 , 0.1821218 secs] [Times: user=0.19 sys=0.00, real=0.19 secs] 
907447.477: [GC 907447.477: [ParNew: 1739002K->66189K(1887488K), 0.2224164 secs] 2005700K->333101K(5033216K) icms_dc=0 , 0.2225124 secs] [Times: user=0.25 sys=0.00, real=0.23 secs] 
907658.115: [GC 907658.115: [ParNew: 1744013K->56331K(1887488K), 0.1644022 secs] 2010925K->323409K(5033216K) icms_dc=0 , 0.1644916 secs] [Times: user=0.20 sys=0.00, real=0.17 secs] 
907847.259: [GC 907847.259: [ParNew: 1734155K->64549K(1887488K), 0.2210633 secs] 2001233K->331792K(5033216K) icms_dc=0 , 0.2211738 secs] [Times: user=0.28 sys=0.00, real=0.22 secs] 
908048.049: [GC 908048.049: [ParNew: 1742373K->77679K(1887488K), 0.2136384 secs] 2009616K->345084K(5033216K) icms_dc=0 , 0.2137232 secs] [Times: user=0.22 sys=0.00, real=0.22 secs] 
908266.065: [GC 908266.065: [ParNew: 1755503K->63469K(1887488K), 0.1854931 secs] 2022908K->331055K(5033216K) icms_dc=0 , 0.1855783 secs] [Times: user=0.19 sys=0.00, real=0.19 secs] 
908478.904: [GC 908478.904: [ParNew: 1741293K->62769K(1887488K), 0.2096055 secs] 2008879K->330623K(5033216K) icms_dc=0 , 0.2097049 secs] [Times: user=0.20 sys=0.00, real=0.20 secs] 
908833.124: [GC 908833.124: [ParNew: 1740593K->68434K(1887488K), 0.2370293 secs] 2008447K->336533K(5033216K) icms_dc=0 , 0.2371341 secs] [Times: user=0.23 sys=0.00, real=0.23 secs] 
909083.502: [GC 909083.502: [ParNew: 1746258K->76121K(1887488K), 0.2298973 secs] 2014357K->344433K(5033216K) icms_dc=0 , 0.2299837 secs] [Times: user=0.23 sys=0.00, real=0.23 secs] 
909344.521: [GC 909344.521: [ParNew: 1753945K->70487K(1887488K), 0.2433111 secs] 2022257K->339057K(5033216K) icms_dc=0 , 0.2434148 secs] [Times: user=0.23 sys=0.00, real=0.23 secs] 
909612.456: [GC 909612.456: [ParNew: 1748311K->67480K(1887488K), 0.1980533 secs] 2016881K->336240K(5033216K) icms_dc=0 , 0.1981466 secs] [Times: user=0.22 sys=0.00, real=0.20 secs] 
909839.388: [GC 909839.388: [ParNew: 1745304K->67221K(1887488K), 0.2350979 secs] 2014064K->336279K(5033216K) icms_dc=0 , 0.2351839 secs] [Times: user=0.23 sys=0.00, real=0.23 secs] 
910053.417: [GC 910053.417: [ParNew: 1745045K->64869K(1887488K), 0.2010237 secs] 2014103K->334137K(5033216K) icms_dc=0 , 0.2011016 secs] [Times: user=0.22 sys=0.00, real=0.20 secs] 
910284.186: [GC 910284.186: [ParNew: 1742693K->65293K(1887488K), 0.2190079 secs] 2011961K->334751K(5033216K) icms_dc=0 , 0.2193254 secs] [Times: user=0.25 sys=0.00, real=0.23 secs] 
910661.759: [GC 910661.759: [ParNew: 1743117K->68576K(1887488K), 0.2290449 secs] 2012575K->338262K(5033216K) icms_dc=0 , 0.2291547 secs] [Times: user=0.22 sys=0.00, real=0.22 secs] 
911084.210: [GC 911084.210: [ParNew: 1746400K->71710K(1887488K), 0.2090714 secs] 2016086K->341601K(5033216K) icms_dc=0 , 0.2091593 secs] [Times: user=0.20 sys=0.00, real=0.20 secs] 
911288.901: [GC 911288.901: [ParNew: 1749534K->82565K(1887488K), 0.2598680 secs] 2019425K->352602K(5033216K) icms_dc=0 , 0.2599556 secs] [Times: user=0.33 sys=0.00, real=0.27 secs] 
911510.464: [GC 911510.464: [ParNew: 1760389K->61789K(1887488K), 0.1807737 secs] 2030426K->332013K(5033216K) icms_dc=0 , 0.1808677 secs] [Times: user=0.17 sys=0.00, real=0.19 secs] 
911833.132: [GC 911833.132: [ParNew: 1739613K->72408K(1887488K), 0.2333047 secs] 2009837K->342819K(5033216K) icms_dc=0 , 0.2333996 secs] [Times: user=0.23 sys=0.00, real=0.23 secs] 
912127.623: [GC 912127.623: [ParNew: 1750232K->57227K(1887488K), 0.1761648 secs] 2020643K->327982K(5033216K) icms_dc=0 , 0.1762604 secs] [Times: user=0.17 sys=0.02, real=0.19 secs] 
912498.252: [GC 912498.252: [ParNew: 1735051K->60248K(1887488K), 0.2026667 secs] 2005806K->331189K(5033216K) icms_dc=0 , 0.2027658 secs] [Times: user=0.22 sys=0.00, real=0.20 secs] 
912766.734: [GC 912766.734: [ParNew: 1738072K->58995K(1887488K), 0.1724226 secs] 2009013K->330114K(5033216K) icms_dc=0 , 0.1725159 secs] [Times: user=0.19 sys=0.00, real=0.17 secs] 
913036.472: [GC 913036.472: [ParNew: 1736819K->56729K(1887488K), 0.1741398 secs] 2007938K->328107K(5033216K) icms_dc=0 , 0.1742334 secs] [Times: user=0.17 sys=0.00, real=0.17 secs] 
913307.400: [GC 913307.400: [ParNew: 1734553K->75282K(1887488K), 0.2687202 secs] 2005931K->346839K(5033216K) icms_dc=0 , 0.2688304 secs] [Times: user=0.30 sys=0.00, real=0.28 secs] 
913447.206: [GC 913447.206: [ParNew: 1753106K->67109K(1887488K), 0.2248500 secs] 2024663K->338947K(5033216K) icms_dc=0 , 0.2251902 secs] [Times: user=0.22 sys=0.02, real=0.23 secs] 
913758.076: [GC 913758.076: [ParNew: 1744933K->61684K(1887488K), 0.2081871 secs] 2016771K->333729K(5033216K) icms_dc=0 , 0.2082919 secs] [Times: user=0.20 sys=0.00, real=0.20 secs] 
914202.534: [GC 914202.534: [ParNew: 1739508K->57352K(1887488K), 0.1793522 secs] 2011553K->329574K(5033216K) icms_dc=0 , 0.1794424 secs] [Times: user=0.20 sys=0.00, real=0.19 secs] 
914919.924: [GC 914919.924: [ParNew: 1735176K->39208K(1887488K), 0.1226427 secs] 2007398K->311632K(5033216K) icms_dc=0 , 0.1227307 secs] [Times: user=0.14 sys=0.00, real=0.13 secs] 
915395.951: [GC 915395.951: [ParNew: 1717032K->66260K(1887488K), 0.2020704 secs] 1989456K->338856K(5033216K) icms_dc=0 , 0.2021529 secs] [Times: user=0.20 sys=0.00, real=0.20 secs] 
915637.814: [GC 915637.814: [ParNew: 1744084K->73299K(1887488K), 0.2467634 secs] 2016680K->346100K(5033216K) icms_dc=0 , 0.2468582 secs] [Times: user=0.25 sys=0.00, real=0.25 secs] 
915750.073: [GC 915750.073: [ParNew: 1751123K->71627K(1887488K), 0.2118464 secs] 2023924K->344602K(5033216K) icms_dc=0 , 0.2119366 secs] [Times: user=0.20 sys=0.00, real=0.20 secs] 
915894.020: [GC 915894.020: [ParNew: 1749451K->77955K(1887488K), 0.2286003 secs] 2022426K->351039K(5033216K) icms_dc=0 , 0.2286851 secs] [Times: user=0.25 sys=0.00, real=0.23 secs] 
916144.682: [GC 916144.682: [ParNew: 1755779K->83806K(1887488K), 0.2509253 secs] 2028863K->357089K(5033216K) icms_dc=0 , 0.2510132 secs] [Times: user=0.25 sys=0.00, real=0.25 secs] 
916329.085: [GC 916329.085: [ParNew: 1761630K->71517K(1887488K), 0.2187206 secs] 2034913K->345017K(5033216K) icms_dc=0 , 0.2188116 secs] [Times: user=0.23 sys=0.00, real=0.22 secs] 
916441.427: [GC 916441.427: [ParNew: 1749341K->58784K(1887488K), 0.1734521 secs] 2022841K->332447K(5033216K) icms_dc=0 , 0.1735404 secs] [Times: user=0.17 sys=0.00, real=0.17 secs] 
916608.474: [GC 916608.474: [ParNew: 1736608K->77460K(1887488K), 0.2191342 secs] 2010271K->351330K(5033216K) icms_dc=0 , 0.2192171 secs] [Times: user=0.22 sys=0.00, real=0.22 secs] 
916789.583: [GC 916789.583: [ParNew: 1755284K->73797K(1887488K), 0.2031044 secs] 2029154K->347917K(5033216K) icms_dc=0 , 0.2031908 secs] [Times: user=0.20 sys=0.00, real=0.20 secs] 
916945.256: [GC 916945.256: [ParNew: 1751621K->67895K(1887488K), 0.1974827 secs] 2025741K->342217K(5033216K) icms_dc=0 , 0.1975679 secs] [Times: user=0.27 sys=0.00, real=0.20 secs] 
917148.982: [GC 917148.982: [ParNew: 1745719K->75543K(1887488K), 0.2284966 secs] 2020041K->349985K(5033216K) icms_dc=0 , 0.2285857 secs] [Times: user=0.25 sys=0.00, real=0.23 secs] 
917394.250: [GC 917394.250: [ParNew: 1753367K->80500K(1887488K), 0.2321255 secs] 2027809K->355139K(5033216K) icms_dc=0 , 0.2322096 secs] [Times: user=0.23 sys=0.00, real=0.23 secs] 
917573.812: [GC 917573.812: [ParNew: 1758324K->70446K(1887488K), 0.2122561 secs] 2032963K->345373K(5033216K) icms_dc=0 , 0.2123486 secs] [Times: user=0.20 sys=0.00, real=0.20 secs] 
917882.292: [GC 917882.292: [ParNew: 1748270K->75843K(1887488K), 0.2245954 secs] 2023197K->350918K(5033216K) icms_dc=0 , 0.2246849 secs] [Times: user=0.22 sys=0.00, real=0.22 secs] 
918153.028: [GC 918153.028: [ParNew: 1753667K->62454K(1887488K), 0.1920967 secs] 2028742K->337727K(5033216K) icms_dc=0 , 0.1925897 secs] [Times: user=0.20 sys=0.00, real=0.20 secs] 
918344.992: [GC 918344.992: [ParNew: 1740278K->64437K(1887488K), 0.1925555 secs] 2015551K->339952K(5033216K) icms_dc=0 , 0.1926458 secs] [Times: user=0.19 sys=0.00, real=0.19 secs] 
918450.891: [GC 918450.891: [ParNew: 1742261K->57928K(1887488K), 0.1874844 secs] 2017776K->333670K(5033216K) icms_dc=0 , 0.1875792 secs] [Times: user=0.19 sys=0.00, real=0.19 secs] 
918613.412: [GC 918613.413: [ParNew: 1735752K->56668K(1887488K), 0.1696684 secs] 2011494K->332672K(5033216K) icms_dc=0 , 0.1697575 secs] [Times: user=0.17 sys=0.00, real=0.17 secs] 
918760.668: [GC 918760.668: [ParNew: 1734492K->76475K(1887488K), 0.2196898 secs] 2010496K->352685K(5033216K) icms_dc=0 , 0.2197743 secs] [Times: user=0.22 sys=0.00, real=0.22 secs] 
918959.171: [GC 918959.171: [ParNew: 1754299K->76509K(1887488K), 0.2607347 secs] 2030509K->352955K(5033216K) icms_dc=0 , 0.2608322 secs] [Times: user=0.25 sys=0.00, real=0.25 secs] 
919256.650: [GC 919256.650: [ParNew: 1754333K->66281K(1887488K), 0.2054624 secs] 2030779K->342825K(5033216K) icms_dc=0 , 0.2055611 secs] [Times: user=0.28 sys=0.00, real=0.22 secs] 
919466.825: [GC 919466.825: [ParNew: 1744105K->67151K(1887488K), 0.2145180 secs] 2020649K->343833K(5033216K) icms_dc=0 , 0.2146175 secs] [Times: user=0.20 sys=0.00, real=0.20 secs] 
919657.908: [GC 919657.908: [ParNew: 1744975K->66196K(1887488K), 0.2022420 secs] 2021657K->343074K(5033216K) icms_dc=0 , 0.2023292 secs] [Times: user=0.20 sys=0.00, real=0.20 secs] 
919833.578: [GC 919833.578: [ParNew: 1744020K->84067K(1887488K), 0.2892992 secs] 2020898K->361138K(5033216K) icms_dc=0 , 0.2894025 secs] [Times: user=0.31 sys=0.00, real=0.30 secs] 
920026.907: [GC 920026.907: [ParNew: 1761891K->71756K(1887488K), 0.2154680 secs] 2038962K->349063K(5033216K) icms_dc=0 , 0.2155559 secs] [Times: user=0.23 sys=0.00, real=0.22 secs] 
920412.701: [GC 920412.701: [ParNew: 1749580K->65452K(1887488K), 0.2161469 secs] 2026887K->342939K(5033216K) icms_dc=0 , 0.2162551 secs] [Times: user=0.20 sys=0.00, real=0.20 secs] 
920603.189: [GC 920603.189: [ParNew: 1743276K->65085K(1887488K), 0.2147296 secs] 2020763K->342724K(5033216K) icms_dc=0 , 0.2148379 secs] [Times: user=0.20 sys=0.00, real=0.20 secs] 
920867.633: [GC 920867.633: [ParNew: 1742909K->64280K(1887488K), 0.1889224 secs] 2020548K->342080K(5033216K) icms_dc=0 , 0.1890107 secs] [Times: user=0.19 sys=0.00, real=0.19 secs] 
921050.922: [GC 921050.922: [ParNew: 1742104K->65736K(1887488K), 0.1973345 secs] 2019904K->343759K(5033216K) icms_dc=0 , 0.1974316 secs] [Times: user=0.22 sys=0.00, real=0.20 secs] 
921338.084: [GC 921338.084: [ParNew: 1743560K->76263K(1887488K), 0.2333792 secs] 2021583K->354516K(5033216K) icms_dc=0 , 0.2334660 secs] [Times: user=0.25 sys=0.00, real=0.23 secs] 
921592.506: [GC 921592.506: [ParNew: 1754087K->69634K(1887488K), 0.2009661 secs] 2032340K->348137K(5033216K) icms_dc=0 , 0.2010563 secs] [Times: user=0.19 sys=0.00, real=0.20 secs] 
921849.403: [GC 921849.403: [ParNew: 1747458K->56628K(1887488K), 0.1851928 secs] 2025961K->335260K(5033216K) icms_dc=0 , 0.1852911 secs] [Times: user=0.19 sys=0.00, real=0.19 secs] 
922076.316: [GC 922076.317: [ParNew: 1734452K->54935K(1887488K), 0.1683264 secs] 2013084K->333777K(5033216K) icms_dc=0 , 0.1684132 secs] [Times: user=0.16 sys=0.02, real=0.17 secs] 
922293.136: [GC 922293.136: [ParNew: 1732759K->62384K(1887488K), 0.1922307 secs] 2011601K->341457K(5033216K) icms_dc=0 , 0.1923194 secs] [Times: user=0.20 sys=0.00, real=0.19 secs] 
922436.637: [GC 922436.637: [ParNew: 1740208K->66924K(1887488K), 0.1916659 secs] 2019281K->346157K(5033216K) icms_dc=0 , 0.1917545 secs] [Times: user=0.19 sys=0.00, real=0.19 secs] 
922596.093: [GC 922596.093: [ParNew: 1744748K->68580K(1887488K), 0.1783493 secs] 2023981K->348157K(5033216K) icms_dc=0 , 0.1784376 secs] [Times: user=0.17 sys=0.00, real=0.17 secs] 
922822.370: [GC 922822.370: [ParNew: 1746404K->66937K(1887488K), 0.2113506 secs] 2025981K->346692K(5033216K) icms_dc=0 , 0.2114432 secs] [Times: user=0.28 sys=0.00, real=0.22 secs] 
923021.456: [GC 923021.456: [ParNew: 1744761K->54110K(1887488K), 0.1741229 secs] 2024516K->334094K(5033216K) icms_dc=0 , 0.1742296 secs] [Times: user=0.17 sys=0.00, real=0.17 secs] 
923267.842: [GC 923267.842: [ParNew: 1731934K->62292K(1887488K), 0.1759655 secs] 2011918K->342463K(5033216K) icms_dc=0 , 0.1760581 secs] [Times: user=0.17 sys=0.00, real=0.17 secs] 
923492.798: [GC 923492.798: [ParNew: 1740116K->61871K(1887488K), 0.1835241 secs] 2020287K->342243K(5033216K) icms_dc=0 , 0.1836135 secs] [Times: user=0.19 sys=0.00, real=0.19 secs] 
923680.975: [GC 923680.975: [ParNew: 1739695K->60250K(1887488K), 0.1933661 secs] 2020067K->340829K(5033216K) icms_dc=0 , 0.1934540 secs] [Times: user=0.19 sys=0.00, real=0.19 secs] 
923858.518: [GC 923858.518: [ParNew: 1738074K->73670K(1887488K), 0.2147346 secs] 2018653K->354427K(5033216K) icms_dc=0 , 0.2148202 secs] [Times: user=0.23 sys=0.00, real=0.22 secs] 
924020.069: [GC 924020.069: [ParNew: 1751494K->49229K(1887488K), 0.1522037 secs] 2032251K->330242K(5033216K) icms_dc=0 , 0.1523066 secs] [Times: user=0.17 sys=0.00, real=0.16 secs] 
924264.857: [GC 924264.857: [ParNew: 1727053K->54112K(1887488K), 0.1645408 secs] 2008066K->335281K(5033216K) icms_dc=0 , 0.1646329 secs] [Times: user=0.23 sys=0.00, real=0.17 secs] 
924559.741: [GC 924559.741: [ParNew: 1731936K->66898K(1887488K), 0.2064807 secs] 2013105K->348211K(5033216K) icms_dc=0 , 0.2065679 secs] [Times: user=0.20 sys=0.00, real=0.20 secs] 
924822.957: [GC 924822.957: [ParNew: 1744722K->57076K(1887488K), 0.1569158 secs] 2026035K->338584K(5033216K) icms_dc=0 , 0.1570065 secs] [Times: user=0.16 sys=0.00, real=0.16 secs] 
924984.093: [GC 924984.093: [ParNew: 1734900K->58580K(1887488K), 0.1688762 secs] 2016408K->340226K(5033216K) icms_dc=0 , 0.1689626 secs] [Times: user=0.17 sys=0.00, real=0.17 secs] 
925213.575: [GC 925213.575: [ParNew: 1736404K->74697K(1887488K), 0.2275106 secs] 2018050K->356510K(5033216K) icms_dc=0 , 0.2275970 secs] [Times: user=0.22 sys=0.00, real=0.22 secs] 
925410.572: [GC 925410.572: [ParNew: 1752521K->67967K(1887488K), 0.2208935 secs] 2034334K->350053K(5033216K) icms_dc=0 , 0.2209926 secs] [Times: user=0.23 sys=0.00, real=0.22 secs] 
925578.135: [GC 925578.135: [ParNew: 1745791K->69635K(1887488K), 0.2309928 secs] 2027877K->351921K(5033216K) icms_dc=0 , 0.2310877 secs] [Times: user=0.22 sys=0.00, real=0.22 secs] 
925745.964: [GC 925745.964: [ParNew: 1747459K->52904K(1887488K), 0.1488758 secs] 2029745K->335304K(5033216K) icms_dc=0 , 0.1489626 secs] [Times: user=0.19 sys=0.00, real=0.16 secs] 
925921.875: [GC 925921.875: [ParNew: 1730728K->61593K(1887488K), 0.1868366 secs] 2013128K->344361K(5033216K) icms_dc=0 , 0.1869284 secs] [Times: user=0.19 sys=0.00, real=0.19 secs] 
926102.933: [GC 926102.933: [ParNew: 1739417K->58484K(1887488K), 0.1646806 secs] 2022185K->341675K(5033216K) icms_dc=0 , 0.1647700 secs] [Times: user=0.23 sys=0.00, real=0.17 secs] 
926283.540: [GC 926283.540: [ParNew: 1736308K->67318K(1887488K), 0.1896143 secs] 2019499K->350795K(5033216K) icms_dc=0 , 0.1897049 secs] [Times: user=0.19 sys=0.00, real=0.19 secs] 
926490.533: [GC 926490.533: [ParNew: 1745142K->57123K(1887488K), 0.1578550 secs] 2028619K->340870K(5033216K) icms_dc=0 , 0.1579384 secs] [Times: user=0.23 sys=0.00, real=0.17 secs] 
926720.178: [GC 926720.178: [ParNew: 1734947K->68913K(1887488K), 0.2111548 secs] 2018694K->352939K(5033216K) icms_dc=0 , 0.2112454 secs] [Times: user=0.19 sys=0.00, real=0.20 secs] 
926858.648: [GC 926858.648: [ParNew: 1746737K->39114K(1887488K), 0.1183223 secs] 2030763K->323350K(5033216K) icms_dc=0 , 0.1184175 secs] [Times: user=0.14 sys=0.00, real=0.13 secs] 
927122.100: [GC 927122.100: [ParNew: 1716938K->59510K(1887488K), 0.1862768 secs] 2001174K->343941K(5033216K) icms_dc=0 , 0.1863624 secs] [Times: user=0.19 sys=0.00, real=0.19 secs] 
927378.570: [GC 927378.570: [ParNew: 1737334K->68067K(1887488K), 0.2247475 secs] 2021765K->352727K(5033216K) icms_dc=0 , 0.2248466 secs] [Times: user=0.22 sys=0.00, real=0.22 secs] 
927547.383: [GC 927547.383: [ParNew: 1745891K->81554K(1887488K), 0.2395885 secs] 2030551K->366435K(5033216K) icms_dc=0 , 0.2396795 secs] [Times: user=0.26 sys=0.00, real=0.25 secs] 
927783.183: [GC 927783.183: [ParNew: 1759378K->59998K(1887488K), 0.1826670 secs] 2044259K->345015K(5033216K) icms_dc=0 , 0.1827523 secs] [Times: user=0.20 sys=0.00, real=0.19 secs] 
927913.441: [GC 927913.441: [ParNew: 1737822K->62423K(1887488K), 0.2028422 secs] 2022839K->347704K(5033216K) icms_dc=0 , 0.2029416 secs] [Times: user=0.22 sys=0.00, real=0.20 secs] 
928150.008: [GC 928150.008: [ParNew: 1740247K->57716K(1887488K), 0.1706813 secs] 2025528K->343432K(5033216K) icms_dc=0 , 0.1707765 secs] [Times: user=0.19 sys=0.00, real=0.17 secs] 
928368.885: [GC 928368.886: [ParNew: 1735540K->69062K(1887488K), 0.1971325 secs] 2021256K->355030K(5033216K) icms_dc=0 , 0.1972185 secs] [Times: user=0.25 sys=0.00, real=0.20 secs] 
928547.578: [GC 928547.578: [ParNew: 1746886K->68310K(1887488K), 0.1985924 secs] 2032854K->354480K(5033216K) icms_dc=0 , 0.1986784 secs] [Times: user=0.25 sys=0.00, real=0.20 secs] 
928638.908: [GC 928638.908: [ParNew: 1746134K->49174K(1887488K), 0.1383192 secs] 2032304K->335492K(5033216K) icms_dc=0 , 0.1384102 secs] [Times: user=0.14 sys=0.00, real=0.14 secs] 
928849.887: [GC 928849.887: [ParNew: 1726998K->72557K(1887488K), 0.2101642 secs] 2013316K->359183K(5033216K) icms_dc=0 , 0.2102532 secs] [Times: user=0.20 sys=0.00, real=0.20 secs] 
929009.819: [GC 929009.819: [ParNew: 1750381K->46457K(1887488K), 0.1406926 secs] 2037007K->333315K(5033216K) icms_dc=0 , 0.1407851 secs] [Times: user=0.16 sys=0.00, real=0.14 secs] 
929275.704: [GC 929275.704: [ParNew: 1724281K->70252K(1887488K), 0.2388147 secs] 2011139K->357307K(5033216K) icms_dc=0 , 0.2389138 secs] [Times: user=0.23 sys=0.00, real=0.23 secs] 
929510.261: [GC 929510.261: [ParNew: 1748076K->50425K(1887488K), 0.1531030 secs] 2035131K->337647K(5033216K) icms_dc=0 , 0.1531971 secs] [Times: user=0.16 sys=0.00, real=0.16 secs] 
929783.335: [GC 929783.335: [ParNew: 1728249K->59937K(1887488K), 0.1867399 secs] 2015471K->347384K(5033216K) icms_dc=0 , 0.1868239 secs] [Times: user=0.20 sys=0.00, real=0.19 secs] 
929900.134: [GC 929900.134: [ParNew: 1737761K->39602K(1887488K), 0.1095715 secs] 2025208K->327192K(5033216K) icms_dc=0 , 0.1096648 secs] [Times: user=0.17 sys=0.00, real=0.11 secs] 
930242.120: [GC 930242.121: [ParNew: 1717426K->64069K(1887488K), 0.1796498 secs] 2005016K->351970K(5033216K) icms_dc=0 , 0.1797400 secs] [Times: user=0.25 sys=0.00, real=0.19 secs] 
930449.597: [GC 930449.597: [ParNew: 1741893K->43502K(1887488K), 0.1276321 secs] 2029794K->331603K(5033216K) icms_dc=0 , 0.1277200 secs] [Times: user=0.13 sys=0.00, real=0.13 secs] 
930786.615: [GC 930786.615: [ParNew: 1721326K->61148K(1887488K), 0.1873442 secs] 2009427K->349468K(5033216K) icms_dc=0 , 0.1874279 secs] [Times: user=0.19 sys=0.00, real=0.19 secs] 
931247.564: [GC 931247.564: [ParNew: 1738972K->50536K(1887488K), 0.1520686 secs] 2027292K->338961K(5033216K) icms_dc=0 , 0.1521507 secs] [Times: user=0.16 sys=0.00, real=0.16 secs] 
931401.311: [GC 931401.311: [ParNew: 1728360K->17715K(1887488K), 0.0509095 secs] 2016785K->306388K(5033216K) icms_dc=0 , 0.0510005 secs] [Times: user=0.05 sys=0.00, real=0.05 secs] 
931969.351: [GC 931969.351: [ParNew: 1695539K->57269K(1887488K), 0.1911759 secs] 1984212K->346044K(5033216K) icms_dc=0 , 0.1912803 secs] [Times: user=0.19 sys=0.00, real=0.19 secs] 
932333.599: [GC 932333.599: [ParNew: 1735093K->60799K(1887488K), 0.1990627 secs] 2023868K->349752K(5033216K) icms_dc=0 , 0.1991618 secs] [Times: user=0.19 sys=0.00, real=0.19 secs] 
932811.208: [GC 932811.208: [ParNew: 1738623K->54643K(1887488K), 0.1667594 secs] 2027576K->343795K(5033216K) icms_dc=0 , 0.1668462 secs] [Times: user=0.16 sys=0.00, real=0.16 secs] 
933277.475: [GC 933277.475: [ParNew: 1732467K->46402K(1887488K), 0.1440335 secs] 2021619K->335603K(5033216K) icms_dc=0 , 0.1441245 secs] [Times: user=0.22 sys=0.00, real=0.16 secs] 
933818.242: [GC 933818.243: [ParNew: 1724226K->59248K(1887488K), 0.1776266 secs] 2013427K->348664K(5033216K) icms_dc=0 , 0.1777157 secs] [Times: user=0.22 sys=0.00, real=0.17 secs] 
934239.399: [GC 934239.399: [ParNew: 1737072K->56671K(1887488K), 0.1690344 secs] 2026488K->346272K(5033216K) icms_dc=0 , 0.1691239 secs] [Times: user=0.19 sys=0.00, real=0.17 secs] 
934770.632: [GC 934770.633: [ParNew: 1734495K->66305K(1887488K), 0.1941214 secs] 2024096K->356134K(5033216K) icms_dc=0 , 0.1942085 secs] [Times: user=0.19 sys=0.00, real=0.19 secs] 
935482.361: [GC 935482.361: [ParNew: 1744129K->62537K(1887488K), 0.1902559 secs] 2033958K->352517K(5033216K) icms_dc=0 , 0.1903419 secs] [Times: user=0.19 sys=0.00, real=0.19 secs] 
936063.328: [GC 936063.328: [ParNew: 1740361K->60040K(1887488K), 0.1783665 secs] 2030341K->350179K(5033216K) icms_dc=0 , 0.1784525 secs] [Times: user=0.20 sys=0.00, real=0.19 secs] 
937000.701: [GC 937000.701: [ParNew: 1737864K->48453K(1887488K), 0.1492153 secs] 2028003K->338755K(5033216K) icms_dc=0 , 0.1493040 secs] [Times: user=0.16 sys=0.00, real=0.16 secs] 
937795.782: [GC 937795.782: [ParNew: 1726277K->38518K(1887488K), 0.1212428 secs] 2016579K->329112K(5033216K) icms_dc=0 , 0.1213303 secs] [Times: user=0.11 sys=0.00, real=0.11 secs] 
938479.120: [GC 938479.120: [ParNew: 1716342K->26218K(1887488K), 0.0691744 secs] 2006936K->316994K(5033216K) icms_dc=0 , 0.0692712 secs] [Times: user=0.06 sys=0.00, real=0.06 secs] 
939288.357: [GC 939288.357: [ParNew: 1704042K->30639K(1887488K), 0.0892316 secs] 1994818K->321576K(5033216K) icms_dc=0 , 0.0893299 secs] [Times: user=0.16 sys=0.00, real=0.09 secs] 
939867.698: [GC 939867.698: [ParNew: 1708463K->11449K(1887488K), 0.0412979 secs] 1999400K->302604K(5033216K) icms_dc=0 , 0.0413885 secs] [Times: user=0.03 sys=0.00, real=0.03 secs] 
940873.522: [GC 940873.522: [ParNew: 1689273K->30403K(1887488K), 0.0918734 secs] 1980428K->321685K(5033216K) icms_dc=0 , 0.0919652 secs] [Times: user=0.09 sys=0.00, real=0.09 secs] 
942058.178: [GC 942058.178: [ParNew: 1708227K->25400K(1887488K), 0.0838975 secs] 1999509K->316776K(5033216K) icms_dc=0 , 0.0839992 secs] [Times: user=0.08 sys=0.00, real=0.08 secs] 
943198.141: [GC 943198.142: [ParNew: 1703224K->28705K(1887488K), 0.0840956 secs] 1994600K->320202K(5033216K) icms_dc=0 , 0.0844662 secs] [Times: user=0.09 sys=0.00, real=0.09 secs] 
944748.338: [GC 944748.338: [ParNew: 1706529K->16327K(1887488K), 0.0493529 secs] 1998026K->307868K(5033216K) icms_dc=0 , 0.0494566 secs] [Times: user=0.06 sys=0.00, real=0.05 secs] 
946330.462: [GC 946330.462: [ParNew: 1694151K->21274K(1887488K), 0.0672469 secs] 1985692K->312915K(5033216K) icms_dc=0 , 0.0673417 secs] [Times: user=0.06 sys=0.00, real=0.06 secs] 
948197.832: [GC 948197.832: [ParNew: 1699098K->19524K(1887488K), 0.0687816 secs] 1990739K->311324K(5033216K) icms_dc=0 , 0.0688764 secs] [Times: user=0.06 sys=0.00, real=0.06 secs] 
950177.938: [GC 950177.938: [ParNew: 1697348K->14549K(1887488K), 0.0469101 secs] 1989148K->306536K(5033216K) icms_dc=0 , 0.0470003 secs] [Times: user=0.06 sys=0.00, real=0.05 secs] 
951883.322: [GC 951883.322: [ParNew: 1692373K->22415K(1887488K), 0.0732288 secs] 1984360K->314522K(5033216K) icms_dc=0 , 0.0733190 secs] [Times: user=0.14 sys=0.00, real=0.08 secs] 
953635.528: [GC 953635.528: [ParNew: 1700239K->8864K(1887488K), 0.0272376 secs] 1992346K->301092K(5033216K) icms_dc=0 , 0.0273370 secs] [Times: user=0.02 sys=0.00, real=0.02 secs] 
955642.748: [GC 955642.748: [ParNew: 1686688K->17269K(1887488K), 0.0538842 secs] 1978916K->309634K(5033216K) icms_dc=0 , 0.0539744 secs] [Times: user=0.05 sys=0.00, real=0.05 secs] 
957921.680: [GC 957921.680: [ParNew: 1695093K->7838K(1887488K), 0.0287320 secs] 1987458K->300358K(5033216K) icms_dc=0 , 0.0288334 secs] [Times: user=0.02 sys=0.00, real=0.02 secs] 
959822.656: [GC 959822.656: [ParNew: 1685662K->15468K(1887488K), 0.0526240 secs] 1978182K->308115K(5033216K) icms_dc=0 , 0.0527257 secs] [Times: user=0.05 sys=0.00, real=0.05 secs] 
961136.596: [GC 961136.596: [ParNew: 1693292K->30028K(1887488K), 0.0991554 secs] 1985939K->322814K(5033216K) icms_dc=0 , 0.0992449 secs] [Times: user=0.13 sys=0.00, real=0.11 secs] 
962821.556: [GC 962821.556: [ParNew: 1707852K->20828K(1887488K), 0.0644362 secs] 2000638K->313761K(5033216K) icms_dc=0 , 0.0645295 secs] [Times: user=0.08 sys=0.00, real=0.06 secs] 
964007.521: [GC 964007.521: [ParNew: 1698652K->31395K(1887488K), 0.1011045 secs] 1991585K->324469K(5033216K) icms_dc=0 , 0.1011905 secs] [Times: user=0.09 sys=0.00, real=0.09 secs] 
965717.080: [GC 965717.080: [ParNew: 1709219K->17641K(1887488K), 0.0571929 secs] 2002293K->310873K(5033216K) icms_dc=0 , 0.0572808 secs] [Times: user=0.09 sys=0.00, real=0.06 secs] 
967266.442: [GC 967266.442: [ParNew: 1695465K->34927K(1887488K), 0.1096683 secs] 1988697K->328351K(5033216K) icms_dc=0 , 0.1097539 secs] [Times: user=0.11 sys=0.00, real=0.11 secs] 
968777.923: [GC 968777.924: [ParNew: 1712751K->37416K(1887488K), 0.1171343 secs] 2006175K->331036K(5033216K) icms_dc=0 , 0.1173823 secs] [Times: user=0.11 sys=0.00, real=0.11 secs] 
969919.022: [GC 969919.022: [ParNew: 1715240K->36949K(1887488K), 0.1286358 secs] 2008860K->330725K(5033216K) icms_dc=0 , 0.1287318 secs] [Times: user=0.16 sys=0.00, real=0.13 secs] 
971329.333: [GC 971329.333: [ParNew: 1714773K->30725K(1887488K), 0.0969879 secs] 2008549K->324648K(5033216K) icms_dc=0 , 0.0970782 secs] [Times: user=0.09 sys=0.00, real=0.09 secs] 
972576.031: [GC 972576.031: [ParNew: 1708549K->38260K(1887488K), 0.1327954 secs] 2002472K->332372K(5033216K) icms_dc=0 , 0.1328941 secs] [Times: user=0.13 sys=0.00, real=0.12 secs] 
974069.303: [GC 974069.304: [ParNew: 1716084K->20443K(1887488K), 0.0648493 secs] 2010196K->314734K(5033216K) icms_dc=0 , 0.0649614 secs] [Times: user=0.11 sys=0.00, real=0.06 secs] 
975287.537: [GC 975287.537: [ParNew: 1698267K->29442K(1887488K), 0.0960023 secs] 1992558K->323888K(5033216K) icms_dc=0 , 0.0960963 secs] [Times: user=0.09 sys=0.00, real=0.09 secs] 
976667.231: [GC 976667.231: [ParNew: 1707266K->35730K(1887488K), 0.1147252 secs] 2001712K->330391K(5033216K) icms_dc=0 , 0.1148162 secs] [Times: user=0.14 sys=0.00, real=0.13 secs] 
978126.201: [GC 978126.201: [ParNew: 1713554K->40180K(1887488K), 0.1372318 secs] 2008215K->335021K(5033216K) icms_dc=0 , 0.1373290 secs] [Times: user=0.14 sys=0.00, real=0.14 secs] 
979317.262: [GC 979317.262: [ParNew: 1718004K->41921K(1887488K), 0.1259357 secs] 2012845K->336901K(5033216K) icms_dc=0 , 0.1260286 secs] [Times: user=0.17 sys=0.00, real=0.13 secs] 
980447.150: [GC 980447.150: [ParNew: 1719745K->47353K(1887488K), 0.1389808 secs] 2014725K->342505K(5033216K) icms_dc=0 , 0.1390672 secs] [Times: user=0.16 sys=0.00, real=0.14 secs] 
981454.310: [GC 981454.310: [ParNew: 1725177K->44015K(1887488K), 0.1423053 secs] 2020329K->339342K(5033216K) icms_dc=0 , 0.1423932 secs] [Times: user=0.14 sys=0.00, real=0.14 secs] 
982408.057: [GC 982408.057: [ParNew: 1721839K->37684K(1887488K), 0.1286135 secs] 2017166K->333209K(5033216K) icms_dc=0 , 0.1287114 secs] [Times: user=0.17 sys=0.00, real=0.14 secs] 
983199.549: [GC 983199.549: [ParNew: 1715508K->58118K(1887488K), 0.1891136 secs] 2011033K->353878K(5033216K) icms_dc=0 , 0.1892153 secs] [Times: user=0.19 sys=0.00, real=0.19 secs] 
983591.061: [GC 983591.061: [ParNew: 1735942K->70418K(1887488K), 0.2330098 secs] 2031702K->366347K(5033216K) icms_dc=0 , 0.2331077 secs] [Times: user=0.25 sys=0.00, real=0.23 secs] 
984156.783: [GC 984156.783: [ParNew: 1748242K->48949K(1887488K), 0.1365046 secs] 2044171K->345101K(5033216K) icms_dc=0 , 0.1365925 secs] [Times: user=0.13 sys=0.00, real=0.13 secs] 
984481.708: [GC 984481.708: [ParNew: 1726773K->67701K(1887488K), 0.2018880 secs] 2022925K->363991K(5033216K) icms_dc=0 , 0.2019752 secs] [Times: user=0.20 sys=0.00, real=0.20 secs] 
984947.012: [GC 984947.012: [ParNew: 1745525K->63229K(1887488K), 0.1888997 secs] 2041815K->359698K(5033216K) icms_dc=0 , 0.1889869 secs] [Times: user=0.19 sys=0.00, real=0.19 secs] 
985535.527: [GC 985535.528: [ParNew: 1741053K->56621K(1887488K), 0.1878396 secs] 2037522K->353262K(5033216K) icms_dc=0 , 0.1879436 secs] [Times: user=0.19 sys=0.00, real=0.19 secs] 
985914.741: [GC 985914.741: [ParNew: 1734445K->68145K(1887488K), 0.2172423 secs] 2031086K->364919K(5033216K) icms_dc=0 , 0.2173376 secs] [Times: user=0.22 sys=0.00, real=0.22 secs] 
986280.086: [GC 986280.086: [ParNew: 1745969K->73368K(1887488K), 0.2222747 secs] 2042743K->370295K(5033216K) icms_dc=0 , 0.2224356 secs] [Times: user=0.23 sys=0.00, real=0.22 secs] 
986612.891: [GC 986612.891: [ParNew: 1751192K->77039K(1887488K), 0.2627090 secs] 2048119K->374138K(5033216K) icms_dc=0 , 0.2628073 secs] [Times: user=0.27 sys=0.00, real=0.27 secs] 
986773.743: [GC 986773.743: [ParNew: 1754863K->56177K(1887488K), 0.1644794 secs] 2051962K->353475K(5033216K) icms_dc=0 , 0.1645665 secs] [Times: user=0.17 sys=0.00, real=0.16 secs] 
987186.979: [GC 987186.979: [ParNew: 1734001K->69255K(1887488K), 0.2107605 secs] 2031299K->366750K(5033216K) icms_dc=0 , 0.2108496 secs] [Times: user=0.23 sys=0.00, real=0.22 secs] 
987488.980: [GC 987488.980: [ParNew: 1747079K->58043K(1887488K), 0.1955029 secs] 2044574K->355698K(5033216K) icms_dc=0 , 0.1956047 secs] [Times: user=0.19 sys=0.00, real=0.19 secs] 
987750.934: [GC 987750.934: [ParNew: 1735867K->63580K(1887488K), 0.2076564 secs] 2033522K->361410K(5033216K) icms_dc=0 , 0.2077670 secs] [Times: user=0.23 sys=0.00, real=0.22 secs] 
988021.083: [GC 988021.083: [ParNew: 1741404K->75210K(1887488K), 0.2269377 secs] 2039234K->373158K(5033216K) icms_dc=0 , 0.2270237 secs] [Times: user=0.23 sys=0.00, real=0.23 secs] 
988213.799: [GC 988213.799: [ParNew: 1753034K->66847K(1887488K), 0.1936065 secs] 2050982K->364956K(5033216K) icms_dc=0 , 0.1936955 secs] [Times: user=0.19 sys=0.00, real=0.19 secs] 
988387.640: [GC 988387.640: [ParNew: 1744671K->54127K(1887488K), 0.1648115 secs] 2042780K->352404K(5033216K) icms_dc=0 , 0.1649186 secs] [Times: user=0.17 sys=0.00, real=0.17 secs] 
988582.581: [GC 988582.581: [ParNew: 1731951K->72976K(1887488K), 0.2465522 secs] 2030228K->371483K(5033216K) icms_dc=0 , 0.2466501 secs] [Times: user=0.23 sys=0.00, real=0.23 secs] 
988840.654: [GC 988840.654: [ParNew: 1750800K->79022K(1887488K), 0.2351716 secs] 2049307K->377731K(5033216K) icms_dc=0 , 0.2352568 secs] [Times: user=0.25 sys=0.00, real=0.23 secs] 
989091.914: [GC 989091.914: [ParNew: 1756846K->62265K(1887488K), 0.1937984 secs] 2055555K->361138K(5033216K) icms_dc=0 , 0.1938914 secs] [Times: user=0.22 sys=0.00, real=0.20 secs] 
989378.844: [GC 989378.844: [ParNew: 1740089K->60643K(1887488K), 0.1794321 secs] 2038962K->359646K(5033216K) icms_dc=0 , 0.1795223 secs] [Times: user=0.17 sys=0.00, real=0.17 secs] 
989597.860: [GC 989597.860: [ParNew: 1738467K->63058K(1887488K), 0.1721070 secs] 2037470K->362250K(5033216K) icms_dc=0 , 0.1721949 secs] [Times: user=0.17 sys=0.00, real=0.17 secs] 
989882.260: [GC 989882.260: [ParNew: 1740882K->56824K(1887488K), 0.1727505 secs] 2040074K->356250K(5033216K) icms_dc=0 , 0.1728389 secs] [Times: user=0.19 sys=0.00, real=0.17 secs] 
990151.247: [GC 990151.247: [ParNew: 1734648K->59427K(1887488K), 0.1777073 secs] 2034074K->359062K(5033216K) icms_dc=0 , 0.1777917 secs] [Times: user=0.22 sys=0.00, real=0.19 secs] 
990304.562: [GC 990304.562: [ParNew: 1737251K->61820K(1887488K), 0.1810183 secs] 2036886K->361705K(5033216K) icms_dc=0 , 0.1811066 secs] [Times: user=0.23 sys=0.00, real=0.19 secs] 
990590.780: [GC 990590.780: [ParNew: 1739644K->79119K(1887488K), 0.2695910 secs] 2039529K->379190K(5033216K) icms_dc=0 , 0.2696908 secs] [Times: user=0.30 sys=0.00, real=0.28 secs] 
990755.849: [GC 990755.849: [ParNew: 1756943K->40797K(1887488K), 0.1195886 secs] 2057014K->341040K(5033216K) icms_dc=0 , 0.1196811 secs] [Times: user=0.14 sys=0.00, real=0.12 secs] 
991084.046: [GC 991084.046: [ParNew: 1718621K->68106K(1887488K), 0.2015497 secs] 2018864K->368512K(5033216K) icms_dc=0 , 0.2016369 secs] [Times: user=0.20 sys=0.00, real=0.20 secs] 
991333.970: [GC 991333.970: [ParNew: 1745930K->57841K(1887488K), 0.1817939 secs] 2046336K->358370K(5033216K) icms_dc=0 , 0.1818880 secs] [Times: user=0.20 sys=0.00, real=0.19 secs] 
991580.764: [GC 991580.764: [ParNew: 1735665K->62143K(1887488K), 0.1870835 secs] 2036194K->362857K(5033216K) icms_dc=0 , 0.1871749 secs] [Times: user=0.19 sys=0.00, real=0.19 secs] 
991777.453: [GC 991777.453: [ParNew: 1739967K->67990K(1887488K), 0.2015390 secs] 2040681K->368846K(5033216K) icms_dc=0 , 0.2018358 secs] [Times: user=0.19 sys=0.00, real=0.19 secs] 
992002.452: [GC 992002.452: [ParNew: 1745814K->58909K(1887488K), 0.2214906 secs] 2046670K->360018K(5033216K) icms_dc=0 , 0.2215885 secs] [Times: user=0.22 sys=0.00, real=0.22 secs] 
992211.980: [GC 992211.980: [ParNew: 1736733K->45571K(1887488K), 0.1398313 secs] 2037842K->346871K(5033216K) icms_dc=0 , 0.1399227 secs] [Times: user=0.14 sys=0.00, real=0.14 secs] 
992450.373: [GC 992450.373: [ParNew: 1723395K->56988K(1887488K), 0.1755025 secs] 2024695K->358442K(5033216K) icms_dc=0 , 0.1755942 secs] [Times: user=0.17 sys=0.00, real=0.17 secs] 
992753.987: [GC 992753.987: [ParNew: 1734653K->54692K(1887488K), 0.1656943 secs] 2036107K->356354K(5033216K) icms_dc=0 , 0.1657849 secs] [Times: user=0.16 sys=0.00, real=0.16 secs] 
993039.070: [GC 993039.070: [ParNew: 1732516K->68349K(1887488K), 0.2258906 secs] 2034178K->370179K(5033216K) icms_dc=0 , 0.2259893 secs] [Times: user=0.22 sys=0.00, real=0.22 secs] 
993225.093: [GC 993225.093: [ParNew: 1746173K->61695K(1887488K), 0.1831151 secs] 2048003K->363683K(5033216K) icms_dc=0 , 0.1832065 secs] [Times: user=0.19 sys=0.00, real=0.19 secs] 
993620.190: [GC 993620.190: [ParNew: 1739519K->65634K(1887488K), 0.1994882 secs] 2041507K->367820K(5033216K) icms_dc=0 , 0.1995849 secs] [Times: user=0.25 sys=0.02, real=0.20 secs] 
993895.907: [GC 993895.907: [ParNew: 1743458K->73331K(1887488K), 0.2302686 secs] 2045644K->375768K(5033216K) icms_dc=0 , 0.2303646 secs] [Times: user=0.23 sys=0.00, real=0.23 secs] 
994097.935: [GC 994097.935: [ParNew: 1751155K->75988K(1887488K), 0.2375718 secs] 2053592K->378638K(5033216K) icms_dc=0 , 0.2376609 secs] [Times: user=0.23 sys=0.00, real=0.23 secs] 
994265.393: [GC 994265.393: [ParNew: 1753812K->65462K(1887488K), 0.1897498 secs] 2056462K->368262K(5033216K) icms_dc=0 , 0.1898351 secs] [Times: user=0.19 sys=0.00, real=0.19 secs] 
994429.288: [GC 994429.288: [ParNew: 1743286K->54435K(1887488K), 0.1364957 secs] 2046086K->357545K(5033216K) icms_dc=0 , 0.1365841 secs] [Times: user=0.20 sys=0.00, real=0.14 secs] 
994652.576: [GC 994652.576: [ParNew: 1732259K->72175K(1887488K), 0.2156112 secs] 2035369K->375568K(5033216K) icms_dc=0 , 0.2156953 secs] [Times: user=0.22 sys=0.00, real=0.22 secs] 
994824.395: [GC 994824.395: [ParNew: 1749999K->64691K(1887488K), 0.1871630 secs] 2053392K->368304K(5033216K) icms_dc=0 , 0.1872521 secs] [Times: user=0.23 sys=0.00, real=0.19 secs] 
994996.739: [GC 994996.739: [ParNew: 1742515K->80825K(1887488K), 0.2442871 secs] 2046128K->384592K(5033216K) icms_dc=0 , 0.2443781 secs] [Times: user=0.23 sys=0.02, real=0.25 secs] 
995205.743: [GC 995205.743: [ParNew: 1758649K->71147K(1887488K), 0.2061251 secs] 2062416K->375009K(5033216K) icms_dc=0 , 0.2062115 secs] [Times: user=0.20 sys=0.00, real=0.20 secs] 
995417.153: [GC 995417.153: [ParNew: 1748971K->58376K(1887488K), 0.1940135 secs] 2052833K->362487K(5033216K) icms_dc=0 , 0.1941179 secs] [Times: user=0.19 sys=0.00, real=0.19 secs] 
995669.521: [GC 995669.521: [ParNew: 1736200K->64236K(1887488K), 0.2162459 secs] 2040311K->368548K(5033216K) icms_dc=0 , 0.2163442 secs] [Times: user=0.22 sys=0.00, real=0.22 secs] 
995985.226: [GC 995985.226: [ParNew: 1742060K->66750K(1887488K), 0.1971601 secs] 2046372K->371311K(5033216K) icms_dc=0 , 0.1972454 secs] [Times: user=0.20 sys=0.00, real=0.20 secs] 
996289.566: [GC 996289.566: [ParNew: 1744574K->65352K(1887488K), 0.2178244 secs] 2049135K->370111K(5033216K) icms_dc=0 , 0.2179231 secs] [Times: user=0.22 sys=0.00, real=0.22 secs] 
996518.790: [GC 996518.790: [ParNew: 1743176K->52476K(1887488K), 0.1603505 secs] 2047935K->357406K(5033216K) icms_dc=0 , 0.1604411 secs] [Times: user=0.16 sys=0.00, real=0.16 secs] 
996732.739: [GC 996732.739: [ParNew: 1730300K->63085K(1887488K), 0.1986899 secs] 2035230K->368281K(5033216K) icms_dc=0 , 0.1987916 secs] [Times: user=0.20 sys=0.00, real=0.20 secs] 
996939.684: [GC 996939.684: [ParNew: 1740909K->69325K(1887488K), 0.2038063 secs] 2046105K->374740K(5033216K) icms_dc=0 , 0.2038950 secs] [Times: user=0.20 sys=0.00, real=0.20 secs] 
997107.207: [GC 997107.207: [ParNew: 1747149K->70350K(1887488K), 0.2150468 secs] 2052564K->376201K(5033216K) icms_dc=0 , 0.2151366 secs] [Times: user=0.22 sys=0.00, real=0.22 secs] 
997176.688: [GC 997176.688: [ParNew: 1748174K->48276K(1887488K), 0.1530646 secs] 2054025K->354360K(5033216K) icms_dc=0 , 0.1531667 secs] [Times: user=0.16 sys=0.00, real=0.16 secs] 
997475.438: [GC 997475.438: [ParNew: 1726100K->74245K(1887488K), 0.2245590 secs] 2032184K->380532K(5033216K) icms_dc=0 , 0.2246430 secs] [Times: user=0.25 sys=0.00, real=0.23 secs] 
997672.342: [GC 997672.342: [ParNew: 1752069K->76117K(1887488K), 0.2275071 secs] 2058356K->382604K(5033216K) icms_dc=0 , 0.2275954 secs] [Times: user=0.22 sys=0.00, real=0.22 secs] 
997818.698: [GC 997818.698: [ParNew: 1753941K->68438K(1887488K), 0.2216016 secs] 2060428K->375349K(5033216K) icms_dc=0 , 0.2217018 secs] [Times: user=0.25 sys=0.00, real=0.22 secs] 
998017.842: [GC 998017.842: [ParNew: 1746262K->65793K(1887488K), 0.2163784 secs] 2053173K->372854K(5033216K) icms_dc=0 , 0.2164752 secs] [Times: user=0.23 sys=0.00, real=0.22 secs] 
998217.987: [GC 998217.987: [ParNew: 1743617K->71852K(1887488K), 0.2487370 secs] 2050678K->379166K(5033216K) icms_dc=0 , 0.2488514 secs] [Times: user=0.23 sys=0.00, real=0.25 secs] 
998458.437: [GC 998458.437: [ParNew: 1749676K->76232K(1887488K), 0.2572125 secs] 2056990K->383745K(5033216K) icms_dc=0 , 0.2572954 secs] [Times: user=0.28 sys=0.00, real=0.26 secs] 
998771.587: [GC 998771.587: [ParNew: 1754056K->70302K(1887488K), 0.2231770 secs] 2061569K->377934K(5033216K) icms_dc=0 , 0.2232623 secs] [Times: user=0.23 sys=0.00, real=0.23 secs] 
999048.168: [GC 999048.168: [ParNew: 1748126K->67555K(1887488K), 0.1903596 secs] 2055758K->375358K(5033216K) icms_dc=0 , 0.1904433 secs] [Times: user=0.19 sys=0.00, real=0.19 secs] 
999319.415: [GC 999319.415: [ParNew: 1745379K->67458K(1887488K), 0.2043642 secs] 2053182K->375430K(5033216K) icms_dc=0 , 0.2044537 secs] [Times: user=0.20 sys=0.00, real=0.20 secs] 
999602.053: [GC 999602.053: [ParNew: 1745282K->60715K(1887488K), 0.1842433 secs] 2053254K->368865K(5033216K) icms_dc=0 , 0.1843293 secs] [Times: user=0.20 sys=0.00, real=0.19 secs] 
999850.743: [GC 999850.743: [ParNew: 1738539K->77302K(1887488K), 0.2223338 secs] 2046689K->385645K(5033216K) icms_dc=0 , 0.2224233 secs] [Times: user=0.25 sys=0.00, real=0.23 secs] 
1000035.127: [GC 1000035.127: [ParNew: 1755126K->71845K(1887488K), 0.2226886 secs] 2063469K->380409K(5033216K) icms_dc=0 , 0.2227823 secs] [Times: user=0.28 sys=0.00, real=0.22 secs] 
1000333.906: [GC 1000333.906: [ParNew: 1749669K->69796K(1887488K), 0.2178721 secs] 2058233K->378607K(5033216K) icms_dc=0 , 0.2179661 secs] [Times: user=0.28 sys=0.00, real=0.22 secs] 
1000408.298: [GC 1000408.298: [ParNew: 1747620K->48877K(1887488K), 0.1145033 secs] 2056431K->357957K(5033216K) icms_dc=0 , 0.1145977 secs] [Times: user=0.19 sys=0.00, real=0.13 secs] 
1000682.930: [GC 1000682.930: [ParNew: 1726701K->68989K(1887488K), 0.1966253 secs] 2035781K->378305K(5033216K) icms_dc=0 , 0.1967166 secs] [Times: user=0.25 sys=0.00, real=0.20 secs] 
1000937.927: [GC 1000937.927: [ParNew: 1746813K->73827K(1887488K), 0.2346667 secs] 2056129K->383413K(5033216K) icms_dc=0 , 0.2347538 secs] [Times: user=0.23 sys=0.00, real=0.23 secs] 
1001076.644: [GC 1001076.644: [ParNew: 1751651K->56872K(1887488K), 0.1875186 secs] 2061237K->366646K(5033216K) icms_dc=0 , 0.1876180 secs] [Times: user=0.20 sys=0.00, real=0.19 secs] 
1001334.890: [GC 1001334.890: [ParNew: 1734696K->55478K(1887488K), 0.1880285 secs] 2044470K->365408K(5033216K) icms_dc=0 , 0.1881248 secs] [Times: user=0.19 sys=0.00, real=0.19 secs] 
1001509.392: [GC 1001509.393: [ParNew: 1733302K->62301K(1887488K), 0.1934029 secs] 2043232K->372394K(5033216K) icms_dc=0 , 0.1934909 secs] [Times: user=0.22 sys=0.00, real=0.20 secs] 
1001660.713: [GC 1001660.713: [ParNew: 1740125K->52428K(1887488K), 0.1578343 secs] 2050218K->362699K(5033216K) icms_dc=0 , 0.1579284 secs] [Times: user=0.16 sys=0.00, real=0.16 secs] 
1001862.286: [GC 1001862.286: [ParNew: 1730252K->61564K(1887488K), 0.2049871 secs] 2040523K->371967K(5033216K) icms_dc=0 , 0.2050911 secs] [Times: user=0.23 sys=0.00, real=0.22 secs] 
1002012.902: [GC 1002012.902: [ParNew: 1739388K->57900K(1887488K), 0.1896815 secs] 2049791K->368545K(5033216K) icms_dc=0 , 0.1897867 secs] [Times: user=0.19 sys=0.00, real=0.19 secs] 
1002161.213: [GC 1002161.213: [ParNew: 1735724K->53554K(1887488K), 0.1597903 secs] 2046369K->364383K(5033216K) icms_dc=0 , 0.1598855 secs] [Times: user=0.16 sys=0.00, real=0.16 secs] 
1002307.990: [GC 1002307.990: [ParNew: 1731378K->56897K(1887488K), 0.1732063 secs] 2042207K->367825K(5033216K) icms_dc=0 , 0.1732946 secs] [Times: user=0.19 sys=0.00, real=0.17 secs] 
1002498.739: [GC 1002498.739: [ParNew: 1734721K->59144K(1887488K), 0.1931415 secs] 2045649K->370335K(5033216K) icms_dc=0 , 0.1932378 secs] [Times: user=0.19 sys=0.00, real=0.19 secs] 
1002718.657: [GC 1002718.657: [ParNew: 1736968K->71613K(1887488K), 0.2160697 secs] 2048159K->382975K(5033216K) icms_dc=0 , 0.2161607 secs] [Times: user=0.22 sys=0.00, real=0.22 secs] 
1002920.199: [GC 1002920.199: [ParNew: 1749437K->63722K(1887488K), 0.2060491 secs] 2060799K->375221K(5033216K) icms_dc=0 , 0.2061470 secs] [Times: user=0.20 sys=0.00, real=0.20 secs] 
1003139.037: [GC 1003139.037: [ParNew: 1741546K->56342K(1887488K), 0.1866608 secs] 2053045K->367996K(5033216K) icms_dc=0 , 0.1867575 secs] [Times: user=0.20 sys=0.00, real=0.19 secs] 
1003342.158: [GC 1003342.158: [ParNew: 1734166K->70250K(1887488K), 0.2087650 secs] 2045820K->382584K(5033216K) icms_dc=0 , 0.2088556 secs] [Times: user=0.20 sys=0.00, real=0.20 secs] 
1003623.294: [GC 1003623.294: [ParNew: 1748074K->75698K(1887488K), 0.2317581 secs] 2060408K->388255K(5033216K) icms_dc=0 , 0.2318360 secs] [Times: user=0.23 sys=0.00, real=0.23 secs] 
1003871.327: [GC 1003871.327: [ParNew: 1753522K->76800K(1887488K), 0.2341291 secs] 2066079K->389502K(5033216K) icms_dc=0 , 0.2342201 secs] [Times: user=0.25 sys=0.00, real=0.23 secs] 
1004079.811: [GC 1004079.811: [ParNew: 1754624K->66906K(1887488K), 0.2311499 secs] 2067326K->379892K(5033216K) icms_dc=0 , 0.2312520 secs] [Times: user=0.23 sys=0.00, real=0.23 secs] 
1004324.273: [GC 1004324.273: [ParNew: 1744730K->64148K(1887488K), 0.1932106 secs] 2057716K->377417K(5033216K) icms_dc=0 , 0.1933031 secs] [Times: user=0.20 sys=0.00, real=0.19 secs] 
1004600.824: [GC 1004600.824: [ParNew: 1741972K->54201K(1887488K), 0.1547871 secs] 2055241K->367659K(5033216K) icms_dc=0 , 0.1548804 secs] [Times: user=0.20 sys=0.00, real=0.16 secs] 
1004775.590: [GC 1004775.590: [ParNew: 1732025K->51864K(1887488K), 0.1713425 secs] 2045483K->365536K(5033216K) icms_dc=0 , 0.1714393 secs] [Times: user=0.17 sys=0.00, real=0.17 secs] 
1004998.972: [GC 1004998.972: [ParNew: 1729688K->59948K(1887488K), 0.1795384 secs] 2043360K->373813K(5033216K) icms_dc=0 , 0.1796302 secs] [Times: user=0.20 sys=0.00, real=0.19 secs] 
1005219.426: [GC 1005219.426: [ParNew: 1737772K->64600K(1887488K), 0.1956008 secs] 2051637K->378739K(5033216K) icms_dc=0 , 0.1956922 secs] [Times: user=0.22 sys=0.00, real=0.20 secs] 
1005490.457: [GC 1005490.457: [ParNew: 1742424K->66709K(1887488K), 0.2094001 secs] 2056563K->381096K(5033216K) icms_dc=0 , 0.2094899 secs] [Times: user=0.20 sys=0.00, real=0.20 secs] 
1005707.357: [GC 1005707.357: [ParNew: 1744533K->74908K(1887488K), 0.2208398 secs] 2058920K->389405K(5033216K) icms_dc=0 , 0.2209316 secs] [Times: user=0.23 sys=0.00, real=0.22 secs] 
1005891.242: [GC 1005891.242: [ParNew: 1752732K->69701K(1887488K), 0.2211285 secs] 2067229K->384415K(5033216K) icms_dc=0 , 0.2212199 secs] [Times: user=0.22 sys=0.00, real=0.22 secs] 
1006038.320: [GC 1006038.320: [ParNew: 1747525K->58499K(1887488K), 0.1772906 secs] 2062239K->373428K(5033216K) icms_dc=0 , 0.1773786 secs] [Times: user=0.20 sys=0.00, real=0.19 secs] 
1006308.816: [GC 1006308.816: [ParNew: 1736323K->68566K(1887488K), 0.2192993 secs] 2051252K->383710K(5033216K) icms_dc=0 , 0.2193984 secs] [Times: user=0.25 sys=0.00, real=0.22 secs] 
1006572.795: [GC 1006572.795: [ParNew: 1746390K->74968K(1887488K), 0.2473363 secs] 2061534K->390336K(5033216K) icms_dc=0 , 0.2474346 secs] [Times: user=0.23 sys=0.00, real=0.23 secs] 
1006741.207: [GC 1006741.207: [ParNew: 1752792K->69661K(1887488K), 0.1941171 secs] 2068160K->385262K(5033216K) icms_dc=0 , 0.1942012 secs] [Times: user=0.19 sys=0.00, real=0.19 secs] 
1007022.731: [GC 1007022.731: [ParNew: 1747485K->69662K(1887488K), 0.2177761 secs] 2063086K->385486K(5033216K) icms_dc=0 , 0.2178705 secs] [Times: user=0.22 sys=0.00, real=0.22 secs] 
1007191.629: [GC 1007191.629: [ParNew: 1747486K->51232K(1887488K), 0.1694349 secs] 2063310K->367326K(5033216K) icms_dc=0 , 0.1695321 secs] [Times: user=0.20 sys=0.00, real=0.17 secs] 
1007404.621: [GC 1007404.621: [ParNew: 1729056K->64839K(1887488K), 0.2040133 secs] 2045150K->381139K(5033216K) icms_dc=0 , 0.2041081 secs] [Times: user=0.26 sys=0.00, real=0.22 secs] 
1007668.472: [GC 1007668.472: [ParNew: 1742663K->70379K(1887488K), 0.2323770 secs] 2058963K->386792K(5033216K) icms_dc=0 , 0.2324773 secs] [Times: user=0.22 sys=0.00, real=0.22 secs] 
1007913.138: [GC 1007913.138: [ParNew: 1748203K->70597K(1887488K), 0.2417022 secs] 2064616K->387225K(5033216K) icms_dc=0 , 0.2417959 secs] [Times: user=0.23 sys=0.00, real=0.23 secs] 
1008045.790: [GC 1008045.790: [ParNew: 1748421K->72915K(1887488K), 0.2183321 secs] 2065049K->389685K(5033216K) icms_dc=0 , 0.2184211 secs] [Times: user=0.23 sys=0.00, real=0.22 secs] 
1008229.036: [GC 1008229.037: [ParNew: 1750739K->77090K(1887488K), 0.2240003 secs] 2067509K->394008K(5033216K) icms_dc=0 , 0.2240905 secs] [Times: user=0.25 sys=0.00, real=0.23 secs] 
1008439.964: [GC 1008439.964: [ParNew: 1754914K->68240K(1887488K), 0.1995354 secs] 2071832K->385351K(5033216K) icms_dc=0 , 0.1996241 secs] [Times: user=0.19 sys=0.00, real=0.19 secs] 
1008721.036: [GC 1008721.037: [ParNew: 1746064K->61705K(1887488K), 0.1999820 secs] 2063175K->379096K(5033216K) icms_dc=0 , 0.2001029 secs] [Times: user=0.20 sys=0.00, real=0.20 secs] 
1008938.662: [GC 1008938.662: [ParNew: 1739529K->75261K(1887488K), 0.2283833 secs] 2056920K->392743K(5033216K) icms_dc=0 , 0.2284713 secs] [Times: user=0.22 sys=0.00, real=0.22 secs] 
1009151.073: [GC 1009151.073: [ParNew: 1753085K->79722K(1887488K), 0.2725192 secs] 2070567K->397419K(5033216K) icms_dc=0 , 0.2726229 secs] [Times: user=0.26 sys=0.00, real=0.27 secs] 
1009316.371: [GC 1009316.371: [ParNew: 1757546K->79378K(1887488K), 0.2752942 secs] 2075243K->397246K(5033216K) icms_dc=0 , 0.2753955 secs] [Times: user=0.30 sys=0.00, real=0.28 secs] 
1009612.749: [GC 1009612.749: [ParNew: 1757202K->68165K(1887488K), 0.2069215 secs] 2075070K->386253K(5033216K) icms_dc=0 , 0.2070071 secs] [Times: user=0.20 sys=0.00, real=0.20 secs] 
1010087.682: [GC 1010087.683: [ParNew: 1745989K->66397K(1887488K), 0.2173464 secs] 2064077K->384724K(5033216K) icms_dc=0 , 0.2174409 secs] [Times: user=0.22 sys=0.00, real=0.22 secs] 
1010279.493: [GC 1010279.493: [ParNew: 1744221K->66430K(1887488K), 0.1999025 secs] 2062548K->384956K(5033216K) icms_dc=0 , 0.1999916 secs] [Times: user=0.20 sys=0.00, real=0.20 secs] 
1010501.686: [GC 1010501.686: [ParNew: 1744254K->47405K(1887488K), 0.1541247 secs] 2062780K->366150K(5033216K) icms_dc=0 , 0.1542192 secs] [Times: user=0.17 sys=0.00, real=0.16 secs] 
1010700.884: [GC 1010700.884: [ParNew: 1725229K->61214K(1887488K), 0.1715157 secs] 2043974K->380232K(5033216K) icms_dc=0 , 0.1716021 secs] [Times: user=0.17 sys=0.00, real=0.17 secs] 
1010928.068: [GC 1010928.068: [ParNew: 1739038K->71798K(1887488K), 0.2334387 secs] 2058056K->391098K(5033216K) icms_dc=0 , 0.2336818 secs] [Times: user=0.23 sys=0.00, real=0.23 secs] 
1011106.543: [GC 1011106.543: [ParNew: 1749622K->64072K(1887488K), 0.2149865 secs] 2068922K->383570K(5033216K) icms_dc=0 , 0.2150917 secs] [Times: user=0.20 sys=0.00, real=0.20 secs] 
1011297.152: [GC 1011297.152: [ParNew: 1741896K->68508K(1887488K), 0.2381259 secs] 2061394K->388181K(5033216K) icms_dc=0 , 0.2384292 secs] [Times: user=0.25 sys=0.00, real=0.25 secs] 
1011604.629: [GC 1011604.629: [ParNew: 1746332K->59279K(1887488K), 0.1671937 secs] 2066005K->379101K(5033216K) icms_dc=0 , 0.1672781 secs] [Times: user=0.17 sys=0.00, real=0.17 secs] 
1011874.897: [GC 1011874.897: [ParNew: 1736978K->74287K(1887488K), 0.2170999 secs] 2056800K->394269K(5033216K) icms_dc=0 , 0.2171863 secs] [Times: user=0.22 sys=0.00, real=0.22 secs] 
1012092.285: [GC 1012092.285: [ParNew: 1752111K->71226K(1887488K), 0.2103704 secs] 2072093K->391427K(5033216K) icms_dc=0 , 0.2104587 secs] [Times: user=0.23 sys=0.00, real=0.22 secs] 
1012319.555: [GC 1012319.555: [ParNew: 1749050K->65072K(1887488K), 0.1955401 secs] 2069251K->385460K(5033216K) icms_dc=0 , 0.1956311 secs] [Times: user=0.22 sys=0.00, real=0.20 secs] 
1012504.635: [GC 1012504.635: [ParNew: 1742896K->73463K(1887488K), 0.2229086 secs] 2063284K->394021K(5033216K) icms_dc=0 , 0.2229958 secs] [Times: user=0.22 sys=0.00, real=0.22 secs] 
1012710.893: [GC 1012710.893: [ParNew: 1751287K->73879K(1887488K), 0.2261179 secs] 2071845K->394774K(5033216K) icms_dc=0 , 0.2262070 secs] [Times: user=0.22 sys=0.00, real=0.22 secs] 
1012901.906: [GC 1012901.906: [ParNew: 1751703K->66004K(1887488K), 0.1912796 secs] 2072598K->387136K(5033216K) icms_dc=0 , 0.1913633 secs] [Times: user=0.19 sys=0.00, real=0.19 secs] 
1013104.053: [GC 1013104.053: [ParNew: 1743828K->63175K(1887488K), 0.1999102 secs] 2064960K->384501K(5033216K) icms_dc=0 , 0.2000092 secs] [Times: user=0.20 sys=0.00, real=0.20 secs] 
1013270.570: [GC 1013270.570: [ParNew: 1740999K->72981K(1887488K), 0.2234907 secs] 2062325K->394485K(5033216K) icms_dc=0 , 0.2235837 secs] [Times: user=0.22 sys=0.00, real=0.22 secs] 
1013401.779: [GC 1013401.779: [ParNew: 1750805K->68164K(1887488K), 0.2361550 secs] 2072309K->389851K(5033216K) icms_dc=0 , 0.2362579 secs] [Times: user=0.23 sys=0.00, real=0.23 secs] 
1013615.625: [GC 1013615.625: [ParNew: 1745988K->48382K(1887488K), 0.1369680 secs] 2067675K->370334K(5033216K) icms_dc=0 , 0.1370602 secs] [Times: user=0.17 sys=0.00, real=0.14 secs] 
1013870.544: [GC 1013870.544: [ParNew: 1726206K->68580K(1887488K), 0.2130620 secs] 2048158K->390828K(5033216K) icms_dc=0 , 0.2131499 secs] [Times: user=0.22 sys=0.00, real=0.20 secs] 
1014049.021: [GC 1014049.021: [ParNew: 1746404K->69088K(1887488K), 0.1914904 secs] 2068652K->391579K(5033216K) icms_dc=0 , 0.1915798 secs] [Times: user=0.19 sys=0.00, real=0.19 secs] 
1014223.717: [GC 1014223.717: [ParNew: 1746912K->70616K(1887488K), 0.2124642 secs] 2069403K->393316K(5033216K) icms_dc=0 , 0.2125540 secs] [Times: user=0.20 sys=0.00, real=0.20 secs] 
1014478.699: [GC 1014478.699: [ParNew: 1748440K->64298K(1887488K), 0.2115714 secs] 2071140K->387152K(5033216K) icms_dc=0 , 0.2116686 secs] [Times: user=0.28 sys=0.00, real=0.22 secs] 
1014684.887: [GC 1014684.887: [ParNew: 1742122K->75170K(1887488K), 0.2298048 secs] 2064976K->398474K(5033216K) icms_dc=0 , 0.2298947 secs] [Times: user=0.23 sys=0.00, real=0.23 secs] 
1014851.191: [GC 1014851.191: [ParNew: 1752994K->68742K(1887488K), 0.2074833 secs] 2076298K->392220K(5033216K) icms_dc=0 , 0.2075727 secs] [Times: user=0.20 sys=0.00, real=0.20 secs] 
1015129.816: [GC 1015129.816: [ParNew: 1746566K->78962K(1887488K), 0.2624249 secs] 2070044K->402685K(5033216K) icms_dc=0 , 0.2625171 secs] [Times: user=0.27 sys=0.00, real=0.27 secs] 
1015374.432: [GC 1015374.432: [ParNew: 1756786K->70166K(1887488K), 0.2060937 secs] 2080509K->394049K(5033216K) icms_dc=0 , 0.2061835 secs] [Times: user=0.20 sys=0.00, real=0.20 secs] 
1015420.253: [GC 1015420.253: [ParNew: 1747990K->22647K(1887488K), 0.0458564 secs] 2071873K->346777K(5033216K) icms_dc=0 , 0.0459440 secs] [Times: user=0.05 sys=0.00, real=0.05 secs] 
1015584.727: [GC 1015584.727: [ParNew: 1700471K->68477K(1887488K), 0.1945299 secs] 2024601K->392933K(5033216K) icms_dc=0 , 0.1946213 secs] [Times: user=0.19 sys=0.00, real=0.19 secs] 
1015655.873: [GC 1015655.873: [ParNew: 1746301K->46772K(1887488K), 0.1191240 secs] 2070757K->371503K(5033216K) icms_dc=0 , 0.1192231 secs] [Times: user=0.19 sys=0.00, real=0.13 secs] 
1015713.751: [GC 1015713.751: [ParNew: 1724596K->37483K(1887488K), 0.1257579 secs] 2049327K->362468K(5033216K) icms_dc=0 , 0.1258566 secs] [Times: user=0.13 sys=0.00, real=0.13 secs] 
1015864.554: [GC 1015864.554: [ParNew: 1715307K->43036K(1887488K), 0.1402353 secs] 2040292K->368148K(5033216K) icms_dc=0 , 0.1403374 secs] [Times: user=0.14 sys=0.00, real=0.14 secs] 
1016024.445: [GC 1016024.445: [ParNew: 1720860K->56654K(1887488K), 0.1278287 secs] 2045972K->382027K(5033216K) icms_dc=0 , 0.1279105 secs] [Times: user=0.12 sys=0.00, real=0.12 secs] 
1016164.220: [GC 1016164.220: [ParNew: 1734478K->41706K(1887488K), 0.1188095 secs] 2059851K->367221K(5033216K) icms_dc=0 , 0.1189009 secs] [Times: user=0.11 sys=0.00, real=0.11 secs] 
1016367.089: [GC 1016367.089: [ParNew: 1719530K->73665K(1887488K), 0.2167551 secs] 2045045K->399422K(5033216K) icms_dc=0 , 0.2168426 secs] [Times: user=0.22 sys=0.00, real=0.22 secs] 
1016473.518: [GC 1016473.518: [ParNew: 1751489K->65670K(1887488K), 0.1974619 secs] 2077246K->391654K(5033216K) icms_dc=0 , 0.1975479 secs] [Times: user=0.23 sys=0.00, real=0.20 secs] 
1016853.709: [GC 1016853.709: [ParNew: 1743494K->63321K(1887488K), 0.2092887 secs] 2069478K->389569K(5033216K) icms_dc=0 , 0.2093920 secs] [Times: user=0.25 sys=0.00, real=0.22 secs] 
1017129.451: [GC 1017129.451: [ParNew: 1741145K->59722K(1887488K), 0.2041692 secs] 2067393K->386073K(5033216K) icms_dc=0 , 0.2042690 secs] [Times: user=0.20 sys=0.00, real=0.20 secs] 
1017439.660: [GC 1017439.660: [ParNew: 1737546K->48490K(1887488K), 0.1348873 secs] 2063897K->375060K(5033216K) icms_dc=0 , 0.1349821 secs] [Times: user=0.20 sys=0.00, real=0.14 secs] 
1017657.184: [GC 1017657.184: [ParNew: 1726314K->50670K(1887488K), 0.1350654 secs] 2052884K->377413K(5033216K) icms_dc=0 , 0.1351484 secs] [Times: user=0.12 sys=0.00, real=0.13 secs] 
1017852.399: [GC 1017852.399: [ParNew: 1728494K->44309K(1887488K), 0.1413903 secs] 2055237K->371303K(5033216K) icms_dc=0 , 0.1414851 secs] [Times: user=0.14 sys=0.00, real=0.14 secs] 
1018156.659: [GC 1018156.659: [ParNew: 1722133K->60450K(1887488K), 0.1852650 secs] 2049127K->387632K(5033216K) icms_dc=0 , 0.1853506 secs] [Times: user=0.20 sys=0.00, real=0.19 secs] 
1018376.977: [GC 1018376.977: [ParNew: 1738274K->70296K(1887488K), 0.2109916 secs] 2065456K->397652K(5033216K) icms_dc=0 , 0.2110811 secs] [Times: user=0.20 sys=0.00, real=0.20 secs] 
1018827.753: [GC 1018827.753: [ParNew: 1748120K->58753K(1887488K), 0.1969701 secs] 2075476K->386262K(5033216K) icms_dc=0 , 0.1970707 secs] [Times: user=0.20 sys=0.00, real=0.20 secs] 
1019144.141: [GC 1019144.141: [ParNew: 1736577K->53066K(1887488K), 0.1713122 secs] 2064086K->380707K(5033216K) icms_dc=0 , 0.1714097 secs] [Times: user=0.23 sys=0.00, real=0.17 secs] 
1019415.477: [GC 1019415.477: [ParNew: 1730890K->66308K(1887488K), 0.1987578 secs] 2058531K->394134K(5033216K) icms_dc=0 , 0.1988439 secs] [Times: user=0.27 sys=0.00, real=0.20 secs] 
1019784.817: [GC 1019784.817: [ParNew: 1744132K->58679K(1887488K), 0.2001993 secs] 2071958K->386648K(5033216K) icms_dc=0 , 0.2003049 secs] [Times: user=0.19 sys=0.00, real=0.19 secs] 
1020217.942: [GC 1020217.942: [ParNew: 1736503K->68517K(1887488K), 0.2070521 secs] 2064472K->396718K(5033216K) icms_dc=0 , 0.2071411 secs] [Times: user=0.20 sys=0.00, real=0.20 secs] 
1020686.486: [GC 1020686.486: [ParNew: 1746341K->58260K(1887488K), 0.1744051 secs] 2074542K->386672K(5033216K) icms_dc=0 , 0.1744922 secs] [Times: user=0.17 sys=0.00, real=0.17 secs] 
1021069.296: [GC 1021069.296: [ParNew: 1736084K->58239K(1887488K), 0.1662856 secs] 2064496K->386807K(5033216K) icms_dc=0 , 0.1663747 secs] [Times: user=0.16 sys=0.00, real=0.16 secs] 
1021620.666: [GC 1021620.666: [ParNew: 1736063K->40396K(1887488K), 0.1187469 secs] 2064631K->369151K(5033216K) icms_dc=0 , 0.1188383 secs] [Times: user=0.14 sys=0.00, real=0.13 secs] 
1022254.673: [GC 1022254.673: [ParNew: 1718220K->47480K(1887488K), 0.1436561 secs] 2046975K->376467K(5033216K) icms_dc=0 , 0.1437463 secs] [Times: user=0.14 sys=0.00, real=0.14 secs] 
1022835.610: [GC 1022835.610: [ParNew: 1725304K->57105K(1887488K), 0.1906668 secs] 2054291K->386292K(5033216K) icms_dc=0 , 0.1907631 secs] [Times: user=0.22 sys=0.00, real=0.20 secs] 
1023495.044: [GC 1023495.044: [ParNew: 1734929K->59383K(1887488K), 0.1632026 secs] 2064116K->388757K(5033216K) icms_dc=0 , 0.1632848 secs] [Times: user=0.17 sys=0.00, real=0.17 secs] 
1024081.304: [GC 1024081.304: [ParNew: 1737207K->49726K(1887488K), 0.1464165 secs] 2066581K->379280K(5033216K) icms_dc=0 , 0.1465052 secs] [Times: user=0.17 sys=0.00, real=0.14 secs] 
1024904.805: [GC 1024904.805: [ParNew: 1727550K->38092K(1887488K), 0.1188606 secs] 2057104K->367815K(5033216K) icms_dc=0 , 0.1189508 secs] [Times: user=0.14 sys=0.00, real=0.13 secs] 
1025888.409: [GC 1025888.409: [ParNew: 1715916K->40573K(1887488K), 0.1268104 secs] 2045639K->370476K(5033216K) icms_dc=0 , 0.1268999 secs] [Times: user=0.13 sys=0.00, real=0.13 secs] 
1026719.886: [GC 1026719.886: [ParNew: 1718397K->44185K(1887488K), 0.1353968 secs] 2048300K->374269K(5033216K) icms_dc=0 , 0.1354905 secs] [Times: user=0.19 sys=0.00, real=0.14 secs] 
1027429.462: [GC 1027429.462: [ParNew: 1722009K->44144K(1887488K), 0.1362750 secs] 2052093K->374400K(5033216K) icms_dc=0 , 0.1363706 secs] [Times: user=0.16 sys=0.00, real=0.14 secs] 
1028798.936: [GC 1028798.936: [ParNew: 1721968K->28129K(1887488K), 0.0919629 secs] 2052224K->358877K(5033216K) icms_dc=0 , 0.0920539 secs] [Times: user=0.14 sys=0.00, real=0.09 secs] 
1029811.907: [GC 1029811.907: [ParNew: 1705953K->42774K(1887488K), 0.1404937 secs] 2036701K->373720K(5033216K) icms_dc=0 , 0.1405920 secs] [Times: user=0.14 sys=0.00, real=0.14 secs] 
1030790.229: [GC 1030790.229: [ParNew: 1720598K->28060K(1887488K), 0.0847607 secs] 2051544K->359207K(5033216K) icms_dc=0 , 0.0848490 secs] [Times: user=0.08 sys=0.00, real=0.08 secs] 
1031911.928: [GC 1031911.928: [ParNew: 1705884K->34330K(1887488K), 0.1147912 secs] 2037031K->365659K(5033216K) icms_dc=0 , 0.1148918 secs] [Times: user=0.11 sys=0.00, real=0.11 secs] 
1033095.271: [GC 1033095.271: [ParNew: 1712154K->38490K(1887488K), 0.1285544 secs] 2043483K->370006K(5033216K) icms_dc=0 , 0.1286569 secs] [Times: user=0.13 sys=0.00, real=0.13 secs] 
1034524.237: [GC 1034524.237: [ParNew: 1716314K->33692K(1887488K), 0.1077319 secs] 2047830K->365386K(5033216K) icms_dc=0 , 0.1078198 secs] [Times: user=0.11 sys=0.00, real=0.11 secs] 
1035354.814: [GC 1035354.814: [ParNew: 1711516K->47981K(1887488K), 0.1470124 secs] 2043210K->379811K(5033216K) icms_dc=0 , 0.1470999 secs] [Times: user=0.14 sys=0.00, real=0.14 secs] 
1036564.866: [GC 1036564.866: [ParNew: 1725805K->30190K(1887488K), 0.0891602 secs] 2057635K->362199K(5033216K) icms_dc=0 , 0.0892516 secs] [Times: user=0.08 sys=0.00, real=0.08 secs] 
1037924.513: [GC 1037924.514: [ParNew: 1708014K->30623K(1887488K), 0.0979260 secs] 2040023K->362842K(5033216K) icms_dc=0 , 0.0980227 secs] [Times: user=0.11 sys=0.00, real=0.09 secs] 
1039231.571: [GC 1039231.571: [ParNew: 1708447K->32449K(1887488K), 0.1006537 secs] 2040666K->364857K(5033216K) icms_dc=0 , 0.1007413 secs] [Times: user=0.09 sys=0.00, real=0.09 secs] 
1041311.423: [GC 1041311.424: [ParNew: 1710273K->15958K(1887488K), 0.0540973 secs] 2042681K->348541K(5033216K) icms_dc=0 , 0.0541998 secs] [Times: user=0.05 sys=0.00, real=0.05 secs] 
1042484.288: [GC 1042484.288: [ParNew: 1693782K->27911K(1887488K), 0.0951168 secs] 2026365K->360638K(5033216K) icms_dc=0 , 0.0952140 secs] [Times: user=0.09 sys=0.00, real=0.09 secs] 
1044029.936: [GC 1044029.936: [ParNew: 1705735K->27610K(1887488K), 0.0924175 secs] 2038462K->360489K(5033216K) icms_dc=0 , 0.0925058 secs] [Times: user=0.09 sys=0.00, real=0.09 secs] 
1045974.891: [GC 1045974.891: [ParNew: 1705434K->16514K(1887488K), 0.0569283 secs] 2038313K->349553K(5033216K) icms_dc=0 , 0.0570182 secs] [Times: user=0.08 sys=0.00, real=0.06 secs] 
1047812.499: [GC 1047812.499: [ParNew: 1694338K->15650K(1887488K), 0.0534376 secs] 2027377K->348865K(5033216K) icms_dc=0 , 0.0535398 secs] [Times: user=0.08 sys=0.02, real=0.06 secs] 
1049239.801: [GC 1049239.801: [ParNew: 1693474K->36239K(1887488K), 0.1128161 secs] 2026689K->369572K(5033216K) icms_dc=0 , 0.1129044 secs] [Times: user=0.13 sys=0.00, real=0.11 secs] 
1050599.883: [GC 1050599.883: [ParNew: 1714063K->34773K(1887488K), 0.0920627 secs] 2047396K->368266K(5033216K) icms_dc=0 , 0.0921498 secs] [Times: user=0.16 sys=0.00, real=0.09 secs] 
1051863.752: [GC 1051863.752: [ParNew: 1712597K->46862K(1887488K), 0.1378262 secs] 2046090K->380521K(5033216K) icms_dc=0 , 0.1379184 secs] [Times: user=0.16 sys=0.00, real=0.14 secs] 
1053158.162: [GC 1053158.162: [ParNew: 1724686K->26530K(1887488K), 0.0934442 secs] 2058345K->360342K(5033216K) icms_dc=0 , 0.0935444 secs] [Times: user=0.09 sys=0.00, real=0.09 secs] 
1053943.162: [GC 1053943.162: [ParNew: 1704354K->40193K(1887488K), 0.1224415 secs] 2038166K->374171K(5033216K) icms_dc=0 , 0.1225306 secs] [Times: user=0.13 sys=0.00, real=0.13 secs] 
1054783.396: [GC 1054783.396: [ParNew: 1718017K->53235K(1887488K), 0.1867445 secs] 2051995K->387437K(5033216K) icms_dc=0 , 0.1868347 secs] [Times: user=0.25 sys=0.00, real=0.19 secs] 
1055869.027: [GC 1055869.027: [ParNew: 1731059K->35084K(1887488K), 0.1084223 secs] 2065261K->369466K(5033216K) icms_dc=0 , 0.1085121 secs] [Times: user=0.09 sys=0.00, real=0.09 secs] 
1056909.574: [GC 1056909.574: [ParNew: 1712908K->45159K(1887488K), 0.1399085 secs] 2047290K->379677K(5033216K) icms_dc=0 , 0.1399980 secs] [Times: user=0.17 sys=0.00, real=0.14 secs] 
1058244.246: [GC 1058244.246: [ParNew: 1722983K->37998K(1887488K), 0.1315782 secs] 2057501K->372668K(5033216K) icms_dc=0 , 0.1316792 secs] [Times: user=0.13 sys=0.00, real=0.13 secs] 
1059109.502: [GC 1059109.502: [ParNew: 1715822K->49805K(1887488K), 0.1768955 secs] 2050492K->384663K(5033216K) icms_dc=0 , 0.1769965 secs] [Times: user=0.17 sys=0.00, real=0.17 secs] 
1060288.035: [GC 1060288.036: [ParNew: 1727629K->37598K(1887488K), 0.1094145 secs] 2062487K->372601K(5033216K) icms_dc=0 , 0.1095028 secs] [Times: user=0.17 sys=0.00, real=0.11 secs] 
1061457.580: [GC 1061457.581: [ParNew: 1715422K->33418K(1887488K), 0.1004606 secs] 2050425K->368615K(5033216K) icms_dc=0 , 0.1005539 secs] [Times: user=0.12 sys=0.00, real=0.11 secs] 
1062199.421: [GC 1062199.421: [ParNew: 1711242K->58500K(1887488K), 0.2012076 secs] 2046439K->393891K(5033216K) icms_dc=0 , 0.2013166 secs] [Times: user=0.20 sys=0.00, real=0.20 secs] 
1062873.366: [GC 1062873.366: [ParNew: 1736324K->60199K(1887488K), 0.2096769 secs] 2071715K->395815K(5033216K) icms_dc=0 , 0.2097810 secs] [Times: user=0.20 sys=0.00, real=0.20 secs] 
1063645.412: [GC 1063645.412: [ParNew: 1738023K->52098K(1887488K), 0.1640028 secs] 2073639K->387888K(5033216K) icms_dc=0 , 0.1640900 secs] [Times: user=0.19 sys=0.00, real=0.17 secs] 
1064899.362: [GC 1064899.362: [ParNew: 1729922K->35280K(1887488K), 0.1151361 secs] 2065712K->371233K(5033216K) icms_dc=0 , 0.1152351 secs] [Times: user=0.14 sys=0.00, real=0.13 secs] 
1065723.689: [GC 1065723.689: [ParNew: 1713104K->37747K(1887488K), 0.1148995 secs] 2049057K->373846K(5033216K) icms_dc=0 , 0.1149909 secs] [Times: user=0.19 sys=0.00, real=0.13 secs] 
1066908.299: [GC 1066908.299: [ParNew: 1715571K->39206K(1887488K), 0.1274823 secs] 2051670K->375537K(5033216K) icms_dc=0 , 0.1275730 secs] [Times: user=0.14 sys=0.00, real=0.13 secs] 
1067779.570: [GC 1067779.570: [ParNew: 1717030K->55322K(1887488K), 0.1740330 secs] 2053361K->391833K(5033216K) icms_dc=0 , 0.1741167 secs] [Times: user=0.17 sys=0.00, real=0.17 secs] 
1068897.337: [GC 1068897.337: [ParNew: 1733146K->44584K(1887488K), 0.1300968 secs] 2069657K->381254K(5033216K) icms_dc=0 , 0.1301851 secs] [Times: user=0.13 sys=0.00, real=0.13 secs] 
1069613.070: [GC 1069613.070: [ParNew: 1722408K->52097K(1887488K), 0.1615304 secs] 2059078K->388882K(5033216K) icms_dc=0 , 0.1616130 secs] [Times: user=0.16 sys=0.00, real=0.16 secs] 
1069980.528: [GC 1069980.528: [ParNew: 1729921K->62947K(1887488K), 0.2242779 secs] 2066706K->399927K(5033216K) icms_dc=0 , 0.2243793 secs] [Times: user=0.25 sys=0.00, real=0.23 secs] 
1070399.314: [GC 1070399.314: [ParNew: 1740771K->69326K(1887488K), 0.2176083 secs] 2077751K->406487K(5033216K) icms_dc=0 , 0.2176958 secs] [Times: user=0.23 sys=0.00, real=0.22 secs] 
1070686.437: [GC 1070686.437: [ParNew: 1747150K->72260K(1887488K), 0.2122165 secs] 2084311K->409590K(5033216K) icms_dc=0 , 0.2123060 secs] [Times: user=0.25 sys=0.00, real=0.22 secs] 
1071050.122: [GC 1071050.122: [ParNew: 1750084K->62521K(1887488K), 0.1866058 secs] 2087414K->400031K(5033216K) icms_dc=0 , 0.1867007 secs] [Times: user=0.20 sys=0.00, real=0.19 secs] 
1071479.723: [GC 1071479.724: [ParNew: 1740345K->74179K(1887488K), 0.2264754 secs] 2077855K->411877K(5033216K) icms_dc=0 , 0.2265656 secs] [Times: user=0.22 sys=0.00, real=0.22 secs] 
1071816.867: [GC 1071816.867: [ParNew: 1752003K->68347K(1887488K), 0.2063509 secs] 2089701K->406268K(5033216K) icms_dc=0 , 0.2064423 secs] [Times: user=0.22 sys=0.00, real=0.20 secs] 
1072289.822: [GC 1072289.822: [ParNew: 1746171K->61110K(1887488K), 0.1995623 secs] 2084092K->399241K(5033216K) icms_dc=0 , 0.1996679 secs] [Times: user=0.19 sys=0.00, real=0.19 secs] 
1072736.345: [GC 1072736.345: [ParNew: 1738934K->72948K(1887488K), 0.2432988 secs] 2077065K->411284K(5033216K) icms_dc=0 , 0.2433982 secs] [Times: user=0.23 sys=0.00, real=0.23 secs] 
1073085.925: [GC 1073085.925: [ParNew: 1750772K->75554K(1887488K), 0.2363385 secs] 2089108K->414107K(5033216K) icms_dc=0 , 0.2364237 secs] [Times: user=0.31 sys=0.00, real=0.25 secs] 
1073390.509: [GC 1073390.509: [ParNew: 1753378K->67433K(1887488K), 0.1962013 secs] 2091931K->406123K(5033216K) icms_dc=0 , 0.1962851 secs] [Times: user=0.19 sys=0.00, real=0.19 secs] 
1073691.014: [GC 1073691.014: [ParNew: 1745257K->83962K(1887488K), 0.2500794 secs] 2083947K->422826K(5033216K) icms_dc=0 , 0.2501642 secs] [Times: user=0.26 sys=0.00, real=0.25 secs] 
1073999.958: [GC 1073999.958: [ParNew: 1761786K->69799K(1887488K), 0.2214042 secs] 2100650K->408872K(5033216K) icms_dc=0 , 0.2214968 secs] [Times: user=0.22 sys=0.00, real=0.22 secs] 
1074336.914: [GC 1074336.914: [ParNew: 1747623K->76158K(1887488K), 0.2611555 secs] 2086696K->415422K(5033216K) icms_dc=0 , 0.2612572 secs] [Times: user=0.25 sys=0.00, real=0.25 secs] 
1074527.749: [GC 1074527.749: [ParNew: 1753982K->69328K(1887488K), 0.2133485 secs] 2093246K->408795K(5033216K) icms_dc=0 , 0.2134341 secs] [Times: user=0.23 sys=0.00, real=0.22 secs] 
1074727.333: [GC 1074727.333: [ParNew: 1747152K->61457K(1887488K), 0.1816722 secs] 2086619K->401122K(5033216K) icms_dc=0 , 0.1817586 secs] [Times: user=0.20 sys=0.00, real=0.19 secs] 
1074929.072: [GC 1074929.072: [ParNew: 1739281K->48638K(1887488K), 0.1488052 secs] 2078946K->388537K(5033216K) icms_dc=0 , 0.1489000 secs] [Times: user=0.14 sys=0.00, real=0.14 secs] 
1075099.001: [GC 1075099.001: [ParNew: 1726462K->57056K(1887488K), 0.1697037 secs] 2066361K->397240K(5033216K) icms_dc=0 , 0.1697901 secs] [Times: user=0.17 sys=0.00, real=0.17 secs] 
1075503.177: [GC 1075503.177: [ParNew: 1734880K->71566K(1887488K), 0.2179450 secs] 2075064K->411947K(5033216K) icms_dc=0 , 0.2180329 secs] [Times: user=0.23 sys=0.00, real=0.22 secs] 
1075714.990: [GC 1075714.990: [ParNew: 1749390K->59002K(1887488K), 0.1748386 secs] 2089771K->399580K(5033216K) icms_dc=0 , 0.1749269 secs] [Times: user=0.17 sys=0.00, real=0.17 secs] 
1075910.539: [GC 1075910.539: [ParNew: 1736826K->60460K(1887488K), 0.1876510 secs] 2077404K->401232K(5033216K) icms_dc=0 , 0.1877462 secs] [Times: user=0.19 sys=0.00, real=0.19 secs] 
1076169.022: [GC 1076169.022: [ParNew: 1738284K->74986K(1887488K), 0.2255362 secs] 2079056K->415885K(5033216K) icms_dc=0 , 0.2256214 secs] [Times: user=0.25 sys=0.00, real=0.23 secs] 
1076455.545: [GC 1076455.545: [ParNew: 1752810K->71701K(1887488K), 0.2212437 secs] 2093709K->412853K(5033216K) icms_dc=0 , 0.2213351 secs] [Times: user=0.22 sys=0.00, real=0.23 secs] 
1076627.825: [GC 1076627.825: [ParNew: 1749525K->68017K(1887488K), 0.2251530 secs] 2090677K->409349K(5033216K) icms_dc=0 , 0.2252474 secs] [Times: user=0.25 sys=0.00, real=0.23 secs] 
1076960.715: [GC 1076960.715: [ParNew: 1745841K->67069K(1887488K), 0.2112954 secs] 2087173K->408525K(5033216K) icms_dc=0 , 0.2113821 secs] [Times: user=0.22 sys=0.00, real=0.22 secs] 
1077190.347: [GC 1077190.347: [ParNew: 1744893K->73793K(1887488K), 0.2245586 secs] 2086349K->415465K(5033216K) icms_dc=0 , 0.2246457 secs] [Times: user=0.22 sys=0.00, real=0.22 secs] 
1077424.769: [GC 1077424.769: [ParNew: 1751617K->62309K(1887488K), 0.2055050 secs] 2093289K->404426K(5033216K) icms_dc=0 , 0.2056052 secs] [Times: user=0.22 sys=0.00, real=0.20 secs] 
1077652.685: [GC 1077652.685: [ParNew: 1740133K->67423K(1887488K), 0.1983869 secs] 2082250K->409867K(5033216K) icms_dc=0 , 0.1984752 secs] [Times: user=0.19 sys=0.00, real=0.19 secs] 
1077933.080: [GC 1077933.080: [ParNew: 1745247K->63639K(1887488K), 0.1904018 secs] 2087691K->406376K(5033216K) icms_dc=0 , 0.1904959 secs] [Times: user=0.20 sys=0.00, real=0.19 secs] 
1078222.081: [GC 1078222.081: [ParNew: 1741463K->77638K(1887488K), 0.2410948 secs] 2084200K->420635K(5033216K) icms_dc=0 , 0.2411827 secs] [Times: user=0.23 sys=0.00, real=0.23 secs] 
1078389.870: [GC 1078389.870: [ParNew: 1755462K->70801K(1887488K), 0.2120618 secs] 2098459K->414044K(5033216K) icms_dc=0 , 0.2121520 secs] [Times: user=0.20 sys=0.00, real=0.20 secs] 
1078632.961: [GC 1078632.961: [ParNew: 1748625K->76251K(1887488K), 0.2220059 secs] 2091868K->419726K(5033216K) icms_dc=0 , 0.2220938 secs] [Times: user=0.22 sys=0.00, real=0.22 secs] 
1078953.124: [GC 1078953.124: [ParNew: 1754075K->85628K(1887488K), 0.2976019 secs] 2097550K->429362K(5033216K) icms_dc=0 , 0.2977025 secs] [Times: user=0.30 sys=0.00, real=0.30 secs] 
1079209.029: [GC 1079209.029: [ParNew: 1763452K->72396K(1887488K), 0.2160943 secs] 2107186K->416393K(5033216K) icms_dc=0 , 0.2161860 secs] [Times: user=0.23 sys=0.00, real=0.22 secs] 
1079401.949: [GC 1079401.949: [ParNew: 1750220K->76357K(1887488K), 0.2282635 secs] 2094217K->420571K(5033216K) icms_dc=0 , 0.2283503 secs] [Times: user=0.26 sys=0.00, real=0.23 secs] 
1079615.496: [GC 1079615.496: [ParNew: 1754181K->70875K(1887488K), 0.2070010 secs] 2098395K->415411K(5033216K) icms_dc=0 , 0.2070874 secs] [Times: user=0.20 sys=0.00, real=0.20 secs] 
1079892.011: [GC 1079892.011: [ParNew: 1748699K->68063K(1887488K), 0.1996521 secs] 2093235K->412833K(5033216K) icms_dc=0 , 0.1997416 secs] [Times: user=0.19 sys=0.00, real=0.19 secs] 
1080068.922: [GC 1080068.922: [ParNew: 1745887K->69508K(1887488K), 0.2041995 secs] 2090657K->414533K(5033216K) icms_dc=0 , 0.2042886 secs] [Times: user=0.25 sys=0.00, real=0.22 secs] 
1080330.439: [GC 1080330.439: [ParNew: 1747332K->53119K(1887488K), 0.1680119 secs] 2092357K->398362K(5033216K) icms_dc=0 , 0.1680952 secs] [Times: user=0.17 sys=0.00, real=0.17 secs] 
1080513.696: [GC 1080513.696: [ParNew: 1730943K->81836K(1887488K), 0.2734799 secs] 2076186K->427255K(5033216K) icms_dc=0 , 0.2735840 secs] [Times: user=0.27 sys=0.00, real=0.26 secs] 
1080708.361: [GC 1080708.362: [ParNew: 1759660K->71388K(1887488K), 0.2105128 secs] 2105079K->417021K(5033216K) icms_dc=0 , 0.2106046 secs] [Times: user=0.25 sys=0.00, real=0.22 secs] 
1080954.292: [GC 1080954.292: [ParNew: 1749212K->61672K(1887488K), 0.2098969 secs] 2094845K->407627K(5033216K) icms_dc=0 , 0.2100044 secs] [Times: user=0.20 sys=0.00, real=0.20 secs] 
1081173.875: [GC 1081173.875: [ParNew: 1739496K->64020K(1887488K), 0.1994022 secs] 2085451K->410201K(5033216K) icms_dc=0 , 0.1994951 secs] [Times: user=0.22 sys=0.00, real=0.20 secs] 
1081385.599: [GC 1081385.599: [ParNew: 1741844K->63383K(1887488K), 0.2021023 secs] 2088025K->409811K(5033216K) icms_dc=0 , 0.2021902 secs] [Times: user=0.22 sys=0.00, real=0.20 secs] 
1081535.614: [GC 1081535.614: [ParNew: 1741207K->69545K(1887488K), 0.2184231 secs] 2087635K->416266K(5033216K) icms_dc=0 , 0.2185133 secs] [Times: user=0.22 sys=0.00, real=0.22 secs] 
1081734.282: [GC 1081734.282: [ParNew: 1747369K->72917K(1887488K), 0.2195769 secs] 2094090K->419873K(5033216K) icms_dc=0 , 0.2196629 secs] [Times: user=0.22 sys=0.00, real=0.22 secs] 
1081932.934: [GC 1081932.934: [ParNew: 1750721K->62064K(1887488K), 0.1922587 secs] 2097677K->409306K(5033216K) icms_dc=0 , 0.1923493 secs] [Times: user=0.19 sys=0.00, real=0.19 secs] 
1082097.185: [GC 1082097.185: [ParNew: 1739888K->62317K(1887488K), 0.2056160 secs] 2087130K->409775K(5033216K) icms_dc=0 , 0.2057151 secs] [Times: user=0.23 sys=0.00, real=0.22 secs] 
1082404.029: [GC 1082404.029: [ParNew: 1740141K->68051K(1887488K), 0.2036758 secs] 2087599K->415731K(5033216K) icms_dc=0 , 0.2037729 secs] [Times: user=0.26 sys=0.00, real=0.22 secs] 
1082587.763: [GC 1082587.763: [ParNew: 1745875K->60019K(1887488K), 0.1893666 secs] 2093555K->407922K(5033216K) icms_dc=0 , 0.1894615 secs] [Times: user=0.19 sys=0.00, real=0.19 secs] 
1082707.249: [GC 1082707.249: [ParNew: 1737843K->64373K(1887488K), 0.1928212 secs] 2085746K->412488K(5033216K) icms_dc=0 , 0.1929092 secs] [Times: user=0.22 sys=0.00, real=0.20 secs] 
1082860.367: [GC 1082860.367: [ParNew: 1742197K->54611K(1887488K), 0.1677120 secs] 2090312K->402843K(5033216K) icms_dc=0 , 0.1677977 secs] [Times: user=0.17 sys=0.00, real=0.17 secs] 
1083128.843: [GC 1083128.843: [ParNew: 1732435K->70197K(1887488K), 0.2104909 secs] 2080667K->418683K(5033216K) icms_dc=0 , 0.2105785 secs] [Times: user=0.26 sys=0.00, real=0.22 secs] 
1083424.957: [GC 1083424.957: [ParNew: 1748021K->66185K(1887488K), 0.2023196 secs] 2096507K->414917K(5033216K) icms_dc=0 , 0.2024060 secs] [Times: user=0.20 sys=0.00, real=0.20 secs] 
1083630.873: [GC 1083630.873: [ParNew: 1744009K->65954K(1887488K), 0.1990431 secs] 2092741K->414921K(5033216K) icms_dc=0 , 0.1991303 secs] [Times: user=0.20 sys=0.00, real=0.20 secs] 
1083914.601: [GC 1083914.601: [ParNew: 1743778K->66719K(1887488K), 0.2192912 secs] 2092745K->415808K(5033216K) icms_dc=0 , 0.2193872 secs] [Times: user=0.23 sys=0.00, real=0.22 secs] 
1084115.914: [GC 1084115.914: [ParNew: 1744543K->57087K(1887488K), 0.1710695 secs] 2093632K->406377K(5033216K) icms_dc=0 , 0.1711586 secs] [Times: user=0.19 sys=0.00, real=0.17 secs] 
1084336.909: [GC 1084336.909: [ParNew: 1734911K->62564K(1887488K), 0.2088510 secs] 2084201K->412096K(5033216K) icms_dc=0 , 0.2089566 secs] [Times: user=0.20 sys=0.00, real=0.20 secs] 
1084628.623: [GC 1084628.623: [ParNew: 1740388K->70735K(1887488K), 0.2111206 secs] 2089920K->420472K(5033216K) icms_dc=0 , 0.2112009 secs] [Times: user=0.23 sys=0.00, real=0.22 secs] 
1084808.134: [GC 1084808.134: [ParNew: 1748559K->56971K(1887488K), 0.1575229 secs] 2098296K->407024K(5033216K) icms_dc=0 , 0.1576135 secs] [Times: user=0.16 sys=0.00, real=0.16 secs] 
1084983.619: [GC 1084983.619: [ParNew: 1734795K->55783K(1887488K), 0.1737496 secs] 2084848K->406161K(5033216K) icms_dc=0 , 0.1738495 secs] [Times: user=0.17 sys=0.00, real=0.17 secs] 
1085235.006: [GC 1085235.006: [ParNew: 1733607K->60416K(1887488K), 0.1817881 secs] 2083985K->411036K(5033216K) icms_dc=0 , 0.1818738 secs] [Times: user=0.20 sys=0.00, real=0.19 secs] 
1085511.536: [GC 1085511.536: [ParNew: 1738240K->65586K(1887488K), 0.2000872 secs] 2088860K->416504K(5033216K) icms_dc=0 , 0.2001766 secs] [Times: user=0.22 sys=0.00, real=0.20 secs] 
1085828.748: [GC 1085828.748: [ParNew: 1743410K->73420K(1887488K), 0.2163634 secs] 2094328K->424504K(5033216K) icms_dc=0 , 0.2164521 secs] [Times: user=0.20 sys=0.00, real=0.20 secs] 
1086133.981: [GC 1086133.981: [ParNew: 1751244K->68814K(1887488K), 0.2094868 secs] 2102328K->420034K(5033216K) icms_dc=0 , 0.2096208 secs] [Times: user=0.20 sys=0.01, real=0.22 secs] 
1086459.790: [GC 1086459.790: [ParNew: 1746638K->67511K(1887488K), 0.2176716 secs] 2097858K->418939K(5033216K) icms_dc=0 , 0.2177676 secs] [Times: user=0.25 sys=0.00, real=0.22 secs] 
1086769.116: [GC 1086769.116: [ParNew: 1745335K->58943K(1887488K), 0.1741977 secs] 2096763K->410542K(5033216K) icms_dc=0 , 0.1742814 secs] [Times: user=0.17 sys=0.00, real=0.17 secs] 
1087154.575: [GC 1087154.575: [ParNew: 1736767K->68974K(1887488K), 0.1977154 secs] 2088366K->420795K(5033216K) icms_dc=0 , 0.1977983 secs] [Times: user=0.20 sys=0.00, real=0.20 secs] 
1087603.075: [GC 1087603.075: [ParNew: 1746798K->68041K(1887488K), 0.2028710 secs] 2098619K->420104K(5033216K) icms_dc=0 , 0.2029612 secs] [Times: user=0.22 sys=0.00, real=0.20 secs] 
1088074.225: [GC 1088074.225: [ParNew: 1745865K->63988K(1887488K), 0.1901169 secs] 2097928K->416242K(5033216K) icms_dc=0 , 0.1902041 secs] [Times: user=0.19 sys=0.00, real=0.19 secs] 
1088302.596: [GC 1088302.596: [ParNew: 1741812K->67595K(1887488K), 0.2033690 secs] 2094066K->419994K(5033216K) icms_dc=0 , 0.2034615 secs] [Times: user=0.20 sys=0.00, real=0.20 secs] 
1088515.943: [GC 1088515.944: [ParNew: 1745419K->58600K(1887488K), 0.1909578 secs] 2097818K->411162K(5033216K) icms_dc=0 , 0.1910676 secs] [Times: user=0.20 sys=0.00, real=0.19 secs] 
1088801.232: [GC 1088801.232: [ParNew: 1736424K->68483K(1887488K), 0.2103631 secs] 2088986K->421266K(5033216K) icms_dc=0 , 0.2104483 secs] [Times: user=0.23 sys=0.00, real=0.22 secs] 
1089168.976: [GC 1089168.976: [ParNew: 1746307K->58860K(1887488K), 0.1812344 secs] 2099090K->411862K(5033216K) icms_dc=0 , 0.1813208 secs] [Times: user=0.17 sys=0.00, real=0.17 secs] 
1089443.000: [GC 1089443.000: [ParNew: 1736684K->72871K(1887488K), 0.2029098 secs] 2089686K->426046K(5033216K) icms_dc=0 , 0.2029919 secs] [Times: user=0.20 sys=0.00, real=0.20 secs] 
1089825.276: [GC 1089825.276: [ParNew: 1750695K->53661K(1887488K), 0.1618933 secs] 2103870K->406963K(5033216K) icms_dc=0 , 0.1619881 secs] [Times: user=0.19 sys=0.00, real=0.17 secs] 
1090114.493: [GC 1090114.493: [ParNew: 1731485K->63913K(1887488K), 0.1967320 secs] 2084787K->417389K(5033216K) icms_dc=0 , 0.1968195 secs] [Times: user=0.19 sys=0.00, real=0.19 secs] 
1090403.648: [GC 1090403.648: [ParNew: 1741737K->68719K(1887488K), 0.1969950 secs] 2095213K->422363K(5033216K) icms_dc=0 , 0.1970814 secs] [Times: user=0.19 sys=0.00, real=0.19 secs] 
1090656.899: [GC 1090656.899: [ParNew: 1746543K->80764K(1887488K), 0.2425677 secs] 2100187K->434647K(5033216K) icms_dc=0 , 0.2426533 secs] [Times: user=0.31 sys=0.00, real=0.25 secs] 
1090844.497: [GC 1090844.497: [ParNew: 1758588K->75092K(1887488K), 0.2279134 secs] 2112471K->429231K(5033216K) icms_dc=0 , 0.2279986 secs] [Times: user=0.25 sys=0.00, real=0.23 secs] 
1091040.131: [GC 1091040.131: [ParNew: 1752916K->64830K(1887488K), 0.1991522 secs] 2107055K->419129K(5033216K) icms_dc=0 , 0.1992432 secs] [Times: user=0.20 sys=0.00, real=0.20 secs] 
1091172.522: [GC 1091172.522: [ParNew: 1742654K->46012K(1887488K), 0.1290248 secs] 2096953K->400558K(5033216K) icms_dc=0 , 0.1291115 secs] [Times: user=0.13 sys=0.00, real=0.13 secs] 
1091350.242: [GC 1091350.242: [ParNew: 1723836K->48205K(1887488K), 0.1411253 secs] 2078382K->403012K(5033216K) icms_dc=0 , 0.1412098 secs] [Times: user=0.14 sys=0.00, real=0.14 secs] 
1091651.681: [GC 1091651.681: [ParNew: 1726029K->59877K(1887488K), 0.2007795 secs] 2080836K->414920K(5033216K) icms_dc=0 , 0.2008881 secs] [Times: user=0.22 sys=0.00, real=0.20 secs] 
1091813.911: [GC 1091813.911: [ParNew: 1737701K->55284K(1887488K), 0.1660402 secs] 2092744K->410616K(5033216K) icms_dc=0 , 0.1661316 secs] [Times: user=0.19 sys=0.00, real=0.17 secs] 
1091974.550: [GC 1091974.550: [ParNew: 1733108K->53124K(1887488K), 0.1723877 secs] 2088440K->408650K(5033216K) icms_dc=0 , 0.1724852 secs] [Times: user=0.17 sys=0.00, real=0.17 secs] 
1092135.030: [GC 1092135.030: [ParNew: 1730948K->63355K(1887488K), 0.1987728 secs] 2086474K->419068K(5033216K) icms_dc=0 , 0.1988665 secs] [Times: user=0.20 sys=0.00, real=0.20 secs] 
1092276.915: [GC 1092276.915: [ParNew: 1741179K->66648K(1887488K), 0.1864918 secs] 2096892K->422664K(5033216K) icms_dc=0 , 0.1865790 secs] [Times: user=0.19 sys=0.00, real=0.19 secs] 
1092463.636: [GC 1092463.637: [ParNew: 1744472K->63255K(1887488K), 0.1944658 secs] 2100488K->419602K(5033216K) icms_dc=0 , 0.1945614 secs] [Times: user=0.27 sys=0.00, real=0.20 secs] 
1092710.281: [GC 1092710.281: [ParNew: 1741079K->55583K(1887488K), 0.1698558 secs] 2097426K->412148K(5033216K) icms_dc=0 , 0.1699418 secs] [Times: user=0.19 sys=0.00, real=0.17 secs] 
1092977.119: [GC 1092977.119: [ParNew: 1733407K->62069K(1887488K), 0.2131557 secs] 2089972K->418910K(5033216K) icms_dc=0 , 0.2132613 secs] [Times: user=0.22 sys=0.00, real=0.22 secs] 
1093117.569: [GC 1093117.569: [ParNew: 1739893K->48008K(1887488K), 0.1425721 secs] 2096734K->405046K(5033216K) icms_dc=0 , 0.1426635 secs] [Times: user=0.22 sys=0.00, real=0.16 secs] 
1093343.682: [GC 1093343.682: [ParNew: 1725832K->56633K(1887488K), 0.1675346 secs] 2082870K->413938K(5033216K) icms_dc=0 , 0.1676253 secs] [Times: user=0.23 sys=0.00, real=0.17 secs] 
1093650.563: [GC 1093650.563: [ParNew: 1734457K->72502K(1887488K), 0.2502238 secs] 2091762K->430074K(5033216K) icms_dc=0 , 0.2503328 secs] [Times: user=0.25 sys=0.00, real=0.25 secs] 
1093863.457: [GC 1093863.457: [ParNew: 1750326K->58900K(1887488K), 0.1987417 secs] 2107898K->416662K(5033216K) icms_dc=0 , 0.1988477 secs] [Times: user=0.22 sys=0.00, real=0.20 secs] 
1094062.030: [GC 1094062.030: [ParNew: 1736724K->61347K(1887488K), 0.1803893 secs] 2094486K->419260K(5033216K) icms_dc=0 , 0.1804753 secs] [Times: user=0.17 sys=0.00, real=0.17 secs] 
1094333.303: [GC 1094333.303: [ParNew: 1739171K->65807K(1887488K), 0.1997546 secs] 2097084K->423899K(5033216K) icms_dc=0 , 0.1998479 secs] [Times: user=0.19 sys=0.00, real=0.19 secs] 
1094633.137: [GC 1094633.137: [ParNew: 1743631K->65451K(1887488K), 0.2021979 secs] 2101723K->423757K(5033216K) icms_dc=0 , 0.2022862 secs] [Times: user=0.22 sys=0.00, real=0.20 secs] 
1094829.654: [GC 1094829.654: [ParNew: 1743275K->63037K(1887488K), 0.1888475 secs] 2101581K->421519K(5033216K) icms_dc=0 , 0.1889369 secs] [Times: user=0.19 sys=0.00, real=0.19 secs] 
1095020.777: [GC 1095020.777: [ParNew: 1740861K->64679K(1887488K), 0.1939290 secs] 2099343K->423361K(5033216K) icms_dc=0 , 0.1940181 secs] [Times: user=0.19 sys=0.00, real=0.19 secs] 
1095239.150: [GC 1095239.150: [ParNew: 1742503K->55369K(1887488K), 0.1604138 secs] 2101185K->414270K(5033216K) icms_dc=0 , 0.1604987 secs] [Times: user=0.22 sys=0.00, real=0.17 secs] 
1095463.707: [GC 1095463.707: [ParNew: 1733193K->67371K(1887488K), 0.2205295 secs] 2092094K->426542K(5033216K) icms_dc=0 , 0.2206190 secs] [Times: user=0.22 sys=0.00, real=0.22 secs] 
1095663.936: [GC 1095663.936: [ParNew: 1745195K->64719K(1887488K), 0.1923639 secs] 2104366K->424176K(5033216K) icms_dc=0 , 0.1924492 secs] [Times: user=0.23 sys=0.00, real=0.20 secs] 
1095963.476: [GC 1095963.477: [ParNew: 1742543K->61355K(1887488K), 0.1868485 secs] 2102000K->421054K(5033216K) icms_dc=0 , 0.1869418 secs] [Times: user=0.20 sys=0.00, real=0.19 secs] 
1096182.448: [GC 1096182.448: [ParNew: 1739179K->69682K(1887488K), 0.2088702 secs] 2098878K->429563K(5033216K) icms_dc=0 , 0.2089631 secs] [Times: user=0.23 sys=0.00, real=0.22 secs] 
1096441.665: [GC 1096441.665: [ParNew: 1747506K->61039K(1887488K), 0.1892760 secs] 2107387K->421162K(5033216K) icms_dc=0 , 0.1893739 secs] [Times: user=0.25 sys=0.00, real=0.19 secs] 
1096662.117: [GC 1096662.117: [ParNew: 1738863K->48164K(1887488K), 0.1463562 secs] 2098986K->408441K(5033216K) icms_dc=0 , 0.1466215 secs] [Times: user=0.17 sys=0.00, real=0.16 secs] 
1096955.619: [GC 1096955.619: [ParNew: 1725988K->64611K(1887488K), 0.1823172 secs] 2086265K->425104K(5033216K) icms_dc=0 , 0.1823971 secs] [Times: user=0.19 sys=0.00, real=0.19 secs] 
1097088.293: [GC 1097088.293: [ParNew: 1742435K->67390K(1887488K), 0.2007710 secs] 2102928K->428114K(5033216K) icms_dc=0 , 0.2008570 secs] [Times: user=0.22 sys=0.00, real=0.20 secs] 
1097328.999: [GC 1097328.999: [ParNew: 1745214K->65312K(1887488K), 0.2170216 secs] 2105938K->426261K(5033216K) icms_dc=0 , 0.2171172 secs] [Times: user=0.25 sys=0.00, real=0.22 secs] 
1097594.929: [GC 1097594.929: [ParNew: 1743136K->56134K(1887488K), 0.1598125 secs] 2104085K->417229K(5033216K) icms_dc=0 , 0.1599009 secs] [Times: user=0.16 sys=0.00, real=0.16 secs] 
1097829.650: [GC 1097829.650: [ParNew: 1733958K->63444K(1887488K), 0.1878372 secs] 2095053K->424735K(5033216K) icms_dc=0 , 0.1879275 secs] [Times: user=0.20 sys=0.00, real=0.19 secs] 
1098032.867: [GC 1098032.867: [ParNew: 1741268K->63502K(1887488K), 0.1844448 secs] 2102559K->424934K(5033216K) icms_dc=0 , 0.1845397 secs] [Times: user=0.17 sys=0.00, real=0.19 secs] 
1098254.153: [GC 1098254.153: [ParNew: 1741326K->68733K(1887488K), 0.2074836 secs] 2102758K->430431K(5033216K) icms_dc=0 , 0.2075727 secs] [Times: user=0.20 sys=0.00, real=0.20 secs] 
1098483.411: [GC 1098483.411: [ParNew: 1746557K->69259K(1887488K), 0.2300002 secs] 2108255K->431201K(5033216K) icms_dc=0 , 0.2301005 secs] [Times: user=0.25 sys=0.00, real=0.23 secs] 
1098683.190: [GC 1098683.190: [ParNew: 1747083K->63731K(1887488K), 0.2048385 secs] 2109025K->425794K(5033216K) icms_dc=0 , 0.2049321 secs] [Times: user=0.20 sys=0.00, real=0.20 secs] 
1098901.790: [GC 1098901.790: [ParNew: 1741555K->52171K(1887488K), 0.1567807 secs] 2103618K->414380K(5033216K) icms_dc=0 , 0.1568794 secs] [Times: user=0.22 sys=0.00, real=0.16 secs] 
1099202.749: [GC 1099202.749: [ParNew: 1729995K->59947K(1887488K), 0.1766544 secs] 2092204K->422371K(5033216K) icms_dc=0 , 0.1767431 secs] [Times: user=0.22 sys=0.00, real=0.19 secs] 
1099381.656: [GC 1099381.657: [ParNew: 1737771K->81348K(1887488K), 0.2430830 secs] 2100195K->443965K(5033216K) icms_dc=0 , 0.2431682 secs] [Times: user=0.26 sys=0.00, real=0.25 secs] 
1099550.502: [GC 1099550.503: [ParNew: 1759172K->66263K(1887488K), 0.2102394 secs] 2121789K->429067K(5033216K) icms_dc=0 , 0.2103412 secs] [Times: user=0.20 sys=0.00, real=0.20 secs] 
1099721.653: [GC 1099721.653: [ParNew: 1744087K->63664K(1887488K), 0.1910104 secs] 2106891K->426679K(5033216K) icms_dc=0 , 0.1911006 secs] [Times: user=0.22 sys=0.00, real=0.20 secs] 
1099985.523: [GC 1099985.523: [ParNew: 1741488K->71732K(1887488K), 0.2160804 secs] 2104503K->434992K(5033216K) icms_dc=0 , 0.2161684 secs] [Times: user=0.22 sys=0.00, real=0.22 secs] 
1100262.986: [GC 1100262.986: [ParNew: 1749556K->52573K(1887488K), 0.1270166 secs] 2112816K->416094K(5033216K) icms_dc=0 , 0.1271053 secs] [Times: user=0.19 sys=0.00, real=0.12 secs] 
1100509.326: [GC 1100509.326: [ParNew: 1730397K->47664K(1887488K), 0.1348784 secs] 2093918K->411409K(5033216K) icms_dc=0 , 0.1349691 secs] [Times: user=0.13 sys=0.00, real=0.13 secs] 
1100852.870: [GC 1100852.870: [ParNew: 1725488K->62884K(1887488K), 0.1838528 secs] 2089233K->426815K(5033216K) icms_dc=0 , 0.1839426 secs] [Times: user=0.17 sys=0.00, real=0.17 secs] 
1101198.336: [GC 1101198.336: [ParNew: 1740708K->47112K(1887488K), 0.1395875 secs] 2104639K->411234K(5033216K) icms_dc=0 , 0.1396777 secs] [Times: user=0.13 sys=0.00, real=0.13 secs] 
1101352.792: [GC 1101352.792: [ParNew: 1724936K->64324K(1887488K), 0.1870804 secs] 2089058K->428612K(5033216K) icms_dc=0 , 0.1871711 secs] [Times: user=0.19 sys=0.00, real=0.19 secs] 
1101669.443: [GC 1101669.443: [ParNew: 1742148K->51946K(1887488K), 0.1545510 secs] 2106436K->416391K(5033216K) icms_dc=0 , 0.1546381 secs] [Times: user=0.16 sys=0.00, real=0.16 secs] 
1102070.939: [GC 1102070.939: [ParNew: 1729770K->61789K(1887488K), 0.2096159 secs] 2094215K->426367K(5033216K) icms_dc=0 , 0.2097291 secs] [Times: user=0.23 sys=0.00, real=0.22 secs] 
1102290.788: [GC 1102290.788: [ParNew: 1739613K->64083K(1887488K), 0.2108407 secs] 2104191K->428781K(5033216K) icms_dc=0 , 0.2109417 secs] [Times: user=0.20 sys=0.00, real=0.20 secs] 
1102647.285: [GC 1102647.286: [ParNew: 1741907K->72219K(1887488K), 0.2152303 secs] 2106605K->437115K(5033216K) icms_dc=0 , 0.2153194 secs] [Times: user=0.22 sys=0.00, real=0.22 secs] 
1102944.207: [GC 1102944.207: [ParNew: 1750043K->62520K(1887488K), 0.1858425 secs] 2114939K->427569K(5033216K) icms_dc=0 , 0.1859297 secs] [Times: user=0.19 sys=0.00, real=0.19 secs] 
1103282.268: [GC 1103282.268: [ParNew: 1740344K->64739K(1887488K), 0.1949561 secs] 2105393K->429942K(5033216K) icms_dc=0 , 0.1950402 secs] [Times: user=0.20 sys=0.00, real=0.20 secs] 
1103718.361: [GC 1103718.361: [ParNew: 1742563K->61282K(1887488K), 0.2021902 secs] 2107766K->426625K(5033216K) icms_dc=0 , 0.2022912 secs] [Times: user=0.20 sys=0.00, real=0.20 secs] 
1104044.008: [GC 1104044.008: [ParNew: 1739106K->57629K(1887488K), 0.1908783 secs] 2104449K->423188K(5033216K) icms_dc=0 , 0.1909782 secs] [Times: user=0.20 sys=0.00, real=0.19 secs] 
1104340.976: [GC 1104340.976: [ParNew: 1735453K->64297K(1887488K), 0.1945522 secs] 2101012K->430033K(5033216K) icms_dc=0 , 0.1946413 secs] [Times: user=0.22 sys=0.00, real=0.20 secs] 
1104537.161: [GC 1104537.161: [ParNew: 1742121K->55709K(1887488K), 0.1725255 secs] 2107857K->421616K(5033216K) icms_dc=0 , 0.1726146 secs] [Times: user=0.25 sys=0.00, real=0.19 secs] 
1104979.768: [GC 1104979.768: [ParNew: 1733533K->65779K(1887488K), 0.2059347 secs] 2099440K->431893K(5033216K) icms_dc=0 , 0.2060299 secs] [Times: user=0.20 sys=0.00, real=0.20 secs] 
1105300.815: [GC 1105300.815: [ParNew: 1743603K->64973K(1887488K), 0.1941448 secs] 2109717K->431256K(5033216K) icms_dc=0 , 0.1942343 secs] [Times: user=0.20 sys=0.00, real=0.20 secs] 
1105618.206: [GC 1105618.206: [ParNew: 1742797K->67281K(1887488K), 0.1979884 secs] 2109080K->433724K(5033216K) icms_dc=0 , 0.1980824 secs] [Times: user=0.22 sys=0.00, real=0.20 secs] 
1106003.823: [GC 1106003.823: [ParNew: 1745105K->57909K(1887488K), 0.1725102 secs] 2111548K->424486K(5033216K) icms_dc=0 , 0.1726023 secs] [Times: user=0.19 sys=0.00, real=0.17 secs] 
1106283.343: [GC 1106283.343: [ParNew: 1735733K->49451K(1887488K), 0.1482784 secs] 2102310K->416226K(5033216K) icms_dc=0 , 0.1483713 secs] [Times: user=0.14 sys=0.00, real=0.14 secs] 
1106702.152: [GC 1106702.152: [ParNew: 1727275K->54099K(1887488K), 0.1660606 secs] 2094050K->421079K(5033216K) icms_dc=0 , 0.1661527 secs] [Times: user=0.19 sys=0.00, real=0.17 secs] 
1106932.561: [GC 1106932.562: [ParNew: 1731923K->44240K(1887488K), 0.1375643 secs] 2098903K->411404K(5033216K) icms_dc=0 , 0.1376611 secs] [Times: user=0.13 sys=0.00, real=0.13 secs] 
1107692.363: [GC 1107692.363: [ParNew: 1722064K->54351K(1887488K), 0.1723151 secs] 2089228K->421689K(5033216K) icms_dc=0 , 0.1724157 secs] [Times: user=0.23 sys=0.00, real=0.17 secs] 
1108124.496: [GC 1108124.496: [ParNew: 1732175K->26504K(1887488K), 0.0863557 secs] 2099513K->394017K(5033216K) icms_dc=0 , 0.0864555 secs] [Times: user=0.09 sys=0.00, real=0.09 secs] 
1108865.730: [GC 1108865.730: [ParNew: 1704328K->54867K(1887488K), 0.1879594 secs] 2071841K->422576K(5033216K) icms_dc=0 , 0.1880703 secs] [Times: user=0.19 sys=0.00, real=0.19 secs] 
1109658.095: [GC 1109658.095: [ParNew: 1732691K->58296K(1887488K), 0.1733012 secs] 2100400K->426145K(5033216K) icms_dc=0 , 0.1733883 secs] [Times: user=0.17 sys=0.00, real=0.17 secs] 
1110388.371: [GC 1110388.371: [ParNew: 1736120K->48389K(1887488K), 0.1433858 secs] 2103969K->416418K(5033216K) icms_dc=0 , 0.1434741 secs] [Times: user=0.14 sys=0.00, real=0.14 secs] 
1110969.441: [GC 1110969.441: [ParNew: 1726213K->46558K(1887488K), 0.1555466 secs] 2094242K->414664K(5033216K) icms_dc=0 , 0.1556464 secs] [Times: user=0.16 sys=0.00, real=0.16 secs] 
1111936.121: [GC 1111936.121: [ParNew: 1724382K->44396K(1887488K), 0.1389420 secs] 2092488K->412695K(5033216K) icms_dc=0 , 0.1390284 secs] [Times: user=0.14 sys=0.00, real=0.14 secs] 
1112972.272: [GC 1112972.272: [ParNew: 1722220K->31045K(1887488K), 0.0859928 secs] 2090519K->399591K(5033216K) icms_dc=0 , 0.0860846 secs] [Times: user=0.08 sys=0.00, real=0.08 secs] 
1114146.185: [GC 1114146.185: [ParNew: 1708869K->40906K(1887488K), 0.1226354 secs] 2077415K->409588K(5033216K) icms_dc=0 , 0.1227295 secs] [Times: user=0.13 sys=0.00, real=0.12 secs] 
1115486.974: [GC 1115486.974: [ParNew: 1718730K->28550K(1887488K), 0.0881619 secs] 2087412K->397381K(5033216K) icms_dc=0 , 0.0882498 secs] [Times: user=0.08 sys=0.00, real=0.08 secs] 
1116267.905: [GC 1116267.905: [ParNew: 1706374K->62397K(1887488K), 0.2159725 secs] 2075205K->431383K(5033216K) icms_dc=0 , 0.2160674 secs] [Times: user=0.22 sys=0.00, real=0.22 secs] 
1117739.812: [GC 1117739.813: [ParNew: 1740221K->28239K(1887488K), 0.0938213 secs] 2109207K->397346K(5033216K) icms_dc=0 , 0.0939169 secs] [Times: user=0.09 sys=0.00, real=0.09 secs] 
1118841.838: [GC 1118841.838: [ParNew: 1706063K->42996K(1887488K), 0.1353726 secs] 2075170K->412230K(5033216K) icms_dc=0 , 0.1354609 secs] [Times: user=0.13 sys=0.00, real=0.12 secs] 
1120309.672: [GC 1120309.672: [ParNew: 1720820K->26202K(1887488K), 0.0878820 secs] 2090054K->395578K(5033216K) icms_dc=0 , 0.0879830 secs] [Times: user=0.08 sys=0.00, real=0.08 secs] 
1121971.727: [GC 1121971.728: [ParNew: 1704026K->30351K(1887488K), 0.0979448 secs] 2073402K->399968K(5033216K) icms_dc=0 , 0.0980884 secs] [Times: user=0.11 sys=0.00, real=0.09 secs] 
1123533.093: [GC 1123533.093: [ParNew: 1708175K->29216K(1887488K), 0.0920396 secs] 2077792K->398966K(5033216K) icms_dc=0 , 0.0921295 secs] [Times: user=0.08 sys=0.00, real=0.08 secs] 
1125003.014: [GC 1125003.014: [ParNew: 1707040K->28449K(1887488K), 0.1001641 secs] 2076790K->398345K(5033216K) icms_dc=0 , 0.1002659 secs] [Times: user=0.13 sys=0.00, real=0.11 secs] 
1126762.608: [GC 1126762.608: [ParNew: 1706273K->20225K(1887488K), 0.0655059 secs] 2076169K->390268K(5033216K) icms_dc=0 , 0.0656249 secs] [Times: user=0.09 sys=0.00, real=0.06 secs] 
1128522.561: [GC 1128522.562: [ParNew: 1698049K->18577K(1887488K), 0.0640272 secs] 2068092K->388776K(5033216K) icms_dc=0 , 0.0641159 secs] [Times: user=0.11 sys=0.00, real=0.06 secs] 
1130262.971: [GC 1130262.971: [ParNew: 1696401K->23745K(1887488K), 0.0810714 secs] 2066600K->394206K(5033216K) icms_dc=0 , 0.0811759 secs] [Times: user=0.08 sys=0.00, real=0.08 secs] 
1132091.763: [GC 1132091.763: [ParNew: 1701569K->22307K(1887488K), 0.0752508 secs] 2072030K->392919K(5033216K) icms_dc=0 , 0.0753591 secs] [Times: user=0.09 sys=0.00, real=0.08 secs] 
1133917.422: [GC 1133917.422: [ParNew: 1700131K->16975K(1887488K), 0.0587522 secs] 2070743K->387733K(5033216K) icms_dc=0 , 0.0588543 secs] [Times: user=0.05 sys=0.00, real=0.05 secs] 
1135546.374: [GC 1135546.374: [ParNew: 1694799K->35024K(1887488K), 0.1282656 secs] 2065557K->405931K(5033216K) icms_dc=0 , 0.1283689 secs] [Times: user=0.19 sys=0.00, real=0.13 secs] 
1137143.574: [GC 1137143.574: [ParNew: 1712848K->31061K(1887488K), 0.0987208 secs] 2083755K->402113K(5033216K) icms_dc=0 , 0.0988064 secs] [Times: user=0.09 sys=0.00, real=0.09 secs] 
1138726.860: [GC 1138726.860: [ParNew: 1708885K->29750K(1887488K), 0.0950872 secs] 2079937K->400946K(5033216K) icms_dc=0 , 0.0951767 secs] [Times: user=0.09 sys=0.00, real=0.09 secs] 
1139670.116: [GC 1139670.116: [ParNew: 1707574K->49061K(1887488K), 0.1373785 secs] 2078770K->420379K(5033216K) icms_dc=0 , 0.1374699 secs] [Times: user=0.13 sys=0.00, real=0.13 secs] 
1140817.254: [GC 1140817.254: [ParNew: 1726885K->30897K(1887488K), 0.0973350 secs] 2098203K->402378K(5033216K) icms_dc=0 , 0.0974253 secs] [Times: user=0.12 sys=0.00, real=0.11 secs] 
1141856.206: [GC 1141856.206: [ParNew: 1708721K->42173K(1887488K), 0.1356591 secs] 2080202K->413815K(5033216K) icms_dc=0 , 0.1357654 secs] [Times: user=0.14 sys=0.00, real=0.14 secs] 
1143126.786: [GC 1143126.786: [ParNew: 1719997K->38913K(1887488K), 0.1271107 secs] 2091639K->410724K(5033216K) icms_dc=0 , 0.1272047 secs] [Times: user=0.13 sys=0.00, real=0.13 secs] 
1143998.858: [GC 1143998.858: [ParNew: 1716737K->36522K(1887488K), 0.1089257 secs] 2088548K->408487K(5033216K) icms_dc=0 , 0.1090170 secs] [Times: user=0.11 sys=0.00, real=0.11 secs] 
1144773.825: [GC 1144773.825: [ParNew: 1714346K->35679K(1887488K), 0.1298975 secs] 2086311K->407791K(5033216K) icms_dc=0 , 0.1299978 secs] [Times: user=0.13 sys=0.00, real=0.13 secs] 
1145692.084: [GC 1145692.084: [ParNew: 1713503K->34781K(1887488K), 0.1074938 secs] 2085615K->407059K(5033216K) icms_dc=0 , 0.1075833 secs] [Times: user=0.13 sys=0.00, real=0.11 secs] 
1146599.263: [GC 1146599.263: [ParNew: 1712605K->43773K(1887488K), 0.1384513 secs] 2084883K->416223K(5033216K) icms_dc=0 , 0.1385404 secs] [Times: user=0.13 sys=0.00, real=0.12 secs] 
1147872.026: [GC 1147872.026: [ParNew: 1721597K->27089K(1887488K), 0.0927462 secs] 2094047K->399652K(5033216K) icms_dc=0 , 0.0928437 secs] [Times: user=0.08 sys=0.00, real=0.09 secs] 
1149416.731: [GC 1149416.731: [ParNew: 1704913K->23152K(1887488K), 0.0692443 secs] 2077476K->395867K(5033216K) icms_dc=0 , 0.0693364 secs] [Times: user=0.08 sys=0.00, real=0.08 secs] 
1150921.079: [GC 1150921.079: [ParNew: 1700976K->26101K(1887488K), 0.0773784 secs] 2073691K->398954K(5033216K) icms_dc=0 , 0.0774698 secs] [Times: user=0.08 sys=0.00, real=0.08 secs] 
1151816.699: [GC 1151816.699: [ParNew: 1703925K->47930K(1887488K), 0.1557931 secs] 2076778K->420915K(5033216K) icms_dc=0 , 0.1558956 secs] [Times: user=0.16 sys=0.00, real=0.16 secs] 
1152714.777: [GC 1152714.777: [ParNew: 1725754K->46527K(1887488K), 0.1443250 secs] 2098739K->419645K(5033216K) icms_dc=0 , 0.1444129 secs] [Times: user=0.16 sys=0.00, real=0.14 secs] 
1153726.884: [GC 1153726.884: [ParNew: 1724351K->44726K(1887488K), 0.1563748 secs] 2097469K->418031K(5033216K) icms_dc=0 , 0.1564670 secs] [Times: user=0.16 sys=0.00, real=0.16 secs] 
1154691.997: [GC 1154691.997: [ParNew: 1722550K->48550K(1887488K), 0.1611622 secs] 2095855K->421984K(5033216K) icms_dc=0 , 0.1612705 secs] [Times: user=0.16 sys=0.00, real=0.16 secs] 
1155443.268: [GC 1155443.269: [ParNew: 1726374K->61865K(1887488K), 0.2202508 secs] 2099808K->435434K(5033216K) icms_dc=0 , 0.2203322 secs] [Times: user=0.28 sys=0.00, real=0.22 secs] 
1156076.940: [GC 1156076.940: [ParNew: 1739689K->64654K(1887488K), 0.1978943 secs] 2113258K->438358K(5033216K) icms_dc=0 , 0.1979849 secs] [Times: user=0.22 sys=0.00, real=0.20 secs] 
1156640.798: [GC 1156640.798: [ParNew: 1742478K->52549K(1887488K), 0.1736268 secs] 2116182K->426387K(5033216K) icms_dc=0 , 0.1737208 secs] [Times: user=0.17 sys=0.00, real=0.17 secs] 
1157444.823: [GC 1157444.823: [ParNew: 1730373K->56460K(1887488K), 0.1939947 secs] 2104211K->430518K(5033216K) icms_dc=0 , 0.1940991 secs] [Times: user=0.19 sys=0.00, real=0.19 secs] 
1157846.633: [GC 1157846.633: [ParNew: 1734284K->65690K(1887488K), 0.1941889 secs] 2108342K->439918K(5033216K) icms_dc=0 , 0.1942746 secs] [Times: user=0.23 sys=0.00, real=0.20 secs] 
1158381.191: [GC 1158381.192: [ParNew: 1743514K->54038K(1887488K), 0.1705957 secs] 2117742K->428458K(5033216K) icms_dc=0 , 0.1707028 secs] [Times: user=0.17 sys=0.00, real=0.17 secs] 
1158826.753: [GC 1158826.753: [ParNew: 1731862K->57226K(1887488K), 0.1665417 secs] 2106282K->431785K(5033216K) icms_dc=0 , 0.1666281 secs] [Times: user=0.16 sys=0.00, real=0.16 secs] 
1159104.768: [GC 1159104.768: [ParNew: 1735050K->52214K(1887488K), 0.1599823 secs] 2109609K->426945K(5033216K) icms_dc=0 , 0.1600706 secs] [Times: user=0.16 sys=0.00, real=0.16 secs] 
1159546.717: [GC 1159546.717: [ParNew: 1730038K->62731K(1887488K), 0.1956096 secs] 2104769K->437629K(5033216K) icms_dc=0 , 0.1957033 secs] [Times: user=0.19 sys=0.00, real=0.19 secs] 
1159882.223: [GC 1159882.224: [ParNew: 1740555K->56405K(1887488K), 0.1942204 secs] 2115453K->431457K(5033216K) icms_dc=0 , 0.1943702 secs] [Times: user=0.22 sys=0.00, real=0.20 secs] 
1160202.843: [GC 1160202.843: [ParNew: 1734229K->66937K(1887488K), 0.2014910 secs] 2109281K->442179K(5033216K) icms_dc=0 , 0.2015781 secs] [Times: user=0.22 sys=0.00, real=0.20 secs] 
1160523.691: [GC 1160523.691: [ParNew: 1744761K->59078K(1887488K), 0.1778727 secs] 2120003K->434446K(5033216K) icms_dc=0 , 0.1779622 secs] [Times: user=0.17 sys=0.00, real=0.17 secs] 
1160889.487: [GC 1160889.487: [ParNew: 1736902K->61066K(1887488K), 0.2015094 secs] 2112270K->436613K(5033216K) icms_dc=0 , 0.2016042 secs] [Times: user=0.22 sys=0.00, real=0.20 secs] 
1161080.183: [GC 1161080.183: [ParNew: 1738890K->59914K(1887488K), 0.1814756 secs] 2114437K->435610K(5033216K) icms_dc=0 , 0.1815769 secs] [Times: user=0.17 sys=0.00, real=0.17 secs] 
1161367.744: [GC 1161367.744: [ParNew: 1737738K->70527K(1887488K), 0.2127748 secs] 2113434K->446346K(5033216K) icms_dc=0 , 0.2128639 secs] [Times: user=0.20 sys=0.00, real=0.20 secs] 
1161599.471: [GC 1161599.471: [ParNew: 1748351K->69996K(1887488K), 0.1994705 secs] 2124170K->445965K(5033216K) icms_dc=0 , 0.1995569 secs] [Times: user=0.19 sys=0.01, real=0.20 secs] 
1161860.001: [GC 1161860.001: [ParNew: 1747820K->73930K(1887488K), 0.2377957 secs] 2123789K->450062K(5033216K) icms_dc=0 , 0.2378921 secs] [Times: user=0.23 sys=0.00, real=0.23 secs] 
1162155.982: [GC 1162155.982: [ParNew: 1751754K->67193K(1887488K), 0.2052458 secs] 2127886K->443526K(5033216K) icms_dc=0 , 0.2053384 secs] [Times: user=0.23 sys=0.00, real=0.22 secs] 
1162430.656: [GC 1162430.656: [ParNew: 1745017K->77238K(1887488K), 0.2213808 secs] 2121350K->453772K(5033216K) icms_dc=0 , 0.2214707 secs] [Times: user=0.22 sys=0.00, real=0.22 secs] 
1162743.455: [GC 1162743.455: [ParNew: 1755062K->66759K(1887488K), 0.2064519 secs] 2131596K->443521K(5033216K) icms_dc=0 , 0.2065418 secs] [Times: user=0.22 sys=0.00, real=0.20 secs] 
1162966.545: [GC 1162966.545: [ParNew: 1744583K->66160K(1887488K), 0.2035886 secs] 2121345K->443079K(5033216K) icms_dc=0 , 0.2036800 secs] [Times: user=0.22 sys=0.00, real=0.20 secs] 
1163101.496: [GC 1163101.496: [ParNew: 1743984K->54558K(1887488K), 0.1792385 secs] 2120903K->431668K(5033216K) icms_dc=0 , 0.1793430 secs] [Times: user=0.20 sys=0.00, real=0.19 secs] 
1163422.000: [GC 1163422.000: [ParNew: 1732382K->65411K(1887488K), 0.1950398 secs] 2109492K->442710K(5033216K) icms_dc=0 , 0.1951320 secs] [Times: user=0.19 sys=0.00, real=0.19 secs] 
1163627.686: [GC 1163627.686: [ParNew: 1743235K->63498K(1887488K), 0.2062883 secs] 2120534K->441016K(5033216K) icms_dc=0 , 0.2063859 secs] [Times: user=0.23 sys=0.00, real=0.22 secs] 
1163847.954: [GC 1163847.954: [ParNew: 1741322K->58583K(1887488K), 0.1754433 secs] 2118840K->436370K(5033216K) icms_dc=0 , 0.1755309 secs] [Times: user=0.17 sys=0.00, real=0.17 secs] 
1164185.879: [GC 1164185.879: [ParNew: 1736407K->68255K(1887488K), 0.2368861 secs] 2114194K->446208K(5033216K) icms_dc=0 , 0.2369955 secs] [Times: user=0.25 sys=0.00, real=0.23 secs] 
1164391.985: [GC 1164391.985: [ParNew: 1746079K->73579K(1887488K), 0.2389100 secs] 2124032K->451790K(5033216K) icms_dc=0 , 0.2390090 secs] [Times: user=0.27 sys=0.00, real=0.25 secs] 
1164652.234: [GC 1164652.234: [ParNew: 1751403K->70282K(1887488K), 0.2044537 secs] 2129614K->448682K(5033216K) icms_dc=0 , 0.2045390 secs] [Times: user=0.20 sys=0.00, real=0.20 secs] 
1164784.276: [GC 1164784.276: [ParNew: 1748106K->58877K(1887488K), 0.1395725 secs] 2126506K->437434K(5033216K) icms_dc=0 , 0.1396589 secs] [Times: user=0.14 sys=0.00, real=0.14 secs] 
1164998.017: [GC 1164998.017: [ParNew: 1736701K->72502K(1887488K), 0.2178717 secs] 2115258K->451281K(5033216K) icms_dc=0 , 0.2179642 secs] [Times: user=0.22 sys=0.00, real=0.22 secs] 
1165304.608: [GC 1165304.609: [ParNew: 1750326K->80904K(1887488K), 0.2490127 secs] 2129105K->459836K(5033216K) icms_dc=0 , 0.2490987 secs] [Times: user=0.25 sys=0.00, real=0.25 secs] 
1165581.526: [GC 1165581.526: [ParNew: 1758728K->76123K(1887488K), 0.2216565 secs] 2137660K->455346K(5033216K) icms_dc=0 , 0.2217383 secs] [Times: user=0.26 sys=0.00, real=0.23 secs] 
1165812.213: [GC 1165812.214: [ParNew: 1753947K->68007K(1887488K), 0.2247759 secs] 2133170K->447358K(5033216K) icms_dc=0 , 0.2248765 secs] [Times: user=0.22 sys=0.00, real=0.22 secs] 
1165992.464: [GC 1165992.464: [ParNew: 1745831K->70962K(1887488K), 0.2084117 secs] 2125182K->450624K(5033216K) icms_dc=0 , 0.2084966 secs] [Times: user=0.23 sys=0.00, real=0.22 secs] 
1166378.838: [GC 1166378.838: [ParNew: 1748786K->67033K(1887488K), 0.2181723 secs] 2128448K->446980K(5033216K) icms_dc=0 , 0.2182679 secs] [Times: user=0.22 sys=0.00, real=0.22 secs] 
1166584.695: [GC 1166584.695: [ParNew: 1744857K->66657K(1887488K), 0.2126358 secs] 2124804K->446876K(5033216K) icms_dc=0 , 0.2127218 secs] [Times: user=0.22 sys=0.00, real=0.22 secs] 
1166731.102: [GC 1166731.102: [ParNew: 1744481K->65069K(1887488K), 0.2277072 secs] 2124700K->445564K(5033216K) icms_dc=0 , 0.2278131 secs] [Times: user=0.23 sys=0.00, real=0.23 secs] 
1167017.120: [GC 1167017.120: [ParNew: 1742893K->66786K(1887488K), 0.2207668 secs] 2123388K->447495K(5033216K) icms_dc=0 , 0.2208624 secs] [Times: user=0.22 sys=0.00, real=0.22 secs] 
1167235.804: [GC 1167235.804: [ParNew: 1744610K->98398K(1887488K), 0.2346552 secs] 2125319K->479314K(5033216K) icms_dc=0 , 0.2347354 secs] [Times: user=0.30 sys=0.00, real=0.23 secs] 
1167475.512: [GC 1167475.512: [ParNew: 1776222K->63266K(1887488K), 0.1882896 secs] 2157138K->444399K(5033216K) icms_dc=0 , 0.1883825 secs] [Times: user=0.19 sys=0.00, real=0.19 secs] 
1167763.118: [GC 1167763.118: [ParNew: 1741090K->70981K(1887488K), 0.2216722 secs] 2122223K->452283K(5033216K) icms_dc=0 , 0.2217709 secs] [Times: user=0.26 sys=0.00, real=0.23 secs] 
1167956.855: [GC 1167956.855: [ParNew: 1748805K->67057K(1887488K), 0.2016937 secs] 2130107K->448595K(5033216K) icms_dc=0 , 0.2017813 secs] [Times: user=0.20 sys=0.00, real=0.20 secs] 
1168174.345: [GC 1168174.345: [ParNew: 1744881K->51933K(1887488K), 0.1462218 secs] 2126419K->433601K(5033216K) icms_dc=0 , 0.1463067 secs] [Times: user=0.14 sys=0.00, real=0.14 secs] 
1168286.005: [GC 1168286.005: [ParNew: 1729757K->89625K(1887488K), 0.2922547 secs] 2111425K->471483K(5033216K) icms_dc=0 , 0.2923591 secs] [Times: user=0.30 sys=0.00, real=0.30 secs] 
1168569.975: [GC 1168569.975: [ParNew: 1767449K->75782K(1887488K), 0.2626303 secs] 2149307K->457889K(5033216K) icms_dc=0 , 0.2631399 secs] [Times: user=0.25 sys=0.02, real=0.26 secs] 
1168824.956: [GC 1168824.956: [ParNew: 1753606K->67230K(1887488K), 0.2329830 secs] 2135713K->449516K(5033216K) icms_dc=0 , 0.2330886 secs] [Times: user=0.23 sys=0.00, real=0.23 secs] 
1169028.164: [GC 1169028.165: [ParNew: 1745054K->56051K(1887488K), 0.1876399 secs] 2127340K->438509K(5033216K) icms_dc=0 , 0.1877405 secs] [Times: user=0.19 sys=0.00, real=0.19 secs] 
1169210.354: [GC 1169210.354: [ParNew: 1733875K->57762K(1887488K), 0.1551131 secs] 2116333K->440397K(5033216K) icms_dc=0 , 0.1552079 secs] [Times: user=0.16 sys=0.00, real=0.16 secs] 
1169352.699: [GC 1169352.699: [ParNew: 1735586K->53217K(1887488K), 0.1540330 secs] 2118221K->436140K(5033216K) icms_dc=0 , 0.1541213 secs] [Times: user=0.16 sys=0.00, real=0.16 secs] 
1169525.331: [GC 1169525.331: [ParNew: 1731041K->75735K(1887488K), 0.2296670 secs] 2113964K->458900K(5033216K) icms_dc=0 , 0.2297557 secs] [Times: user=0.28 sys=0.00, real=0.23 secs] 
1169651.402: [GC 1169651.402: [ParNew: 1753559K->46222K(1887488K), 0.1388871 secs] 2136724K->429609K(5033216K) icms_dc=0 , 0.1390277 secs] [Times: user=0.16 sys=0.00, real=0.14 secs] 
1169812.530: [GC 1169812.530: [ParNew: 1724046K->48464K(1887488K), 0.1451209 secs] 2107433K->432049K(5033216K) icms_dc=0 , 0.1452123 secs] [Times: user=0.16 sys=0.00, real=0.14 secs] 
1170049.365: [GC 1170049.365: [ParNew: 1726288K->57686K(1887488K), 0.1716915 secs] 2109873K->441497K(5033216K) icms_dc=0 , 0.1717795 secs] [Times: user=0.23 sys=0.00, real=0.17 secs] 
1170146.066: [GC 1170146.066: [ParNew: 1735510K->85529K(1887488K), 0.2758317 secs] 2119321K->469611K(5033216K) icms_dc=0 , 0.2759316 secs] [Times: user=0.30 sys=0.00, real=0.28 secs] 
1170199.603: [GC 1170199.603: [ParNew: 1763353K->116920K(1887488K), 0.2621715 secs] 2147435K->501228K(5033216K) icms_dc=0 , 0.2622537 secs] [Times: user=0.33 sys=0.00, real=0.26 secs] 
1170318.315: [GC 1170318.315: [ParNew: 1794744K->59984K(1887488K), 0.1673688 secs] 2179052K->445411K(5033216K) icms_dc=0 , 0.1674567 secs] [Times: user=0.20 sys=0.00, real=0.17 secs] 
1170587.140: [GC 1170587.140: [ParNew: 1737808K->64924K(1887488K), 0.1949961 secs] 2123235K->450351K(5033216K) icms_dc=0 , 0.1950905 secs] [Times: user=0.19 sys=0.00, real=0.20 secs] 
1170845.308: [GC 1170845.308: [ParNew: 1742748K->67544K(1887488K), 0.2289048 secs] 2128175K->452971K(5033216K) icms_dc=0 , 0.2290038 secs] [Times: user=0.23 sys=0.00, real=0.23 secs] 
1170958.373: [GC 1170958.373: [ParNew: 1745368K->87589K(1887488K), 0.2776913 secs] 2130795K->473016K(5033216K) icms_dc=0 , 0.2777842 secs] [Times: user=0.28 sys=0.00, real=0.28 secs] 
1171003.088: [GC 1171003.088: [ParNew: 1765413K->117333K(1887488K), 0.2621834 secs] 2150840K->503205K(5033216K) icms_dc=0 , 0.2622659 secs] [Times: user=0.30 sys=0.03, real=0.26 secs] 
1171094.178: [GC 1171094.178: [ParNew: 1795157K->93175K(1887488K), 0.2397490 secs] 2181029K->480391K(5033216K) icms_dc=0 , 0.2398354 secs] [Times: user=0.23 sys=0.00, real=0.23 secs] 
1171250.371: [GC 1171250.371: [ParNew: 1770999K->81431K(1887488K), 0.2235453 secs] 2158215K->468647K(5033216K) icms_dc=0 , 0.2236313 secs] [Times: user=0.25 sys=0.00, real=0.23 secs] 
1171313.141: [GC 1171313.141: [ParNew: 1759255K->152507K(1887488K), 0.4010325 secs] 2146471K->539723K(5033216K) icms_dc=0 , 0.4011177 secs] [Times: user=0.51 sys=0.01, real=0.40 secs] 
1171423.726: [GC 1171423.726: [ParNew: 1830331K->57264K(1887488K), 0.1443991 secs] 2217547K->462706K(5033216K) icms_dc=8 , 0.1444862 secs] [Times: user=0.31 sys=0.00, real=0.14 secs] 
1171576.814: [CMS-concurrent-mark: 0.462/997347.883 secs] [Times: user=22527.81 sys=704.69, real=997390.06 secs] 
1171576.814: [CMS-concurrent-preclean-start]
1171577.211: [CMS-concurrent-preclean: 0.396/0.397 secs] [Times: user=0.41 sys=0.00, real=0.39 secs] 
1171577.211: [CMS-concurrent-abortable-preclean-start]
 CMS: abort preclean due to time 1171582.371: [CMS-concurrent-abortable-preclean: 4.234/5.160 secs] [Times: user=4.27 sys=0.00, real=5.16 secs] 
1171582.371: [GC[YG occupancy: 843453 K (1887488 K)]1171582.371: [Rescan (parallel) , 0.5850442 secs]1171582.957: [weak refs processing, 0.0000353 secs] [1 CMS-remark: 405441K(3145728K)] 1248895K(5033216K), 0.5852715 secs] [Times: user=0.62 sys=0.00, real=0.59 secs] 
1171582.957: [CMS-concurrent-sweep-start]
1171582.981: [CMS-concurrent-sweep: 0.023/0.023 secs] [Times: user=0.02 sys=0.00, real=0.02 secs] 
1171582.981: [CMS-concurrent-reset-start]
1171582.990: [CMS-concurrent-reset: 0.009/0.009 secs] [Times: user=0.02 sys=0.00, real=0.02 secs] 
1171630.023: [GC 1171630.023: [ParNew: 1735088K->127324K(1887488K), 0.2554239 secs] 2134328K->526563K(5033216K) icms_dc=3 , 0.2555088 secs] [Times: user=0.31 sys=0.00, real=0.25 secs] 
1171704.200: [GC [1 CMS-initial-mark: 399239K(3145728K)] 1340484K(5033216K), 0.8674788 secs] [Times: user=0.86 sys=0.00, real=0.86 secs] 
1171705.068: [CMS-concurrent-mark-start]
1171705.203: [CMS-concurrent-mark: 0.135/0.135 secs] [Times: user=0.34 sys=0.02, real=0.14 secs] 
1171705.203: [CMS-concurrent-preclean-start]
1171705.212: [CMS-concurrent-preclean: 0.009/0.009 secs] [Times: user=0.01 sys=0.00, real=0.02 secs] 
1171705.212: [CMS-concurrent-abortable-preclean-start]
1171777.076: [GC 1171777.076: [ParNew: 1805148K->107483K(1887488K), 0.1858997 secs] 2204387K->520680K(5033216K) icms_dc=3 , 0.1861520 secs] [Times: user=0.31 sys=0.00, real=0.19 secs] 
 CMS: abort preclean due to time 1171788.645: [CMS-concurrent-abortable-preclean: 0.944/83.433 secs] [Times: user=6.69 sys=0.19, real=83.43 secs] 
1171788.646: [GC[YG occupancy: 941227 K (1887488 K)]1171788.646: [Rescan (parallel) , 0.7543782 secs]1171789.400: [weak refs processing, 0.0025742 secs] [1 CMS-remark: 413197K(3145728K)] 1354424K(5033216K), 0.7572541 secs] [Times: user=0.89 sys=0.00, real=0.76 secs] 
1171789.403: [CMS-concurrent-sweep-start]
1171789.765: [CMS-concurrent-sweep: 0.361/0.362 secs] [Times: user=0.39 sys=0.00, real=0.36 secs] 
1171789.765: [CMS-concurrent-reset-start]
1171789.773: [CMS-concurrent-reset: 0.008/0.008 secs] [Times: user=0.00 sys=0.00, real=0.00 secs] 
1171899.519: [GC 1171899.519: [ParNew: 1785307K->78359K(1887488K), 0.2249617 secs] 1898735K->191787K(5033216K) icms_dc=0 , 0.2250631 secs] [Times: user=0.22 sys=0.00, real=0.22 secs] 
1172215.002: [GC 1172215.003: [ParNew: 1756183K->68225K(1887488K), 0.1948686 secs] 1869611K->181653K(5033216K) icms_dc=0 , 0.1949561 secs] [Times: user=0.19 sys=0.00, real=0.19 secs] 
1172541.503: [GC 1172541.503: [ParNew: 1746049K->62921K(1887488K), 0.1939063 secs] 1859477K->176349K(5033216K) icms_dc=0 , 0.1939927 secs] [Times: user=0.19 sys=0.00, real=0.19 secs] 
1172783.674: [GC 1172783.674: [ParNew: 1740745K->72099K(1887488K), 0.2225158 secs] 1854173K->185752K(5033216K) icms_dc=0 , 0.2226053 secs] [Times: user=0.23 sys=0.00, real=0.22 secs] 
1173115.334: [GC 1173115.334: [ParNew: 1749923K->72806K(1887488K), 0.2118226 secs] 1863576K->186869K(5033216K) icms_dc=0 , 0.2119112 secs] [Times: user=0.22 sys=0.00, real=0.22 secs] 
1173416.143: [GC 1173416.143: [ParNew: 1750630K->70524K(1887488K), 0.2105577 secs] 1864693K->184820K(5033216K) icms_dc=0 , 0.2106507 secs] [Times: user=0.23 sys=0.00, real=0.22 secs] 
1173616.920: [GC 1173616.920: [ParNew: 1748348K->48770K(1887488K), 0.1402683 secs] 1862644K->163233K(5033216K) icms_dc=0 , 0.1403570 secs] [Times: user=0.14 sys=0.00, real=0.14 secs] 
1173714.897: [GC 1173714.897: [ParNew: 1726594K->89367K(1887488K), 0.2051729 secs] 1841057K->204122K(5033216K) icms_dc=0 , 0.2052516 secs] [Times: user=0.20 sys=0.00, real=0.20 secs] 
1173851.742: [GC 1173851.742: [ParNew: 1767191K->81517K(1887488K), 0.2252563 secs] 1881946K->196707K(5033216K) icms_dc=0 , 0.2253419 secs] [Times: user=0.25 sys=0.00, real=0.23 secs] 
1173993.872: [GC 1173993.872: [ParNew: 1759341K->64678K(1887488K), 0.2117223 secs] 1874531K->180288K(5033216K) icms_dc=0 , 0.2118256 secs] [Times: user=0.23 sys=0.00, real=0.22 secs] 
1174201.859: [GC 1174201.859: [ParNew: 1742502K->66641K(1887488K), 0.2005161 secs] 1858112K->182423K(5033216K) icms_dc=0 , 0.2006071 secs] [Times: user=0.22 sys=0.00, real=0.20 secs] 
1174423.071: [GC 1174423.071: [ParNew: 1744465K->81685K(1887488K), 0.2821258 secs] 1860247K->197600K(5033216K) icms_dc=0 , 0.2822733 secs] [Times: user=0.28 sys=0.00, real=0.28 secs] 
1174612.244: [GC 1174612.244: [ParNew: 1759509K->69365K(1887488K), 0.2371664 secs] 1875424K->185346K(5033216K) icms_dc=0 , 0.2372681 secs] [Times: user=0.23 sys=0.00, real=0.23 secs] 
1174833.091: [GC 1174833.091: [ParNew: 1747189K->61321K(1887488K), 0.1975771 secs] 1863170K->177569K(5033216K) icms_dc=0 , 0.1976789 secs] [Times: user=0.22 sys=0.00, real=0.20 secs] 
1174981.854: [GC 1174981.854: [ParNew: 1739145K->61524K(1887488K), 0.1694764 secs] 1855393K->178020K(5033216K) icms_dc=0 , 0.1695616 secs] [Times: user=0.23 sys=0.00, real=0.17 secs] 
1175140.059: [GC 1175140.059: [ParNew: 1739348K->45491K(1887488K), 0.1423556 secs] 1855844K->162238K(5033216K) icms_dc=0 , 0.1424496 secs] [Times: user=0.14 sys=0.00, real=0.14 secs] 
1175486.271: [GC 1175486.271: [ParNew: 1723315K->53496K(1887488K), 0.1616860 secs] 1840062K->170455K(5033216K) icms_dc=0 , 0.1617743 secs] [Times: user=0.16 sys=0.00, real=0.16 secs] 
1175741.272: [GC 1175741.272: [ParNew: 1731320K->69866K(1887488K), 0.2301988 secs] 1848279K->187075K(5033216K) icms_dc=0 , 0.2303078 secs] [Times: user=0.22 sys=0.00, real=0.22 secs] 
1175924.960: [GC 1175924.960: [ParNew: 1747690K->62727K(1887488K), 0.1948659 secs] 1864899K->180101K(5033216K) icms_dc=0 , 0.1949611 secs] [Times: user=0.19 sys=0.00, real=0.19 secs] 
1176287.171: [GC 1176287.171: [ParNew: 1740551K->70257K(1887488K), 0.2200784 secs] 1857925K->187762K(5033216K) icms_dc=0 , 0.2201747 secs] [Times: user=0.22 sys=0.00, real=0.22 secs] 
1176455.230: [GC 1176455.231: [ParNew: 1748081K->40556K(1887488K), 0.1257733 secs] 1865586K->158276K(5033216K) icms_dc=0 , 0.1258693 secs] [Times: user=0.13 sys=0.00, real=0.12 secs] 
1176691.251: [GC 1176691.251: [ParNew: 1718380K->67973K(1887488K), 0.2020888 secs] 1836100K->185890K(5033216K) icms_dc=0 , 0.2021775 secs] [Times: user=0.20 sys=0.00, real=0.20 secs] 
1176939.083: [GC 1176939.083: [ParNew: 1745797K->61800K(1887488K), 0.1882009 secs] 1863714K->179866K(5033216K) icms_dc=0 , 0.1882934 secs] [Times: user=0.19 sys=0.00, real=0.19 secs] 
1177189.050: [GC 1177189.050: [ParNew: 1739624K->54804K(1887488K), 0.1634411 secs] 1857690K->173083K(5033216K) icms_dc=0 , 0.1635309 secs] [Times: user=0.16 sys=0.00, real=0.16 secs] 
1177527.597: [GC 1177527.597: [ParNew: 1732628K->75112K(1887488K), 0.2254402 secs] 1850907K->193497K(5033216K) icms_dc=0 , 0.2255285 secs] [Times: user=0.25 sys=0.00, real=0.23 secs] 
1177696.345: [GC 1177696.346: [ParNew: 1752936K->58606K(1887488K), 0.1638577 secs] 1871321K->177197K(5033216K) icms_dc=0 , 0.1639502 secs] [Times: user=0.16 sys=0.00, real=0.16 secs] 
1177886.313: [GC 1177886.313: [ParNew: 1736430K->58432K(1887488K), 0.1926219 secs] 1855021K->177180K(5033216K) icms_dc=0 , 0.1927260 secs] [Times: user=0.19 sys=0.00, real=0.19 secs] 
1178197.117: [GC 1178197.117: [ParNew: 1736256K->65219K(1887488K), 0.1913687 secs] 1855004K->184155K(5033216K) icms_dc=0 , 0.1915096 secs] [Times: user=0.20 sys=0.00, real=0.20 secs] 
1178400.639: [GC 1178400.639: [ParNew: 1743043K->73506K(1887488K), 0.2226126 secs] 1861979K->192773K(5033216K) icms_dc=0 , 0.2227040 secs] [Times: user=0.25 sys=0.00, real=0.22 secs] 
1178640.186: [GC 1178640.186: [ParNew: 1751330K->64090K(1887488K), 0.1874755 secs] 1870597K->183624K(5033216K) icms_dc=0 , 0.1875708 secs] [Times: user=0.20 sys=0.00, real=0.19 secs] 
1178818.764: [GC 1178818.764: [ParNew: 1741914K->61634K(1887488K), 0.1667460 secs] 1861448K->181357K(5033216K) icms_dc=0 , 0.1668312 secs] [Times: user=0.17 sys=0.00, real=0.17 secs] 
1179002.397: [GC 1179002.397: [ParNew: 1739458K->41960K(1887488K), 0.1295846 secs] 1859181K->161946K(5033216K) icms_dc=0 , 0.1296802 secs] [Times: user=0.12 sys=0.00, real=0.13 secs] 
1179337.812: [GC 1179337.812: [ParNew: 1719784K->44311K(1887488K), 0.1278467 secs] 1839770K->164476K(5033216K) icms_dc=0 , 0.1279370 secs] [Times: user=0.19 sys=0.00, real=0.13 secs] 
1179606.754: [GC 1179606.754: [ParNew: 1722135K->58705K(1887488K), 0.1798226 secs] 1842300K->179162K(5033216K) icms_dc=0 , 0.1799220 secs] [Times: user=0.17 sys=0.00, real=0.17 secs] 
1179730.138: [GC 1179730.138: [ParNew: 1736529K->44564K(1887488K), 0.1422795 secs] 1856986K->165199K(5033216K) icms_dc=0 , 0.1423790 secs] [Times: user=0.16 sys=0.00, real=0.14 secs] 
1180115.184: [GC 1180115.184: [ParNew: 1722388K->51512K(1887488K), 0.1516831 secs] 1843023K->172254K(5033216K) icms_dc=0 , 0.1517721 secs] [Times: user=0.19 sys=0.00, real=0.16 secs] 
1180371.618: [GC 1180371.618: [ParNew: 1729336K->67845K(1887488K), 0.2216530 secs] 1850078K->188786K(5033216K) icms_dc=0 , 0.2217583 secs] [Times: user=0.22 sys=0.00, real=0.22 secs] 
1180681.639: [GC 1180681.639: [ParNew: 1745669K->70432K(1887488K), 0.2339625 secs] 1866610K->191482K(5033216K) icms_dc=0 , 0.2340635 secs] [Times: user=0.23 sys=0.00, real=0.23 secs] 
1180943.532: [GC 1180943.532: [ParNew: 1748256K->65463K(1887488K), 0.1960627 secs] 1869306K->186608K(5033216K) icms_dc=0 , 0.1961518 secs] [Times: user=0.20 sys=0.00, real=0.20 secs] 
1181179.298: [GC 1181179.298: [ParNew: 1743287K->71495K(1887488K), 0.2352192 secs] 1864432K->192851K(5033216K) icms_dc=0 , 0.2353175 secs] [Times: user=0.25 sys=0.00, real=0.23 secs] 
1181294.662: [GC 1181294.662: [ParNew: 1749319K->75221K(1887488K), 0.2143230 secs] 1870675K->196782K(5033216K) icms_dc=0 , 0.2144163 secs] [Times: user=0.28 sys=0.00, real=0.22 secs] 
1181451.146: [GC 1181451.146: [ParNew: 1753045K->61005K(1887488K), 0.1926711 secs] 1874606K->182786K(5033216K) icms_dc=0 , 0.1927713 secs] [Times: user=0.19 sys=0.00, real=0.19 secs] 
1181683.757: [GC 1181683.757: [ParNew: 1738829K->57777K(1887488K), 0.1868693 secs] 1860610K->179760K(5033216K) icms_dc=0 , 0.1869672 secs] [Times: user=0.19 sys=0.00, real=0.19 secs] 
1181972.633: [GC 1181972.633: [ParNew: 1735601K->62702K(1887488K), 0.1808735 secs] 1857584K->184917K(5033216K) icms_dc=0 , 0.1809668 secs] [Times: user=0.22 sys=0.00, real=0.19 secs] 
1182188.966: [GC 1182188.966: [ParNew: 1740526K->56991K(1887488K), 0.1760231 secs] 1862741K->179388K(5033216K) icms_dc=0 , 0.1761153 secs] [Times: user=0.20 sys=0.00, real=0.19 secs] 
1182435.979: [GC 1182435.979: [ParNew: 1734768K->64016K(1887488K), 0.1966110 secs] 1857166K->186566K(5033216K) icms_dc=0 , 0.1966967 secs] [Times: user=0.20 sys=0.00, real=0.20 secs] 
1182809.847: [GC 1182809.847: [ParNew: 1741840K->60193K(1887488K), 0.1903865 secs] 1864390K->182988K(5033216K) icms_dc=0 , 0.1904767 secs] [Times: user=0.19 sys=0.00, real=0.19 secs] 
1183202.154: [GC 1183202.154: [ParNew: 1738017K->74093K(1887488K), 0.2544813 secs] 1860812K->197055K(5033216K) icms_dc=0 , 0.2545834 secs] [Times: user=0.28 sys=0.00, real=0.27 secs] 
1183440.117: [GC 1183440.117: [ParNew: 1751917K->71703K(1887488K), 0.2239108 secs] 1874879K->194847K(5033216K) icms_dc=0 , 0.2239980 secs] [Times: user=0.22 sys=0.00, real=0.22 secs] 
1183615.413: [GC 1183615.413: [ParNew: 1749527K->59017K(1887488K), 0.2031355 secs] 1872671K->182352K(5033216K) icms_dc=0 , 0.2032350 secs] [Times: user=0.20 sys=0.00, real=0.20 secs] 
1183893.585: [GC 1183893.585: [ParNew: 1736841K->71345K(1887488K), 0.2340677 secs] 1860176K->194868K(5033216K) icms_dc=0 , 0.2341641 secs] [Times: user=0.25 sys=0.00, real=0.23 secs] 
1184087.072: [GC 1184087.072: [ParNew: 1749169K->62526K(1887488K), 0.2086636 secs] 1872692K->186275K(5033216K) icms_dc=0 , 0.2087657 secs] [Times: user=0.20 sys=0.00, real=0.20 secs] 
1184348.560: [GC 1184348.560: [ParNew: 1740350K->70658K(1887488K), 0.2143913 secs] 1864099K->194601K(5033216K) icms_dc=0 , 0.2144770 secs] [Times: user=0.25 sys=0.00, real=0.22 secs] 
1184372.057: [GC 1184372.057: [ParNew: 1748482K->32766K(1887488K), 0.0806986 secs] 1872425K->156828K(5033216K) icms_dc=0 , 0.0807858 secs] [Times: user=0.16 sys=0.00, real=0.09 secs] 
1184630.518: [GC 1184630.518: [ParNew: 1710590K->54134K(1887488K), 0.1624086 secs] 1834652K->178393K(5033216K) icms_dc=0 , 0.1624981 secs] [Times: user=0.16 sys=0.00, real=0.16 secs] 
1184846.007: [GC 1184846.007: [ParNew: 1731958K->70582K(1887488K), 0.2160263 secs] 1856217K->195050K(5033216K) icms_dc=0 , 0.2161135 secs] [Times: user=0.22 sys=0.00, real=0.22 secs] 
1185000.783: [GC 1185000.783: [ParNew: 1748406K->53912K(1887488K), 0.1339665 secs] 1872874K->178633K(5033216K) icms_dc=0 , 0.1340544 secs] [Times: user=0.12 sys=0.00, real=0.12 secs] 
1185141.038: [GC 1185141.038: [ParNew: 1731736K->53742K(1887488K), 0.1512626 secs] 1856457K->178510K(5033216K) icms_dc=0 , 0.1513501 secs] [Times: user=0.14 sys=0.00, real=0.14 secs] 
1185435.811: [GC 1185435.811: [ParNew: 1731566K->62078K(1887488K), 0.1852750 secs] 1856334K->186984K(5033216K) icms_dc=0 , 0.1853606 secs] [Times: user=0.19 sys=0.00, real=0.19 secs] 
1185767.251: [GC 1185767.251: [ParNew: 1739902K->54419K(1887488K), 0.1615930 secs] 1864808K->179547K(5033216K) icms_dc=0 , 0.1616810 secs] [Times: user=0.16 sys=0.00, real=0.16 secs] 
1186212.551: [GC 1186212.551: [ParNew: 1732243K->60417K(1887488K), 0.1967977 secs] 1857371K->185713K(5033216K) icms_dc=0 , 0.1968921 secs] [Times: user=0.22 sys=0.00, real=0.20 secs] 
1186465.282: [GC 1186465.282: [ParNew: 1738241K->66045K(1887488K), 0.1967915 secs] 1863537K->191472K(5033216K) icms_dc=0 , 0.1968864 secs] [Times: user=0.19 sys=0.00, real=0.19 secs] 
1186719.758: [GC 1186719.758: [ParNew: 1743869K->51914K(1887488K), 0.1671510 secs] 1869296K->177621K(5033216K) icms_dc=0 , 0.1672524 secs] [Times: user=0.16 sys=0.00, real=0.16 secs] 
1186937.474: [GC 1186937.474: [ParNew: 1729738K->60937K(1887488K), 0.1846291 secs] 1855445K->186839K(5033216K) icms_dc=0 , 0.1847259 secs] [Times: user=0.25 sys=0.00, real=0.19 secs] 
1187200.334: [GC 1187200.334: [ParNew: 1738761K->54166K(1887488K), 0.1604403 secs] 1864663K->180283K(5033216K) icms_dc=0 , 0.1605283 secs] [Times: user=0.16 sys=0.00, real=0.16 secs] 
1187417.098: [GC 1187417.098: [ParNew: 1731990K->53915K(1887488K), 0.1511962 secs] 1858107K->180261K(5033216K) icms_dc=0 , 0.1512879 secs] [Times: user=0.19 sys=0.00, real=0.16 secs] 
1187656.893: [GC 1187656.893: [ParNew: 1731739K->54442K(1887488K), 0.1584034 secs] 1858085K->180902K(5033216K) icms_dc=0 , 0.1584905 secs] [Times: user=0.19 sys=0.00, real=0.17 secs] 
1187937.347: [GC 1187937.347: [ParNew: 1732266K->54376K(1887488K), 0.1812920 secs] 1858726K->180995K(5033216K) icms_dc=0 , 0.1813957 secs] [Times: user=0.17 sys=0.00, real=0.17 secs] 
1188246.709: [GC 1188246.709: [ParNew: 1732200K->62024K(1887488K), 0.1914401 secs] 1858819K->188762K(5033216K) icms_dc=0 , 0.1915257 secs] [Times: user=0.22 sys=0.00, real=0.20 secs] 
1188468.183: [GC 1188468.183: [ParNew: 1739848K->62048K(1887488K), 0.1767853 secs] 1866586K->188938K(5033216K) icms_dc=0 , 0.1768744 secs] [Times: user=0.17 sys=0.00, real=0.17 secs] 
1188739.886: [GC 1188739.886: [ParNew: 1739872K->66274K(1887488K), 0.1946486 secs] 1866762K->193304K(5033216K) icms_dc=0 , 0.1947438 secs] [Times: user=0.22 sys=0.00, real=0.20 secs] 
1188996.833: [GC 1188996.833: [ParNew: 1744098K->68108K(1887488K), 0.2271155 secs] 1871128K->195332K(5033216K) icms_dc=0 , 0.2272141 secs] [Times: user=0.22 sys=0.00, real=0.22 secs] 
1189332.792: [GC 1189332.792: [ParNew: 1745932K->58438K(1887488K), 0.1731130 secs] 1873156K->185766K(5033216K) icms_dc=0 , 0.1732044 secs] [Times: user=0.20 sys=0.00, real=0.17 secs] 
1189674.060: [GC 1189674.060: [ParNew: 1736262K->75985K(1887488K), 0.2324953 secs] 1863590K->203418K(5033216K) icms_dc=0 , 0.2325813 secs] [Times: user=0.23 sys=0.00, real=0.23 secs] 
1190158.310: [GC 1190158.310: [ParNew: 1753809K->51751K(1887488K), 0.1587305 secs] 1881242K->179347K(5033216K) icms_dc=0 , 0.1588242 secs] [Times: user=0.16 sys=0.00, real=0.16 secs] 
1190708.733: [GC 1190708.733: [ParNew: 1729575K->61379K(1887488K), 0.1791310 secs] 1857171K->189101K(5033216K) icms_dc=0 , 0.1792216 secs] [Times: user=0.23 sys=0.00, real=0.19 secs] 
1191160.824: [GC 1191160.824: [ParNew: 1739203K->64756K(1887488K), 0.1940000 secs] 1866925K->192653K(5033216K) icms_dc=0 , 0.1940883 secs] [Times: user=0.22 sys=0.00, real=0.20 secs] 
1191719.850: [GC 1191719.850: [ParNew: 1742580K->43633K(1887488K), 0.1449232 secs] 1870477K->171738K(5033216K) icms_dc=0 , 0.1450253 secs] [Times: user=0.14 sys=0.00, real=0.14 secs] 
1192234.810: [GC 1192234.810: [ParNew: 1721457K->50705K(1887488K), 0.1549845 secs] 1849562K->178962K(5033216K) icms_dc=0 , 0.1550770 secs] [Times: user=0.16 sys=0.00, real=0.16 secs] 
1192688.921: [GC 1192688.921: [ParNew: 1728529K->60729K(1887488K), 0.2003010 secs] 1856786K->189172K(5033216K) icms_dc=0 , 0.2004013 secs] [Times: user=0.23 sys=0.00, real=0.20 secs] 
1193224.509: [GC 1193224.509: [ParNew: 1738553K->54583K(1887488K), 0.1621210 secs] 1866996K->183185K(5033216K) icms_dc=0 , 0.1622093 secs] [Times: user=0.17 sys=0.00, real=0.16 secs] 
1194025.766: [GC 1194025.766: [ParNew: 1732407K->58350K(1887488K), 0.1755781 secs] 1861009K->187104K(5033216K) icms_dc=0 , 0.1756676 secs] [Times: user=0.20 sys=0.00, real=0.19 secs] 
1194897.878: [GC 1194897.878: [ParNew: 1736174K->52164K(1887488K), 0.1539915 secs] 1864928K->181060K(5033216K) icms_dc=0 , 0.1540767 secs] [Times: user=0.16 sys=0.00, real=0.16 secs] 
1195570.434: [GC 1195570.434: [ParNew: 1729988K->51612K(1887488K), 0.1717015 secs] 1858884K->180658K(5033216K) icms_dc=0 , 0.1718002 secs] [Times: user=0.17 sys=0.00, real=0.17 secs] 
1196625.096: [GC 1196625.096: [ParNew: 1729436K->47714K(1887488K), 0.1501775 secs] 1858482K->176894K(5033216K) icms_dc=0 , 0.1502654 secs] [Times: user=0.16 sys=0.00, real=0.16 secs] 
1197765.649: [GC 1197765.649: [ParNew: 1725538K->34759K(1887488K), 0.1090048 secs] 1854718K->164086K(5033216K) icms_dc=0 , 0.1090946 secs] [Times: user=0.12 sys=0.00, real=0.11 secs] 
1198554.437: [GC 1198554.437: [ParNew: 1712583K->29856K(1887488K), 0.0899197 secs] 1841910K->159326K(5033216K) icms_dc=0 , 0.0900199 secs] [Times: user=0.09 sys=0.00, real=0.09 secs] 
1199658.613: [GC 1199658.613: [ParNew: 1707680K->22447K(1887488K), 0.0754528 secs] 1837150K->152028K(5033216K) icms_dc=0 , 0.0755626 secs] [Times: user=0.06 sys=0.00, real=0.06 secs] 
1201660.907: [GC 1201660.907: [ParNew: 1700271K->15954K(1887488K), 0.0537644 secs] 1829852K->145705K(5033216K) icms_dc=0 , 0.0538638 secs] [Times: user=0.05 sys=0.00, real=0.05 secs] 
1203345.477: [GC 1203345.477: [ParNew: 1693778K->21322K(1887488K), 0.0644243 secs] 1823529K->151241K(5033216K) icms_dc=0 , 0.0645122 secs] [Times: user=0.09 sys=0.00, real=0.08 secs] 
1204924.439: [GC 1204924.439: [ParNew: 1699146K->25959K(1887488K), 0.0881584 secs] 1829065K->155958K(5033216K) icms_dc=0 , 0.0882590 secs] [Times: user=0.09 sys=0.00, real=0.09 secs] 
1207295.377: [GC 1207295.377: [ParNew: 1703783K->5195K(1887488K), 0.0199974 secs] 1833782K->135243K(5033216K) icms_dc=0 , 0.0200964 secs] [Times: user=0.02 sys=0.00, real=0.02 secs] 
1209465.326: [GC 1209465.326: [ParNew: 1683019K->10904K(1887488K), 0.0323275 secs] 1813067K->141038K(5033216K) icms_dc=0 , 0.0324120 secs] [Times: user=0.03 sys=0.00, real=0.03 secs] 
1211620.269: [GC 1211620.269: [ParNew: 1688728K->11094K(1887488K), 0.0383667 secs] 1818862K->141304K(5033216K) icms_dc=0 , 0.0384738 secs] [Times: user=0.06 sys=0.00, real=0.05 secs] 
1214004.200: [GC 1214004.200: [ParNew: 1688918K->4624K(1887488K), 0.0174017 secs] 1819128K->134954K(5033216K) icms_dc=0 , 0.0174935 secs] [Times: user=0.03 sys=0.00, real=0.02 secs] 
1216000.140: [GC 1216000.140: [ParNew: 1682448K->8594K(1887488K), 0.0306192 secs] 1812778K->138984K(5033216K) icms_dc=0 , 0.0307171 secs] [Times: user=0.05 sys=0.00, real=0.03 secs] 
1218370.617: [GC 1218370.617: [ParNew: 1686418K->4257K(1887488K), 0.0163124 secs] 1816808K->134706K(5033216K) icms_dc=0 , 0.0163926 secs] [Times: user=0.01 sys=0.00, real=0.01 secs] 
1220749.106: [GC 1220749.106: [ParNew: 1682081K->3372K(1887488K), 0.0158213 secs] 1812530K->133923K(5033216K) icms_dc=0 , 0.0159111 secs] [Times: user=0.02 sys=0.00, real=0.02 secs] 
1222556.544: [GC 1222556.544: [ParNew: 1681196K->14792K(1887488K), 0.0503647 secs] 1811747K->145392K(5033216K) icms_dc=0 , 0.0504591 secs] [Times: user=0.05 sys=0.00, real=0.05 secs] 
1224839.928: [GC 1224839.928: [ParNew: 1692616K->10411K(1887488K), 0.0377285 secs] 1823216K->141061K(5033216K) icms_dc=0 , 0.0378391 secs] [Times: user=0.03 sys=0.00, real=0.03 secs] 
1226671.400: [GC 1226671.400: [ParNew: 1688235K->24769K(1887488K), 0.0791262 secs] 1818885K->155482K(5033216K) icms_dc=0 , 0.0792311 secs] [Times: user=0.08 sys=0.00, real=0.08 secs] 
1228329.872: [GC 1228329.872: [ParNew: 1702593K->22959K(1887488K), 0.0811517 secs] 1833306K->153820K(5033216K) icms_dc=0 , 0.0812627 secs] [Times: user=0.11 sys=0.00, real=0.09 secs] 
1230703.797: [GC 1230703.797: [ParNew: 1700783K->4786K(1887488K), 0.0162014 secs] 1831644K->136020K(5033216K) icms_dc=0 , 0.0162774 secs] [Times: user=0.02 sys=0.00, real=0.02 secs] 
1233113.736: [GC 1233113.736: [ParNew: 1682610K->3685K(1887488K), 0.0151182 secs] 1813844K->135065K(5033216K) icms_dc=0 , 0.0152031 secs] [Times: user=0.02 sys=0.00, real=0.02 secs] 
1235073.700: [GC 1235073.700: [ParNew: 1681509K->16270K(1887488K), 0.0547216 secs] 1812889K->147789K(5033216K) icms_dc=0 , 0.0548069 secs] [Times: user=0.05 sys=0.00, real=0.05 secs] 
1237438.641: [GC 1237438.641: [ParNew: 1694094K->2653K(1887488K), 0.0101945 secs] 1825613K->134246K(5033216K) icms_dc=0 , 0.0102728 secs] [Times: user=0.03 sys=0.00, real=0.02 secs] 
1239622.546: [GC 1239622.546: [ParNew: 1680477K->11517K(1887488K), 0.0423857 secs] 1812070K->143174K(5033216K) icms_dc=0 , 0.0424940 secs] [Times: user=0.06 sys=0.00, real=0.05 secs] 
1242074.540: [GC 1242074.540: [ParNew: 1689341K->1235K(1887488K), 0.0055031 secs] 1820998K->132970K(5033216K) icms_dc=0 , 0.0055807 secs] [Times: user=0.03 sys=0.00, real=0.02 secs] 
1244463.459: [GC 1244463.459: [ParNew: 1679059K->4129K(1887488K), 0.0166933 secs] 1810794K->136015K(5033216K) icms_dc=0 , 0.0167850 secs] [Times: user=0.02 sys=0.00, real=0.02 secs] 
1246763.661: [GC 1246763.661: [ParNew: 1681953K->7255K(1887488K), 0.0268198 secs] 1813839K->139251K(5033216K) icms_dc=0 , 0.0269093 secs] [Times: user=0.02 sys=0.00, real=0.02 secs] 
1249113.293: [GC 1249113.294: [ParNew: 1685079K->4462K(1887488K), 0.0199014 secs] 1817075K->136600K(5033216K) icms_dc=0 , 0.0199893 secs] [Times: user=0.02 sys=0.00, real=0.01 secs] 
1251429.241: [GC 1251429.241: [ParNew: 1682286K->9429K(1887488K), 0.0282459 secs] 1814424K->141613K(5033216K) icms_dc=0 , 0.0283411 secs] [Times: user=0.02 sys=0.00, real=0.02 secs] 
1253800.913: [GC 1253800.913: [ParNew: 1687253K->3847K(1887488K), 0.0158892 secs] 1819437K->136106K(5033216K) icms_dc=0 , 0.0159741 secs] [Times: user=0.02 sys=0.00, real=0.01 secs] 
1256084.139: [GC 1256084.139: [ParNew: 1681671K->6041K(1887488K), 0.0198111 secs] 1813930K->138356K(5033216K) icms_dc=0 , 0.0198956 secs] [Times: user=0.02 sys=0.00, real=0.02 secs] 
1258399.031: [GC 1258399.031: [ParNew: 1683865K->5801K(1887488K), 0.0224037 secs] 1816180K->138169K(5033216K) icms_dc=0 , 0.0225020 secs] [Times: user=0.02 sys=0.00, real=0.01 secs] 
1260687.988: [GC 1260687.988: [ParNew: 1683625K->6972K(1887488K), 0.0282432 secs] 1815993K->139442K(5033216K) icms_dc=0 , 0.0283426 secs] [Times: user=0.02 sys=0.00, real=0.02 secs] 
1262892.947: [GC 1262892.947: [ParNew: 1684796K->6803K(1887488K), 0.0253188 secs] 1817266K->139370K(5033216K) icms_dc=0 , 0.0254156 secs] [Times: user=0.01 sys=0.00, real=0.02 secs] 
1265052.890: [GC 1265052.890: [ParNew: 1684627K->12571K(1887488K), 0.0418766 secs] 1817194K->145234K(5033216K) icms_dc=0 , 0.0419691 secs] [Times: user=0.03 sys=0.00, real=0.03 secs] 
1267263.834: [GC 1267263.834: [ParNew: 1690395K->7193K(1887488K), 0.0275789 secs] 1823058K->139921K(5033216K) icms_dc=0 , 0.0276864 secs] [Times: user=0.05 sys=0.00, real=0.03 secs] 
1269578.119: [GC 1269578.119: [ParNew: 1685017K->5505K(1887488K), 0.0196099 secs] 1817745K->138295K(5033216K) icms_dc=0 , 0.0196959 secs] [Times: user=0.02 sys=0.00, real=0.02 secs] 
1271968.743: [GC 1271968.743: [ParNew: 1683329K->3873K(1887488K), 0.0158477 secs] 1816119K->136704K(5033216K) icms_dc=0 , 0.0159230 secs] [Times: user=0.02 sys=0.00, real=0.02 secs] 
1274408.661: [GC 1274408.661: [ParNew: 1681697K->1064K(1887488K), 0.0059232 secs] 1814528K->133994K(5033216K) icms_dc=0 , 0.0059869 secs] [Times: user=0.03 sys=0.00, real=0.02 secs] 
1276858.580: [GC 1276858.580: [ParNew: 1678888K->1039K(1887488K), 0.0080673 secs] 1811818K->134036K(5033216K) icms_dc=0 , 0.0081437 secs] [Times: user=0.03 sys=0.00, real=0.02 secs] 
1279308.539: [GC 1279308.539: [ParNew: 1678863K->973K(1887488K), 0.0067568 secs] 1811860K->134030K(5033216K) icms_dc=0 , 0.0068213 secs] [Times: user=0.00 sys=0.00, real=0.00 secs] 
1281467.499: [GC 1281467.499: [ParNew: 1678797K->10538K(1887488K), 0.0372600 secs] 1811854K->143676K(5033216K) icms_dc=0 , 0.0373660 secs] [Times: user=0.06 sys=0.00, real=0.05 secs] 
1283867.434: [GC 1283867.434: [ParNew: 1688362K->2325K(1887488K), 0.0109767 secs] 1821500K->135512K(5033216K) icms_dc=0 , 0.0110446 secs] [Times: user=0.02 sys=0.00, real=0.02 secs] 
1286273.400: [GC 1286273.400: [ParNew: 1680149K->2308K(1887488K), 0.0100793 secs] 1813336K->135541K(5033216K) icms_dc=0 , 0.0101473 secs] [Times: user=0.03 sys=0.00, real=0.01 secs] 
1288568.333: [GC 1288568.333: [ParNew: 1680132K->5621K(1887488K), 0.0203844 secs] 1813365K->138901K(5033216K) icms_dc=0 , 0.0204677 secs] [Times: user=0.03 sys=0.00, real=0.01 secs] 
1290922.291: [GC 1290922.291: [ParNew: 1683445K->4007K(1887488K), 0.0166652 secs] 1816725K->137396K(5033216K) icms_dc=0 , 0.0167532 secs] [Times: user=0.02 sys=0.00, real=0.02 secs] 
1293153.232: [GC 1293153.232: [ParNew: 1681831K->4441K(1887488K), 0.0172446 secs] 1815220K->137881K(5033216K) icms_dc=0 , 0.0173234 secs] [Times: user=0.03 sys=0.00, real=0.02 secs] 
1295598.147: [GC 1295598.147: [ParNew: 1682265K->1100K(1887488K), 0.0069315 secs] 1815705K->134592K(5033216K) icms_dc=0 , 0.0069972 secs] [Times: user=0.03 sys=0.00, real=0.02 secs] 
1297848.058: [GC 1297848.058: [ParNew: 1678924K->8960K(1887488K), 0.0303646 secs] 1812416K->142510K(5033216K) icms_dc=0 , 0.0304572 secs] [Times: user=0.03 sys=0.00, real=0.03 secs] 
1299752.999: [GC 1299752.999: [ParNew: 1686784K->15212K(1887488K), 0.0532886 secs] 1820334K->148822K(5033216K) icms_dc=0 , 0.0533827 secs] [Times: user=0.08 sys=0.00, real=0.06 secs] 
1301857.948: [GC 1301857.948: [ParNew: 1693036K->6797K(1887488K), 0.0233425 secs] 1826646K->140457K(5033216K) icms_dc=0 , 0.0234251 secs] [Times: user=0.05 sys=0.00, real=0.03 secs] 
1304007.899: [GC 1304007.899: [ParNew: 1684621K->12013K(1887488K), 0.0441915 secs] 1818281K->145722K(5033216K) icms_dc=0 , 0.0442948 secs] [Times: user=0.05 sys=0.00, real=0.05 secs] 
1306237.855: [GC 1306237.855: [ParNew: 1689837K->5499K(1887488K), 0.0206090 secs] 1823546K->139278K(5033216K) icms_dc=0 , 0.0206916 secs] [Times: user=0.05 sys=0.00, real=0.03 secs] 
1308682.795: [GC 1308682.795: [ParNew: 1683323K->1441K(1887488K), 0.0061831 secs] 1817102K->135341K(5033216K) icms_dc=0 , 0.0062588 secs] [Times: user=0.03 sys=0.00, real=0.02 secs] 
1310186.747: [GC 1310186.747: [ParNew: 1679265K->15369K(1887488K), 0.0482029 secs] 1813165K->149311K(5033216K) icms_dc=0 , 0.0482939 secs] [Times: user=0.06 sys=0.00, real=0.05 secs] 
1312642.680: [GC 1312642.680: [ParNew: 1693193K->997K(1887488K), 0.0079786 secs] 1827135K->135026K(5033216K) icms_dc=0 , 0.0080558 secs] [Times: user=0.00 sys=0.00, real=0.00 secs] 
1314617.591: [GC 1314617.591: [ParNew: 1678821K->14652K(1887488K), 0.0479460 secs] 1812850K->148738K(5033216K) icms_dc=0 , 0.0480359 secs] [Times: user=0.05 sys=0.00, real=0.05 secs] 
1316652.531: [GC 1316652.532: [ParNew: 1692476K->13475K(1887488K), 0.0451104 secs] 1826562K->147606K(5033216K) icms_dc=0 , 0.0452037 secs] [Times: user=0.05 sys=0.00, real=0.05 secs] 
1318737.449: [GC 1318737.449: [ParNew: 1691299K->15096K(1887488K), 0.0513361 secs] 1825430K->149273K(5033216K) icms_dc=0 , 0.0515105 secs] [Times: user=0.06 sys=0.00, real=0.06 secs] 
1321097.397: [GC 1321097.397: [ParNew: 1692920K->5652K(1887488K), 0.0224659 secs] 1827097K->139877K(5033216K) icms_dc=0 , 0.0225665 secs] [Times: user=0.02 sys=0.00, real=0.02 secs] 
1323492.339: [GC 1323492.339: [ParNew: 1683476K->4189K(1887488K), 0.0178129 secs] 1817701K->138596K(5033216K) icms_dc=0 , 0.0179051 secs] [Times: user=0.01 sys=0.00, real=0.02 secs] 
1325937.268: [GC 1325937.268: [ParNew: 1682013K->1520K(1887488K), 0.0078484 secs] 1816420K->136048K(5033216K) icms_dc=0 , 0.0079137 secs] [Times: user=0.00 sys=0.00, real=0.00 secs] 
1328385.670: [GC 1328385.670: [ParNew: 1679344K->992K(1887488K), 0.0069995 secs] 1813872K->135614K(5033216K) icms_dc=0 , 0.0070624 secs] [Times: user=0.00 sys=0.00, real=0.00 secs] 
1330332.910: [GC 1330332.910: [ParNew: 1678816K->11904K(1887488K), 0.0423319 secs] 1813438K->146594K(5033216K) icms_dc=0 , 0.0424379 secs] [Times: user=0.03 sys=0.00, real=0.03 secs] 
1332362.110: [GC 1332362.110: [ParNew: 1689728K->8864K(1887488K), 0.0331454 secs] 1824418K->143615K(5033216K) icms_dc=0 , 0.0332325 secs] [Times: user=0.03 sys=0.00, real=0.03 secs] 
1334087.993: [GC 1334087.993: [ParNew: 1686688K->17551K(1887488K), 0.0574190 secs] 1821439K->152349K(5033216K) icms_dc=0 , 0.0575077 secs] [Times: user=0.05 sys=0.00, real=0.05 secs] 
1336244.610: [GC 1336244.610: [ParNew: 1695375K->6319K(1887488K), 0.0229271 secs] 1830173K->141166K(5033216K) icms_dc=0 , 0.0230223 secs] [Times: user=0.02 sys=0.00, real=0.02 secs] 
1338540.909: [GC 1338540.909: [ParNew: 1684143K->7429K(1887488K), 0.0280116 secs] 1818990K->142345K(5033216K) icms_dc=0 , 0.0281034 secs] [Times: user=0.03 sys=0.00, real=0.03 secs] 
1340979.843: [GC 1340979.843: [ParNew: 1685253K->1604K(1887488K), 0.0065928 secs] 1820169K->136573K(5033216K) icms_dc=0 , 0.0066639 secs] [Times: user=0.00 sys=0.00, real=0.00 secs] 
1343429.528: [GC 1343429.528: [ParNew: 1679428K->1499K(1887488K), 0.0101972 secs] 1814397K->136576K(5033216K) icms_dc=0 , 0.0102744 secs] [Times: user=0.00 sys=0.00, real=0.00 secs] 
1345511.728: [GC 1345511.728: [ParNew: 1679323K->13319K(1887488K), 0.0411359 secs] 1814400K->148532K(5033216K) icms_dc=0 , 0.0412253 secs] [Times: user=0.09 sys=0.00, real=0.05 secs] 
1347758.157: [GC 1347758.157: [ParNew: 1691143K->7957K(1887488K), 0.0291175 secs] 1826356K->143317K(5033216K) icms_dc=0 , 0.0292169 secs] [Times: user=0.01 sys=0.00, real=0.02 secs] 
1350206.588: [GC 1350206.588: [ParNew: 1685781K->1547K(1887488K), 0.0050381 secs] 1821141K->136975K(5033216K) icms_dc=0 , 0.0051034 secs] [Times: user=0.05 sys=0.00, real=0.02 secs] 
1352011.533: [GC 1352011.533: [ParNew: 1679371K->16685K(1887488K), 0.0562018 secs] 1814799K->152159K(5033216K) icms_dc=0 , 0.0562952 secs] [Times: user=0.08 sys=0.00, real=0.06 secs] 
1354226.470: [GC 1354226.470: [ParNew: 1694509K->11480K(1887488K), 0.0402182 secs] 1829983K->147027K(5033216K) icms_dc=0 , 0.0403165 secs] [Times: user=0.05 sys=0.00, real=0.05 secs] 
1356365.953: [GC 1356365.953: [ParNew: 1689304K->9253K(1887488K), 0.0319896 secs] 1824851K->144862K(5033216K) icms_dc=0 , 0.0320983 secs] [Times: user=0.03 sys=0.00, real=0.03 secs] 
1358496.355: [GC 1358496.355: [ParNew: 1687077K->12452K(1887488K), 0.0419979 secs] 1822686K->148108K(5033216K) icms_dc=0 , 0.0420993 secs] [Times: user=0.06 sys=0.00, real=0.05 secs] 
1360796.291: [GC 1360796.291: [ParNew: 1690276K->7441K(1887488K), 0.0242284 secs] 1825932K->143256K(5033216K) icms_dc=0 , 0.0243339 secs] [Times: user=0.02 sys=0.00, real=0.02 secs] 
1362490.248: [GC 1362490.248: [ParNew: 1685265K->26744K(1887488K), 0.0786347 secs] 1821080K->162615K(5033216K) icms_dc=0 , 0.0787242 secs] [Times: user=0.08 sys=0.00, real=0.08 secs] 
1364941.198: [GC 1364941.199: [ParNew: 1704568K->1381K(1887488K), 0.0067756 secs] 1840439K->137328K(5033216K) icms_dc=0 , 0.0068512 secs] [Times: user=0.02 sys=0.00, real=0.02 secs] 
1367380.549: [GC 1367380.549: [ParNew: 1679205K->941K(1887488K), 0.0066700 secs] 1815152K->136958K(5033216K) icms_dc=0 , 0.0067460 secs] [Times: user=0.00 sys=0.00, real=0.00 secs] 
1369266.861: [GC 1369266.861: [ParNew: 1678765K->21589K(1887488K), 0.0591508 secs] 1814782K->157663K(5033216K) icms_dc=0 , 0.0592410 secs] [Times: user=0.06 sys=0.00, real=0.06 secs] 
1371265.022: [GC 1371265.022: [ParNew: 1699413K->18739K(1887488K), 0.0585529 secs] 1835487K->154913K(5033216K) icms_dc=0 , 0.0586412 secs] [Times: user=0.08 sys=0.00, real=0.06 secs] 
1373309.657: [GC 1373309.657: [ParNew: 1696563K->15465K(1887488K), 0.0484759 secs] 1832737K->151686K(5033216K) icms_dc=0 , 0.0485650 secs] [Times: user=0.05 sys=0.00, real=0.05 secs] 
1375419.258: [GC 1375419.258: [ParNew: 1693289K->11033K(1887488K), 0.0334698 secs] 1829510K->147301K(5033216K) icms_dc=0 , 0.0335685 secs] [Times: user=0.03 sys=0.00, real=0.03 secs] 
1377455.856: [GC 1377455.856: [ParNew: 1688857K->18055K(1887488K), 0.0629686 secs] 1825125K->154432K(5033216K) icms_dc=0 , 0.0630750 secs] [Times: user=0.06 sys=0.00, real=0.06 secs] 
1379804.808: [GC 1379804.808: [ParNew: 1695879K->5636K(1887488K), 0.0188646 secs] 1832256K->142091K(5033216K) icms_dc=0 , 0.0189572 secs] [Times: user=0.05 sys=0.00, real=0.03 secs] 
1381930.752: [GC 1381930.752: [ParNew: 1683460K->7602K(1887488K), 0.0239626 secs] 1819915K->144108K(5033216K) icms_dc=0 , 0.0240506 secs] [Times: user=0.03 sys=0.00, real=0.03 secs] 
1383969.715: [GC 1383969.715: [ParNew: 1685426K->12502K(1887488K), 0.0427824 secs] 1821932K->149083K(5033216K) icms_dc=0 , 0.0428718 secs] [Times: user=0.05 sys=0.00, real=0.05 secs] 
1385822.587: [GC 1385822.587: [ParNew: 1690326K->19338K(1887488K), 0.0623051 secs] 1826907K->155983K(5033216K) icms_dc=0 , 0.0623892 secs] [Times: user=0.06 sys=0.00, real=0.06 secs] 
1387484.526: [GC 1387484.526: [ParNew: 1697162K->30168K(1887488K), 0.1027241 secs] 1833807K->166860K(5033216K) icms_dc=0 , 0.1028224 secs] [Times: user=0.12 sys=0.00, real=0.11 secs] 
1389175.602: [GC 1389175.602: [ParNew: 1707992K->30162K(1887488K), 0.0909926 secs] 1844684K->166917K(5033216K) icms_dc=0 , 0.0910805 secs] [Times: user=0.11 sys=0.00, real=0.09 secs] 
1391525.550: [GC 1391525.550: [ParNew: 1707986K->6814K(1887488K), 0.0186788 secs] 1844741K->143643K(5033216K) icms_dc=0 , 0.0187659 secs] [Times: user=0.02 sys=0.00, real=0.01 secs] 
1393819.070: [GC 1393819.070: [ParNew: 1684638K->7125K(1887488K), 0.0289197 secs] 1821467K->144026K(5033216K) icms_dc=0 , 0.0290142 secs] [Times: user=0.03 sys=0.00, real=0.03 secs] 
1395604.447: [GC 1395604.447: [ParNew: 1684949K->20675K(1887488K), 0.0615141 secs] 1821850K->157723K(5033216K) icms_dc=0 , 0.0616063 secs] [Times: user=0.06 sys=0.00, real=0.06 secs] 
1397105.416: [GC 1397105.416: [ParNew: 1698499K->33477K(1887488K), 0.1009382 secs] 1835547K->170620K(5033216K) icms_dc=0 , 0.1010289 secs] [Times: user=0.09 sys=0.00, real=0.09 secs] 
1398659.961: [GC 1398659.961: [ParNew: 1711301K->30152K(1887488K), 0.0995114 secs] 1848444K->167350K(5033216K) icms_dc=0 , 0.0996220 secs] [Times: user=0.09 sys=0.00, real=0.09 secs] 
1400207.972: [GC 1400207.972: [ParNew: 1707976K->31012K(1887488K), 0.0959934 secs] 1845174K->168256K(5033216K) icms_dc=0 , 0.0960837 secs] [Times: user=0.09 sys=0.00, real=0.09 secs] 
1401741.107: [GC 1401741.107: [ParNew: 1708836K->28877K(1887488K), 0.0987676 secs] 1846080K->166260K(5033216K) icms_dc=0 , 0.0988659 secs] [Times: user=0.09 sys=0.00, real=0.09 secs] 
1403320.237: [GC 1403320.237: [ParNew: 1706701K->27194K(1887488K), 0.0894993 secs] 1844084K->164646K(5033216K) icms_dc=0 , 0.0896114 secs] [Times: user=0.09 sys=0.00, real=0.09 secs] 
1405219.208: [GC 1405219.208: [ParNew: 1705018K->20669K(1887488K), 0.0646351 secs] 1842470K->158215K(5033216K) icms_dc=0 , 0.0647249 secs] [Times: user=0.06 sys=0.00, real=0.06 secs] 
1406515.186: [GC 1406515.186: [ParNew: 1698493K->36412K(1887488K), 0.1072346 secs] 1836039K->174074K(5033216K) icms_dc=0 , 0.1073264 secs] [Times: user=0.11 sys=0.00, real=0.11 secs] 
1408068.693: [GC 1408068.693: [ParNew: 1714236K->28346K(1887488K), 0.0962753 secs] 1851898K->166079K(5033216K) icms_dc=0 , 0.0963724 secs] [Times: user=0.09 sys=0.00, real=0.09 secs] 
1408787.703: [GC 1408787.703: [ParNew: 1706170K->42446K(1887488K), 0.1203132 secs] 1843903K->180351K(5033216K) icms_dc=0 , 0.1204046 secs] [Times: user=0.11 sys=0.00, real=0.11 secs] 
1409839.084: [GC 1409839.084: [ParNew: 1720270K->30663K(1887488K), 0.1000885 secs] 1858175K->168642K(5033216K) icms_dc=0 , 0.1001849 secs] [Times: user=0.09 sys=0.00, real=0.09 secs] 
1411589.033: [GC 1411589.033: [ParNew: 1708487K->24178K(1887488K), 0.0788701 secs] 1846466K->162312K(5033216K) icms_dc=0 , 0.0789707 secs] [Times: user=0.08 sys=0.00, real=0.08 secs] 
1413209.884: [GC 1413209.884: [ParNew: 1702002K->26714K(1887488K), 0.0860685 secs] 1840136K->164971K(5033216K) icms_dc=0 , 0.0861560 secs] [Times: user=0.08 sys=0.00, real=0.08 secs] 
1414207.796: [GC 1414207.796: [ParNew: 1704538K->52928K(1887488K), 0.1646172 secs] 1842795K->191312K(5033216K) icms_dc=0 , 0.1647059 secs] [Times: user=0.19 sys=0.00, real=0.17 secs] 
1414549.797: [GC 1414549.797: [ParNew: 1730752K->91666K(1887488K), 0.2429939 secs] 1869136K->230214K(5033216K) icms_dc=0 , 0.2430788 secs] [Times: user=0.31 sys=0.00, real=0.25 secs] 
1414762.934: [GC 1414762.934: [ParNew: 1769490K->76053K(1887488K), 0.2073016 secs] 1908038K->214690K(5033216K) icms_dc=0 , 0.2073934 secs] [Times: user=0.22 sys=0.00, real=0.20 secs] 
1415690.111: [GC 1415690.111: [ParNew: 1753877K->45310K(1887488K), 0.1488320 secs] 1892514K->184056K(5033216K) icms_dc=0 , 0.1489215 secs] [Times: user=0.16 sys=0.00, real=0.16 secs] 
1416163.556: [GC 1416163.556: [ParNew: 1723134K->59189K(1887488K), 0.1827461 secs] 1861880K->198052K(5033216K) icms_dc=0 , 0.1828437 secs] [Times: user=0.23 sys=0.00, real=0.19 secs] 
1416610.835: [GC 1416610.835: [ParNew: 1737013K->52448K(1887488K), 0.1660740 secs] 1875876K->191385K(5033216K) icms_dc=0 , 0.1661685 secs] [Times: user=0.17 sys=0.00, real=0.17 secs] 
1417237.957: [GC 1417237.957: [ParNew: 1730272K->69160K(1887488K), 0.2076833 secs] 1869209K->208119K(5033216K) icms_dc=0 , 0.2077689 secs] [Times: user=0.22 sys=0.00, real=0.22 secs] 
1417811.076: [GC 1417811.076: [ParNew: 1746984K->67964K(1887488K), 0.2121497 secs] 1885943K->207002K(5033216K) icms_dc=0 , 0.2122472 secs] [Times: user=0.22 sys=0.00, real=0.22 secs] 
1418299.952: [GC 1418299.952: [ParNew: 1745788K->62701K(1887488K), 0.2002941 secs] 1884826K->201928K(5033216K) icms_dc=0 , 0.2003905 secs] [Times: user=0.22 sys=0.00, real=0.20 secs] 
1418641.126: [GC 1418641.126: [ParNew: 1740525K->58954K(1887488K), 0.1755355 secs] 1879752K->200444K(5033216K) icms_dc=0 , 0.1756284 secs] [Times: user=0.19 sys=0.00, real=0.17 secs] 
1418953.010: [GC 1418953.010: [ParNew: 1736778K->61593K(1887488K), 0.1777779 secs] 1878268K->203296K(5033216K) icms_dc=0 , 0.1778685 secs] [Times: user=0.20 sys=0.00, real=0.19 secs] 
1419237.577: [GC 1419237.577: [ParNew: 1739417K->61838K(1887488K), 0.1988147 secs] 1881120K->203746K(5033216K) icms_dc=0 , 0.1989137 secs] [Times: user=0.25 sys=0.00, real=0.20 secs] 
1419866.317: [GC 1419866.317: [ParNew: 1739662K->56398K(1887488K), 0.1702582 secs] 1881570K->198465K(5033216K) icms_dc=0 , 0.1703522 secs] [Times: user=0.19 sys=0.00, real=0.17 secs] 
1420351.373: [GC 1420351.373: [ParNew: 1734222K->64336K(1887488K), 0.1892061 secs] 1876289K->206488K(5033216K) icms_dc=0 , 0.1892914 secs] [Times: user=0.19 sys=0.00, real=0.19 secs] 
1420763.377: [GC 1420763.377: [ParNew: 1742160K->59093K(1887488K), 0.1862349 secs] 1884312K->201392K(5033216K) icms_dc=0 , 0.1863213 secs] [Times: user=0.19 sys=0.00, real=0.19 secs] 
1421226.265: [GC 1421226.265: [ParNew: 1736917K->64892K(1887488K), 0.1961272 secs] 1879216K->207370K(5033216K) icms_dc=0 , 0.1962156 secs] [Times: user=0.23 sys=0.00, real=0.20 secs] 
1421582.438: [GC 1421582.438: [ParNew: 1742716K->56995K(1887488K), 0.1697694 secs] 1885194K->199634K(5033216K) icms_dc=0 , 0.1698634 secs] [Times: user=0.16 sys=0.00, real=0.16 secs] 
1421916.194: [GC 1421916.194: [ParNew: 1734819K->64939K(1887488K), 0.1918340 secs] 1877458K->207730K(5033216K) icms_dc=0 , 0.1919216 secs] [Times: user=0.19 sys=0.00, real=0.19 secs] 
1422199.035: [GC 1422199.036: [ParNew: 1742763K->72368K(1887488K), 0.2188243 secs] 1885554K->215299K(5033216K) icms_dc=0 , 0.2189192 secs] [Times: user=0.28 sys=0.00, real=0.22 secs] 
1422515.102: [GC 1422515.102: [ParNew: 1750192K->61055K(1887488K), 0.1856651 secs] 1893123K->204173K(5033216K) icms_dc=0 , 0.1857561 secs] [Times: user=0.19 sys=0.00, real=0.19 secs] 
1422763.214: [GC 1422763.214: [ParNew: 1738879K->66624K(1887488K), 0.2029243 secs] 1881997K->209877K(5033216K) icms_dc=0 , 0.2030100 secs] [Times: user=0.20 sys=0.00, real=0.20 secs] 
1423000.057: [GC 1423000.057: [ParNew: 1744448K->71255K(1887488K), 0.2128451 secs] 1887701K->214675K(5033216K) icms_dc=0 , 0.2129372 secs] [Times: user=0.23 sys=0.00, real=0.22 secs] 
1423165.632: [GC 1423165.632: [ParNew: 1749079K->59622K(1887488K), 0.1954207 secs] 1892499K->203184K(5033216K) icms_dc=0 , 0.1955317 secs] [Times: user=0.19 sys=0.00, real=0.19 secs] 
1423384.026: [GC 1423384.026: [ParNew: 1737446K->59213K(1887488K), 0.1886371 secs] 1881008K->202951K(5033216K) icms_dc=0 , 0.1887404 secs] [Times: user=0.19 sys=0.00, real=0.19 secs] 
1423614.914: [GC 1423614.914: [ParNew: 1737037K->77142K(1887488K), 0.2412426 secs] 1880775K->221034K(5033216K) icms_dc=0 , 0.2413371 secs] [Times: user=0.23 sys=0.00, real=0.23 secs] 
1423844.930: [GC 1423844.930: [ParNew: 1754966K->56098K(1887488K), 0.1674843 secs] 1898858K->200197K(5033216K) icms_dc=0 , 0.1675734 secs] [Times: user=0.16 sys=0.00, real=0.16 secs] 
1424153.488: [GC 1424153.488: [ParNew: 1733922K->72264K(1887488K), 0.2429551 secs] 1878021K->216540K(5033216K) icms_dc=0 , 0.2430542 secs] [Times: user=0.23 sys=0.00, real=0.23 secs] 
1424440.031: [GC 1424440.031: [ParNew: 1750088K->74071K(1887488K), 0.2135028 secs] 1894364K->218483K(5033216K) icms_dc=0 , 0.2135911 secs] [Times: user=0.28 sys=0.00, real=0.22 secs] 
1424687.798: [GC 1424687.798: [ParNew: 1751895K->56695K(1887488K), 0.1643761 secs] 1896307K->201434K(5033216K) icms_dc=0 , 0.1644628 secs] [Times: user=0.22 sys=0.00, real=0.17 secs] 
1424995.024: [GC 1424995.024: [ParNew: 1734519K->70725K(1887488K), 0.2177561 secs] 1879258K->215596K(5033216K) icms_dc=0 , 0.2178482 secs] [Times: user=0.23 sys=0.00, real=0.22 secs] 
1425232.218: [GC 1425232.218: [ParNew: 1748549K->82634K(1887488K), 0.2541461 secs] 1893420K->227681K(5033216K) icms_dc=0 , 0.2542305 secs] [Times: user=0.27 sys=0.00, real=0.25 secs] 
1425445.593: [GC 1425445.593: [ParNew: 1760458K->57070K(1887488K), 0.1749365 secs] 1905505K->202270K(5033216K) icms_dc=0 , 0.1750267 secs] [Times: user=0.20 sys=0.00, real=0.19 secs] 
1425654.063: [GC 1425654.063: [ParNew: 1734894K->72264K(1887488K), 0.2270901 secs] 1880094K->217616K(5033216K) icms_dc=0 , 0.2271857 secs] [Times: user=0.25 sys=0.00, real=0.23 secs] 
1425974.939: [GC 1425974.939: [ParNew: 1750088K->70586K(1887488K), 0.2139352 secs] 1895440K->216165K(5033216K) icms_dc=0 , 0.2140216 secs] [Times: user=0.22 sys=0.00, real=0.22 secs] 
1426231.602: [GC 1426231.602: [ParNew: 1748410K->68143K(1887488K), 0.1963181 secs] 1893989K->213884K(5033216K) icms_dc=0 , 0.1964056 secs] [Times: user=0.23 sys=0.00, real=0.20 secs] 
1426555.912: [GC 1426555.912: [ParNew: 1745967K->62891K(1887488K), 0.1829193 secs] 1891708K->208761K(5033216K) icms_dc=0 , 0.1830138 secs] [Times: user=0.20 sys=0.00, real=0.19 secs] 
1426808.601: [GC 1426808.601: [ParNew: 1740715K->54216K(1887488K), 0.1490290 secs] 1886585K->200252K(5033216K) icms_dc=0 , 0.1491173 secs] [Times: user=0.14 sys=0.00, real=0.14 secs] 
1427099.532: [GC 1427099.533: [ParNew: 1732040K->79894K(1887488K), 0.2395919 secs] 1878076K->226149K(5033216K) icms_dc=0 , 0.2396787 secs] [Times: user=0.23 sys=0.00, real=0.23 secs] 
1427323.923: [GC 1427323.923: [ParNew: 1757718K->61105K(1887488K), 0.1885918 secs] 1903973K->207515K(5033216K) icms_dc=0 , 0.1886851 secs] [Times: user=0.20 sys=0.00, real=0.19 secs] 
1427625.117: [GC 1427625.117: [ParNew: 1738929K->64607K(1887488K), 0.2128685 secs] 1885339K->211185K(5033216K) icms_dc=0 , 0.2129637 secs] [Times: user=0.22 sys=0.00, real=0.22 secs] 
1427977.690: [GC 1427977.690: [ParNew: 1742431K->63570K(1887488K), 0.1964959 secs] 1889009K->210324K(5033216K) icms_dc=0 , 0.1965838 secs] [Times: user=0.25 sys=0.00, real=0.20 secs] 
1428243.221: [GC 1428243.222: [ParNew: 1741394K->67045K(1887488K), 0.1958715 secs] 1888148K->213980K(5033216K) icms_dc=0 , 0.1959606 secs] [Times: user=0.23 sys=0.00, real=0.20 secs] 
1428391.110: [GC 1428391.110: [ParNew: 1744869K->57193K(1887488K), 0.1886386 secs] 1891804K->204303K(5033216K) icms_dc=0 , 0.1887331 secs] [Times: user=0.19 sys=0.00, real=0.19 secs] 
1428663.249: [GC 1428663.249: [ParNew: 1735017K->69526K(1887488K), 0.2046933 secs] 1882127K->216866K(5033216K) icms_dc=0 , 0.2047816 secs] [Times: user=0.20 sys=0.00, real=0.20 secs] 
1428885.636: [GC 1428885.636: [ParNew: 1747350K->71004K(1887488K), 0.2359223 secs] 1894690K->218621K(5033216K) icms_dc=0 , 0.2360225 secs] [Times: user=0.25 sys=0.00, real=0.23 secs] 
1429039.366: [GC 1429039.366: [ParNew: 1748828K->50482K(1887488K), 0.1417581 secs] 1896445K->198354K(5033216K) icms_dc=0 , 0.1418460 secs] [Times: user=0.14 sys=0.00, real=0.14 secs] 
1429330.923: [GC 1429330.923: [ParNew: 1728306K->59650K(1887488K), 0.1823852 secs] 1876178K->207765K(5033216K) icms_dc=0 , 0.1824685 secs] [Times: user=0.19 sys=0.00, real=0.19 secs] 
1429643.067: [GC 1429643.067: [ParNew: 1737474K->65968K(1887488K), 0.2218086 secs] 1885589K->214363K(5033216K) icms_dc=0 , 0.2219053 secs] [Times: user=0.22 sys=0.00, real=0.22 secs] 
1429916.007: [GC 1429916.007: [ParNew: 1743792K->59860K(1887488K), 0.1779219 secs] 1892187K->208449K(5033216K) icms_dc=0 , 0.1780210 secs] [Times: user=0.17 sys=0.00, real=0.19 secs] 
1430131.839: [GC 1430131.839: [ParNew: 1737684K->57517K(1887488K), 0.1694384 secs] 1886273K->206303K(5033216K) icms_dc=0 , 0.1695286 secs] [Times: user=0.19 sys=0.00, real=0.17 secs] 
1430563.916: [GC 1430563.916: [ParNew: 1735341K->58181K(1887488K), 0.1973859 secs] 1884127K->207160K(5033216K) icms_dc=0 , 0.1974754 secs] [Times: user=0.22 sys=0.00, real=0.20 secs] 
1430897.952: [GC 1430897.952: [ParNew: 1736005K->59286K(1887488K), 0.1837529 secs] 1884984K->208500K(5033216K) icms_dc=0 , 0.1838428 secs] [Times: user=0.17 sys=0.00, real=0.17 secs] 
1431304.818: [GC 1431304.818: [ParNew: 1737110K->54614K(1887488K), 0.1674809 secs] 1886324K->204074K(5033216K) icms_dc=0 , 0.1675784 secs] [Times: user=0.16 sys=0.00, real=0.16 secs] 
1431673.899: [GC 1431673.899: [ParNew: 1732438K->45254K(1887488K), 0.1311309 secs] 1881898K->194872K(5033216K) icms_dc=0 , 0.1312199 secs] [Times: user=0.20 sys=0.00, real=0.14 secs] 
1431919.464: [GC 1431919.464: [ParNew: 1723078K->51832K(1887488K), 0.1549580 secs] 1872696K->201636K(5033216K) icms_dc=0 , 0.1550470 secs] [Times: user=0.17 sys=0.00, real=0.16 secs] 
1432300.475: [GC 1432300.475: [ParNew: 1729656K->64162K(1887488K), 0.1939083 secs] 1879460K->214128K(5033216K) icms_dc=0 , 0.1939923 secs] [Times: user=0.19 sys=0.00, real=0.19 secs] 
1432631.816: [GC 1432631.816: [ParNew: 1741986K->65642K(1887488K), 0.2023837 secs] 1891952K->215749K(5033216K) icms_dc=0 , 0.2024728 secs] [Times: user=0.22 sys=0.00, real=0.20 secs] 
1432984.580: [GC 1432984.580: [ParNew: 1743466K->61788K(1887488K), 0.2106802 secs] 1893573K->212018K(5033216K) icms_dc=0 , 0.2107858 secs] [Times: user=0.23 sys=0.00, real=0.22 secs] 
1433223.562: [GC 1433223.562: [ParNew: 1739612K->63053K(1887488K), 0.1922000 secs] 1889842K->213416K(5033216K) icms_dc=0 , 0.1922875 secs] [Times: user=0.19 sys=0.00, real=0.19 secs] 
1433447.689: [GC 1433447.689: [ParNew: 1740877K->67544K(1887488K), 0.1850158 secs] 1891240K->218079K(5033216K) icms_dc=0 , 0.1851041 secs] [Times: user=0.25 sys=0.00, real=0.19 secs] 
1433740.433: [GC 1433740.433: [ParNew: 1745368K->68654K(1887488K), 0.2264354 secs] 1895903K->219353K(5033216K) icms_dc=0 , 0.2265303 secs] [Times: user=0.22 sys=0.00, real=0.22 secs] 
1434005.717: [GC 1434005.717: [ParNew: 1746478K->59272K(1887488K), 0.1720206 secs] 1897177K->210116K(5033216K) icms_dc=0 , 0.1721082 secs] [Times: user=0.17 sys=0.00, real=0.17 secs] 
1434254.268: [GC 1434254.268: [ParNew: 1737096K->61017K(1887488K), 0.1885272 secs] 1887940K->212010K(5033216K) icms_dc=0 , 0.1886221 secs] [Times: user=0.17 sys=0.00, real=0.19 secs] 
1434619.707: [GC 1434619.707: [ParNew: 1738841K->65658K(1887488K), 0.2198991 secs] 1889834K->216784K(5033216K) icms_dc=0 , 0.2199977 secs] [Times: user=0.23 sys=0.00, real=0.22 secs] 
1434807.771: [GC 1434807.771: [ParNew: 1743482K->61811K(1887488K), 0.1858917 secs] 1894608K->213081K(5033216K) icms_dc=0 , 0.1859784 secs] [Times: user=0.19 sys=0.00, real=0.19 secs] 
1435016.016: [GC 1435016.016: [ParNew: 1739635K->64742K(1887488K), 0.1947392 secs] 1890905K->216168K(5033216K) icms_dc=0 , 0.1948294 secs] [Times: user=0.22 sys=0.00, real=0.20 secs] 
1435319.891: [GC 1435319.891: [ParNew: 1742566K->67040K(1887488K), 0.2314106 secs] 1893992K->218676K(5033216K) icms_dc=0 , 0.2315162 secs] [Times: user=0.23 sys=0.00, real=0.23 secs] 
1435620.054: [GC 1435620.054: [ParNew: 1744864K->64211K(1887488K), 0.1936932 secs] 1896500K->216023K(5033216K) icms_dc=0 , 0.1937819 secs] [Times: user=0.20 sys=0.00, real=0.19 secs] 
1435827.951: [GC 1435827.951: [ParNew: 1742035K->62993K(1887488K), 0.1889834 secs] 1893847K->214941K(5033216K) icms_dc=0 , 0.1890710 secs] [Times: user=0.20 sys=0.00, real=0.19 secs] 
1436031.107: [GC 1436031.107: [ParNew: 1740817K->62059K(1887488K), 0.1772146 secs] 1892765K->214184K(5033216K) icms_dc=0 , 0.1773018 secs] [Times: user=0.22 sys=0.00, real=0.19 secs] 
1436280.029: [GC 1436280.029: [ParNew: 1739883K->64814K(1887488K), 0.2187832 secs] 1892008K->217188K(5033216K) icms_dc=0 , 0.2188865 secs] [Times: user=0.25 sys=0.00, real=0.22 secs] 
1436510.263: [GC 1436510.263: [ParNew: 1742638K->73451K(1887488K), 0.2202316 secs] 1895012K->225960K(5033216K) icms_dc=0 , 0.2203145 secs] [Times: user=0.25 sys=0.00, real=0.23 secs] 
1436934.379: [GC 1436934.379: [ParNew: 1751275K->65276K(1887488K), 0.2004746 secs] 1903784K->217924K(5033216K) icms_dc=0 , 0.2005641 secs] [Times: user=0.22 sys=0.00, real=0.20 secs] 
1437270.369: [GC 1437270.369: [ParNew: 1743100K->65140K(1887488K), 0.2219587 secs] 1895748K->217921K(5033216K) icms_dc=0 , 0.2220666 secs] [Times: user=0.22 sys=0.00, real=0.22 secs] 
1437651.319: [GC 1437651.319: [ParNew: 1742958K->67384K(1887488K), 0.2022078 secs] 1895739K->220353K(5033216K) icms_dc=0 , 0.2022908 secs] [Times: user=0.22 sys=0.00, real=0.20 secs] 
1437970.667: [GC 1437970.667: [ParNew: 1745208K->70338K(1887488K), 0.2395147 secs] 1898177K->223416K(5033216K) icms_dc=0 , 0.2396173 secs] [Times: user=0.25 sys=0.00, real=0.23 secs] 
1438229.823: [GC 1438229.823: [ParNew: 1748162K->70162K(1887488K), 0.2068359 secs] 1901240K->223488K(5033216K) icms_dc=0 , 0.2069292 secs] [Times: user=0.22 sys=0.00, real=0.20 secs] 
1438439.328: [GC 1438439.328: [ParNew: 1747986K->46797K(1887488K), 0.1303506 secs] 1901312K->200338K(5033216K) icms_dc=0 , 0.1304389 secs] [Times: user=0.20 sys=0.00, real=0.14 secs] 
1438910.831: [GC 1438910.831: [ParNew: 1724621K->64918K(1887488K), 0.2170665 secs] 1878162K->218635K(5033216K) icms_dc=0 , 0.2171613 secs] [Times: user=0.22 sys=0.00, real=0.22 secs] 
1439208.909: [GC 1439208.909: [ParNew: 1742742K->64590K(1887488K), 0.1914862 secs] 1896459K->218443K(5033216K) icms_dc=0 , 0.1915745 secs] [Times: user=0.20 sys=0.00, real=0.19 secs] 
1439370.862: [GC 1439370.862: [ParNew: 1742414K->52057K(1887488K), 0.1534762 secs] 1896267K->206160K(5033216K) icms_dc=0 , 0.1535638 secs] [Times: user=0.16 sys=0.00, real=0.16 secs] 
1439575.397: [GC 1439575.397: [ParNew: 1729881K->62295K(1887488K), 0.2068966 secs] 1883984K->216554K(5033216K) icms_dc=0 , 0.2070071 secs] [Times: user=0.20 sys=0.00, real=0.20 secs] 
1439888.751: [GC 1439888.751: [ParNew: 1740119K->72279K(1887488K), 0.2200926 secs] 1894378K->226774K(5033216K) icms_dc=0 , 0.2201820 secs] [Times: user=0.22 sys=0.00, real=0.22 secs] 
1440255.489: [GC 1440255.489: [ParNew: 1750103K->71304K(1887488K), 0.2425178 secs] 1904598K->226001K(5033216K) icms_dc=0 , 0.2426211 secs] [Times: user=0.23 sys=0.00, real=0.23 secs] 
1440506.470: [GC 1440506.470: [ParNew: 1749128K->63469K(1887488K), 0.2137582 secs] 1903825K->218315K(5033216K) icms_dc=0 , 0.2138572 secs] [Times: user=0.20 sys=0.00, real=0.20 secs] 
1440713.281: [GC 1440713.281: [ParNew: 1741293K->64506K(1887488K), 0.2091985 secs] 1896139K->219478K(5033216K) icms_dc=0 , 0.2093064 secs] [Times: user=0.22 sys=0.02, real=0.22 secs] 
1440852.271: [GC 1440852.271: [ParNew: 1742330K->55657K(1887488K), 0.1642582 secs] 1897302K->210937K(5033216K) icms_dc=0 , 0.1643473 secs] [Times: user=0.17 sys=0.00, real=0.17 secs] 
1441095.195: [GC 1441095.196: [ParNew: 1733481K->73388K(1887488K), 0.2257858 secs] 1888761K->228933K(5033216K) icms_dc=0 , 0.2258737 secs] [Times: user=0.22 sys=0.00, real=0.22 secs] 
1441337.446: [GC 1441337.446: [ParNew: 1751212K->61062K(1887488K), 0.1818265 secs] 1906757K->216819K(5033216K) icms_dc=0 , 0.1819114 secs] [Times: user=0.20 sys=0.00, real=0.19 secs] 
1441589.761: [GC 1441589.761: [ParNew: 1738886K->73872K(1887488K), 0.2113318 secs] 1894643K->229765K(5033216K) icms_dc=0 , 0.2114136 secs] [Times: user=0.26 sys=0.00, real=0.22 secs] 
1441758.276: [GC 1441758.276: [ParNew: 1751696K->60551K(1887488K), 0.1752057 secs] 1907589K->216614K(5033216K) icms_dc=0 , 0.1752932 secs] [Times: user=0.17 sys=0.00, real=0.17 secs] 
1442019.369: [GC 1442019.369: [ParNew: 1738375K->71081K(1887488K), 0.2428572 secs] 1894438K->227385K(5033216K) icms_dc=0 , 0.2429490 secs] [Times: user=0.27 sys=0.00, real=0.25 secs] 
1442303.611: [GC 1442303.611: [ParNew: 1748905K->80770K(1887488K), 0.2472441 secs] 1905209K->237290K(5033216K) icms_dc=0 , 0.2473359 secs] [Times: user=0.23 sys=0.00, real=0.23 secs] 
1442518.225: [GC 1442518.225: [ParNew: 1758594K->63677K(1887488K), 0.2148076 secs] 1915114K->220407K(5033216K) icms_dc=0 , 0.2149155 secs] [Times: user=0.23 sys=0.00, real=0.22 secs] 
1442771.140: [GC 1442771.140: [ParNew: 1741501K->63221K(1887488K), 0.1929499 secs] 1898231K->220049K(5033216K) icms_dc=0 , 0.1930409 secs] [Times: user=0.22 sys=0.00, real=0.20 secs] 
1443043.606: [GC 1443043.606: [ParNew: 1741045K->64920K(1887488K), 0.2181631 secs] 1897873K->221911K(5033216K) icms_dc=0 , 0.2182560 secs] [Times: user=0.22 sys=0.00, real=0.22 secs] 
1443278.195: [GC 1443278.196: [ParNew: 1742744K->69013K(1887488K), 0.2079425 secs] 1899735K->226179K(5033216K) icms_dc=0 , 0.2080304 secs] [Times: user=0.20 sys=0.00, real=0.20 secs] 
1443441.019: [GC 1443441.019: [ParNew: 1746837K->63852K(1887488K), 0.1954422 secs] 1904003K->221158K(5033216K) icms_dc=0 , 0.1955298 secs] [Times: user=0.19 sys=0.00, real=0.19 secs] 
1443586.029: [GC 1443586.029: [ParNew: 1741676K->59101K(1887488K), 0.1928262 secs] 1898982K->216565K(5033216K) icms_dc=0 , 0.1929268 secs] [Times: user=0.22 sys=0.00, real=0.20 secs] 
1443753.968: [GC 1443753.968: [ParNew: 1736925K->57308K(1887488K), 0.1627158 secs] 1894389K->215135K(5033216K) icms_dc=0 , 0.1628110 secs] [Times: user=0.17 sys=0.00, real=0.16 secs] 
1443864.287: [GC 1443864.287: [ParNew: 1735132K->62044K(1887488K), 0.1947776 secs] 1892959K->220209K(5033216K) icms_dc=0 , 0.1948778 secs] [Times: user=0.19 sys=0.00, real=0.19 secs] 
1444010.494: [GC 1444010.494: [ParNew: 1739868K->57452K(1887488K), 0.1729371 secs] 1898033K->215880K(5033216K) icms_dc=0 , 0.1730255 secs] [Times: user=0.17 sys=0.00, real=0.17 secs] 
1444280.781: [GC 1444280.781: [ParNew: 1735276K->67621K(1887488K), 0.1956807 secs] 1893704K->226258K(5033216K) icms_dc=0 , 0.1957678 secs] [Times: user=0.20 sys=0.00, real=0.20 secs] 
1444489.307: [GC 1444489.307: [ParNew: 1745445K->48538K(1887488K), 0.1523500 secs] 1904082K->207346K(5033216K) icms_dc=0 , 0.1524495 secs] [Times: user=0.14 sys=0.00, real=0.14 secs] 
1444705.217: [GC 1444705.217: [ParNew: 1726362K->65397K(1887488K), 0.2233406 secs] 1885170K->224428K(5033216K) icms_dc=0 , 0.2234439 secs] [Times: user=0.23 sys=0.01, real=0.23 secs] 
1444921.978: [GC 1444921.978: [ParNew: 1743221K->60339K(1887488K), 0.1822831 secs] 1902252K->219631K(5033216K) icms_dc=0 , 0.1823672 secs] [Times: user=0.19 sys=0.00, real=0.19 secs] 
1445169.528: [GC 1445169.528: [ParNew: 1738163K->71418K(1887488K), 0.2110127 secs] 1897455K->230930K(5033216K) icms_dc=0 , 0.2111003 secs] [Times: user=0.20 sys=0.00, real=0.20 secs] 
1445522.261: [GC 1445522.261: [ParNew: 1749242K->48407K(1887488K), 0.1364063 secs] 1908754K->208014K(5033216K) icms_dc=0 , 0.1364996 secs] [Times: user=0.13 sys=0.00, real=0.13 secs] 
1445761.718: [GC 1445761.718: [ParNew: 1726231K->49723K(1887488K), 0.1362561 secs] 1885838K->209489K(5033216K) icms_dc=0 , 0.1363468 secs] [Times: user=0.14 sys=0.00, real=0.14 secs] 
1445971.345: [GC 1445971.345: [ParNew: 1727547K->56821K(1887488K), 0.1757878 secs] 1887313K->216816K(5033216K) icms_dc=0 , 0.1758868 secs] [Times: user=0.19 sys=0.00, real=0.17 secs] 
1446183.988: [GC 1446183.988: [ParNew: 1734645K->61770K(1887488K), 0.1919419 secs] 1894640K->221949K(5033216K) icms_dc=0 , 0.1920283 secs] [Times: user=0.26 sys=0.00, real=0.20 secs] 
1446476.427: [GC 1446476.427: [ParNew: 1739594K->55694K(1887488K), 0.1784295 secs] 1899773K->215992K(5033216K) icms_dc=0 , 0.1785255 secs] [Times: user=0.20 sys=0.00, real=0.19 secs] 
1446784.719: [GC 1446784.719: [ParNew: 1733518K->49303K(1887488K), 0.1464983 secs] 1893816K->209738K(5033216K) icms_dc=0 , 0.1465893 secs] [Times: user=0.16 sys=0.00, real=0.14 secs] 
1447011.878: [GC 1447011.878: [ParNew: 1727127K->67260K(1887488K), 0.1942726 secs] 1887562K->227873K(5033216K) icms_dc=0 , 0.1943629 secs] [Times: user=0.19 sys=0.00, real=0.19 secs] 
1447326.708: [GC 1447326.708: [ParNew: 1745084K->62184K(1887488K), 0.1765054 secs] 1905697K->222951K(5033216K) icms_dc=0 , 0.1765949 secs] [Times: user=0.17 sys=0.00, real=0.17 secs] 
1447587.025: [GC 1447587.025: [ParNew: 1740008K->72185K(1887488K), 0.2056333 secs] 1900775K->233155K(5033216K) icms_dc=0 , 0.2057178 secs] [Times: user=0.20 sys=0.00, real=0.20 secs] 
1447693.293: [GC 1447693.293: [ParNew: 1750009K->73834K(1887488K), 0.2181289 secs] 1910979K->234933K(5033216K) icms_dc=0 , 0.2182172 secs] [Times: user=0.22 sys=0.00, real=0.22 secs] 
1447963.127: [GC 1447963.128: [ParNew: 1751658K->78257K(1887488K), 0.2334606 secs] 1912757K->239522K(5033216K) icms_dc=0 , 0.2335539 secs] [Times: user=0.25 sys=0.00, real=0.23 secs] 
1448153.756: [GC 1448153.756: [ParNew: 1756081K->67002K(1887488K), 0.1975414 secs] 1917346K->228426K(5033216K) icms_dc=0 , 0.1976347 secs] [Times: user=0.19 sys=0.00, real=0.19 secs] 
1448514.096: [GC 1448514.096: [ParNew: 1744826K->68495K(1887488K), 0.1994805 secs] 1906250K->230037K(5033216K) icms_dc=0 , 0.1995669 secs] [Times: user=0.20 sys=0.00, real=0.20 secs] 
1448943.989: [GC 1448943.989: [ParNew: 1746319K->53958K(1887488K), 0.1569404 secs] 1907861K->215559K(5033216K) icms_dc=0 , 0.1570307 secs] [Times: user=0.16 sys=0.00, real=0.16 secs] 
1449223.917: [GC 1449223.917: [ParNew: 1731782K->52333K(1887488K), 0.1615604 secs] 1893383K->214123K(5033216K) icms_dc=0 , 0.1616560 secs] [Times: user=0.16 sys=0.00, real=0.16 secs] 
1449542.801: [GC 1449542.801: [ParNew: 1730157K->60720K(1887488K), 0.2023968 secs] 1891947K->222751K(5033216K) icms_dc=0 , 0.2025043 secs] [Times: user=0.20 sys=0.00, real=0.20 secs] 
1450034.446: [GC 1450034.446: [ParNew: 1738544K->63018K(1887488K), 0.1913441 secs] 1900575K->225219K(5033216K) icms_dc=0 , 0.1914359 secs] [Times: user=0.26 sys=0.00, real=0.20 secs] 
1450458.075: [GC 1450458.075: [ParNew: 1740842K->37300K(1887488K), 0.1103832 secs] 1903043K->199665K(5033216K) icms_dc=0 , 0.1104842 secs] [Times: user=0.11 sys=0.00, real=0.11 secs] 
1450839.501: [GC 1450839.501: [ParNew: 1715124K->54383K(1887488K), 0.1565492 secs] 1877489K->216955K(5033216K) icms_dc=0 , 0.1566417 secs] [Times: user=0.16 sys=0.00, real=0.16 secs] 
1451339.784: [GC 1451339.784: [ParNew: 1732207K->53413K(1887488K), 0.1584882 secs] 1894779K->216128K(5033216K) icms_dc=0 , 0.1585738 secs] [Times: user=0.16 sys=0.00, real=0.16 secs] 
1452106.566: [GC 1452106.566: [ParNew: 1731237K->50141K(1887488K), 0.1534862 secs] 1893952K->212974K(5033216K) icms_dc=0 , 0.1535757 secs] [Times: user=0.16 sys=0.00, real=0.16 secs] 
1452573.230: [GC 1452573.230: [ParNew: 1727965K->69732K(1887488K), 0.2305908 secs] 1890798K->232673K(5033216K) icms_dc=0 , 0.2306926 secs] [Times: user=0.25 sys=0.00, real=0.23 secs] 
1452955.336: [GC 1452955.336: [ParNew: 1747556K->61489K(1887488K), 0.1932194 secs] 1910497K->224551K(5033216K) icms_dc=0 , 0.1933189 secs] [Times: user=0.19 sys=0.00, real=0.19 secs] 
1453442.776: [GC 1453442.776: [ParNew: 1739313K->50984K(1887488K), 0.1532877 secs] 1902375K->214270K(5033216K) icms_dc=0 , 0.1533722 secs] [Times: user=0.16 sys=0.00, real=0.16 secs] 
1453990.300: [GC 1453990.300: [ParNew: 1728808K->52943K(1887488K), 0.1600395 secs] 1892094K->216382K(5033216K) icms_dc=0 , 0.1601293 secs] [Times: user=0.16 sys=0.00, real=0.16 secs] 
1454712.809: [GC 1454712.809: [ParNew: 1730767K->44086K(1887488K), 0.1364412 secs] 1894206K->207672K(5033216K) icms_dc=0 , 0.1365422 secs] [Times: user=0.14 sys=0.00, real=0.14 secs] 
1455799.841: [GC 1455799.841: [ParNew: 1721910K->48946K(1887488K), 0.1511582 secs] 1885496K->212710K(5033216K) icms_dc=0 , 0.1512526 secs] [Times: user=0.14 sys=0.00, real=0.14 secs] 
1456981.073: [GC 1456981.073: [ParNew: 1726770K->29136K(1887488K), 0.0917229 secs] 1890534K->193015K(5033216K) icms_dc=0 , 0.0918135 secs] [Times: user=0.09 sys=0.00, real=0.09 secs] 
1458301.436: [GC 1458301.437: [ParNew: 1706960K->33360K(1887488K), 0.1031492 secs] 1870839K->197369K(5033216K) icms_dc=0 , 0.1032467 secs] [Times: user=0.13 sys=0.00, real=0.11 secs] 
1459135.659: [GC 1459135.659: [ParNew: 1711184K->49921K(1887488K), 0.1663731 secs] 1875193K->214065K(5033216K) icms_dc=0 , 0.1664795 secs] [Times: user=0.16 sys=0.00, real=0.16 secs] 
1460598.266: [GC 1460598.266: [ParNew: 1727745K->24394K(1887488K), 0.0804828 secs] 1891889K->188874K(5033216K) icms_dc=0 , 0.0805803 secs] [Times: user=0.08 sys=0.00, real=0.08 secs] 
1462098.704: [GC 1462098.704: [ParNew: 1702218K->21563K(1887488K), 0.0721782 secs] 1866698K->186160K(5033216K) icms_dc=0 , 0.0722800 secs] [Times: user=0.06 sys=0.00, real=0.06 secs] 
1463402.663: [GC 1463402.663: [ParNew: 1699387K->27562K(1887488K), 0.0898241 secs] 1863984K->192294K(5033216K) icms_dc=0 , 0.0899109 secs] [Times: user=0.11 sys=0.00, real=0.09 secs] 
1465227.613: [GC 1465227.613: [ParNew: 1705386K->19600K(1887488K), 0.0624852 secs] 1870118K->184424K(5033216K) icms_dc=0 , 0.0625804 secs] [Times: user=0.06 sys=0.00, real=0.06 secs] 
1467503.566: [GC 1467503.566: [ParNew: 1697424K->6903K(1887488K), 0.0257109 secs] 1862248K->171818K(5033216K) icms_dc=0 , 0.0258073 secs] [Times: user=0.03 sys=0.00, real=0.03 secs] 
1469562.535: [GC 1469562.535: [ParNew: 1684727K->14506K(1887488K), 0.0427386 secs] 1849642K->179516K(5033216K) icms_dc=0 , 0.0428284 secs] [Times: user=0.06 sys=0.00, real=0.05 secs] 
1471158.776: [GC 1471158.776: [ParNew: 1692330K->24266K(1887488K), 0.0786946 secs] 1857340K->189377K(5033216K) icms_dc=0 , 0.0787837 secs] [Times: user=0.08 sys=0.00, real=0.08 secs] 
1472872.466: [GC 1472872.466: [ParNew: 1702090K->20889K(1887488K), 0.0697150 secs] 1867201K->186091K(5033216K) icms_dc=0 , 0.0698149 secs] [Times: user=0.06 sys=0.00, real=0.06 secs] 
1475043.944: [GC 1475043.944: [ParNew: 1698713K->12248K(1887488K), 0.0366806 secs] 1863915K->177519K(5033216K) icms_dc=0 , 0.0367693 secs] [Times: user=0.03 sys=0.00, real=0.03 secs] 
1476967.784: [GC 1476967.784: [ParNew: 1690072K->17559K(1887488K), 0.0580618 secs] 1855343K->182904K(5033216K) icms_dc=0 , 0.0582054 secs] [Times: user=0.05 sys=0.00, real=0.05 secs] 
1478753.277: [GC 1478753.277: [ParNew: 1695383K->24602K(1887488K), 0.0808422 secs] 1860728K->190019K(5033216K) icms_dc=0 , 0.0809332 secs] [Times: user=0.08 sys=0.00, real=0.08 secs] 
1480029.370: [GC 1480029.370: [ParNew: 1702426K->40119K(1887488K), 0.1157347 secs] 1867843K->205613K(5033216K) icms_dc=0 , 0.1158188 secs] [Times: user=0.19 sys=0.00, real=0.13 secs] 
1481288.232: [GC 1481288.232: [ParNew: 1717943K->36701K(1887488K), 0.1068123 secs] 1883437K->202258K(5033216K) icms_dc=0 , 0.1069025 secs] [Times: user=0.11 sys=0.00, real=0.11 secs] 
1482543.880: [GC 1482543.880: [ParNew: 1714525K->34423K(1887488K), 0.1066429 secs] 1880082K->200075K(5033216K) icms_dc=0 , 0.1067374 secs] [Times: user=0.11 sys=0.00, real=0.11 secs] 
1483353.305: [GC 1483353.305: [ParNew: 1712247K->41492K(1887488K), 0.1275261 secs] 1877899K->207235K(5033216K) icms_dc=0 , 0.1276202 secs] [Times: user=0.13 sys=0.00, real=0.12 secs] 
1484649.406: [GC 1484649.406: [ParNew: 1719316K->35173K(1887488K), 0.1172802 secs] 1885059K->200991K(5033216K) icms_dc=0 , 0.1173896 secs] [Times: user=0.11 sys=0.00, real=0.11 secs] 
1485858.105: [GC 1485858.105: [ParNew: 1712997K->40481K(1887488K), 0.1195149 secs] 1878815K->206405K(5033216K) icms_dc=0 , 0.1196055 secs] [Times: user=0.11 sys=0.00, real=0.11 secs] 
1486573.388: [GC 1486573.388: [ParNew: 1718305K->65953K(1887488K), 0.1944608 secs] 1884229K->231984K(5033216K) icms_dc=0 , 0.1945510 secs] [Times: user=0.19 sys=0.00, real=0.19 secs] 
1487213.065: [GC 1487213.065: [ParNew: 1743777K->63582K(1887488K), 0.1895482 secs] 1909808K->229769K(5033216K) icms_dc=0 , 0.1896427 secs] [Times: user=0.19 sys=0.00, real=0.19 secs] 
1488495.221: [GC 1488495.221: [ParNew: 1741406K->32285K(1887488K), 0.1004890 secs] 1907593K->198579K(5033216K) icms_dc=0 , 0.1005831 secs] [Times: user=0.11 sys=0.00, real=0.09 secs] 
1489662.635: [GC 1489662.635: [ParNew: 1710109K->38276K(1887488K), 0.1113885 secs] 1876403K->204677K(5033216K) icms_dc=0 , 0.1114845 secs] [Times: user=0.11 sys=0.00, real=0.11 secs] 
1490635.140: [GC 1490635.140: [ParNew: 1716100K->31234K(1887488K), 0.1036261 secs] 1882501K->198140K(5033216K) icms_dc=0 , 0.1037343 secs] [Times: user=0.09 sys=0.00, real=0.09 secs] 
1491593.748: [GC 1491593.748: [ParNew: 1709058K->36445K(1887488K), 0.0924674 secs] 1875964K->203517K(5033216K) icms_dc=0 , 0.0925622 secs] [Times: user=0.09 sys=0.00, real=0.09 secs] 
1492163.276: [GC 1492163.276: [ParNew: 1714269K->40752K(1887488K), 0.1333130 secs] 1881341K->207972K(5033216K) icms_dc=0 , 0.1334151 secs] [Times: user=0.20 sys=0.00, real=0.14 secs] 
1492872.944: [GC 1492872.944: [ParNew: 1718576K->41662K(1887488K), 0.1323158 secs] 1885796K->209011K(5033216K) icms_dc=0 , 0.1323987 secs] [Times: user=0.16 sys=0.00, real=0.14 secs] 
1494048.207: [GC 1494048.207: [ParNew: 1719486K->38072K(1887488K), 0.1190000 secs] 1886835K->205532K(5033216K) icms_dc=0 , 0.1190967 secs] [Times: user=0.11 sys=0.00, real=0.11 secs] 
1495045.946: [GC 1495045.946: [ParNew: 1715896K->43991K(1887488K), 0.1377364 secs] 1883356K->211640K(5033216K) icms_dc=0 , 0.1378366 secs] [Times: user=0.20 sys=0.00, real=0.14 secs] 
1495609.106: [GC 1495609.106: [ParNew: 1721815K->43374K(1887488K), 0.1505096 secs] 1889464K->211131K(5033216K) icms_dc=0 , 0.1506156 secs] [Times: user=0.14 sys=0.00, real=0.14 secs] 
1496923.280: [GC 1496923.280: [ParNew: 1721198K->45578K(1887488K), 0.1451302 secs] 1888955K->213475K(5033216K) icms_dc=0 , 0.1452212 secs] [Times: user=0.16 sys=0.00, real=0.14 secs] 
1497817.818: [GC 1497817.818: [ParNew: 1723402K->41260K(1887488K), 0.1285790 secs] 1891299K->209242K(5033216K) icms_dc=0 , 0.1286692 secs] [Times: user=0.13 sys=0.00, real=0.12 secs] 
1498881.785: [GC 1498881.785: [ParNew: 1719084K->43653K(1887488K), 0.1340245 secs] 1887066K->211754K(5033216K) icms_dc=0 , 0.1341182 secs] [Times: user=0.16 sys=0.00, real=0.14 secs] 
1499626.088: [GC 1499626.088: [ParNew: 1721477K->59478K(1887488K), 0.1902997 secs] 1889578K->227654K(5033216K) icms_dc=0 , 0.1903926 secs] [Times: user=0.22 sys=0.00, real=0.20 secs] 
1500515.925: [GC 1500515.925: [ParNew: 1737302K->49266K(1887488K), 0.1517049 secs] 1905478K->217672K(5033216K) icms_dc=0 , 0.1517925 secs] [Times: user=0.17 sys=0.00, real=0.16 secs] 
1500934.354: [GC 1500934.355: [ParNew: 1727090K->50934K(1887488K), 0.1181694 secs] 1895496K->219514K(5033216K) icms_dc=0 , 0.1182535 secs] [Times: user=0.19 sys=0.00, real=0.13 secs] 
1501597.729: [GC 1501597.729: [ParNew: 1728758K->56976K(1887488K), 0.2162002 secs] 1897338K->225679K(5033216K) icms_dc=0 , 0.2163016 secs] [Times: user=0.22 sys=0.00, real=0.22 secs] 
1502101.774: [GC 1502101.774: [ParNew: 1734800K->59138K(1887488K), 0.1982721 secs] 1903503K->228196K(5033216K) icms_dc=0 , 0.1983712 secs] [Times: user=0.27 sys=0.00, real=0.20 secs] 
1502687.754: [GC 1502687.754: [ParNew: 1736962K->57011K(1887488K), 0.1921427 secs] 1906020K->226257K(5033216K) icms_dc=0 , 0.1922380 secs] [Times: user=0.22 sys=0.00, real=0.20 secs] 
1502985.223: [GC 1502985.223: [ParNew: 1734835K->71694K(1887488K), 0.2161426 secs] 1904081K->241104K(5033216K) icms_dc=0 , 0.2162302 secs] [Times: user=0.28 sys=0.00, real=0.22 secs] 
1503331.769: [GC 1503331.769: [ParNew: 1749518K->39024K(1887488K), 0.1299643 secs] 1918928K->208597K(5033216K) icms_dc=0 , 0.1300699 secs] [Times: user=0.13 sys=0.00, real=0.13 secs] 
1503676.795: [GC 1503676.795: [ParNew: 1716790K->50318K(1887488K), 0.1716036 secs] 1886362K->220038K(5033216K) icms_dc=0 , 0.1716946 secs] [Times: user=0.19 sys=0.00, real=0.17 secs] 
1504029.653: [GC 1504029.653: [ParNew: 1728142K->54666K(1887488K), 0.1601462 secs] 1897862K->224507K(5033216K) icms_dc=0 , 0.1602365 secs] [Times: user=0.17 sys=0.00, real=0.16 secs] 
1504275.882: [GC 1504275.882: [ParNew: 1732490K->42133K(1887488K), 0.1257833 secs] 1902331K->212144K(5033216K) icms_dc=0 , 0.1258892 secs] [Times: user=0.13 sys=0.00, real=0.13 secs] 
1504371.657: [GC 1504371.657: [ParNew: 1719957K->25089K(1887488K), 0.0737130 secs] 1889968K->195272K(5033216K) icms_dc=0 , 0.0738040 secs] [Times: user=0.09 sys=0.00, real=0.08 secs] 
1504669.176: [GC 1504669.176: [ParNew: 1702913K->67422K(1887488K), 0.1949377 secs] 1873096K->237713K(5033216K) icms_dc=0 , 0.1950314 secs] [Times: user=0.26 sys=0.00, real=0.20 secs] 
1504754.612: [GC 1504754.612: [ParNew: 1745246K->90451K(1887488K), 0.2873671 secs] 1915537K->260903K(5033216K) icms_dc=0 , 0.2874665 secs] [Times: user=0.36 sys=0.00, real=0.30 secs] 
1505102.176: [GC 1505102.176: [ParNew: 1768275K->63557K(1887488K), 0.1957636 secs] 1938727K->234148K(5033216K) icms_dc=0 , 0.1958512 secs] [Times: user=0.19 sys=0.00, real=0.19 secs] 
1505286.310: [GC 1505286.310: [ParNew: 1741381K->29706K(1887488K), 0.0931831 secs] 1911972K->200352K(5033216K) icms_dc=0 , 0.0932787 secs] [Times: user=0.09 sys=0.00, real=0.09 secs] 
1505576.996: [GC 1505576.996: [ParNew: 1707530K->62024K(1887488K), 0.1861309 secs] 1878176K->232873K(5033216K) icms_dc=0 , 0.1862173 secs] [Times: user=0.19 sys=0.00, real=0.19 secs] 
1505802.189: [GC 1505802.189: [ParNew: 1739848K->60510K(1887488K), 0.1430536 secs] 1910697K->231559K(5033216K) icms_dc=0 , 0.1431304 secs] [Times: user=0.14 sys=0.00, real=0.14 secs] 
1506072.148: [GC 1506072.148: [ParNew: 1738334K->73950K(1887488K), 0.2254325 secs] 1909383K->245263K(5033216K) icms_dc=0 , 0.2255185 secs] [Times: user=0.25 sys=0.00, real=0.23 secs] 
1506391.780: [GC 1506391.780: [ParNew: 1751774K->68661K(1887488K), 0.2102118 secs] 1923087K->240026K(5033216K) icms_dc=0 , 0.2102997 secs] [Times: user=0.22 sys=0.00, real=0.22 secs] 
1506737.173: [GC 1506737.173: [ParNew: 1746485K->63231K(1887488K), 0.1963584 secs] 1917850K->234754K(5033216K) icms_dc=0 , 0.1964479 secs] [Times: user=0.19 sys=0.00, real=0.19 secs] 
1507014.102: [GC 1507014.102: [ParNew: 1741055K->60153K(1887488K), 0.1974512 secs] 1912578K->231832K(5033216K) icms_dc=0 , 0.1975545 secs] [Times: user=0.20 sys=0.00, real=0.20 secs] 
1507175.903: [GC 1507175.903: [ParNew: 1737977K->46510K(1887488K), 0.1391939 secs] 1909656K->218395K(5033216K) icms_dc=0 , 0.1392845 secs] [Times: user=0.14 sys=0.00, real=0.14 secs] 
1507440.779: [GC 1507440.780: [ParNew: 1724334K->66357K(1887488K), 0.2019241 secs] 1896219K->238453K(5033216K) icms_dc=0 , 0.2020136 secs] [Times: user=0.20 sys=0.00, real=0.20 secs] 
1507697.560: [GC 1507697.560: [ParNew: 1744181K->62522K(1887488K), 0.1850696 secs] 1916277K->234778K(5033216K) icms_dc=0 , 0.1851567 secs] [Times: user=0.19 sys=0.00, real=0.19 secs] 
1507970.051: [GC 1507970.051: [ParNew: 1740346K->63409K(1887488K), 0.2015217 secs] 1912602K->235865K(5033216K) icms_dc=0 , 0.2016231 secs] [Times: user=0.20 sys=0.00, real=0.20 secs] 
1508210.879: [GC 1508210.879: [ParNew: 1741233K->65573K(1887488K), 0.1962205 secs] 1913689K->238195K(5033216K) icms_dc=0 , 0.1963158 secs] [Times: user=0.19 sys=0.00, real=0.19 secs] 
1508487.200: [GC 1508487.200: [ParNew: 1743397K->61455K(1887488K), 0.1803252 secs] 1916019K->234261K(5033216K) icms_dc=0 , 0.1804139 secs] [Times: user=0.20 sys=0.00, real=0.19 secs] 
1508691.341: [GC 1508691.341: [ParNew: 1739279K->69700K(1887488K), 0.2371464 secs] 1912085K->242662K(5033216K) icms_dc=0 , 0.2372474 secs] [Times: user=0.23 sys=0.00, real=0.23 secs] 
1508894.618: [GC 1508894.618: [ParNew: 1747524K->64153K(1887488K), 0.2129461 secs] 1920486K->237317K(5033216K) icms_dc=0 , 0.2130532 secs] [Times: user=0.20 sys=0.00, real=0.20 secs] 
1509039.092: [GC 1509039.092: [ParNew: 1741977K->68315K(1887488K), 0.2051883 secs] 1915141K->241805K(5033216K) icms_dc=0 , 0.2052770 secs] [Times: user=0.20 sys=0.00, real=0.20 secs] 
1509099.320: [GC 1509099.320: [ParNew: 1746139K->35688K(1887488K), 0.1036829 secs] 1919629K->209387K(5033216K) icms_dc=0 , 0.1037858 secs] [Times: user=0.11 sys=0.00, real=0.11 secs] 
1509182.909: [GC 1509182.909: [ParNew: 1713512K->31989K(1887488K), 0.0851945 secs] 1887211K->205893K(5033216K) icms_dc=0 , 0.0852798 secs] [Times: user=0.16 sys=0.00, real=0.09 secs] 
1509337.717: [GC 1509337.717: [ParNew: 1709813K->69218K(1887488K), 0.2262815 secs] 1883717K->243307K(5033216K) icms_dc=0 , 0.2263813 secs] [Times: user=0.27 sys=0.00, real=0.23 secs] 
1509510.425: [GC 1509510.425: [ParNew: 1747042K->81847K(1887488K), 0.2795448 secs] 1921131K->256299K(5033216K) icms_dc=0 , 0.2796519 secs] [Times: user=0.28 sys=0.00, real=0.28 secs] 
1509727.109: [GC 1509727.109: [ParNew: 1759671K->72127K(1887488K), 0.2381662 secs] 1934123K->246672K(5033216K) icms_dc=0 , 0.2382676 secs] [Times: user=0.23 sys=0.00, real=0.23 secs] 
1509892.459: [GC 1509892.460: [ParNew: 1749951K->54430K(1887488K), 0.1528987 secs] 1924496K->229049K(5033216K) icms_dc=0 , 0.1529851 secs] [Times: user=0.16 sys=0.00, real=0.16 secs] 
1510013.719: [GC 1510013.719: [ParNew: 1732254K->73721K(1887488K), 0.2226951 secs] 1906873K->248508K(5033216K) icms_dc=0 , 0.2227835 secs] [Times: user=0.23 sys=0.00, real=0.22 secs] 
1510251.146: [GC 1510251.146: [ParNew: 1751545K->78126K(1887488K), 0.2636774 secs] 1926332K->253145K(5033216K) icms_dc=0 , 0.2637707 secs] [Times: user=0.28 sys=0.00, real=0.27 secs] 
1510463.293: [GC 1510463.293: [ParNew: 1755950K->70741K(1887488K), 0.2155294 secs] 1930969K->245988K(5033216K) icms_dc=0 , 0.2156189 secs] [Times: user=0.22 sys=0.00, real=0.22 secs] 
1510678.284: [GC 1510678.284: [ParNew: 1748565K->67369K(1887488K), 0.2156519 secs] 1923812K->242850K(5033216K) icms_dc=0 , 0.2157518 secs] [Times: user=0.22 sys=0.00, real=0.22 secs] 
1510743.017: [GC 1510743.017: [ParNew: 1745193K->40975K(1887488K), 0.1092421 secs] 1920674K->216616K(5033216K) icms_dc=0 , 0.1093323 secs] [Times: user=0.17 sys=0.00, real=0.11 secs] 
1510867.451: [GC 1510867.451: [ParNew: 1718799K->44158K(1887488K), 0.1315686 secs] 1894440K->219997K(5033216K) icms_dc=0 , 0.1316665 secs] [Times: user=0.17 sys=0.00, real=0.14 secs] 
1511002.407: [GC 1511002.407: [ParNew: 1721982K->64001K(1887488K), 0.2024018 secs] 1897821K->240113K(5033216K) icms_dc=0 , 0.2024901 secs] [Times: user=0.20 sys=0.00, real=0.20 secs] 
1511195.966: [GC 1511195.966: [ParNew: 1741825K->78674K(1887488K), 0.2375353 secs] 1917937K->255009K(5033216K) icms_dc=0 , 0.2376256 secs] [Times: user=0.23 sys=0.00, real=0.23 secs] 
1511317.641: [GC 1511317.641: [ParNew: 1756498K->69631K(1887488K), 0.1978037 secs] 1932833K->246069K(5033216K) icms_dc=0 , 0.1978901 secs] [Times: user=0.22 sys=0.03, real=0.20 secs] 
1511468.815: [GC 1511468.815: [ParNew: 1747455K->74342K(1887488K), 0.2574156 secs] 1923893K->251000K(5033216K) icms_dc=0 , 0.2575196 secs] [Times: user=0.28 sys=0.00, real=0.26 secs] 
1511669.967: [GC 1511669.967: [ParNew: 1752166K->76520K(1887488K), 0.2311917 secs] 1928824K->253450K(5033216K) icms_dc=0 , 0.2312866 secs] [Times: user=0.25 sys=0.00, real=0.23 secs] 
1511811.699: [GC 1511811.699: [ParNew: 1754344K->61784K(1887488K), 0.2182971 secs] 1931274K->239012K(5033216K) icms_dc=0 , 0.2183920 secs] [Times: user=0.22 sys=0.00, real=0.22 secs] 
1512064.029: [GC 1512064.029: [ParNew: 1739608K->63813K(1887488K), 0.1992182 secs] 1916836K->241216K(5033216K) icms_dc=0 , 0.1993188 secs] [Times: user=0.26 sys=0.00, real=0.20 secs] 
1512320.587: [GC 1512320.587: [ParNew: 1741637K->58494K(1887488K), 0.2004531 secs] 1919040K->236193K(5033216K) icms_dc=0 , 0.2005594 secs] [Times: user=0.20 sys=0.00, real=0.20 secs] 
1512526.179: [GC 1512526.179: [ParNew: 1736318K->62973K(1887488K), 0.1380274 secs] 1914017K->240883K(5033216K) icms_dc=0 , 0.1381123 secs] [Times: user=0.20 sys=0.00, real=0.14 secs] 
1512653.010: [GC 1512653.010: [ParNew: 1740797K->55594K(1887488K), 0.1545129 secs] 1918707K->233845K(5033216K) icms_dc=0 , 0.1546020 secs] [Times: user=0.16 sys=0.00, real=0.16 secs] 
1512779.559: [GC 1512779.559: [ParNew: 1733418K->52362K(1887488K), 0.1400974 secs] 1911669K->230829K(5033216K) icms_dc=0 , 0.1401834 secs] [Times: user=0.14 sys=0.00, real=0.14 secs] 
1512951.020: [GC 1512951.020: [ParNew: 1730186K->73967K(1887488K), 0.2420098 secs] 1908653K->252717K(5033216K) icms_dc=0 , 0.2421173 secs] [Times: user=0.23 sys=0.00, real=0.23 secs] 
1513046.091: [GC 1513046.091: [ParNew: 1751791K->57655K(1887488K), 0.1493473 secs] 1930541K->236600K(5033216K) icms_dc=0 , 0.1494418 secs] [Times: user=0.16 sys=0.00, real=0.16 secs] 
1513136.222: [GC 1513136.223: [ParNew: 1735479K->44545K(1887488K), 0.1429983 secs] 1914424K->223716K(5033216K) icms_dc=0 , 0.1430989 secs] [Times: user=0.14 sys=0.00, real=0.14 secs] 
1513259.599: [GC 1513259.599: [ParNew: 1722369K->53704K(1887488K), 0.1684400 secs] 1901540K->233058K(5033216K) icms_dc=0 , 0.1685414 secs] [Times: user=0.17 sys=0.00, real=0.17 secs] 
1513346.844: [GC 1513346.844: [ParNew: 1731528K->50455K(1887488K), 0.1229430 secs] 1910882K->230173K(5033216K) icms_dc=0 , 0.1230286 secs] [Times: user=0.13 sys=0.00, real=0.13 secs] 
1513521.667: [GC 1513521.667: [ParNew: 1728279K->55909K(1887488K), 0.1647055 secs] 1907997K->235806K(5033216K) icms_dc=0 , 0.1647919 secs] [Times: user=0.16 sys=0.00, real=0.16 secs] 
1513634.936: [GC 1513634.936: [ParNew: 1733733K->52069K(1887488K), 0.1582916 secs] 1913630K->232164K(5033216K) icms_dc=0 , 0.1583773 secs] [Times: user=0.16 sys=0.00, real=0.16 secs] 
1513862.892: [GC 1513862.892: [ParNew: 1729893K->68448K(1887488K), 0.2286467 secs] 1909988K->248711K(5033216K) icms_dc=0 , 0.2287535 secs] [Times: user=0.22 sys=0.00, real=0.22 secs] 
1514111.402: [GC 1514111.402: [ParNew: 1746272K->83258K(1887488K), 0.2602892 secs] 1926535K->263629K(5033216K) icms_dc=0 , 0.2603764 secs] [Times: user=0.33 sys=0.00, real=0.27 secs] 
1514206.368: [GC 1514206.368: [ParNew: 1761082K->63658K(1887488K), 0.1875735 secs] 1941453K->244347K(5033216K) icms_dc=0 , 0.1876625 secs] [Times: user=0.19 sys=0.00, real=0.19 secs] 
1514338.820: [GC 1514338.820: [ParNew: 1741482K->55322K(1887488K), 0.1837145 secs] 1922171K->236222K(5033216K) icms_dc=0 , 0.1838163 secs] [Times: user=0.19 sys=0.00, real=0.19 secs] 
1514482.976: [GC 1514482.976: [ParNew: 1733146K->49729K(1887488K), 0.1451194 secs] 1914046K->230900K(5033216K) icms_dc=0 , 0.1452093 secs] [Times: user=0.16 sys=0.00, real=0.14 secs] 
1514630.026: [GC 1514630.026: [ParNew: 1727553K->35288K(1887488K), 0.1005915 secs] 1908724K->216878K(5033216K) icms_dc=0 , 0.1006864 secs] [Times: user=0.13 sys=0.00, real=0.11 secs] 
1514917.860: [GC 1514917.860: [ParNew: 1713112K->58083K(1887488K), 0.1754806 secs] 1894702K->239907K(5033216K) icms_dc=0 , 0.1755697 secs] [Times: user=0.17 sys=0.00, real=0.17 secs] 
1515142.006: [GC 1515142.006: [ParNew: 1735907K->67967K(1887488K), 0.2078665 secs] 1917731K->249972K(5033216K) icms_dc=0 , 0.2079536 secs] [Times: user=0.20 sys=0.00, real=0.20 secs] 
1515419.458: [GC 1515419.458: [ParNew: 1745791K->73344K(1887488K), 0.2594153 secs] 1927796K->255510K(5033216K) icms_dc=0 , 0.2595121 secs] [Times: user=0.25 sys=0.00, real=0.25 secs] 
1515632.832: [GC 1515632.832: [ParNew: 1751168K->66635K(1887488K), 0.2211205 secs] 1933334K->248886K(5033216K) icms_dc=0 , 0.2212184 secs] [Times: user=0.23 sys=0.00, real=0.22 secs] 
1515787.046: [GC 1515787.046: [ParNew: 1744459K->77562K(1887488K), 0.2547189 secs] 1926710K->260064K(5033216K) icms_dc=0 , 0.2548153 secs] [Times: user=0.25 sys=0.00, real=0.25 secs] 
1515957.167: [GC 1515957.167: [ParNew: 1755386K->47527K(1887488K), 0.1462237 secs] 1937888K->230295K(5033216K) icms_dc=0 , 0.1463097 secs] [Times: user=0.17 sys=0.00, real=0.16 secs] 
1516103.607: [GC 1516103.607: [ParNew: 1725351K->58206K(1887488K), 0.1333164 secs] 1908119K->241269K(5033216K) icms_dc=0 , 0.1333994 secs] [Times: user=0.12 sys=0.00, real=0.13 secs] 
1516377.592: [GC 1516377.592: [ParNew: 1736030K->54626K(1887488K), 0.1737308 secs] 1919093K->237876K(5033216K) icms_dc=0 , 0.1738245 secs] [Times: user=0.19 sys=0.00, real=0.19 secs] 
1516543.055: [GC 1516543.055: [ParNew: 1732450K->58858K(1887488K), 0.1794624 secs] 1915700K->242289K(5033216K) icms_dc=0 , 0.1795599 secs] [Times: user=0.25 sys=0.00, real=0.19 secs] 
1516727.281: [GC 1516727.281: [ParNew: 1736682K->44502K(1887488K), 0.1332227 secs] 1920113K->228066K(5033216K) icms_dc=0 , 0.1333084 secs] [Times: user=0.16 sys=0.00, real=0.14 secs] 
1516956.297: [GC 1516956.297: [ParNew: 1722326K->52993K(1887488K), 0.1706421 secs] 1905890K->236708K(5033216K) icms_dc=0 , 0.1707397 secs] [Times: user=0.17 sys=0.00, real=0.17 secs] 
1517291.502: [GC 1517291.502: [ParNew: 1730817K->65538K(1887488K), 0.1986354 secs] 1914532K->249405K(5033216K) icms_dc=0 , 0.1987252 secs] [Times: user=0.22 sys=0.00, real=0.20 secs] 
1517557.813: [GC 1517557.813: [ParNew: 1743362K->45893K(1887488K), 0.1484761 secs] 1927229K->229953K(5033216K) icms_dc=0 , 0.1485767 secs] [Times: user=0.17 sys=0.00, real=0.16 secs] 
1517877.927: [GC 1517877.927: [ParNew: 1723717K->76657K(1887488K), 0.2695922 secs] 1907777K->260873K(5033216K) icms_dc=0 , 0.2696939 secs] [Times: user=0.27 sys=0.00, real=0.26 secs] 
1518068.948: [GC 1518068.948: [ParNew: 1754481K->67816K(1887488K), 0.2026310 secs] 1938697K->252243K(5033216K) icms_dc=0 , 0.2027189 secs] [Times: user=0.20 sys=0.00, real=0.20 secs] 
1518341.610: [GC 1518341.610: [ParNew: 1745640K->83049K(1887488K), 0.2576901 secs] 1930067K->267649K(5033216K) icms_dc=0 , 0.2577769 secs] [Times: user=0.26 sys=0.00, real=0.25 secs] 
1518559.017: [GC 1518559.017: [ParNew: 1760873K->78408K(1887488K), 0.2705675 secs] 1945473K->263201K(5033216K) icms_dc=0 , 0.2706730 secs] [Times: user=0.27 sys=0.00, real=0.27 secs] 
1518724.528: [GC 1518724.528: [ParNew: 1756232K->64643K(1887488K), 0.1899576 secs] 1941025K->249816K(5033216K) icms_dc=0 , 0.1900432 secs] [Times: user=0.19 sys=0.00, real=0.19 secs] 
1519049.289: [GC 1519049.289: [ParNew: 1742467K->74884K(1887488K), 0.2246361 secs] 1927640K->260255K(5033216K) icms_dc=0 , 0.2247245 secs] [Times: user=0.30 sys=0.00, real=0.23 secs] 
1519275.380: [GC 1519275.380: [ParNew: 1752708K->55867K(1887488K), 0.1837644 secs] 1938079K->241510K(5033216K) icms_dc=0 , 0.1838593 secs] [Times: user=0.19 sys=0.00, real=0.19 secs] 
1519415.707: [GC 1519415.707: [ParNew: 1733691K->59949K(1887488K), 0.2024540 secs] 1919334K->245775K(5033216K) icms_dc=0 , 0.2025596 secs] [Times: user=0.20 sys=0.00, real=0.20 secs] 
1519656.915: [GC 1519656.915: [ParNew: 1737773K->58175K(1887488K), 0.1728911 secs] 1923599K->244179K(5033216K) icms_dc=0 , 0.1729817 secs] [Times: user=0.17 sys=0.00, real=0.17 secs] 
1519881.357: [GC 1519881.357: [ParNew: 1735999K->65806K(1887488K), 0.1962774 secs] 1922003K->252051K(5033216K) icms_dc=0 , 0.1963672 secs] [Times: user=0.19 sys=0.00, real=0.19 secs] 
1520114.934: [GC 1520114.934: [ParNew: 1743630K->53561K(1887488K), 0.1600433 secs] 1929875K->239980K(5033216K) icms_dc=0 , 0.1601305 secs] [Times: user=0.17 sys=0.00, real=0.16 secs] 
1520424.705: [GC 1520424.705: [ParNew: 1731385K->75750K(1887488K), 0.2603058 secs] 1917804K->262415K(5033216K) icms_dc=0 , 0.2604098 secs] [Times: user=0.26 sys=0.00, real=0.26 secs] 
1520709.101: [GC 1520709.101: [ParNew: 1753574K->70193K(1887488K), 0.2229509 secs] 1940239K->257039K(5033216K) icms_dc=0 , 0.2230392 secs] [Times: user=0.22 sys=0.00, real=0.22 secs] 
1520965.158: [GC 1520965.158: [ParNew: 1748017K->56740K(1887488K), 0.1665190 secs] 1934863K->243799K(5033216K) icms_dc=0 , 0.1666039 secs] [Times: user=0.23 sys=0.00, real=0.17 secs] 
1521163.642: [GC 1521163.642: [ParNew: 1734564K->60111K(1887488K), 0.1985743 secs] 1921623K->247288K(5033216K) icms_dc=0 , 0.1986768 secs] [Times: user=0.22 sys=0.00, real=0.20 secs] 
1521335.040: [GC 1521335.040: [ParNew: 1737935K->75529K(1887488K), 0.2309011 secs] 1925112K->262962K(5033216K) icms_dc=0 , 0.2309905 secs] [Times: user=0.22 sys=0.00, real=0.22 secs] 
1521473.682: [GC 1521473.682: [ParNew: 1753353K->51887K(1887488K), 0.1619286 secs] 1940786K->239640K(5033216K) icms_dc=0 , 0.1620208 secs] [Times: user=0.17 sys=0.00, real=0.17 secs] 
1521616.841: [GC 1521616.841: [ParNew: 1729711K->80731K(1887488K), 0.2731324 secs] 1917464K->268745K(5033216K) icms_dc=0 , 0.2732311 secs] [Times: user=0.30 sys=0.00, real=0.28 secs] 
1521772.031: [GC 1521772.031: [ParNew: 1758555K->67543K(1887488K), 0.2080738 secs] 1946569K->255876K(5033216K) icms_dc=0 , 0.2081683 secs] [Times: user=0.20 sys=0.00, real=0.20 secs] 
1522009.806: [GC 1522009.806: [ParNew: 1745367K->76513K(1887488K), 0.2290150 secs] 1933700K->265087K(5033216K) icms_dc=0 , 0.2290991 secs] [Times: user=0.26 sys=0.00, real=0.23 secs] 
1522198.676: [GC 1522198.676: [ParNew: 1754337K->51243K(1887488K), 0.1487937 secs] 1942911K->240141K(5033216K) icms_dc=0 , 0.1488812 secs] [Times: user=0.14 sys=0.00, real=0.14 secs] 
1522336.594: [GC 1522336.594: [ParNew: 1729067K->72421K(1887488K), 0.2206294 secs] 1917965K->261630K(5033216K) icms_dc=0 , 0.2207154 secs] [Times: user=0.22 sys=0.00, real=0.22 secs] 
1522568.013: [GC 1522568.013: [ParNew: 1750245K->68524K(1887488K), 0.2055334 secs] 1939454K->257912K(5033216K) icms_dc=0 , 0.2056206 secs] [Times: user=0.20 sys=0.00, real=0.20 secs] 
1522757.533: [GC 1522757.533: [ParNew: 1746348K->70855K(1887488K), 0.2197263 secs] 1935736K->260591K(5033216K) icms_dc=0 , 0.2198123 secs] [Times: user=0.22 sys=0.00, real=0.22 secs] 
1522974.517: [GC 1522974.517: [ParNew: 1748679K->67696K(1887488K), 0.2288959 secs] 1938415K->257732K(5033216K) icms_dc=0 , 0.2290042 secs] [Times: user=0.22 sys=0.00, real=0.22 secs] 
1523071.125: [GC 1523071.125: [ParNew: 1745520K->44485K(1887488K), 0.1277960 secs] 1935556K->234788K(5033216K) icms_dc=0 , 0.1278844 secs] [Times: user=0.13 sys=0.00, real=0.12 secs] 
1523361.708: [GC 1523361.708: [ParNew: 1722309K->74578K(1887488K), 0.2269331 secs] 1912612K->265176K(5033216K) icms_dc=0 , 0.2270256 secs] [Times: user=0.25 sys=0.00, real=0.23 secs] 
1523557.076: [GC 1523557.076: [ParNew: 1752402K->68165K(1887488K), 0.2267453 secs] 1943000K->258991K(5033216K) icms_dc=0 , 0.2268378 secs] [Times: user=0.25 sys=0.00, real=0.23 secs] 
1523718.987: [GC 1523718.987: [ParNew: 1745989K->64815K(1887488K), 0.1937789 secs] 1936815K->255940K(5033216K) icms_dc=0 , 0.1938699 secs] [Times: user=0.23 sys=0.00, real=0.20 secs] 
1523918.322: [GC 1523918.322: [ParNew: 1742639K->62216K(1887488K), 0.2001098 secs] 1933764K->253536K(5033216K) icms_dc=0 , 0.2002120 secs] [Times: user=0.20 sys=0.00, real=0.20 secs] 
1524097.048: [GC 1524097.048: [ParNew: 1740040K->69632K(1887488K), 0.2108688 secs] 1931360K->261241K(5033216K) icms_dc=0 , 0.2109586 secs] [Times: user=0.20 sys=0.00, real=0.20 secs] 
1524269.512: [GC 1524269.512: [ParNew: 1747456K->59672K(1887488K), 0.1724587 secs] 1939065K->251472K(5033216K) icms_dc=0 , 0.1725470 secs] [Times: user=0.17 sys=0.00, real=0.17 secs] 
1524430.829: [GC 1524430.829: [ParNew: 1737496K->71440K(1887488K), 0.2121474 secs] 1929296K->263445K(5033216K) icms_dc=0 , 0.2122311 secs] [Times: user=0.20 sys=0.00, real=0.20 secs] 
1524615.561: [GC 1524615.561: [ParNew: 1749264K->60015K(1887488K), 0.1949707 secs] 1941269K->252369K(5033216K) icms_dc=0 , 0.1950801 secs] [Times: user=0.20 sys=0.00, real=0.19 secs] 
1524823.688: [GC 1524823.688: [ParNew: 1737839K->72006K(1887488K), 0.2201805 secs] 1930193K->264677K(5033216K) icms_dc=0 , 0.2202692 secs] [Times: user=0.22 sys=0.00, real=0.22 secs] 
1524941.453: [GC 1524941.453: [ParNew: 1749830K->72683K(1887488K), 0.2348936 secs] 1942501K->265725K(5033216K) icms_dc=0 , 0.2349934 secs] [Times: user=0.25 sys=0.00, real=0.23 secs] 
1525185.846: [GC 1525185.846: [ParNew: 1750507K->63541K(1887488K), 0.1931399 secs] 1943549K->256805K(5033216K) icms_dc=0 , 0.1932275 secs] [Times: user=0.19 sys=0.00, real=0.19 secs] 
1525296.660: [GC 1525296.660: [ParNew: 1741365K->64721K(1887488K), 0.2162621 secs] 1934629K->258165K(5033216K) icms_dc=0 , 0.2164256 secs] [Times: user=0.22 sys=0.00, real=0.22 secs] 
1525443.091: [GC 1525443.091: [ParNew: 1742545K->64432K(1887488K), 0.1912880 secs] 1935989K->258109K(5033216K) icms_dc=0 , 0.1913748 secs] [Times: user=0.22 sys=0.00, real=0.20 secs] 
1525602.128: [GC 1525602.129: [ParNew: 1742256K->72949K(1887488K), 0.2222520 secs] 1935933K->266924K(5033216K) icms_dc=0 , 0.2223373 secs] [Times: user=0.25 sys=0.00, real=0.23 secs] 
1525799.007: [GC 1525799.007: [ParNew: 1750773K->66141K(1887488K), 0.1895479 secs] 1944748K->260423K(5033216K) icms_dc=0 , 0.1896392 secs] [Times: user=0.22 sys=0.00, real=0.19 secs] 
1525935.945: [GC 1525935.945: [ParNew: 1743965K->63458K(1887488K), 0.2154020 secs] 1938247K->257960K(5033216K) icms_dc=0 , 0.2154976 secs] [Times: user=0.20 sys=0.00, real=0.20 secs] 
1526137.473: [GC 1526137.473: [ParNew: 1741282K->65051K(1887488K), 0.1933070 secs] 1935784K->259712K(5033216K) icms_dc=0 , 0.1933941 secs] [Times: user=0.22 sys=0.00, real=0.20 secs] 
1526277.024: [GC 1526277.024: [ParNew: 1742875K->75250K(1887488K), 0.2385644 secs] 1937536K->270094K(5033216K) icms_dc=0 , 0.2386477 secs] [Times: user=0.31 sys=0.00, real=0.25 secs] 
1526467.043: [GC 1526467.043: [ParNew: 1753074K->67354K(1887488K), 0.2258848 secs] 1947918K->262399K(5033216K) icms_dc=0 , 0.2259866 secs] [Times: user=0.30 sys=0.00, real=0.23 secs] 
1526666.371: [GC 1526666.371: [ParNew: 1745178K->77978K(1887488K), 0.2304069 secs] 1940223K->273176K(5033216K) icms_dc=0 , 0.2304929 secs] [Times: user=0.26 sys=0.00, real=0.23 secs] 
1526786.297: [GC 1526786.297: [ParNew: 1755802K->78665K(1887488K), 0.2661395 secs] 1951000K->274202K(5033216K) icms_dc=0 , 0.2662366 secs] [Times: user=0.26 sys=0.00, real=0.26 secs] 
1526903.427: [GC 1526903.427: [ParNew: 1756489K->64261K(1887488K), 0.1803048 secs] 1952026K->260022K(5033216K) icms_dc=0 , 0.1803935 secs] [Times: user=0.17 sys=0.00, real=0.17 secs] 
1527018.603: [GC 1527018.603: [ParNew: 1742085K->58785K(1887488K), 0.1994782 secs] 1937846K->254816K(5033216K) icms_dc=0 , 0.1995757 secs] [Times: user=0.20 sys=0.00, real=0.20 secs] 
1527173.342: [GC 1527173.342: [ParNew: 1736609K->67886K(1887488K), 0.2254148 secs] 1932640K->264121K(5033216K) icms_dc=0 , 0.2255112 secs] [Times: user=0.25 sys=0.00, real=0.23 secs] 
1527346.717: [GC 1527346.717: [ParNew: 1745710K->61426K(1887488K), 0.1887246 secs] 1941945K->257984K(5033216K) icms_dc=0 , 0.1888091 secs] [Times: user=0.19 sys=0.00, real=0.19 secs] 
1527474.966: [GC 1527474.966: [ParNew: 1739250K->66128K(1887488K), 0.2045585 secs] 1935808K->262860K(5033216K) icms_dc=0 , 0.2046499 secs] [Times: user=0.20 sys=0.00, real=0.20 secs] 
1527548.128: [GC 1527548.128: [ParNew: 1743952K->47005K(1887488K), 0.1355857 secs] 1940684K->243890K(5033216K) icms_dc=0 , 0.1356760 secs] [Times: user=0.14 sys=0.00, real=0.14 secs] 
1527802.646: [GC 1527802.646: [ParNew: 1724829K->75422K(1887488K), 0.2584888 secs] 1921714K->272568K(5033216K) icms_dc=0 , 0.2585871 secs] [Times: user=0.26 sys=0.00, real=0.25 secs] 
1528042.956: [GC 1528042.956: [ParNew: 1753246K->75476K(1887488K), 0.2424095 secs] 1950392K->272845K(5033216K) icms_dc=0 , 0.2425086 secs] [Times: user=0.23 sys=0.00, real=0.23 secs] 
1528198.535: [GC 1528198.536: [ParNew: 1753300K->68234K(1887488K), 0.2048411 secs] 1950669K->265765K(5033216K) icms_dc=0 , 0.2049291 secs] [Times: user=0.20 sys=0.00, real=0.20 secs] 
1528324.108: [GC 1528324.108: [ParNew: 1746058K->58549K(1887488K), 0.1960051 secs] 1943589K->256213K(5033216K) icms_dc=0 , 0.1961157 secs] [Times: user=0.19 sys=0.00, real=0.19 secs] 
1528522.858: [GC 1528522.858: [ParNew: 1736373K->71679K(1887488K), 0.2362187 secs] 1934037K->269579K(5033216K) icms_dc=0 , 0.2363101 secs] [Times: user=0.23 sys=0.00, real=0.23 secs] 
1528734.045: [GC 1528734.045: [ParNew: 1749503K->67979K(1887488K), 0.1925528 secs] 1947403K->266156K(5033216K) icms_dc=0 , 0.1926381 secs] [Times: user=0.19 sys=0.00, real=0.19 secs] 
1528946.910: [GC 1528946.910: [ParNew: 1745803K->64811K(1887488K), 0.1965469 secs] 1943980K->263216K(5033216K) icms_dc=0 , 0.1966387 secs] [Times: user=0.22 sys=0.00, real=0.20 secs] 
1529133.759: [GC 1529133.759: [ParNew: 1742635K->78587K(1887488K), 0.2377746 secs] 1941040K->277140K(5033216K) icms_dc=0 , 0.2378679 secs] [Times: user=0.25 sys=0.00, real=0.23 secs] 
1529283.877: [GC 1529283.877: [ParNew: 1756411K->69823K(1887488K), 0.2274637 secs] 1954964K->268584K(5033216K) icms_dc=0 , 0.2275593 secs] [Times: user=0.30 sys=0.00, real=0.23 secs] 
1529468.759: [GC 1529468.759: [ParNew: 1747647K->64301K(1887488K), 0.2015624 secs] 1946408K->263349K(5033216K) icms_dc=0 , 0.2016565 secs] [Times: user=0.20 sys=0.00, real=0.20 secs] 
1529619.423: [GC 1529619.423: [ParNew: 1742125K->63602K(1887488K), 0.2097245 secs] 1941173K->262881K(5033216K) icms_dc=0 , 0.2098205 secs] [Times: user=0.28 sys=0.00, real=0.22 secs] 
1529783.231: [GC 1529783.231: [ParNew: 1741426K->57231K(1887488K), 0.1752848 secs] 1940705K->256752K(5033216K) icms_dc=0 , 0.1753742 secs] [Times: user=0.19 sys=0.00, real=0.17 secs] 
1529940.724: [GC 1529940.725: [ParNew: 1735055K->75355K(1887488K), 0.2623704 secs] 1934576K->275249K(5033216K) icms_dc=0 , 0.2624710 secs] [Times: user=0.28 sys=0.00, real=0.26 secs] 
1530074.018: [GC 1530074.018: [ParNew: 1753179K->61707K(1887488K), 0.2122004 secs] 1953073K->261800K(5033216K) icms_dc=0 , 0.2122994 secs] [Times: user=0.23 sys=0.00, real=0.22 secs] 
1530214.507: [GC 1530214.508: [ParNew: 1739531K->54895K(1887488K), 0.1575171 secs] 1939624K->255306K(5033216K) icms_dc=0 , 0.1576074 secs] [Times: user=0.16 sys=0.00, real=0.16 secs] 
1530413.858: [GC 1530413.858: [ParNew: 1732719K->70007K(1887488K), 0.2415037 secs] 1933130K->270677K(5033216K) icms_dc=0 , 0.2416101 secs] [Times: user=0.27 sys=0.00, real=0.25 secs] 
1530567.061: [GC 1530567.061: [ParNew: 1747831K->73684K(1887488K), 0.2231732 secs] 1948501K->274580K(5033216K) icms_dc=0 , 0.2232607 secs] [Times: user=0.26 sys=0.00, real=0.23 secs] 
1530693.458: [GC 1530693.458: [ParNew: 1751508K->52833K(1887488K), 0.1569066 secs] 1952404K->253946K(5033216K) icms_dc=0 , 0.1569988 secs] [Times: user=0.16 sys=0.00, real=0.16 secs] 
1530833.037: [GC 1530833.037: [ParNew: 1730657K->68306K(1887488K), 0.2356811 secs] 1931770K->269765K(5033216K) icms_dc=0 , 0.2357871 secs] [Times: user=0.23 sys=0.00, real=0.23 secs] 
1530972.191: [GC 1530972.191: [ParNew: 1746130K->55673K(1887488K), 0.1832465 secs] 1947589K->257446K(5033216K) icms_dc=0 , 0.1833394 secs] [Times: user=0.20 sys=0.00, real=0.19 secs] 
1531045.337: [GC 1531045.338: [ParNew: 1733497K->41878K(1887488K), 0.1401400 secs] 1935270K->243980K(5033216K) icms_dc=0 , 0.1402379 secs] [Times: user=0.16 sys=0.00, real=0.14 secs] 
1531165.720: [GC 1531165.720: [ParNew: 1719702K->59732K(1887488K), 0.1769205 secs] 1921804K->262001K(5033216K) icms_dc=0 , 0.1770126 secs] [Times: user=0.19 sys=0.00, real=0.17 secs] 
1531245.822: [GC 1531245.822: [ParNew: 1737556K->70266K(1887488K), 0.2090748 secs] 1939825K->272823K(5033216K) icms_dc=0 , 0.2091651 secs] [Times: user=0.22 sys=0.00, real=0.20 secs] 
1531445.665: [GC 1531445.665: [ParNew: 1748090K->66010K(1887488K), 0.2029351 secs] 1950647K->268853K(5033216K) icms_dc=0 , 0.2030269 secs] [Times: user=0.20 sys=0.00, real=0.20 secs] 
1531595.465: [GC 1531595.465: [ParNew: 1743834K->73965K(1887488K), 0.2419146 secs] 1946677K->277201K(5033216K) icms_dc=0 , 0.2420133 secs] [Times: user=0.23 sys=0.00, real=0.23 secs] 
1531753.052: [GC 1531753.053: [ParNew: 1751789K->73679K(1887488K), 0.2104825 secs] 1955025K->277157K(5033216K) icms_dc=0 , 0.2105750 secs] [Times: user=0.20 sys=0.00, real=0.20 secs] 
1531927.637: [GC 1531927.637: [ParNew: 1751503K->66674K(1887488K), 0.2044729 secs] 1954981K->270354K(5033216K) icms_dc=0 , 0.2045562 secs] [Times: user=0.23 sys=0.00, real=0.22 secs] 
1532219.211: [GC 1532219.211: [ParNew: 1744498K->66354K(1887488K), 0.1950932 secs] 1948178K->270389K(5033216K) icms_dc=0 , 0.1951807 secs] [Times: user=0.19 sys=0.00, real=0.19 secs] 
1532363.083: [GC 1532363.083: [ParNew: 1744178K->60369K(1887488K), 0.1792969 secs] 1948213K->264693K(5033216K) icms_dc=0 , 0.1793864 secs] [Times: user=0.17 sys=0.00, real=0.17 secs] 
1532586.756: [GC 1532586.756: [ParNew: 1738193K->73665K(1887488K), 0.2199048 secs] 1942517K->278181K(5033216K) icms_dc=0 , 0.2199970 secs] [Times: user=0.23 sys=0.00, real=0.22 secs] 
1532806.744: [GC 1532806.744: [ParNew: 1751489K->74302K(1887488K), 0.2249560 secs] 1956005K->278984K(5033216K) icms_dc=0 , 0.2250455 secs] [Times: user=0.25 sys=0.00, real=0.23 secs] 
1533107.982: [GC 1533107.982: [ParNew: 1752126K->66727K(1887488K), 0.2025768 secs] 1956808K->271623K(5033216K) icms_dc=0 , 0.2026617 secs] [Times: user=0.22 sys=0.00, real=0.20 secs] 
1533317.073: [GC 1533317.073: [ParNew: 1744551K->77185K(1887488K), 0.2371571 secs] 1949447K->282259K(5033216K) icms_dc=0 , 0.2372431 secs] [Times: user=0.23 sys=0.00, real=0.23 secs] 
1533599.313: [GC 1533599.313: [ParNew: 1755009K->71341K(1887488K), 0.2210471 secs] 1960083K->276653K(5033216K) icms_dc=0 , 0.2211397 secs] [Times: user=0.22 sys=0.00, real=0.22 secs] 
1533827.742: [GC 1533827.742: [ParNew: 1749165K->66794K(1887488K), 0.1840770 secs] 1954477K->272232K(5033216K) icms_dc=0 , 0.1841672 secs] [Times: user=0.19 sys=0.00, real=0.19 secs] 
1534105.332: [GC 1534105.333: [ParNew: 1744618K->62699K(1887488K), 0.1838113 secs] 1950056K->268363K(5033216K) icms_dc=0 , 0.1839027 secs] [Times: user=0.17 sys=0.00, real=0.17 secs] 
1534368.860: [GC 1534368.860: [ParNew: 1740523K->53605K(1887488K), 0.1737500 secs] 1946187K->259470K(5033216K) icms_dc=0 , 0.1738499 secs] [Times: user=0.17 sys=0.00, real=0.17 secs] 
1534650.820: [GC 1534650.820: [ParNew: 1731429K->67745K(1887488K), 0.2088805 secs] 1937294K->273821K(5033216K) icms_dc=0 , 0.2089773 secs] [Times: user=0.22 sys=0.00, real=0.20 secs] 
1534827.259: [GC 1534827.259: [ParNew: 1745569K->62168K(1887488K), 0.1820408 secs] 1951645K->268440K(5033216K) icms_dc=0 , 0.1821264 secs] [Times: user=0.23 sys=0.00, real=0.19 secs] 
1534923.794: [GC 1534923.794: [ParNew: 1739992K->48379K(1887488K), 0.1402921 secs] 1946264K->254843K(5033216K) icms_dc=0 , 0.1403781 secs] [Times: user=0.14 sys=0.00, real=0.14 secs] 
1535016.001: [GC 1535016.001: [ParNew: 1726203K->56937K(1887488K), 0.1806861 secs] 1932667K->263551K(5033216K) icms_dc=0 , 0.1807890 secs] [Times: user=0.17 sys=0.00, real=0.17 secs] 
1535203.787: [GC 1535203.787: [ParNew: 1734761K->65644K(1887488K), 0.1877981 secs] 1941375K->272519K(5033216K) icms_dc=0 , 0.1878856 secs] [Times: user=0.19 sys=0.00, real=0.19 secs] 
1535420.715: [GC 1535420.715: [ParNew: 1743468K->48633K(1887488K), 0.1424416 secs] 1950343K->255768K(5033216K) icms_dc=0 , 0.1425330 secs] [Times: user=0.14 sys=0.00, real=0.14 secs] 
1535784.619: [GC 1535784.619: [ParNew: 1726457K->73826K(1887488K), 0.2256302 secs] 1933592K->281153K(5033216K) icms_dc=0 , 0.2257163 secs] [Times: user=0.22 sys=0.00, real=0.22 secs] 
1536073.217: [GC 1536073.217: [ParNew: 1751650K->63515K(1887488K), 0.2072920 secs] 1958977K->271065K(5033216K) icms_dc=0 , 0.2073896 secs] [Times: user=0.22 sys=0.00, real=0.20 secs] 
1536241.498: [GC 1536241.498: [ParNew: 1741339K->67015K(1887488K), 0.1980321 secs] 1948889K->274715K(5033216K) icms_dc=0 , 0.1981212 secs] [Times: user=0.19 sys=0.00, real=0.19 secs] 
1536478.332: [GC 1536478.332: [ParNew: 1744839K->61619K(1887488K), 0.1883115 secs] 1952539K->269512K(5033216K) icms_dc=0 , 0.1884036 secs] [Times: user=0.19 sys=0.00, real=0.19 secs] 
1536636.920: [GC 1536636.920: [ParNew: 1739443K->65065K(1887488K), 0.1923021 secs] 1947336K->273213K(5033216K) icms_dc=0 , 0.1923912 secs] [Times: user=0.20 sys=0.00, real=0.19 secs] 
1536869.267: [GC 1536869.267: [ParNew: 1742889K->56344K(1887488K), 0.1727797 secs] 1951037K->264748K(5033216K) icms_dc=0 , 0.1728792 secs] [Times: user=0.17 sys=0.00, real=0.17 secs] 
1537526.956: [GC 1537526.956: [ParNew: 1734168K->49550K(1887488K), 0.1530608 secs] 1942572K->258037K(5033216K) icms_dc=0 , 0.1531518 secs] [Times: user=0.17 sys=0.00, real=0.16 secs] 
1537861.867: [GC 1537861.867: [ParNew: 1727374K->52788K(1887488K), 0.1597169 secs] 1935861K->261455K(5033216K) icms_dc=0 , 0.1598022 secs] [Times: user=0.16 sys=0.00, real=0.16 secs] 
1538159.396: [GC 1538159.397: [ParNew: 1730612K->59764K(1887488K), 0.1967539 secs] 1939279K->268559K(5033216K) icms_dc=0 , 0.1968487 secs] [Times: user=0.19 sys=0.00, real=0.19 secs] 
1538581.606: [GC 1538581.606: [ParNew: 1737588K->50841K(1887488K), 0.1512115 secs] 1946383K->259750K(5033216K) icms_dc=0 , 0.1512972 secs] [Times: user=0.17 sys=0.00, real=0.16 secs] 
1539199.338: [GC 1539199.338: [ParNew: 1728665K->40569K(1887488K), 0.1097973 secs] 1937574K->249682K(5033216K) icms_dc=0 , 0.1098952 secs] [Times: user=0.11 sys=0.00, real=0.11 secs] 
1539376.064: [GC 1539376.064: [ParNew: 1718393K->29372K(1887488K), 0.0967591 secs] 1927506K->238635K(5033216K) icms_dc=0 , 0.0968604 secs] [Times: user=0.09 sys=0.00, real=0.09 secs] 
1539816.525: [GC 1539816.525: [ParNew: 1707196K->46315K(1887488K), 0.1482296 secs] 1916459K->255731K(5033216K) icms_dc=0 , 0.1483229 secs] [Times: user=0.16 sys=0.00, real=0.16 secs] 
1540113.336: [GC 1540113.336: [ParNew: 1723936K->49980K(1887488K), 0.1475638 secs] 1933353K->259565K(5033216K) icms_dc=0 , 0.1476486 secs] [Times: user=0.17 sys=0.00, real=0.16 secs] 
1540526.415: [GC 1540526.415: [ParNew: 1727804K->35873K(1887488K), 0.1090293 secs] 1937389K->245593K(5033216K) icms_dc=0 , 0.1091265 secs] [Times: user=0.16 sys=0.00, real=0.11 secs] 
1541163.035: [GC 1541163.035: [ParNew: 1713697K->42989K(1887488K), 0.1459630 secs] 1923417K->252791K(5033216K) icms_dc=0 , 0.1460628 secs] [Times: user=0.14 sys=0.00, real=0.14 secs] 
1541835.335: [GC 1541835.335: [ParNew: 1720813K->50095K(1887488K), 0.1514404 secs] 1930615K->260068K(5033216K) icms_dc=0 , 0.1515314 secs] [Times: user=0.17 sys=0.00, real=0.16 secs] 
1542262.531: [GC 1542262.531: [ParNew: 1727919K->41186K(1887488K), 0.1190438 secs] 1937892K->251291K(5033216K) icms_dc=0 , 0.1191324 secs] [Times: user=0.16 sys=0.00, real=0.13 secs] 
1542950.600: [GC 1542950.600: [ParNew: 1719010K->62391K(1887488K), 0.2116344 secs] 1929115K->272621K(5033216K) icms_dc=0 , 0.2117292 secs] [Times: user=0.20 sys=0.00, real=0.20 secs] 
1543776.320: [GC 1543776.320: [ParNew: 1740215K->47051K(1887488K), 0.1506951 secs] 1950445K->257457K(5033216K) icms_dc=0 , 0.1507892 secs] [Times: user=0.16 sys=0.00, real=0.16 secs] 
1544689.100: [GC 1544689.100: [ParNew: 1724875K->36468K(1887488K), 0.1157446 secs] 1935281K->247073K(5033216K) icms_dc=0 , 0.1158406 secs] [Times: user=0.11 sys=0.00, real=0.11 secs] 
1545457.651: [GC 1545457.651: [ParNew: 1714292K->47021K(1887488K), 0.1564121 secs] 1924897K->257731K(5033216K) icms_dc=0 , 0.1565073 secs] [Times: user=0.17 sys=0.00, real=0.16 secs] 
1546525.299: [GC 1546525.299: [ParNew: 1724845K->41963K(1887488K), 0.1320017 secs] 1935555K->252851K(5033216K) icms_dc=0 , 0.1320850 secs] [Times: user=0.16 sys=0.00, real=0.14 secs] 
1547286.380: [GC 1547286.380: [ParNew: 1719787K->35164K(1887488K), 0.1119951 secs] 1930675K->246206K(5033216K) icms_dc=0 , 0.1120938 secs] [Times: user=0.13 sys=0.00, real=0.11 secs] 
1548581.739: [GC 1548581.739: [ParNew: 1712988K->31750K(1887488K), 0.0981890 secs] 1924030K->242970K(5033216K) icms_dc=0 , 0.0982765 secs] [Times: user=0.09 sys=0.00, real=0.09 secs] 
1549965.303: [GC 1549965.303: [ParNew: 1709574K->35790K(1887488K), 0.1060044 secs] 1920794K->247189K(5033216K) icms_dc=0 , 0.1060927 secs] [Times: user=0.12 sys=0.00, real=0.11 secs] 
1551620.270: [GC 1551620.270: [ParNew: 1713614K->24554K(1887488K), 0.0710609 secs] 1925013K->236151K(5033216K) icms_dc=0 , 0.0711507 secs] [Times: user=0.09 sys=0.00, real=0.08 secs] 
1552875.243: [GC 1552875.243: [ParNew: 1702378K->26242K(1887488K), 0.0833649 secs] 1913975K->237947K(5033216K) icms_dc=0 , 0.0834544 secs] [Times: user=0.08 sys=0.00, real=0.08 secs] 
1554826.114: [GC 1554826.114: [ParNew: 1704066K->16841K(1887488K), 0.0594418 secs] 1915771K->228678K(5033216K) icms_dc=0 , 0.0595443 secs] [Times: user=0.05 sys=0.00, real=0.05 secs] 
1556272.749: [GC 1556272.749: [ParNew: 1694665K->32841K(1887488K), 0.1039486 secs] 1906502K->244843K(5033216K) icms_dc=0 , 0.1040377 secs] [Times: user=0.13 sys=0.00, real=0.11 secs] 
1557700.445: [GC 1557700.445: [ParNew: 1710665K->40417K(1887488K), 0.1314883 secs] 1922667K->252622K(5033216K) icms_dc=0 , 0.1315859 secs] [Times: user=0.17 sys=0.00, real=0.14 secs] 
1559035.098: [GC 1559035.098: [ParNew: 1718241K->22544K(1887488K), 0.0721598 secs] 1930446K->234894K(5033216K) icms_dc=0 , 0.0722562 secs] [Times: user=0.06 sys=0.00, real=0.06 secs] 
1560812.535: [GC 1560812.535: [ParNew: 1700368K->24255K(1887488K), 0.0801326 secs] 1912718K->236809K(5033216K) icms_dc=0 , 0.0802232 secs] [Times: user=0.08 sys=0.00, real=0.08 secs] 
1563042.548: [GC 1563042.548: [ParNew: 1702079K->8735K(1887488K), 0.0341260 secs] 1914633K->221458K(5033216K) icms_dc=0 , 0.0342236 secs] [Times: user=0.03 sys=0.00, real=0.03 secs] 
1565242.579: [GC 1565242.579: [ParNew: 1686559K->11164K(1887488K), 0.0381827 secs] 1899282K->224085K(5033216K) icms_dc=0 , 0.0382764 secs] [Times: user=0.03 sys=0.00, real=0.03 secs] 
1566844.953: [GC 1566844.954: [ParNew: 1688988K->23771K(1887488K), 0.0799103 secs] 1901909K->236819K(5033216K) icms_dc=0 , 0.0800055 secs] [Times: user=0.09 sys=0.00, real=0.08 secs] 
1568104.578: [GC 1568104.578: [ParNew: 1701595K->36658K(1887488K), 0.1118243 secs] 1914643K->249876K(5033216K) icms_dc=0 , 0.1119176 secs] [Times: user=0.11 sys=0.00, real=0.11 secs] 
1569069.687: [GC 1569069.687: [ParNew: 1714482K->41813K(1887488K), 0.1284189 secs] 1927700K->255197K(5033216K) icms_dc=0 , 0.1285137 secs] [Times: user=0.13 sys=0.00, real=0.13 secs] 
1570815.698: [GC 1570815.698: [ParNew: 1719637K->27201K(1887488K), 0.0955373 secs] 1933021K->240741K(5033216K) icms_dc=0 , 0.0956425 secs] [Times: user=0.16 sys=0.00, real=0.09 secs] 
1572139.663: [GC 1572139.663: [ParNew: 1705025K->29484K(1887488K), 0.0947643 secs] 1918565K->243198K(5033216K) icms_dc=0 , 0.0948538 secs] [Times: user=0.11 sys=0.00, real=0.09 secs] 
1572435.830: [GC 1572435.830: [ParNew: 1707308K->24542K(1887488K), 0.0680344 secs] 1921022K->238424K(5033216K) icms_dc=0 , 0.0681277 secs] [Times: user=0.06 sys=0.00, real=0.06 secs] 
1573565.042: [GC 1573565.042: [ParNew: 1702366K->35781K(1887488K), 0.1202567 secs] 1916248K->249895K(5033216K) icms_dc=0 , 0.1203650 secs] [Times: user=0.11 sys=0.00, real=0.11 secs] 
1574694.295: [GC 1574694.295: [ParNew: 1713605K->41828K(1887488K), 0.1423467 secs] 1927719K->256114K(5033216K) icms_dc=0 , 0.1424477 secs] [Times: user=0.14 sys=0.00, real=0.14 secs] 
1576091.758: [GC 1576091.759: [ParNew: 1719652K->32905K(1887488K), 0.1120239 secs] 1933938K->247348K(5033216K) icms_dc=0 , 0.1121196 secs] [Times: user=0.11 sys=0.00, real=0.11 secs] 
1576513.662: [GC 1576513.662: [ParNew: 1710729K->22342K(1887488K), 0.0720458 secs] 1925172K->236844K(5033216K) icms_dc=0 , 0.0721437 secs] [Times: user=0.06 sys=0.00, real=0.06 secs] 
1577621.294: [GC 1577621.294: [ParNew: 1700166K->27519K(1887488K), 0.0840288 secs] 1914668K->242160K(5033216K) icms_dc=0 , 0.0841187 secs] [Times: user=0.08 sys=0.00, real=0.08 secs] 
1578817.796: [GC 1578817.796: [ParNew: 1705343K->31273K(1887488K), 0.0970110 secs] 1919984K->246081K(5033216K) icms_dc=0 , 0.0971000 secs] [Times: user=0.09 sys=0.00, real=0.09 secs] 
1579935.610: [GC 1579935.610: [ParNew: 1709097K->34282K(1887488K), 0.1090988 secs] 1923905K->249253K(5033216K) icms_dc=0 , 0.1091887 secs] [Times: user=0.12 sys=0.00, real=0.11 secs] 
1581235.434: [GC 1581235.434: [ParNew: 1712106K->30673K(1887488K), 0.0966504 secs] 1927077K->245716K(5033216K) icms_dc=0 , 0.0967422 secs] [Times: user=0.09 sys=0.00, real=0.09 secs] 
1582259.417: [GC 1582259.417: [ParNew: 1708497K->43676K(1887488K), 0.1385811 secs] 1923540K->258847K(5033216K) icms_dc=0 , 0.1386648 secs] [Times: user=0.14 sys=0.00, real=0.14 secs] 
1583424.606: [GC 1583424.606: [ParNew: 1721500K->45369K(1887488K), 0.1384102 secs] 1936671K->260707K(5033216K) icms_dc=0 , 0.1384962 secs] [Times: user=0.14 sys=0.00, real=0.14 secs] 
1584461.036: [GC 1584461.036: [ParNew: 1723193K->38369K(1887488K), 0.1316396 secs] 1938531K->253844K(5033216K) icms_dc=0 , 0.1317349 secs] [Times: user=0.13 sys=0.00, real=0.13 secs] 
1585632.505: [GC 1585632.505: [ParNew: 1716193K->39592K(1887488K), 0.1064782 secs] 1931668K->255200K(5033216K) icms_dc=0 , 0.1065646 secs] [Times: user=0.11 sys=0.00, real=0.11 secs] 
1586610.314: [GC 1586610.314: [ParNew: 1717416K->46390K(1887488K), 0.1449101 secs] 1933024K->262168K(5033216K) icms_dc=0 , 0.1450000 secs] [Times: user=0.16 sys=0.00, real=0.14 secs] 
1587131.110: [GC 1587131.110: [ParNew: 1724214K->46829K(1887488K), 0.1271602 secs] 1939992K->262781K(5033216K) icms_dc=0 , 0.1272581 secs] [Times: user=0.12 sys=0.00, real=0.13 secs] 
1587468.855: [GC 1587468.855: [ParNew: 1724653K->51237K(1887488K), 0.1581430 secs] 1940605K->267293K(5033216K) icms_dc=0 , 0.1582279 secs] [Times: user=0.16 sys=0.00, real=0.16 secs] 
1587854.925: [GC 1587854.925: [ParNew: 1729061K->72450K(1887488K), 0.2537091 secs] 1945117K->288637K(5033216K) icms_dc=0 , 0.2537963 secs] [Times: user=0.28 sys=0.00, real=0.26 secs] 
1588163.269: [GC 1588163.269: [ParNew: 1750274K->52522K(1887488K), 0.1597503 secs] 1966461K->268894K(5033216K) icms_dc=0 , 0.1598444 secs] [Times: user=0.16 sys=0.00, real=0.16 secs] 
1588523.746: [GC 1588523.746: [ParNew: 1730346K->53119K(1887488K), 0.1892729 secs] 1946718K->269602K(5033216K) icms_dc=0 , 0.1893751 secs] [Times: user=0.20 sys=0.00, real=0.19 secs] 
1588935.835: [GC 1588935.835: [ParNew: 1730943K->69686K(1887488K), 0.2435849 secs] 1947426K->286300K(5033216K) icms_dc=0 , 0.2436878 secs] [Times: user=0.23 sys=0.00, real=0.23 secs] 
1589253.745: [GC 1589253.745: [ParNew: 1747510K->58481K(1887488K), 0.1423460 secs] 1964124K->275311K(5033216K) icms_dc=0 , 0.1424331 secs] [Times: user=0.14 sys=0.00, real=0.14 secs] 
1589534.371: [GC 1589534.372: [ParNew: 1736305K->49766K(1887488K), 0.1693067 secs] 1953135K->266682K(5033216K) icms_dc=0 , 0.1694138 secs] [Times: user=0.16 sys=0.00, real=0.16 secs] 
1589803.855: [GC 1589803.856: [ParNew: 1727590K->60202K(1887488K), 0.1778152 secs] 1944506K->277232K(5033216K) icms_dc=0 , 0.1779038 secs] [Times: user=0.17 sys=0.00, real=0.17 secs] 
1590132.759: [GC 1590132.759: [ParNew: 1738026K->53515K(1887488K), 0.1789617 secs] 1955056K->270724K(5033216K) icms_dc=0 , 0.1790569 secs] [Times: user=0.16 sys=0.00, real=0.17 secs] 
1590533.073: [GC 1590533.073: [ParNew: 1731339K->67677K(1887488K), 0.2038501 secs] 1948548K->285013K(5033216K) icms_dc=0 , 0.2039369 secs] [Times: user=0.20 sys=0.00, real=0.20 secs] 
1590767.666: [GC 1590767.666: [ParNew: 1745501K->64616K(1887488K), 0.1972953 secs] 1962837K->282095K(5033216K) icms_dc=0 , 0.1973874 secs] [Times: user=0.22 sys=0.00, real=0.20 secs] 
1591112.563: [GC 1591112.563: [ParNew: 1742440K->63299K(1887488K), 0.1861604 secs] 1959919K->280948K(5033216K) icms_dc=0 , 0.1862484 secs] [Times: user=0.19 sys=0.00, real=0.19 secs] 
1591545.164: [GC 1591545.164: [ParNew: 1741123K->53539K(1887488K), 0.1320201 secs] 1958772K->271333K(5033216K) icms_dc=0 , 0.1320985 secs] [Times: user=0.13 sys=0.00, real=0.13 secs] 
1591884.106: [GC 1591884.106: [ParNew: 1731363K->61711K(1887488K), 0.1805782 secs] 1949157K->279695K(5033216K) icms_dc=0 , 0.1806669 secs] [Times: user=0.25 sys=0.00, real=0.19 secs] 
1592112.175: [GC 1592112.175: [ParNew: 1739535K->38915K(1887488K), 0.1304923 secs] 1957519K->257053K(5033216K) icms_dc=0 , 0.1306017 secs] [Times: user=0.13 sys=0.00, real=0.13 secs] 
1592522.701: [GC 1592522.701: [ParNew: 1716739K->58304K(1887488K), 0.1687979 secs] 1934877K->276770K(5033216K) icms_dc=0 , 0.1688866 secs] [Times: user=0.17 sys=0.00, real=0.17 secs] 
1592774.739: [GC 1592774.739: [ParNew: 1736128K->62967K(1887488K), 0.1776965 secs] 1954594K->281623K(5033216K) icms_dc=0 , 0.1777910 secs] [Times: user=0.17 sys=0.00, real=0.17 secs] 
1592899.830: [GC 1592899.830: [ParNew: 1740791K->37133K(1887488K), 0.0870027 secs] 1959447K->255978K(5033216K) icms_dc=0 , 0.0870898 secs] [Times: user=0.08 sys=0.00, real=0.08 secs] 
1593026.268: [GC 1593026.268: [ParNew: 1714957K->39065K(1887488K), 0.1190246 secs] 1933802K->258022K(5033216K) icms_dc=0 , 0.1191156 secs] [Times: user=0.14 sys=0.00, real=0.13 secs] 
1593330.348: [GC 1593330.348: [ParNew: 1716889K->64737K(1887488K), 0.2000372 secs] 1935846K->283949K(5033216K) icms_dc=0 , 0.2001290 secs] [Times: user=0.22 sys=0.00, real=0.20 secs] 
1593522.349: [GC 1593522.349: [ParNew: 1742561K->71261K(1887488K), 0.2512232 secs] 1961773K->290674K(5033216K) icms_dc=0 , 0.2513181 secs] [Times: user=0.25 sys=0.00, real=0.25 secs] 
1593891.220: [GC 1593891.220: [ParNew: 1749085K->67046K(1887488K), 0.2054325 secs] 1968498K->286514K(5033216K) icms_dc=0 , 0.2055185 secs] [Times: user=0.22 sys=0.00, real=0.22 secs] 
1594052.304: [GC 1594052.304: [ParNew: 1744870K->74687K(1887488K), 0.2347642 secs] 1964338K->294237K(5033216K) icms_dc=0 , 0.2348506 secs] [Times: user=0.23 sys=0.00, real=0.23 secs] 
1594304.403: [GC 1594304.403: [ParNew: 1752511K->71290K(1887488K), 0.2216899 secs] 1972061K->291029K(5033216K) icms_dc=0 , 0.2217767 secs] [Times: user=0.25 sys=0.00, real=0.23 secs] 
1594462.959: [GC 1594462.959: [ParNew: 1749114K->51345K(1887488K), 0.1518570 secs] 1968853K->271305K(5033216K) icms_dc=0 , 0.1519476 secs] [Times: user=0.14 sys=0.00, real=0.14 secs] 
1594741.909: [GC 1594741.909: [ParNew: 1729169K->77577K(1887488K), 0.2376229 secs] 1949129K->297832K(5033216K) icms_dc=0 , 0.2377104 secs] [Times: user=0.23 sys=0.00, real=0.23 secs] 
1594962.268: [GC 1594962.268: [ParNew: 1755401K->67786K(1887488K), 0.2233172 secs] 1975656K->288292K(5033216K) icms_dc=0 , 0.2234189 secs] [Times: user=0.22 sys=0.00, real=0.22 secs] 
1595266.284: [GC 1595266.284: [ParNew: 1745610K->49999K(1887488K), 0.1548432 secs] 1966116K->270753K(5033216K) icms_dc=0 , 0.1549438 secs] [Times: user=0.17 sys=0.00, real=0.16 secs] 
1595531.442: [GC 1595531.442: [ParNew: 1727823K->64071K(1887488K), 0.1885311 secs] 1948577K->284941K(5033216K) icms_dc=0 , 0.1886236 secs] [Times: user=0.20 sys=0.00, real=0.19 secs] 
1595835.090: [GC 1595835.090: [ParNew: 1741895K->59934K(1887488K), 0.1772346 secs] 1962765K->281081K(5033216K) icms_dc=0 , 0.1773229 secs] [Times: user=0.20 sys=0.00, real=0.19 secs] 
1595958.551: [GC 1595958.551: [ParNew: 1737758K->46912K(1887488K), 0.1408450 secs] 1958905K->268266K(5033216K) icms_dc=0 , 0.1409356 secs] [Times: user=0.14 sys=0.00, real=0.14 secs] 
1596136.545: [GC 1596136.545: [ParNew: 1724736K->61645K(1887488K), 0.1837679 secs] 1946090K->283185K(5033216K) icms_dc=0 , 0.1838485 secs] [Times: user=0.20 sys=0.00, real=0.19 secs] 
1596313.538: [GC 1596313.539: [ParNew: 1739469K->70164K(1887488K), 0.2048246 secs] 1961009K->291890K(5033216K) icms_dc=0 , 0.2049152 secs] [Times: user=0.20 sys=0.00, real=0.20 secs] 
1596449.553: [GC 1596449.553: [ParNew: 1747988K->76420K(1887488K), 0.2368987 secs] 1969714K->298433K(5033216K) icms_dc=0 , 0.2369843 secs] [Times: user=0.26 sys=0.00, real=0.25 secs] 
1596711.877: [GC 1596711.877: [ParNew: 1754244K->69281K(1887488K), 0.2118087 secs] 1976257K->291419K(5033216K) icms_dc=0 , 0.2118974 secs] [Times: user=0.23 sys=0.00, real=0.22 secs] 
1596943.043: [GC 1596943.043: [ParNew: 1747105K->62256K(1887488K), 0.1839203 secs] 1969243K->284576K(5033216K) icms_dc=0 , 0.1840171 secs] [Times: user=0.23 sys=0.00, real=0.19 secs] 
1597075.030: [GC 1597075.030: [ParNew: 1740080K->64366K(1887488K), 0.2091946 secs] 1962400K->286922K(5033216K) icms_dc=0 , 0.2092876 secs] [Times: user=0.26 sys=0.00, real=0.22 secs] 
1597260.029: [GC 1597260.029: [ParNew: 1742190K->53733K(1887488K), 0.1707880 secs] 1964746K->276490K(5033216K) icms_dc=0 , 0.1708871 secs] [Times: user=0.16 sys=0.00, real=0.16 secs] 
1597454.139: [GC 1597454.139: [ParNew: 1731557K->60135K(1887488K), 0.1761353 secs] 1954314K->283123K(5033216K) icms_dc=0 , 0.1762251 secs] [Times: user=0.17 sys=0.00, real=0.17 secs] 
1597612.032: [GC 1597612.032: [ParNew: 1737959K->67041K(1887488K), 0.1834269 secs] 1960947K->290442K(5033216K) icms_dc=0 , 0.1835183 secs] [Times: user=0.17 sys=0.00, real=0.17 secs] 
1597778.467: [GC 1597778.467: [ParNew: 1744865K->70440K(1887488K), 0.2227677 secs] 1968266K->294049K(5033216K) icms_dc=0 , 0.2228560 secs] [Times: user=0.22 sys=0.00, real=0.22 secs] 
1597991.917: [GC 1597991.917: [ParNew: 1748264K->58795K(1887488K), 0.2005648 secs] 1971873K->282711K(5033216K) icms_dc=0 , 0.2006627 secs] [Times: user=0.20 sys=0.00, real=0.20 secs] 
1598192.283: [GC 1598192.283: [ParNew: 1736619K->74836K(1887488K), 0.2559354 secs] 1960535K->299013K(5033216K) icms_dc=0 , 0.2560337 secs] [Times: user=0.28 sys=0.00, real=0.27 secs] 
1598374.471: [GC 1598374.471: [ParNew: 1752660K->50120K(1887488K), 0.1428025 secs] 1976837K->274487K(5033216K) icms_dc=0 , 0.1428908 secs] [Times: user=0.19 sys=0.00, real=0.16 secs] 
1598605.252: [GC 1598605.252: [ParNew: 1727944K->57381K(1887488K), 0.1656036 secs] 1952311K->282032K(5033216K) icms_dc=0 , 0.1659012 secs] [Times: user=0.17 sys=0.00, real=0.17 secs] 
1598877.568: [GC 1598877.568: [ParNew: 1735205K->63494K(1887488K), 0.1962947 secs] 1959856K->288436K(5033216K) icms_dc=0 , 0.1963803 secs] [Times: user=0.20 sys=0.00, real=0.20 secs] 
1599055.413: [GC 1599055.413: [ParNew: 1741318K->43489K(1887488K), 0.1342698 secs] 1966260K->268784K(5033216K) icms_dc=0 , 0.1343566 secs] [Times: user=0.14 sys=0.00, real=0.14 secs] 
1599293.969: [GC 1599293.969: [ParNew: 1721313K->66820K(1887488K), 0.1938276 secs] 1946608K->292245K(5033216K) icms_dc=0 , 0.1939190 secs] [Times: user=0.22 sys=0.00, real=0.20 secs] 
1599483.145: [GC 1599483.145: [ParNew: 1744644K->56928K(1887488K), 0.1639149 secs] 1970069K->282511K(5033216K) icms_dc=0 , 0.1640117 secs] [Times: user=0.23 sys=0.00, real=0.17 secs] 
1599612.467: [GC 1599612.467: [ParNew: 1734752K->58831K(1887488K), 0.1808324 secs] 1960335K->284665K(5033216K) icms_dc=0 , 0.1809273 secs] [Times: user=0.17 sys=0.00, real=0.17 secs] 
1599756.652: [GC 1599756.652: [ParNew: 1736655K->70946K(1887488K), 0.2117715 secs] 1962489K->296925K(5033216K) icms_dc=0 , 0.2118606 secs] [Times: user=0.22 sys=0.00, real=0.22 secs] 
1599872.993: [GC 1599872.993: [ParNew: 1748770K->61456K(1887488K), 0.1876906 secs] 1974749K->287761K(5033216K) icms_dc=0 , 0.1877804 secs] [Times: user=0.19 sys=0.00, real=0.19 secs] 
1600043.070: [GC 1600043.070: [ParNew: 1739280K->70454K(1887488K), 0.2107228 secs] 1965585K->296919K(5033216K) icms_dc=0 , 0.2108104 secs] [Times: user=0.23 sys=0.00, real=0.22 secs] 
1600290.444: [GC 1600290.445: [ParNew: 1748278K->67006K(1887488K), 0.2006074 secs] 1974743K->293811K(5033216K) icms_dc=0 , 0.2006950 secs] [Times: user=0.22 sys=0.00, real=0.20 secs] 
1600504.218: [GC 1600504.218: [ParNew: 1744830K->62167K(1887488K), 0.2225170 secs] 1971635K->289191K(5033216K) icms_dc=0 , 0.2226168 secs] [Times: user=0.22 sys=0.00, real=0.22 secs] 
1600704.413: [GC 1600704.413: [ParNew: 1739991K->72626K(1887488K), 0.2620782 secs] 1967015K->299854K(5033216K) icms_dc=0 , 0.2621769 secs] [Times: user=0.33 sys=0.00, real=0.26 secs] 
1600959.488: [GC 1600959.488: [ParNew: 1750450K->63499K(1887488K), 0.2156538 secs] 1977678K->290926K(5033216K) icms_dc=0 , 0.2157506 secs] [Times: user=0.22 sys=0.00, real=0.22 secs] 
1601221.826: [GC 1601221.826: [ParNew: 1741323K->62730K(1887488K), 0.2140653 secs] 1968750K->290532K(5033216K) icms_dc=0 , 0.2141648 secs] [Times: user=0.22 sys=0.00, real=0.22 secs] 
1601347.675: [GC 1601347.675: [ParNew: 1740554K->38376K(1887488K), 0.0997291 secs] 1968356K->266460K(5033216K) icms_dc=0 , 0.0998205 secs] [Times: user=0.17 sys=0.00, real=0.11 secs] 
1601627.868: [GC 1601627.868: [ParNew: 1716200K->72265K(1887488K), 0.2510892 secs] 1944284K->300535K(5033216K) icms_dc=0 , 0.2511829 secs] [Times: user=0.25 sys=0.00, real=0.25 secs] 
1601890.177: [GC 1601890.178: [ParNew: 1750089K->74076K(1887488K), 0.2200419 secs] 1978359K->302612K(5033216K) icms_dc=0 , 0.2201348 secs] [Times: user=0.23 sys=0.00, real=0.22 secs] 
1602268.857: [GC 1602268.857: [ParNew: 1751900K->77890K(1887488K), 0.2386784 secs] 1980436K->306657K(5033216K) icms_dc=0 , 0.2387648 secs] [Times: user=0.26 sys=0.00, real=0.25 secs] 
1602420.254: [GC 1602420.254: [ParNew: 1755714K->56853K(1887488K), 0.1600821 secs] 1984481K->285712K(5033216K) icms_dc=0 , 0.1601719 secs] [Times: user=0.16 sys=0.00, real=0.16 secs] 
1602684.862: [GC 1602684.862: [ParNew: 1734677K->71124K(1887488K), 0.2139260 secs] 1963536K->300243K(5033216K) icms_dc=0 , 0.2140108 secs] [Times: user=0.23 sys=0.00, real=0.22 secs] 
1602946.388: [GC 1602946.388: [ParNew: 1748948K->64380K(1887488K), 0.1892326 secs] 1978067K->293697K(5033216K) icms_dc=0 , 0.1893194 secs] [Times: user=0.22 sys=0.00, real=0.19 secs] 
1603166.095: [GC 1603166.095: [ParNew: 1742204K->58263K(1887488K), 0.1658237 secs] 1971521K->287841K(5033216K) icms_dc=0 , 0.1659177 secs] [Times: user=0.22 sys=0.00, real=0.17 secs] 
1603483.455: [GC 1603483.455: [ParNew: 1736087K->63001K(1887488K), 0.1934041 secs] 1965665K->292720K(5033216K) icms_dc=0 , 0.1934905 secs] [Times: user=0.19 sys=0.00, real=0.19 secs] 
1603746.642: [GC 1603746.642: [ParNew: 1740825K->68843K(1887488K), 0.2053787 secs] 1970544K->298854K(5033216K) icms_dc=0 , 0.2054709 secs] [Times: user=0.22 sys=0.00, real=0.20 secs] 
1603915.170: [GC 1603915.170: [ParNew: 1746667K->58087K(1887488K), 0.1923989 secs] 1976678K->288315K(5033216K) icms_dc=0 , 0.1925087 secs] [Times: user=0.19 sys=0.00, real=0.19 secs] 
1604084.572: [GC 1604084.572: [ParNew: 1735911K->63690K(1887488K), 0.2077951 secs] 1966139K->294050K(5033216K) icms_dc=0 , 0.2078926 secs] [Times: user=0.20 sys=0.00, real=0.20 secs] 
1604235.129: [GC 1604235.129: [ParNew: 1741514K->49734K(1887488K), 0.1441049 secs] 1971874K->280311K(5033216K) icms_dc=0 , 0.1441936 secs] [Times: user=0.19 sys=0.00, real=0.16 secs] 
1604395.685: [GC 1604395.685: [ParNew: 1727558K->64043K(1887488K), 0.1771371 secs] 1958135K->294861K(5033216K) icms_dc=0 , 0.1772254 secs] [Times: user=0.17 sys=0.00, real=0.17 secs] 
1604643.386: [GC 1604643.386: [ParNew: 1741867K->60115K(1887488K), 0.1973034 secs] 1972685K->291127K(5033216K) icms_dc=0 , 0.1974016 secs] [Times: user=0.19 sys=0.00, real=0.19 secs] 
1604874.949: [GC 1604874.949: [ParNew: 1737939K->51825K(1887488K), 0.1473069 secs] 1968951K->283003K(5033216K) icms_dc=0 , 0.1473921 secs] [Times: user=0.14 sys=0.00, real=0.14 secs] 
1605158.627: [GC 1605158.627: [ParNew: 1729649K->57535K(1887488K), 0.1901876 secs] 1960827K->288943K(5033216K) icms_dc=0 , 0.1902882 secs] [Times: user=0.19 sys=0.00, real=0.19 secs] 
1605393.995: [GC 1605393.995: [ParNew: 1735359K->80403K(1887488K), 0.2414384 secs] 1966767K->311933K(5033216K) icms_dc=0 , 0.2415337 secs] [Times: user=0.25 sys=0.00, real=0.23 secs] 
1605663.293: [GC 1605663.293: [ParNew: 1758227K->65458K(1887488K), 0.1779929 secs] 1989757K->297216K(5033216K) icms_dc=0 , 0.1780805 secs] [Times: user=0.19 sys=0.00, real=0.19 secs] 
1605862.109: [GC 1605862.109: [ParNew: 1743282K->63551K(1887488K), 0.2080227 secs] 1975040K->295507K(5033216K) icms_dc=0 , 0.2081214 secs] [Times: user=0.22 sys=0.01, real=0.22 secs] 
1606011.435: [GC 1606011.435: [ParNew: 1741375K->57496K(1887488K), 0.1832081 secs] 1973331K->289633K(5033216K) icms_dc=0 , 0.1833098 secs] [Times: user=0.17 sys=0.00, real=0.17 secs] 
1606214.753: [GC 1606214.753: [ParNew: 1735320K->56893K(1887488K), 0.1869833 secs] 1967457K->289411K(5033216K) icms_dc=0 , 0.1870816 secs] [Times: user=0.20 sys=0.00, real=0.19 secs] 
1606454.792: [GC 1606454.792: [ParNew: 1734717K->63460K(1887488K), 0.2152292 secs] 1967235K->296228K(5033216K) icms_dc=0 , 0.2153278 secs] [Times: user=0.23 sys=0.00, real=0.22 secs] 
1606679.371: [GC 1606679.371: [ParNew: 1741284K->61777K(1887488K), 0.2071465 secs] 1974052K->294797K(5033216K) icms_dc=0 , 0.2072440 secs] [Times: user=0.28 sys=0.00, real=0.22 secs] 
1606878.454: [GC 1606878.454: [ParNew: 1739601K->61763K(1887488K), 0.2023545 secs] 1972621K->294972K(5033216K) icms_dc=0 , 0.2024521 secs] [Times: user=0.20 sys=0.00, real=0.20 secs] 
1606924.560: [GC 1606924.560: [ParNew: 1739587K->34168K(1887488K), 0.0999161 secs] 1972796K->267587K(5033216K) icms_dc=0 , 0.1000040 secs] [Times: user=0.11 sys=0.00, real=0.11 secs] 
1607057.052: [GC 1607057.052: [ParNew: 1711992K->63747K(1887488K), 0.1943583 secs] 1945411K->297337K(5033216K) icms_dc=0 , 0.1944504 secs] [Times: user=0.19 sys=0.00, real=0.19 secs] 
1607184.987: [GC 1607184.987: [ParNew: 1741571K->64511K(1887488K), 0.1941997 secs] 1975161K->298409K(5033216K) icms_dc=0 , 0.1942876 secs] [Times: user=0.19 sys=0.00, real=0.19 secs] 
1607391.634: [GC 1607391.634: [ParNew: 1742335K->65852K(1887488K), 0.2065318 secs] 1976233K->299951K(5033216K) icms_dc=0 , 0.2066197 secs] [Times: user=0.20 sys=0.00, real=0.20 secs] 
1607650.567: [GC 1607650.567: [ParNew: 1743676K->65839K(1887488K), 0.1943752 secs] 1977775K->300020K(5033216K) icms_dc=0 , 0.1944643 secs] [Times: user=0.19 sys=0.00, real=0.19 secs] 
1607887.761: [GC 1607887.761: [ParNew: 1743663K->59060K(1887488K), 0.1774120 secs] 1977844K->293409K(5033216K) icms_dc=0 , 0.1775057 secs] [Times: user=0.17 sys=0.00, real=0.17 secs] 
1607976.087: [GC 1607976.087: [ParNew: 1736884K->25028K(1887488K), 0.0598362 secs] 1971233K->259567K(5033216K) icms_dc=0 , 0.0599202 secs] [Times: user=0.06 sys=0.00, real=0.06 secs] 
1608257.412: [GC 1608257.412: [ParNew: 1702852K->62472K(1887488K), 0.1793004 secs] 1937391K->297241K(5033216K) icms_dc=0 , 0.1793906 secs] [Times: user=0.17 sys=0.00, real=0.19 secs] 
1608480.554: [GC 1608480.554: [ParNew: 1740296K->63957K(1887488K), 0.1645558 secs] 1975065K->299013K(5033216K) icms_dc=0 , 0.1646410 secs] [Times: user=0.17 sys=0.00, real=0.17 secs] 
1608733.268: [GC 1608733.268: [ParNew: 1741781K->67913K(1887488K), 0.2351586 secs] 1976837K->303214K(5033216K) icms_dc=0 , 0.2352565 secs] [Times: user=0.23 sys=0.00, real=0.23 secs] 
1609038.414: [GC 1609038.414: [ParNew: 1745737K->59182K(1887488K), 0.1821948 secs] 1981038K->294571K(5033216K) icms_dc=0 , 0.1822792 secs] [Times: user=0.19 sys=0.00, real=0.19 secs] 
1609313.407: [GC 1609313.407: [ParNew: 1737006K->78027K(1887488K), 0.2384884 secs] 1972395K->313635K(5033216K) icms_dc=0 , 0.2385817 secs] [Times: user=0.25 sys=0.00, real=0.23 secs] 
1609427.981: [GC 1609427.981: [ParNew: 1755851K->64300K(1887488K), 0.1928297 secs] 1991459K->300050K(5033216K) icms_dc=0 , 0.1929222 secs] [Times: user=0.19 sys=0.00, real=0.19 secs] 
1609551.390: [GC 1609551.390: [ParNew: 1742124K->58995K(1887488K), 0.1687288 secs] 1977874K->295026K(5033216K) icms_dc=0 , 0.1688190 secs] [Times: user=0.17 sys=0.00, real=0.17 secs] 
1609715.163: [GC 1609715.164: [ParNew: 1736819K->61180K(1887488K), 0.1833962 secs] 1972850K->297397K(5033216K) icms_dc=0 , 0.1834864 secs] [Times: user=0.17 sys=0.00, real=0.17 secs] 
1609857.362: [GC 1609857.362: [ParNew: 1739004K->48458K(1887488K), 0.1460824 secs] 1975221K->284896K(5033216K) icms_dc=0 , 0.1461646 secs] [Times: user=0.19 sys=0.00, real=0.16 secs] 
1610001.024: [GC 1610001.024: [ParNew: 1726282K->67257K(1887488K), 0.1993211 secs] 1962720K->303835K(5033216K) icms_dc=0 , 0.1994129 secs] [Times: user=0.19 sys=0.00, real=0.19 secs] 
1610232.065: [GC 1610232.065: [ParNew: 1745081K->63589K(1887488K), 0.1983723 secs] 1981659K->300309K(5033216K) icms_dc=0 , 0.1984710 secs] [Times: user=0.26 sys=0.00, real=0.20 secs] 
1610373.443: [GC 1610373.443: [ParNew: 1741413K->70481K(1887488K), 0.1865102 secs] 1978133K->307390K(5033216K) icms_dc=0 , 0.1865997 secs] [Times: user=0.25 sys=0.00, real=0.19 secs] 
1610473.720: [GC 1610473.720: [ParNew: 1748305K->62891K(1887488K), 0.2038555 secs] 1985214K->300094K(5033216K) icms_dc=0 , 0.2039526 secs] [Times: user=0.20 sys=0.00, real=0.20 secs] 
1610571.283: [GC 1610571.283: [ParNew: 1740715K->49284K(1887488K), 0.1411718 secs] 1977918K->286701K(5033216K) icms_dc=0 , 0.1412712 secs] [Times: user=0.14 sys=0.00, real=0.14 secs] 
1610739.412: [GC 1610739.412: [ParNew: 1727108K->51626K(1887488K), 0.1757609 secs] 1964525K->289274K(5033216K) icms_dc=0 , 0.1758649 secs] [Times: user=0.17 sys=0.00, real=0.17 secs] 
1610912.862: [GC 1610912.862: [ParNew: 1729450K->62455K(1887488K), 0.2098028 secs] 1967098K->300287K(5033216K) icms_dc=0 , 0.2099100 secs] [Times: user=0.20 sys=0.00, real=0.20 secs] 
1611100.533: [GC 1611100.533: [ParNew: 1740279K->74629K(1887488K), 0.2274534 secs] 1978111K->312617K(5033216K) icms_dc=0 , 0.2275382 secs] [Times: user=0.25 sys=0.00, real=0.23 secs] 
1611240.079: [GC 1611240.079: [ParNew: 1752453K->61634K(1887488K), 0.1779361 secs] 1990441K->299779K(5033216K) icms_dc=0 , 0.1780244 secs] [Times: user=0.17 sys=0.00, real=0.17 secs] 
1611497.284: [GC 1611497.284: [ParNew: 1739458K->48735K(1887488K), 0.1610916 secs] 1977603K->287147K(5033216K) icms_dc=0 , 0.1611918 secs] [Times: user=0.16 sys=0.00, real=0.16 secs] 
1611680.929: [GC 1611680.929: [ParNew: 1726559K->54508K(1887488K), 0.1710038 secs] 1964971K->293073K(5033216K) icms_dc=0 , 0.1711021 secs] [Times: user=0.22 sys=0.00, real=0.17 secs] 
1611909.940: [GC 1611909.941: [ParNew: 1732332K->68269K(1887488K), 0.2065153 secs] 1970897K->307072K(5033216K) icms_dc=0 , 0.2066051 secs] [Times: user=0.20 sys=0.00, real=0.20 secs] 
1612141.935: [GC 1612141.935: [ParNew: 1746093K->54137K(1887488K), 0.1759364 secs] 1984896K->293132K(5033216K) icms_dc=0 , 0.1760443 secs] [Times: user=0.17 sys=0.00, real=0.17 secs] 
1612469.826: [GC 1612469.826: [ParNew: 1731961K->61099K(1887488K), 0.1823626 secs] 1970956K->300254K(5033216K) icms_dc=0 , 0.1824470 secs] [Times: user=0.19 sys=0.00, real=0.19 secs] 
1612729.487: [GC 1612729.487: [ParNew: 1738923K->72613K(1887488K), 0.2143357 secs] 1978078K->311962K(5033216K) icms_dc=0 , 0.2144251 secs] [Times: user=0.20 sys=0.00, real=0.20 secs] 
1613062.264: [GC 1613062.264: [ParNew: 1750437K->65626K(1887488K), 0.1891351 secs] 1989786K->305182K(5033216K) icms_dc=0 , 0.1892219 secs] [Times: user=0.19 sys=0.00, real=0.19 secs] 
1613256.418: [GC 1613256.418: [ParNew: 1743450K->74399K(1887488K), 0.2289574 secs] 1983006K->314118K(5033216K) icms_dc=0 , 0.2290461 secs] [Times: user=0.25 sys=0.00, real=0.23 secs] 
1613406.913: [GC 1613406.913: [ParNew: 1752223K->54825K(1887488K), 0.1604584 secs] 1991942K->294696K(5033216K) icms_dc=0 , 0.1605475 secs] [Times: user=0.16 sys=0.00, real=0.16 secs] 
1613654.700: [GC 1613654.700: [ParNew: 1732649K->62033K(1887488K), 0.1931714 secs] 1972520K->302153K(5033216K) icms_dc=0 , 0.1932605 secs] [Times: user=0.19 sys=0.00, real=0.19 secs] 
1613876.971: [GC 1613876.971: [ParNew: 1739857K->65386K(1887488K), 0.1964271 secs] 1979977K->305696K(5033216K) icms_dc=0 , 0.1965151 secs] [Times: user=0.19 sys=0.00, real=0.19 secs] 
1614113.444: [GC 1614113.444: [ParNew: 1743210K->59252K(1887488K), 0.1894269 secs] 1983520K->299740K(5033216K) icms_dc=0 , 0.1895356 secs] [Times: user=0.19 sys=0.00, real=0.19 secs] 
1614223.749: [GC 1614223.749: [ParNew: 1737076K->39257K(1887488K), 0.1186636 secs] 1977564K->279913K(5033216K) icms_dc=0 , 0.1187581 secs] [Times: user=0.11 sys=0.00, real=0.11 secs] 
1614477.654: [GC 1614477.655: [ParNew: 1717081K->62545K(1887488K), 0.1898535 secs] 1957737K->303394K(5033216K) icms_dc=0 , 0.1899483 secs] [Times: user=0.20 sys=0.00, real=0.19 secs] 
1614703.189: [GC 1614703.189: [ParNew: 1740369K->68407K(1887488K), 0.2295257 secs] 1981218K->309448K(5033216K) icms_dc=0 , 0.2296382 secs] [Times: user=0.23 sys=0.00, real=0.23 secs] 
1615006.320: [GC 1615006.320: [ParNew: 1746231K->66588K(1887488K), 0.2122065 secs] 1987272K->307787K(5033216K) icms_dc=0 , 0.2123025 secs] [Times: user=0.22 sys=0.00, real=0.22 secs] 
1615200.416: [GC 1615200.416: [ParNew: 1744412K->59859K(1887488K), 0.1885430 secs] 1985611K->301192K(5033216K) icms_dc=0 , 0.1886455 secs] [Times: user=0.22 sys=0.00, real=0.19 secs] 
1615352.022: [GC 1615352.022: [ParNew: 1737683K->63491K(1887488K), 0.2003548 secs] 1979016K->304973K(5033216K) icms_dc=0 , 0.2004469 secs] [Times: user=0.20 sys=0.00, real=0.20 secs] 
1615506.130: [GC 1615506.130: [ParNew: 1741315K->40299K(1887488K), 0.1207701 secs] 1982797K->281965K(5033216K) icms_dc=0 , 0.1208692 secs] [Times: user=0.13 sys=0.00, real=0.13 secs] 
1615717.820: [GC 1615717.820: [ParNew: 1718123K->60657K(1887488K), 0.1797316 secs] 1959789K->302559K(5033216K) icms_dc=0 , 0.1798187 secs] [Times: user=0.23 sys=0.00, real=0.19 secs] 
1615856.826: [GC 1615856.826: [ParNew: 1738481K->46580K(1887488K), 0.1341715 secs] 1980383K->288638K(5033216K) icms_dc=0 , 0.1342587 secs] [Times: user=0.20 sys=0.00, real=0.14 secs] 
1616086.842: [GC 1616086.842: [ParNew: 1724404K->51179K(1887488K), 0.1397730 secs] 1966462K->293366K(5033216K) icms_dc=0 , 0.1398655 secs] [Times: user=0.20 sys=0.00, real=0.14 secs] 
1616328.769: [GC 1616328.769: [ParNew: 1729003K->84328K(1887488K), 0.2578917 secs] 1971190K->326677K(5033216K) icms_dc=0 , 0.2579789 secs] [Times: user=0.26 sys=0.00, real=0.27 secs] 
1616575.331: [GC 1616575.331: [ParNew: 1762152K->67892K(1887488K), 0.2347623 secs] 2004501K->310431K(5033216K) icms_dc=0 , 0.2348667 secs] [Times: user=0.23 sys=0.00, real=0.23 secs] 
1616816.711: [GC 1616816.711: [ParNew: 1745716K->78155K(1887488K), 0.2397086 secs] 1988255K->320865K(5033216K) icms_dc=0 , 0.2397947 secs] [Times: user=0.27 sys=0.00, real=0.25 secs] 
1616975.690: [GC 1616975.690: [ParNew: 1755979K->60158K(1887488K), 0.1793626 secs] 1998689K->303022K(5033216K) icms_dc=0 , 0.1794516 secs] [Times: user=0.17 sys=0.00, real=0.17 secs] 
1617106.116: [GC 1617106.116: [ParNew: 1737982K->53913K(1887488K), 0.1735580 secs] 1980846K->297000K(5033216K) icms_dc=0 , 0.1736602 secs] [Times: user=0.20 sys=0.00, real=0.19 secs] 
1617278.019: [GC 1617278.019: [ParNew: 1731737K->61205K(1887488K), 0.1802607 secs] 1974824K->304554K(5033216K) icms_dc=0 , 0.1803563 secs] [Times: user=0.20 sys=0.00, real=0.19 secs] 
1617504.128: [GC 1617504.128: [ParNew: 1739029K->66702K(1887488K), 0.2054578 secs] 1982378K->310329K(5033216K) icms_dc=0 , 0.2055469 secs] [Times: user=0.20 sys=0.00, real=0.20 secs] 
1617757.806: [GC 1617757.806: [ParNew: 1744526K->68373K(1887488K), 0.2083587 secs] 1988153K->312184K(5033216K) icms_dc=0 , 0.2084513 secs] [Times: user=0.20 sys=0.00, real=0.20 secs] 
1617963.025: [GC 1617963.025: [ParNew: 1746197K->108917K(1887488K), 0.2287946 secs] 1990008K->352840K(5033216K) icms_dc=0 , 0.2288764 secs] [Times: user=0.30 sys=0.00, real=0.23 secs] 
1618123.623: [GC 1618123.623: [ParNew: 1786741K->52740K(1887488K), 0.1227837 secs] 2030664K->297921K(5033216K) icms_dc=0 , 0.1228747 secs] [Times: user=0.14 sys=0.00, real=0.13 secs] 
1618420.872: [GC 1618420.872: [ParNew: 1730564K->73990K(1887488K), 0.2227700 secs] 1975745K->319170K(5033216K) icms_dc=0 , 0.2228560 secs] [Times: user=0.25 sys=0.00, real=0.23 secs] 
1618633.138: [GC 1618633.138: [ParNew: 1751814K->68350K(1887488K), 0.2192674 secs] 1996994K->313530K(5033216K) icms_dc=0 , 0.2193557 secs] [Times: user=0.22 sys=0.00, real=0.22 secs] 
1618778.687: [GC 1618778.687: [ParNew: 1746174K->68415K(1887488K), 0.2353283 secs] 1991354K->313595K(5033216K) icms_dc=0 , 0.2354289 secs] [Times: user=0.23 sys=0.00, real=0.23 secs] 
1619034.913: [GC 1619034.913: [ParNew: 1746239K->54071K(1887488K), 0.1638339 secs] 1991419K->299483K(5033216K) icms_dc=0 , 0.1639333 secs] [Times: user=0.17 sys=0.00, real=0.17 secs] 
1619207.035: [GC 1619207.035: [ParNew: 1731895K->54440K(1887488K), 0.1669687 secs] 1977307K->300383K(5033216K) icms_dc=0 , 0.1670562 secs] [Times: user=0.17 sys=0.00, real=0.17 secs] 
1619448.556: [GC 1619448.556: [ParNew: 1732264K->52361K(1887488K), 0.1534305 secs] 1978207K->298533K(5033216K) icms_dc=0 , 0.1535208 secs] [Times: user=0.14 sys=0.00, real=0.14 secs] 
1619716.978: [GC 1619716.978: [ParNew: 1730185K->67151K(1887488K), 0.2009500 secs] 1976357K->313503K(5033216K) icms_dc=0 , 0.2010379 secs] [Times: user=0.20 sys=0.00, real=0.20 secs] 
1619934.737: [GC 1619934.737: [ParNew: 1744975K->69049K(1887488K), 0.2052209 secs] 1991327K->315590K(5033216K) icms_dc=0 , 0.2053073 secs] [Times: user=0.22 sys=0.00, real=0.20 secs] 
1620103.640: [GC 1620103.640: [ParNew: 1746873K->74578K(1887488K), 0.2215517 secs] 1993414K->321391K(5033216K) icms_dc=0 , 0.2216431 secs] [Times: user=0.25 sys=0.00, real=0.23 secs] 
1620279.840: [GC 1620279.841: [ParNew: 1752402K->57811K(1887488K), 0.1917995 secs] 1999215K->304861K(5033216K) icms_dc=0 , 0.1919062 secs] [Times: user=0.19 sys=0.00, real=0.19 secs] 
1620463.389: [GC 1620463.389: [ParNew: 1735635K->58736K(1887488K), 0.1803298 secs] 1982685K->306012K(5033216K) icms_dc=0 , 0.1804292 secs] [Times: user=0.19 sys=0.00, real=0.19 secs] 
1620559.467: [GC 1620559.467: [ParNew: 1736560K->53148K(1887488K), 0.1622101 secs] 1983836K->300649K(5033216K) icms_dc=0 , 0.1623061 secs] [Times: user=0.16 sys=0.00, real=0.16 secs] 
1620665.019: [GC 1620665.019: [ParNew: 1730972K->38883K(1887488K), 0.1175927 secs] 1978473K->286697K(5033216K) icms_dc=0 , 0.1176837 secs] [Times: user=0.14 sys=0.00, real=0.13 secs] 
1620872.934: [GC 1620872.934: [ParNew: 1716707K->71641K(1887488K), 0.2009300 secs] 1964521K->319747K(5033216K) icms_dc=0 , 0.2010145 secs] [Times: user=0.20 sys=0.00, real=0.20 secs] 
1621085.501: [GC 1621085.501: [ParNew: 1749465K->61406K(1887488K), 0.1809557 secs] 1997571K->309781K(5033216K) icms_dc=0 , 0.1810432 secs] [Times: user=0.22 sys=0.00, real=0.19 secs] 
1621370.235: [GC 1621370.235: [ParNew: 1739230K->66314K(1887488K), 0.1844015 secs] 1987605K->314826K(5033216K) icms_dc=0 , 0.1844878 secs] [Times: user=0.19 sys=0.00, real=0.19 secs] 
1621792.140: [GC 1621792.140: [ParNew: 1744138K->59168K(1887488K), 0.1714834 secs] 1992650K->307793K(5033216K) icms_dc=0 , 0.1715706 secs] [Times: user=0.20 sys=0.00, real=0.17 secs] 
1622096.773: [GC 1622096.773: [ParNew: 1736992K->52240K(1887488K), 0.1546366 secs] 1985617K->301148K(5033216K) icms_dc=0 , 0.1547295 secs] [Times: user=0.17 sys=0.00, real=0.16 secs] 
1622233.965: [GC 1622233.965: [ParNew: 1730064K->60523K(1887488K), 0.1347717 secs] 1978972K->309623K(5033216K) icms_dc=0 , 0.1348523 secs] [Times: user=0.14 sys=0.00, real=0.14 secs] 
1622447.134: [GC 1622447.134: [ParNew: 1738347K->75694K(1887488K), 0.2487286 secs] 1987447K->325059K(5033216K) icms_dc=0 , 0.2488234 secs] [Times: user=0.27 sys=0.00, real=0.25 secs] 
1622632.540: [GC 1622632.540: [ParNew: 1753518K->69493K(1887488K), 0.2360559 secs] 2002883K->319082K(5033216K) icms_dc=0 , 0.2361546 secs] [Times: user=0.23 sys=0.00, real=0.23 secs] 
1622736.390: [GC 1622736.390: [ParNew: 1747317K->57558K(1887488K), 0.1581008 secs] 1996906K->307315K(5033216K) icms_dc=0 , 0.1581906 secs] [Times: user=0.16 sys=0.00, real=0.16 secs] 
1623030.504: [GC 1623030.504: [ParNew: 1735382K->69027K(1887488K), 0.2114946 secs] 1985139K->320292K(5033216K) icms_dc=0 , 0.2115879 secs] [Times: user=0.20 sys=0.00, real=0.20 secs] 
1623353.847: [GC 1623353.847: [ParNew: 1746851K->66906K(1887488K), 0.2259171 secs] 1998116K->318419K(5033216K) icms_dc=0 , 0.2260177 secs] [Times: user=0.22 sys=0.00, real=0.22 secs] 
1623609.010: [GC 1623609.010: [ParNew: 1744730K->61085K(1887488K), 0.1847109 secs] 1996243K->312809K(5033216K) icms_dc=0 , 0.1847985 secs] [Times: user=0.19 sys=0.00, real=0.19 secs] 
1623927.245: [GC 1623927.245: [ParNew: 1738909K->53860K(1887488K), 0.1510234 secs] 1990633K->305677K(5033216K) icms_dc=0 , 0.1511105 secs] [Times: user=0.16 sys=0.00, real=0.16 secs] 
1624224.017: [GC 1624224.017: [ParNew: 1731684K->63583K(1887488K), 0.1803778 secs] 1983501K->315526K(5033216K) icms_dc=0 , 0.1804669 secs] [Times: user=0.17 sys=0.00, real=0.19 secs] 
1624578.506: [GC 1624578.506: [ParNew: 1741407K->60578K(1887488K), 0.1891389 secs] 1993350K->312748K(5033216K) icms_dc=0 , 0.1892357 secs] [Times: user=0.19 sys=0.00, real=0.19 secs] 
1624875.982: [GC 1624875.982: [ParNew: 1738402K->48304K(1887488K), 0.1296752 secs] 1990572K->300611K(5033216K) icms_dc=0 , 0.1297658 secs] [Times: user=0.20 sys=0.00, real=0.14 secs] 
1625278.311: [GC 1625278.311: [ParNew: 1726128K->48446K(1887488K), 0.1637529 secs] 1978435K->300977K(5033216K) icms_dc=0 , 0.1638516 secs] [Times: user=0.16 sys=0.00, real=0.16 secs] 
1625720.065: [GC 1625720.065: [ParNew: 1726270K->45537K(1887488K), 0.1407552 secs] 1978801K->298297K(5033216K) icms_dc=0 , 0.1408435 secs] [Times: user=0.14 sys=0.00, real=0.14 secs] 
1626244.306: [GC 1626244.306: [ParNew: 1723361K->47904K(1887488K), 0.1437087 secs] 1976121K->300825K(5033216K) icms_dc=0 , 0.1437958 secs] [Times: user=0.16 sys=0.00, real=0.16 secs] 
1626732.815: [GC 1626732.815: [ParNew: 1725728K->47146K(1887488K), 0.1393425 secs] 1978649K->300175K(5033216K) icms_dc=0 , 0.1394278 secs] [Times: user=0.14 sys=0.00, real=0.14 secs] 
1627142.712: [GC 1627142.712: [ParNew: 1724970K->46197K(1887488K), 0.1511025 secs] 1977999K->299339K(5033216K) icms_dc=0 , 0.1511969 secs] [Times: user=0.19 sys=0.00, real=0.16 secs] 
1627476.043: [GC 1627476.043: [ParNew: 1724021K->48739K(1887488K), 0.1457814 secs] 1977163K->302012K(5033216K) icms_dc=0 , 0.1458724 secs] [Times: user=0.20 sys=0.00, real=0.16 secs] 
1628228.551: [GC 1628228.551: [ParNew: 1726563K->52584K(1887488K), 0.1767623 secs] 1979836K->306004K(5033216K) icms_dc=0 , 0.1768614 secs] [Times: user=0.20 sys=0.00, real=0.19 secs] 
1628961.863: [GC 1628961.863: [ParNew: 1730408K->40478K(1887488K), 0.1179848 secs] 1983828K->294087K(5033216K) icms_dc=0 , 0.1180704 secs] [Times: user=0.13 sys=0.00, real=0.13 secs] 
1629780.671: [GC 1629780.671: [ParNew: 1718302K->57568K(1887488K), 0.1718332 secs] 1971911K->311333K(5033216K) icms_dc=0 , 0.1719219 secs] [Times: user=0.19 sys=0.00, real=0.17 secs] 
1630789.173: [GC 1630789.173: [ParNew: 1735392K->39652K(1887488K), 0.1245899 secs] 1989157K->293561K(5033216K) icms_dc=0 , 0.1246801 secs] [Times: user=0.14 sys=0.00, real=0.13 secs] 
1631808.161: [GC 1631808.161: [ParNew: 1717476K->32006K(1887488K), 0.1048198 secs] 1971385K->286132K(5033216K) icms_dc=0 , 0.1049316 secs] [Times: user=0.11 sys=0.00, real=0.11 secs] 
1632911.016: [GC 1632911.016: [ParNew: 1709830K->39359K(1887488K), 0.1115989 secs] 1963956K->293630K(5033216K) icms_dc=0 , 0.1116826 secs] [Times: user=0.11 sys=0.00, real=0.11 secs] 
1634374.154: [GC 1634374.154: [ParNew: 1717183K->29260K(1887488K), 0.0954010 secs] 1971454K->283786K(5033216K) icms_dc=0 , 0.0955100 secs] [Times: user=0.09 sys=0.00, real=0.09 secs] 
1635264.075: [GC 1635264.075: [ParNew: 1707084K->33949K(1887488K), 0.1076202 secs] 1961610K->288652K(5033216K) icms_dc=0 , 0.1077065 secs] [Times: user=0.11 sys=0.00, real=0.11 secs] 
1636783.233: [GC 1636783.233: [ParNew: 1711773K->26006K(1887488K), 0.0784581 secs] 1966476K->280847K(5033216K) icms_dc=0 , 0.0785480 secs] [Times: user=0.08 sys=0.00, real=0.08 secs] 
1638614.014: [GC 1638614.015: [ParNew: 1703830K->23096K(1887488K), 0.0729327 secs] 1958671K->278094K(5033216K) icms_dc=0 , 0.0730207 secs] [Times: user=0.12 sys=0.00, real=0.08 secs] 
1640518.238: [GC 1640518.238: [ParNew: 1700920K->16740K(1887488K), 0.0601065 secs] 1955918K->271922K(5033216K) icms_dc=0 , 0.0602132 secs] [Times: user=0.05 sys=0.00, real=0.05 secs] 
1641307.001: [GC 1641307.001: [ParNew: 1694564K->49963K(1887488K), 0.1292824 secs] 1949746K->305251K(5033216K) icms_dc=0 , 0.1293665 secs] [Times: user=0.13 sys=0.00, real=0.13 secs] 
1642702.899: [GC 1642702.899: [ParNew: 1727787K->30299K(1887488K), 0.0974134 secs] 1983075K->285728K(5033216K) icms_dc=0 , 0.0975228 secs] [Times: user=0.13 sys=0.00, real=0.11 secs] 
1643840.044: [GC 1643840.044: [ParNew: 1708123K->37955K(1887488K), 0.1186586 secs] 1963552K->293537K(5033216K) icms_dc=0 , 0.1187477 secs] [Times: user=0.11 sys=0.00, real=0.11 secs] 
1645387.831: [GC 1645387.831: [ParNew: 1715779K->30387K(1887488K), 0.0891199 secs] 1971361K->286143K(5033216K) icms_dc=0 , 0.0892098 secs] [Times: user=0.08 sys=0.00, real=0.08 secs] 
1647350.652: [GC 1647350.652: [ParNew: 1708211K->14364K(1887488K), 0.0484141 secs] 1963967K->270239K(5033216K) icms_dc=0 , 0.0485036 secs] [Times: user=0.05 sys=0.00, real=0.05 secs] 
1649517.690: [GC 1649517.690: [ParNew: 1692188K->16284K(1887488K), 0.0529699 secs] 1948063K->272303K(5033216K) icms_dc=0 , 0.0530586 secs] [Times: user=0.05 sys=0.00, real=0.05 secs] 
1651547.642: [GC 1651547.642: [ParNew: 1694108K->12263K(1887488K), 0.0423131 secs] 1950127K->268489K(5033216K) icms_dc=0 , 0.0424091 secs] [Times: user=0.05 sys=0.00, real=0.05 secs] 
1652693.619: [GC 1652693.619: [ParNew: 1690087K->41958K(1887488K), 0.1244705 secs] 1946313K->298343K(5033216K) icms_dc=0 , 0.1245580 secs] [Times: user=0.14 sys=0.00, real=0.13 secs] 
1653727.645: [GC 1653727.645: [ParNew: 1719782K->48781K(1887488K), 0.1642398 secs] 1976167K->305348K(5033216K) icms_dc=0 , 0.1643331 secs] [Times: user=0.22 sys=0.00, real=0.17 secs] 
1654883.145: [GC 1654883.145: [ParNew: 1726605K->40129K(1887488K), 0.1308682 secs] 1983172K->296866K(5033216K) icms_dc=0 , 0.1309581 secs] [Times: user=0.13 sys=0.00, real=0.13 secs] 
1655866.737: [GC 1655866.737: [ParNew: 1717953K->44886K(1887488K), 0.1319483 secs] 1974690K->301784K(5033216K) icms_dc=0 , 0.1320393 secs] [Times: user=0.13 sys=0.00, real=0.12 secs] 
1657197.218: [GC 1657197.218: [ParNew: 1722710K->39663K(1887488K), 0.1211157 secs] 1979608K->296723K(5033216K) icms_dc=0 , 0.1212101 secs] [Times: user=0.19 sys=0.00, real=0.13 secs] 
1658488.014: [GC 1658488.014: [ParNew: 1717487K->40200K(1887488K), 0.1258796 secs] 1974547K->297473K(5033216K) icms_dc=0 , 0.1259752 secs] [Times: user=0.14 sys=0.00, real=0.13 secs] 
1659216.912: [GC 1659216.912: [ParNew: 1718024K->48626K(1887488K), 0.1487445 secs] 1975297K->306065K(5033216K) icms_dc=0 , 0.1488459 secs] [Times: user=0.16 sys=0.00, real=0.16 secs] 
1660124.779: [GC 1660124.779: [ParNew: 1726450K->39984K(1887488K), 0.1244436 secs] 1983889K->297589K(5033216K) icms_dc=0 , 0.1245380 secs] [Times: user=0.13 sys=0.00, real=0.12 secs] 
1661162.388: [GC 1661162.388: [ParNew: 1717808K->42133K(1887488K), 0.1455587 secs] 1975413K->299907K(5033216K) icms_dc=0 , 0.1456547 secs] [Times: user=0.16 sys=0.00, real=0.14 secs] 
1662090.138: [GC 1662090.138: [ParNew: 1719957K->50857K(1887488K), 0.1610720 secs] 1977731K->308919K(5033216K) icms_dc=0 , 0.1611576 secs] [Times: user=0.17 sys=0.00, real=0.16 secs] 
1663053.350: [GC 1663053.350: [ParNew: 1728681K->37711K(1887488K), 0.1153127 secs] 1986743K->295940K(5033216K) icms_dc=0 , 0.1154044 secs] [Times: user=0.19 sys=0.00, real=0.13 secs] 
1663712.234: [GC 1663712.234: [ParNew: 1715535K->41174K(1887488K), 0.1271391 secs] 1973764K->299621K(5033216K) icms_dc=0 , 0.1272301 secs] [Times: user=0.13 sys=0.00, real=0.13 secs] 
1664915.003: [GC 1664915.003: [ParNew: 1718998K->43672K(1887488K), 0.1431343 secs] 1977445K->302329K(5033216K) icms_dc=0 , 0.1432207 secs] [Times: user=0.14 sys=0.00, real=0.14 secs] 
1665728.264: [GC 1665728.264: [ParNew: 1721496K->44304K(1887488K), 0.1591414 secs] 1980153K->303144K(5033216K) icms_dc=0 , 0.1592481 secs] [Times: user=0.16 sys=0.00, real=0.16 secs] 
1666706.142: [GC 1666706.142: [ParNew: 1722128K->46655K(1887488K), 0.1509262 secs] 1980968K->305658K(5033216K) icms_dc=0 , 0.1510211 secs] [Times: user=0.16 sys=0.00, real=0.16 secs] 
1667823.872: [GC 1667823.872: [ParNew: 1724479K->40099K(1887488K), 0.1277780 secs] 1983482K->299308K(5033216K) icms_dc=0 , 0.1278713 secs] [Times: user=0.12 sys=0.00, real=0.13 secs] 
1668682.206: [GC 1668682.206: [ParNew: 1717923K->46256K(1887488K), 0.1437540 secs] 1977132K->305874K(5033216K) icms_dc=0 , 0.1438423 secs] [Times: user=0.14 sys=0.00, real=0.14 secs] 
1669572.030: [GC 1669572.030: [ParNew: 1724080K->44684K(1887488K), 0.1489549 secs] 1983698K->304449K(5033216K) icms_dc=0 , 0.1490498 secs] [Times: user=0.17 sys=0.00, real=0.16 secs] 
1670648.940: [GC 1670648.940: [ParNew: 1722508K->35133K(1887488K), 0.1100138 secs] 1982273K->295047K(5033216K) icms_dc=0 , 0.1101106 secs] [Times: user=0.13 sys=0.00, real=0.11 secs] 
1671474.547: [GC 1671474.547: [ParNew: 1712957K->45417K(1887488K), 0.1665620 secs] 1972871K->305479K(5033216K) icms_dc=0 , 0.1666542 secs] [Times: user=0.16 sys=0.00, real=0.16 secs] 
1672697.078: [GC 1672697.078: [ParNew: 1723241K->42943K(1887488K), 0.1349909 secs] 1983303K->303177K(5033216K) icms_dc=0 , 0.1350854 secs] [Times: user=0.16 sys=0.00, real=0.14 secs] 
1673331.954: [GC 1673331.954: [ParNew: 1720767K->58474K(1887488K), 0.2178713 secs] 1981001K->318876K(5033216K) icms_dc=0 , 0.2179776 secs] [Times: user=0.22 sys=0.00, real=0.22 secs] 
1673928.448: [GC 1673928.448: [ParNew: 1736298K->65218K(1887488K), 0.1985175 secs] 1996700K->325785K(5033216K) icms_dc=0 , 0.1986000 secs] [Times: user=0.20 sys=0.00, real=0.20 secs] 
1674552.985: [GC 1674552.985: [ParNew: 1743042K->58393K(1887488K), 0.1686006 secs] 2003609K->319138K(5033216K) icms_dc=0 , 0.1686869 secs] [Times: user=0.16 sys=0.00, real=0.17 secs] 
1675132.038: [GC 1675132.038: [ParNew: 1736217K->62099K(1887488K), 0.1830837 secs] 1996962K->323004K(5033216K) icms_dc=0 , 0.1831720 secs] [Times: user=0.20 sys=0.00, real=0.19 secs] 
1675785.926: [GC 1675785.926: [ParNew: 1739923K->56032K(1887488K), 0.1943656 secs] 2000828K->317125K(5033216K) icms_dc=0 , 0.1944627 secs] [Times: user=0.19 sys=0.00, real=0.19 secs] 
1676155.682: [GC 1676155.682: [ParNew: 1733856K->67702K(1887488K), 0.2316636 secs] 1994949K->329036K(5033216K) icms_dc=0 , 0.2318045 secs] [Times: user=0.23 sys=0.00, real=0.23 secs] 
1676422.250: [GC 1676422.250: [ParNew: 1745526K->63143K(1887488K), 0.1936652 secs] 2006860K->324641K(5033216K) icms_dc=0 , 0.1937527 secs] [Times: user=0.19 sys=0.00, real=0.19 secs] 
1676622.018: [GC 1676622.018: [ParNew: 1740967K->64467K(1887488K), 0.1919838 secs] 2002465K->326189K(5033216K) icms_dc=0 , 0.1920744 secs] [Times: user=0.19 sys=0.00, real=0.19 secs] 
1676983.008: [GC 1676983.008: [ParNew: 1742291K->58549K(1887488K), 0.1891489 secs] 2004013K->320456K(5033216K) icms_dc=0 , 0.1892499 secs] [Times: user=0.19 sys=0.00, real=0.19 secs] 
1677282.999: [GC 1677282.999: [ParNew: 1736373K->54437K(1887488K), 0.1605217 secs] 1998280K->316545K(5033216K) icms_dc=0 , 0.1606074 secs] [Times: user=0.16 sys=0.00, real=0.16 secs] 
1677692.409: [GC 1677692.409: [ParNew: 1732261K->68305K(1887488K), 0.2378694 secs] 1994369K->330594K(5033216K) icms_dc=0 , 0.2379662 secs] [Times: user=0.23 sys=0.00, real=0.23 secs] 
1678107.965: [GC 1678107.965: [ParNew: 1746129K->58636K(1887488K), 0.1732017 secs] 2008418K->321150K(5033216K) icms_dc=0 , 0.1732896 secs] [Times: user=0.16 sys=0.00, real=0.17 secs] 
1678599.626: [GC 1678599.626: [ParNew: 1736460K->67233K(1887488K), 0.2196541 secs] 1998974K->329917K(5033216K) icms_dc=0 , 0.2197493 secs] [Times: user=0.22 sys=0.00, real=0.22 secs] 
1678898.165: [GC 1678898.165: [ParNew: 1745057K->57473K(1887488K), 0.1663516 secs] 2007741K->320374K(5033216K) icms_dc=0 , 0.1664384 secs] [Times: user=0.19 sys=0.00, real=0.17 secs] 
1679309.996: [GC 1679309.996: [ParNew: 1735297K->58403K(1887488K), 0.1745568 secs] 1998198K->321468K(5033216K) icms_dc=0 , 0.1746443 secs] [Times: user=0.17 sys=0.00, real=0.17 secs] 
1679740.812: [GC 1679740.812: [ParNew: 1736227K->50859K(1887488K), 0.1590457 secs] 1999292K->314076K(5033216K) icms_dc=0 , 0.1591375 secs] [Times: user=0.17 sys=0.00, real=0.16 secs] 
1680071.291: [GC 1680071.291: [ParNew: 1728683K->62481K(1887488K), 0.2057853 secs] 1991900K->325872K(5033216K) icms_dc=0 , 0.2058844 secs] [Times: user=0.25 sys=0.00, real=0.20 secs] 
1680466.871: [GC 1680466.871: [ParNew: 1740305K->73183K(1887488K), 0.2458476 secs] 2003696K->336709K(5033216K) icms_dc=0 , 0.2459455 secs] [Times: user=0.23 sys=0.00, real=0.23 secs] 
1680694.588: [GC 1680694.588: [ParNew: 1751007K->75574K(1887488K), 0.2602190 secs] 2014533K->339232K(5033216K) icms_dc=0 , 0.2603180 secs] [Times: user=0.28 sys=0.00, real=0.27 secs] 
1680936.272: [GC 1680936.273: [ParNew: 1753398K->74202K(1887488K), 0.2173595 secs] 2017056K->338015K(5033216K) icms_dc=0 , 0.2174547 secs] [Times: user=0.23 sys=0.00, real=0.22 secs] 
1681165.460: [GC 1681165.460: [ParNew: 1752026K->79921K(1887488K), 0.2324389 secs] 2015839K->343884K(5033216K) icms_dc=0 , 0.2325249 secs] [Times: user=0.30 sys=0.00, real=0.23 secs] 
1681369.926: [GC 1681369.926: [ParNew: 1757745K->76741K(1887488K), 0.2612327 secs] 2021708K->340933K(5033216K) icms_dc=0 , 0.2613260 secs] [Times: user=0.25 sys=0.00, real=0.25 secs] 
1681558.544: [GC 1681558.544: [ParNew: 1754565K->62179K(1887488K), 0.2004500 secs] 2018757K->326616K(5033216K) icms_dc=0 , 0.2005499 secs] [Times: user=0.20 sys=0.00, real=0.20 secs] 
1681803.835: [GC 1681803.835: [ParNew: 1740003K->72133K(1887488K), 0.2076276 secs] 2004440K->336787K(5033216K) icms_dc=0 , 0.2077217 secs] [Times: user=0.22 sys=0.00, real=0.20 secs] 
1681970.353: [GC 1681970.353: [ParNew: 1749957K->59955K(1887488K), 0.1988980 secs] 2014611K->324903K(5033216K) icms_dc=0 , 0.1990055 secs] [Times: user=0.19 sys=0.00, real=0.19 secs] 
1682237.218: [GC 1682237.218: [ParNew: 1737779K->54062K(1887488K), 0.1581776 secs] 2002727K->319218K(5033216K) icms_dc=0 , 0.1582651 secs] [Times: user=0.17 sys=0.00, real=0.16 secs] 
1682477.398: [GC 1682477.398: [ParNew: 1731886K->73320K(1887488K), 0.2211923 secs] 1997042K->338727K(5033216K) icms_dc=0 , 0.2212737 secs] [Times: user=0.22 sys=0.00, real=0.22 secs] 
1682680.165: [GC 1682680.165: [ParNew: 1751144K->50464K(1887488K), 0.1392853 secs] 2016551K->316103K(5033216K) icms_dc=0 , 0.1393717 secs] [Times: user=0.14 sys=0.00, real=0.14 secs] 
1682796.190: [GC 1682796.190: [ParNew: 1728288K->35952K(1887488K), 0.1070069 secs] 1993927K->301767K(5033216K) icms_dc=0 , 0.1071018 secs] [Times: user=0.09 sys=0.00, real=0.09 secs] 
1682903.137: [GC 1682903.137: [ParNew: 1713776K->60611K(1887488K), 0.1822293 secs] 1979591K->326590K(5033216K) icms_dc=0 , 0.1823149 secs] [Times: user=0.20 sys=0.00, real=0.19 secs] 
1683072.596: [GC 1683072.597: [ParNew: 1738435K->52548K(1887488K), 0.1751968 secs] 2004414K->318761K(5033216K) icms_dc=0 , 0.1753055 secs] [Times: user=0.17 sys=0.00, real=0.17 secs] 
1683339.000: [GC 1683339.000: [ParNew: 1730372K->63323K(1887488K), 0.1870305 secs] 1996585K->329809K(5033216K) icms_dc=0 , 0.1871192 secs] [Times: user=0.17 sys=0.00, real=0.19 secs] 
1683612.434: [GC 1683612.434: [ParNew: 1741147K->65329K(1887488K), 0.2214396 secs] 2007633K->331896K(5033216K) icms_dc=0 , 0.2215398 secs] [Times: user=0.22 sys=0.00, real=0.22 secs] 
1683843.007: [GC 1683843.007: [ParNew: 1743153K->75061K(1887488K), 0.2239888 secs] 2009720K->341851K(5033216K) icms_dc=0 , 0.2240763 secs] [Times: user=0.26 sys=0.00, real=0.23 secs] 
1684027.210: [GC 1684027.210: [ParNew: 1752885K->61790K(1887488K), 0.2035951 secs] 2019675K->328688K(5033216K) icms_dc=0 , 0.2036969 secs] [Times: user=0.20 sys=0.00, real=0.20 secs] 
1684292.343: [GC 1684292.343: [ParNew: 1739614K->70038K(1887488K), 0.2137393 secs] 2006512K->337210K(5033216K) icms_dc=0 , 0.2138261 secs] [Times: user=0.22 sys=0.00, real=0.22 secs] 
1684514.584: [GC 1684514.584: [ParNew: 1747862K->71439K(1887488K), 0.2039676 secs] 2015034K->338790K(5033216K) icms_dc=0 , 0.2040479 secs] [Times: user=0.20 sys=0.00, real=0.20 secs] 
1684806.767: [GC 1684806.767: [ParNew: 1749263K->65525K(1887488K), 0.1892407 secs] 2016614K->333154K(5033216K) icms_dc=0 , 0.1893259 secs] [Times: user=0.19 sys=0.00, real=0.19 secs] 
1685098.063: [GC 1685098.063: [ParNew: 1743349K->67879K(1887488K), 0.2043731 secs] 2010978K->335685K(5033216K) icms_dc=0 , 0.2044702 secs] [Times: user=0.22 sys=0.00, real=0.20 secs] 
1685290.913: [GC 1685290.913: [ParNew: 1745703K->65426K(1887488K), 0.2007246 secs] 2013509K->333470K(5033216K) icms_dc=0 , 0.2008175 secs] [Times: user=0.20 sys=0.00, real=0.20 secs] 
1685433.430: [GC 1685433.430: [ParNew: 1743250K->71423K(1887488K), 0.2468993 secs] 2011294K->339670K(5033216K) icms_dc=0 , 0.2469972 secs] [Times: user=0.25 sys=0.00, real=0.25 secs] 
1685716.955: [GC 1685716.955: [ParNew: 1749247K->61592K(1887488K), 0.1863332 secs] 2017494K->330077K(5033216K) icms_dc=0 , 0.1864246 secs] [Times: user=0.20 sys=0.00, real=0.19 secs] 
1685928.813: [GC 1685928.813: [ParNew: 1739416K->74262K(1887488K), 0.2162394 secs] 2007901K->343230K(5033216K) icms_dc=0 , 0.2163262 secs] [Times: user=0.22 sys=0.00, real=0.22 secs] 
1686131.364: [GC 1686131.364: [ParNew: 1752086K->58756K(1887488K), 0.1983301 secs] 2021054K->327993K(5033216K) icms_dc=0 , 0.1984357 secs] [Times: user=0.19 sys=0.00, real=0.19 secs] 
1686242.847: [GC 1686242.847: [ParNew: 1736580K->69046K(1887488K), 0.2096884 secs] 2005817K->338640K(5033216K) icms_dc=0 , 0.2097840 secs] [Times: user=0.23 sys=0.00, real=0.22 secs] 
1686360.831: [GC 1686360.831: [ParNew: 1746870K->60288K(1887488K), 0.1726446 secs] 2016464K->330100K(5033216K) icms_dc=0 , 0.1727313 secs] [Times: user=0.25 sys=0.00, real=0.19 secs] 
1686474.992: [GC 1686474.992: [ParNew: 1738112K->52929K(1887488K), 0.1490759 secs] 2007924K->323043K(5033216K) icms_dc=0 , 0.1491692 secs] [Times: user=0.14 sys=0.00, real=0.14 secs] 
1686603.039: [GC 1686603.039: [ParNew: 1730753K->63389K(1887488K), 0.2129226 secs] 2000867K->333706K(5033216K) icms_dc=0 , 0.2130229 secs] [Times: user=0.23 sys=0.00, real=0.22 secs] 
1686783.737: [GC 1686783.737: [ParNew: 1741213K->76522K(1887488K), 0.2051295 secs] 2011530K->347239K(5033216K) icms_dc=0 , 0.2052167 secs] [Times: user=0.20 sys=0.00, real=0.20 secs] 
1686980.959: [GC 1686980.959: [ParNew: 1754346K->79250K(1887488K), 0.2408836 secs] 2025063K->350205K(5033216K) icms_dc=0 , 0.2409704 secs] [Times: user=0.28 sys=0.00, real=0.25 secs] 
1687204.716: [GC 1687204.716: [ParNew: 1757074K->67979K(1887488K), 0.2039703 secs] 2028029K->339147K(5033216K) icms_dc=0 , 0.2040598 secs] [Times: user=0.22 sys=0.00, real=0.20 secs] 
1687364.533: [GC 1687364.533: [ParNew: 1745803K->71275K(1887488K), 0.2122872 secs] 2016971K->342613K(5033216K) icms_dc=0 , 0.2123747 secs] [Times: user=0.25 sys=0.00, real=0.22 secs] 
1687508.709: [GC 1687508.709: [ParNew: 1749099K->61011K(1887488K), 0.1974493 secs] 2020437K->332617K(5033216K) icms_dc=0 , 0.1975533 secs] [Times: user=0.19 sys=0.00, real=0.19 secs] 
1687652.875: [GC 1687652.875: [ParNew: 1738835K->67958K(1887488K), 0.1967335 secs] 2010441K->339842K(5033216K) icms_dc=0 , 0.1968276 secs] [Times: user=0.22 sys=0.00, real=0.20 secs] 
1687854.560: [GC 1687854.560: [ParNew: 1745782K->73914K(1887488K), 0.2154630 secs] 2017666K->346061K(5033216K) icms_dc=0 , 0.2155482 secs] [Times: user=0.28 sys=0.00, real=0.22 secs] 
1688023.293: [GC 1688023.293: [ParNew: 1751738K->62960K(1887488K), 0.2118160 secs] 2023885K->335290K(5033216K) icms_dc=0 , 0.2119262 secs] [Times: user=0.20 sys=0.00, real=0.20 secs] 
1688302.157: [GC 1688302.157: [ParNew: 1740784K->67352K(1887488K), 0.1980494 secs] 2013114K->339999K(5033216K) icms_dc=0 , 0.1981393 secs] [Times: user=0.26 sys=0.00, real=0.20 secs] 
1688529.901: [GC 1688529.901: [ParNew: 1745176K->59520K(1887488K), 0.1639629 secs] 2017823K->332440K(5033216K) icms_dc=0 , 0.1640508 secs] [Times: user=0.16 sys=0.00, real=0.16 secs] 
1688803.247: [GC 1688803.247: [ParNew: 1737344K->68076K(1887488K), 0.2292918 secs] 2010264K->341276K(5033216K) icms_dc=0 , 0.2293909 secs] [Times: user=0.27 sys=0.00, real=0.23 secs] 
1689064.569: [GC 1689064.569: [ParNew: 1745900K->77202K(1887488K), 0.2488649 secs] 2019100K->350691K(5033216K) icms_dc=0 , 0.2489624 secs] [Times: user=0.31 sys=0.00, real=0.25 secs] 
1689327.070: [GC 1689327.070: [ParNew: 1755026K->55402K(1887488K), 0.1890368 secs] 2028515K->329165K(5033216K) icms_dc=0 , 0.1891355 secs] [Times: user=0.19 sys=0.00, real=0.19 secs] 
1689571.058: [GC 1689571.058: [ParNew: 1733226K->70125K(1887488K), 0.1774938 secs] 2006989K->344144K(5033216K) icms_dc=0 , 0.1775782 secs] [Times: user=0.17 sys=0.00, real=0.17 secs] 
1689834.113: [GC 1689834.113: [ParNew: 1747949K->53013K(1887488K), 0.1509639 secs] 2021968K->327186K(5033216K) icms_dc=0 , 0.1510698 secs] [Times: user=0.14 sys=0.00, real=0.14 secs] 
1690046.865: [GC 1690046.865: [ParNew: 1730837K->60425K(1887488K), 0.1834319 secs] 2005010K->334815K(5033216K) icms_dc=0 , 0.1835218 secs] [Times: user=0.20 sys=0.00, real=0.19 secs] 
1690260.711: [GC 1690260.711: [ParNew: 1738249K->73119K(1887488K), 0.2115760 secs] 2012639K->347665K(5033216K) icms_dc=0 , 0.2116609 secs] [Times: user=0.20 sys=0.00, real=0.20 secs] 
1690441.375: [GC 1690441.375: [ParNew: 1750943K->46034K(1887488K), 0.1413350 secs] 2025489K->320768K(5033216K) icms_dc=0 , 0.1414287 secs] [Times: user=0.14 sys=0.00, real=0.14 secs] 
1690761.482: [GC 1690761.482: [ParNew: 1723858K->71170K(1887488K), 0.2157437 secs] 1998592K->346144K(5033216K) icms_dc=0 , 0.2158316 secs] [Times: user=0.26 sys=0.00, real=0.22 secs] 
1691029.035: [GC 1691029.035: [ParNew: 1748994K->65081K(1887488K), 0.1913744 secs] 2023968K->340211K(5033216K) icms_dc=0 , 0.1914581 secs] [Times: user=0.19 sys=0.00, real=0.19 secs] 
1691233.529: [GC 1691233.529: [ParNew: 1742905K->63498K(1887488K), 0.1793676 secs] 2018035K->338934K(5033216K) icms_dc=0 , 0.1794513 secs] [Times: user=0.17 sys=0.00, real=0.17 secs] 
1691463.510: [GC 1691463.510: [ParNew: 1741322K->72351K(1887488K), 0.2480140 secs] 2016758K->347950K(5033216K) icms_dc=0 , 0.2481131 secs] [Times: user=0.26 sys=0.00, real=0.25 secs] 
1691690.858: [GC 1691690.858: [ParNew: 1750175K->65649K(1887488K), 0.2212015 secs] 2025774K->341535K(5033216K) icms_dc=0 , 0.2212990 secs] [Times: user=0.22 sys=0.00, real=0.22 secs] 
1691966.827: [GC 1691966.827: [ParNew: 1743473K->66191K(1887488K), 0.2057792 secs] 2019359K->342315K(5033216K) icms_dc=0 , 0.2058725 secs] [Times: user=0.23 sys=0.00, real=0.22 secs] 
1692116.508: [GC 1692116.508: [ParNew: 1744015K->62515K(1887488K), 0.2047037 secs] 2020139K->338826K(5033216K) icms_dc=0 , 0.2048027 secs] [Times: user=0.20 sys=0.00, real=0.20 secs] 
1692332.394: [GC 1692332.394: [ParNew: 1740339K->68101K(1887488K), 0.2241247 secs] 2016650K->344595K(5033216K) icms_dc=0 , 0.2242245 secs] [Times: user=0.22 sys=0.00, real=0.22 secs] 
1692516.806: [GC 1692516.806: [ParNew: 1745925K->43035K(1887488K), 0.1411902 secs] 2022419K->319709K(5033216K) icms_dc=0 , 0.1412850 secs] [Times: user=0.14 sys=0.00, real=0.14 secs] 
1692795.101: [GC 1692795.101: [ParNew: 1720859K->66773K(1887488K), 0.2204758 secs] 1997533K->343616K(5033216K) icms_dc=0 , 0.2205829 secs] [Times: user=0.22 sys=0.00, real=0.22 secs] 
1693049.975: [GC 1693049.976: [ParNew: 1744597K->59350K(1887488K), 0.1835567 secs] 2021440K->336332K(5033216K) icms_dc=0 , 0.1836450 secs] [Times: user=0.20 sys=0.00, real=0.19 secs] 
1693184.904: [GC 1693184.904: [ParNew: 1737174K->29886K(1887488K), 0.0967172 secs] 2014156K->307069K(5033216K) icms_dc=0 , 0.0968194 secs] [Times: user=0.09 sys=0.00, real=0.09 secs] 
1693556.024: [GC 1693556.024: [ParNew: 1707710K->57991K(1887488K), 0.1738103 secs] 1984893K->335307K(5033216K) icms_dc=0 , 0.1738963 secs] [Times: user=0.19 sys=0.00, real=0.17 secs] 
1693899.285: [GC 1693899.285: [ParNew: 1735815K->69432K(1887488K), 0.2056268 secs] 2013131K->347024K(5033216K) icms_dc=0 , 0.2057139 secs] [Times: user=0.20 sys=0.00, real=0.20 secs] 
1694068.999: [GC 1694069.000: [ParNew: 1747256K->36742K(1887488K), 0.1142871 secs] 2024848K->314610K(5033216K) icms_dc=0 , 0.1143815 secs] [Times: user=0.17 sys=0.00, real=0.13 secs] 
1694446.839: [GC 1694446.839: [ParNew: 1714566K->56943K(1887488K), 0.1748620 secs] 1992434K->334888K(5033216K) icms_dc=0 , 0.1749473 secs] [Times: user=0.17 sys=0.00, real=0.17 secs] 
1694650.249: [GC 1694650.249: [ParNew: 1734767K->67676K(1887488K), 0.1923620 secs] 2012712K->345787K(5033216K) icms_dc=0 , 0.1924522 secs] [Times: user=0.19 sys=0.00, real=0.19 secs] 
1694882.507: [GC 1694882.507: [ParNew: 1745500K->82718K(1887488K), 0.2559665 secs] 2023611K->361152K(5033216K) icms_dc=0 , 0.2560498 secs] [Times: user=0.25 sys=0.00, real=0.25 secs] 
1695080.187: [GC 1695080.187: [ParNew: 1760542K->75472K(1887488K), 0.2264923 secs] 2038976K->354069K(5033216K) icms_dc=0 , 0.2265825 secs] [Times: user=0.25 sys=0.00, real=0.23 secs] 
1695316.241: [GC 1695316.241: [ParNew: 1753296K->69631K(1887488K), 0.2103297 secs] 2031893K->348432K(5033216K) icms_dc=0 , 0.2104199 secs] [Times: user=0.23 sys=0.00, real=0.22 secs] 
1695527.964: [GC 1695527.964: [ParNew: 1747455K->61339K(1887488K), 0.1752429 secs] 2026256K->340348K(5033216K) icms_dc=0 , 0.1753289 secs] [Times: user=0.17 sys=0.00, real=0.17 secs] 
1695677.155: [GC 1695677.155: [ParNew: 1739163K->61169K(1887488K), 0.1745260 secs] 2018172K->340502K(5033216K) icms_dc=0 , 0.1746151 secs] [Times: user=0.22 sys=0.00, real=0.19 secs] 
1695828.513: [GC 1695828.513: [ParNew: 1738993K->60557K(1887488K), 0.1734889 secs] 2018326K->340129K(5033216K) icms_dc=0 , 0.1735772 secs] [Times: user=0.17 sys=0.00, real=0.17 secs] 
1695996.520: [GC 1695996.520: [ParNew: 1738381K->59974K(1887488K), 0.1761829 secs] 2017953K->339803K(5033216K) icms_dc=0 , 0.1762723 secs] [Times: user=0.19 sys=0.00, real=0.17 secs] 
1696200.636: [GC 1696200.636: [ParNew: 1737798K->76249K(1887488K), 0.2510389 secs] 2017627K->356282K(5033216K) icms_dc=0 , 0.2511399 secs] [Times: user=0.25 sys=0.00, real=0.25 secs] 
1696412.867: [GC 1696412.867: [ParNew: 1754073K->67470K(1887488K), 0.2088341 secs] 2034106K->347734K(5033216K) icms_dc=0 , 0.2089232 secs] [Times: user=0.20 sys=0.00, real=0.20 secs] 
1696557.407: [GC 1696557.407: [ParNew: 1745294K->65349K(1887488K), 0.2040413 secs] 2025558K->345811K(5033216K) icms_dc=0 , 0.2041412 secs] [Times: user=0.20 sys=0.00, real=0.20 secs] 
1696652.515: [GC 1696652.515: [ParNew: 1743173K->50466K(1887488K), 0.1653955 secs] 2023635K->331082K(5033216K) icms_dc=0 , 0.1654965 secs] [Times: user=0.19 sys=0.00, real=0.17 secs] 
1696830.808: [GC 1696830.808: [ParNew: 1728290K->58568K(1887488K), 0.1977956 secs] 2008906K->339445K(5033216K) icms_dc=0 , 0.1979008 secs] [Times: user=0.19 sys=0.00, real=0.19 secs] 
1697007.113: [GC 1697007.113: [ParNew: 1736392K->56138K(1887488K), 0.1715514 secs] 2017269K->337282K(5033216K) icms_dc=0 , 0.1716366 secs] [Times: user=0.17 sys=0.00, real=0.17 secs] 
1697093.616: [GC 1697093.616: [ParNew: 1733962K->43460K(1887488K), 0.1232513 secs] 2015106K->324889K(5033216K) icms_dc=0 , 0.1233420 secs] [Times: user=0.13 sys=0.00, real=0.13 secs] 
1697212.024: [GC 1697212.024: [ParNew: 1721284K->52540K(1887488K), 0.1622481 secs] 2002713K->334131K(5033216K) icms_dc=0 , 0.1623479 secs] [Times: user=0.16 sys=0.00, real=0.16 secs] 
1697489.949: [GC 1697489.949: [ParNew: 1730364K->69216K(1887488K), 0.2148122 secs] 2011955K->351033K(5033216K) icms_dc=0 , 0.2148966 secs] [Times: user=0.22 sys=0.00, real=0.22 secs] 
1697655.098: [GC 1697655.098: [ParNew: 1747040K->71729K(1887488K), 0.2106560 secs] 2028857K->353756K(5033216K) icms_dc=0 , 0.2107463 secs] [Times: user=0.20 sys=0.00, real=0.20 secs] 
1697902.604: [GC 1697902.604: [ParNew: 1749553K->44029K(1887488K), 0.1098556 secs] 2031580K->326203K(5033216K) icms_dc=0 , 0.1099513 secs] [Times: user=0.11 sys=0.00, real=0.11 secs] 
1698143.415: [GC 1698143.415: [ParNew: 1721853K->67643K(1887488K), 0.2025784 secs] 2004027K->349982K(5033216K) icms_dc=0 , 0.2026663 secs] [Times: user=0.20 sys=0.00, real=0.20 secs] 
1698376.617: [GC 1698376.617: [ParNew: 1745467K->59183K(1887488K), 0.1830168 secs] 2027806K->341816K(5033216K) icms_dc=0 , 0.1831090 secs] [Times: user=0.20 sys=0.00, real=0.19 secs] 
1698593.900: [GC 1698593.900: [ParNew: 1737007K->76531K(1887488K), 0.2281672 secs] 2019640K->359321K(5033216K) icms_dc=0 , 0.2282505 secs] [Times: user=0.23 sys=0.00, real=0.23 secs] 
1698847.018: [GC 1698847.018: [ParNew: 1754355K->74822K(1887488K), 0.2248846 secs] 2037145K->357774K(5033216K) icms_dc=0 , 0.2249717 secs] [Times: user=0.25 sys=0.00, real=0.23 secs] 
1699060.116: [GC 1699060.116: [ParNew: 1752646K->51884K(1887488K), 0.1738779 secs] 2035598K->335072K(5033216K) icms_dc=0 , 0.1739812 secs] [Times: user=0.17 sys=0.00, real=0.17 secs] 
1699242.338: [GC 1699242.338: [ParNew: 1729708K->57243K(1887488K), 0.1909885 secs] 2012896K->340675K(5033216K) icms_dc=0 , 0.1910876 secs] [Times: user=0.19 sys=0.00, real=0.19 secs] 
1699430.811: [GC 1699430.811: [ParNew: 1735067K->68339K(1887488K), 0.1656785 secs] 2018499K->351978K(5033216K) icms_dc=0 , 0.1657591 secs] [Times: user=0.17 sys=0.00, real=0.17 secs] 
1699652.035: [GC 1699652.035: [ParNew: 1746163K->74614K(1887488K), 0.2338492 secs] 2029802K->358457K(5033216K) icms_dc=0 , 0.2339360 secs] [Times: user=0.25 sys=0.00, real=0.23 secs] 
1699881.514: [GC 1699881.514: [ParNew: 1752438K->68026K(1887488K), 0.2063287 secs] 2036281K->352085K(5033216K) icms_dc=0 , 0.2064181 secs] [Times: user=0.20 sys=0.00, real=0.20 secs] 
1700033.467: [GC 1700033.467: [ParNew: 1745850K->73368K(1887488K), 0.2282355 secs] 2029909K->357594K(5033216K) icms_dc=0 , 0.2283207 secs] [Times: user=0.22 sys=0.00, real=0.23 secs] 
1700212.679: [GC 1700212.679: [ParNew: 1751192K->65707K(1887488K), 0.2002066 secs] 2035418K->350142K(5033216K) icms_dc=0 , 0.2002968 secs] [Times: user=0.22 sys=0.00, real=0.20 secs] 
1700460.046: [GC 1700460.046: [ParNew: 1743531K->76373K(1887488K), 0.2247321 secs] 2027966K->361013K(5033216K) icms_dc=0 , 0.2248166 secs] [Times: user=0.22 sys=0.00, real=0.22 secs] 
1700640.431: [GC 1700640.431: [ParNew: 1754197K->68893K(1887488K), 0.2400166 secs] 2038837K->353767K(5033216K) icms_dc=0 , 0.2401191 secs] [Times: user=0.25 sys=0.00, real=0.23 secs] 
1700801.024: [GC 1700801.024: [ParNew: 1746717K->41776K(1887488K), 0.1230486 secs] 2031591K->326882K(5033216K) icms_dc=0 , 0.1231388 secs] [Times: user=0.13 sys=0.00, real=0.12 secs] 
1701033.048: [GC 1701033.048: [ParNew: 1719600K->57144K(1887488K), 0.1847010 secs] 2004706K->342488K(5033216K) icms_dc=0 , 0.1847973 secs] [Times: user=0.17 sys=0.00, real=0.17 secs] 
1701267.941: [GC 1701267.941: [ParNew: 1734968K->70625K(1887488K), 0.2024194 secs] 2020312K->356307K(5033216K) icms_dc=0 , 0.2025077 secs] [Times: user=0.23 sys=0.00, real=0.20 secs] 
1701522.556: [GC 1701522.556: [ParNew: 1748449K->76640K(1887488K), 0.2315400 secs] 2034131K->362541K(5033216K) icms_dc=0 , 0.2316314 secs] [Times: user=0.26 sys=0.00, real=0.23 secs] 
1701740.088: [GC 1701740.088: [ParNew: 1754464K->75181K(1887488K), 0.2281130 secs] 2040365K->361182K(5033216K) icms_dc=0 , 0.2282079 secs] [Times: user=0.25 sys=0.00, real=0.23 secs] 
1701960.970: [GC 1701960.970: [ParNew: 1753005K->63708K(1887488K), 0.1880926 secs] 2039006K->349851K(5033216K) icms_dc=0 , 0.1881851 secs] [Times: user=0.19 sys=0.00, real=0.19 secs] 
1702151.956: [GC 1702151.956: [ParNew: 1741532K->55337K(1887488K), 0.1689331 secs] 2027675K->341655K(5033216K) icms_dc=0 , 0.1690210 secs] [Times: user=0.17 sys=0.00, real=0.17 secs] 
1702431.239: [GC 1702431.239: [ParNew: 1733161K->62647K(1887488K), 0.1871922 secs] 2019479K->349210K(5033216K) icms_dc=0 , 0.1872809 secs] [Times: user=0.19 sys=0.00, real=0.19 secs] 
1702666.226: [GC 1702666.226: [ParNew: 1740471K->63458K(1887488K), 0.1898623 secs] 2027034K->350237K(5033216K) icms_dc=0 , 0.1899483 secs] [Times: user=0.19 sys=0.00, real=0.19 secs] 
1702956.879: [GC 1702956.879: [ParNew: 1741282K->66121K(1887488K), 0.1999052 secs] 2028061K->353092K(5033216K) icms_dc=0 , 0.1999908 secs] [Times: user=0.22 sys=0.00, real=0.20 secs] 
1703218.913: [GC 1703218.913: [ParNew: 1743945K->63709K(1887488K), 0.2113798 secs] 2030916K->350822K(5033216K) icms_dc=0 , 0.2114862 secs] [Times: user=0.20 sys=0.00, real=0.20 secs] 
1703461.713: [GC 1703461.713: [ParNew: 1741533K->57184K(1887488K), 0.1886551 secs] 2028646K->344536K(5033216K) icms_dc=0 , 0.1887615 secs] [Times: user=0.20 sys=0.00, real=0.19 secs] 
1703720.968: [GC 1703720.968: [ParNew: 1735008K->61876K(1887488K), 0.1807767 secs] 2022360K->349387K(5033216K) icms_dc=0 , 0.1808643 secs] [Times: user=0.17 sys=0.00, real=0.17 secs] 
1704058.320: [GC 1704058.320: [ParNew: 1739700K->62344K(1887488K), 0.1910730 secs] 2027211K->350017K(5033216K) icms_dc=0 , 0.1911586 secs] [Times: user=0.22 sys=0.00, real=0.20 secs] 
1704285.712: [GC 1704285.712: [ParNew: 1740168K->47152K(1887488K), 0.1441522 secs] 2027841K->334987K(5033216K) icms_dc=0 , 0.1442428 secs] [Times: user=0.22 sys=0.00, real=0.16 secs] 
1704571.171: [GC 1704571.172: [ParNew: 1724976K->61626K(1887488K), 0.1783719 secs] 2012811K->349611K(5033216K) icms_dc=0 , 0.1784610 secs] [Times: user=0.17 sys=0.00, real=0.17 secs] 
1704840.301: [GC 1704840.301: [ParNew: 1739450K->61406K(1887488K), 0.1876015 secs] 2027435K->349550K(5033216K) icms_dc=0 , 0.1876867 secs] [Times: user=0.17 sys=0.03, real=0.19 secs] 
1705174.521: [GC 1705174.521: [ParNew: 1739230K->69234K(1887488K), 0.2321735 secs] 2027374K->357554K(5033216K) icms_dc=0 , 0.2322791 secs] [Times: user=0.23 sys=0.00, real=0.23 secs] 
1705460.364: [GC 1705460.364: [ParNew: 1747058K->57636K(1887488K), 0.1718524 secs] 2035378K->346138K(5033216K) icms_dc=0 , 0.1719396 secs] [Times: user=0.17 sys=0.00, real=0.17 secs] 
1705617.750: [GC 1705617.750: [ParNew: 1735460K->28866K(1887488K), 0.0870630 secs] 2023962K->317666K(5033216K) icms_dc=0 , 0.0871551 secs] [Times: user=0.09 sys=0.00, real=0.09 secs] 
1705898.450: [GC 1705898.450: [ParNew: 1706690K->62448K(1887488K), 0.1942577 secs] 1995490K->351414K(5033216K) icms_dc=0 , 0.1943421 secs] [Times: user=0.22 sys=0.00, real=0.20 secs] 
1706256.075: [GC 1706256.075: [ParNew: 1740272K->67407K(1887488K), 0.2072364 secs] 2029238K->356616K(5033216K) icms_dc=0 , 0.2073274 secs] [Times: user=0.20 sys=0.00, real=0.20 secs] 
1706470.764: [GC 1706470.764: [ParNew: 1745231K->66507K(1887488K), 0.2194321 secs] 2034440K->355890K(5033216K) icms_dc=0 , 0.2195285 secs] [Times: user=0.23 sys=0.00, real=0.22 secs] 
1706743.449: [GC 1706743.449: [ParNew: 1744331K->63366K(1887488K), 0.1801086 secs] 2033714K->352851K(5033216K) icms_dc=0 , 0.1802008 secs] [Times: user=0.20 sys=0.00, real=0.19 secs] 
1707111.540: [GC 1707111.540: [ParNew: 1741190K->56163K(1887488K), 0.1745395 secs] 2030675K->345821K(5033216K) icms_dc=0 , 0.1746324 secs] [Times: user=0.17 sys=0.00, real=0.17 secs] 
1707409.867: [GC 1707409.867: [ParNew: 1733987K->67754K(1887488K), 0.2020742 secs] 2023645K->357617K(5033216K) icms_dc=0 , 0.2021602 secs] [Times: user=0.22 sys=0.00, real=0.20 secs] 
1707640.264: [GC 1707640.264: [ParNew: 1745578K->51809K(1887488K), 0.1490233 secs] 2035441K->341834K(5033216K) icms_dc=0 , 0.1491135 secs] [Times: user=0.17 sys=0.00, real=0.16 secs] 
1708134.719: [GC 1708134.719: [ParNew: 1729633K->53959K(1887488K), 0.1562527 secs] 2019658K->344147K(5033216K) icms_dc=0 , 0.1563418 secs] [Times: user=0.17 sys=0.00, real=0.16 secs] 
1708561.612: [GC 1708561.612: [ParNew: 1731783K->37616K(1887488K), 0.1179475 secs] 2021971K->328015K(5033216K) icms_dc=0 , 0.1180335 secs] [Times: user=0.14 sys=0.00, real=0.13 secs] 
1708868.048: [GC 1708868.048: [ParNew: 1715440K->42494K(1887488K), 0.1159378 secs] 2005839K->333079K(5033216K) icms_dc=0 , 0.1160319 secs] [Times: user=0.11 sys=0.00, real=0.11 secs] 
1709194.863: [GC 1709194.863: [ParNew: 1720318K->49517K(1887488K), 0.1486643 secs] 2010903K->340255K(5033216K) icms_dc=0 , 0.1487560 secs] [Times: user=0.17 sys=0.00, real=0.16 secs] 
1709664.841: [GC 1709664.841: [ParNew: 1727341K->51169K(1887488K), 0.1581895 secs] 2018079K->342113K(5033216K) icms_dc=0 , 0.1582820 secs] [Times: user=0.17 sys=0.00, real=0.16 secs] 
1710280.146: [GC 1710280.146: [ParNew: 1728993K->62014K(1887488K), 0.1890057 secs] 2019937K->353110K(5033216K) icms_dc=0 , 0.1890921 secs] [Times: user=0.19 sys=0.00, real=0.19 secs] 
1710531.842: [GC 1710531.842: [ParNew: 1739838K->54157K(1887488K), 0.1637433 secs] 2030934K->345364K(5033216K) icms_dc=0 , 0.1638316 secs] [Times: user=0.16 sys=0.00, real=0.16 secs] 
1710950.982: [GC 1710950.982: [ParNew: 1731981K->59528K(1887488K), 0.1739685 secs] 2023188K->350898K(5033216K) icms_dc=0 , 0.1740549 secs] [Times: user=0.17 sys=0.00, real=0.17 secs] 
1711544.437: [GC 1711544.437: [ParNew: 1737352K->54848K(1887488K), 0.1802085 secs] 2028722K->346399K(5033216K) icms_dc=0 , 0.1803094 secs] [Times: user=0.17 sys=0.00, real=0.17 secs] 
1711985.124: [GC 1711985.124: [ParNew: 1732672K->30696K(1887488K), 0.1001258 secs] 2024223K->322421K(5033216K) icms_dc=0 , 0.1002248 secs] [Times: user=0.09 sys=0.00, real=0.09 secs] 
1712603.750: [GC 1712603.750: [ParNew: 1708520K->40257K(1887488K), 0.1255663 secs] 2000245K->332135K(5033216K) icms_dc=0 , 0.1256539 secs] [Times: user=0.13 sys=0.00, real=0.13 secs] 
1712932.385: [GC 1712932.385: [ParNew: 1718081K->62623K(1887488K), 0.1832319 secs] 2009959K->354714K(5033216K) icms_dc=0 , 0.1833210 secs] [Times: user=0.17 sys=0.00, real=0.17 secs] 
1713154.031: [GC 1713154.031: [ParNew: 1740447K->36281K(1887488K), 0.0817668 secs] 2032538K->328534K(5033216K) icms_dc=0 , 0.0818524 secs] [Times: user=0.08 sys=0.00, real=0.08 secs] 
1713270.734: [GC 1713270.734: [ParNew: 1714105K->30754K(1887488K), 0.0723268 secs] 2006358K->323148K(5033216K) icms_dc=0 , 0.0724151 secs] [Times: user=0.14 sys=0.00, real=0.08 secs] 
1713763.859: [GC 1713763.859: [ParNew: 1708578K->47383K(1887488K), 0.1487979 secs] 2000972K->339951K(5033216K) icms_dc=0 , 0.1488862 secs] [Times: user=0.14 sys=0.00, real=0.14 secs] 
1714236.003: [GC 1714236.004: [ParNew: 1725207K->50911K(1887488K), 0.1730531 secs] 2017775K->343672K(5033216K) icms_dc=0 , 0.1732240 secs] [Times: user=0.20 sys=0.00, real=0.19 secs] 
1714873.441: [GC 1714873.441: [ParNew: 1728735K->63684K(1887488K), 0.1920533 secs] 2021496K->356563K(5033216K) icms_dc=0 , 0.1921416 secs] [Times: user=0.20 sys=0.00, real=0.19 secs] 
1715503.997: [GC 1715503.997: [ParNew: 1741508K->57903K(1887488K), 0.1931127 secs] 2034387K->350836K(5033216K) icms_dc=0 , 0.1932117 secs] [Times: user=0.19 sys=0.00, real=0.19 secs] 
1716073.667: [GC 1716073.667: [ParNew: 1735727K->51694K(1887488K), 0.1791521 secs] 2028660K->344777K(5033216K) icms_dc=0 , 0.1792485 secs] [Times: user=0.19 sys=0.00, real=0.19 secs] 
1717204.271: [GC 1717204.271: [ParNew: 1729179K->44017K(1887488K), 0.1259518 secs] 2022261K->337292K(5033216K) icms_dc=0 , 0.1260432 secs] [Times: user=0.13 sys=0.00, real=0.12 secs] 
1718529.063: [GC 1718529.063: [ParNew: 1721841K->32837K(1887488K), 0.1081973 secs] 2015116K->326290K(5033216K) icms_dc=0 , 0.1082936 secs] [Times: user=0.13 sys=0.00, real=0.11 secs] 
1719461.017: [GC 1719461.017: [ParNew: 1710661K->37709K(1887488K), 0.1189201 secs] 2004114K->331329K(5033216K) icms_dc=0 , 0.1190096 secs] [Times: user=0.11 sys=0.00, real=0.11 secs] 
1720798.873: [GC 1720798.873: [ParNew: 1715533K->24215K(1887488K), 0.0838172 secs] 2009153K->318004K(5033216K) icms_dc=0 , 0.0839163 secs] [Times: user=0.11 sys=0.00, real=0.09 secs] 
1721950.691: [GC 1721950.691: [ParNew: 1702039K->35198K(1887488K), 0.1053009 secs] 1995828K->329140K(5033216K) icms_dc=0 , 0.1053908 secs] [Times: user=0.13 sys=0.00, real=0.11 secs] 
1723490.647: [GC 1723490.647: [ParNew: 1713022K->27871K(1887488K), 0.0902807 secs] 2006964K->321975K(5033216K) icms_dc=0 , 0.0903755 secs] [Times: user=0.11 sys=0.00, real=0.09 secs] 
1725219.232: [GC 1725219.232: [ParNew: 1705695K->18149K(1887488K), 0.0579958 secs] 1999799K->312406K(5033216K) icms_dc=0 , 0.0580895 secs] [Times: user=0.05 sys=0.00, real=0.05 secs] 
1726287.310: [GC 1726287.310: [ParNew: 1695973K->21266K(1887488K), 0.0701950 secs] 1990230K->315677K(5033216K) icms_dc=0 , 0.0702914 secs] [Times: user=0.09 sys=0.00, real=0.08 secs] 
1727635.535: [GC 1727635.535: [ParNew: 1699090K->35764K(1887488K), 0.1165848 secs] 1993501K->330328K(5033216K) icms_dc=0 , 0.1166900 secs] [Times: user=0.11 sys=0.00, real=0.11 secs] 
1729415.064: [GC 1729415.064: [ParNew: 1713588K->24388K(1887488K), 0.0839052 secs] 2008152K->319116K(5033216K) icms_dc=0 , 0.0840111 secs] [Times: user=0.08 sys=0.00, real=0.08 secs] 
1731083.446: [GC 1731083.446: [ParNew: 1702212K->20860K(1887488K), 0.0646066 secs] 1996940K->315730K(5033216K) icms_dc=0 , 0.0647015 secs] [Times: user=0.06 sys=0.00, real=0.06 secs] 
1732678.642: [GC 1732678.642: [ParNew: 1698684K->19419K(1887488K), 0.0640572 secs] 1993554K->314407K(5033216K) icms_dc=0 , 0.0641547 secs] [Times: user=0.06 sys=0.00, real=0.06 secs] 
1734276.357: [GC 1734276.357: [ParNew: 1697243K->15297K(1887488K), 0.0557392 secs] 1992231K->310471K(5033216K) icms_dc=0 , 0.0558428 secs] [Times: user=0.05 sys=0.00, real=0.05 secs] 
1735736.314: [GC 1735736.314: [ParNew: 1693121K->21339K(1887488K), 0.0622924 secs] 1988295K->316681K(5033216K) icms_dc=0 , 0.0623831 secs] [Times: user=0.06 sys=0.00, real=0.06 secs] 
1737720.675: [GC 1737720.675: [ParNew: 1699163K->17474K(1887488K), 0.0599479 secs] 1994505K->312946K(5033216K) icms_dc=0 , 0.0600508 secs] [Times: user=0.09 sys=0.00, real=0.06 secs] 
1739690.201: [GC 1739690.201: [ParNew: 1695298K->14693K(1887488K), 0.0479203 secs] 1990770K->310305K(5033216K) icms_dc=0 , 0.0480094 secs] [Times: user=0.06 sys=0.00, real=0.05 secs] 
1741255.161: [GC 1741255.162: [ParNew: 1692517K->25940K(1887488K), 0.0911857 secs] 1988129K->321687K(5033216K) icms_dc=0 , 0.0912844 secs] [Times: user=0.11 sys=0.00, real=0.09 secs] 
1742650.119: [GC 1742650.119: [ParNew: 1703764K->33615K(1887488K), 0.1054680 secs] 1999511K->329497K(5033216K) icms_dc=0 , 0.1055578 secs] [Times: user=0.16 sys=0.00, real=0.11 secs] 
1744026.029: [GC 1744026.029: [ParNew: 1711439K->40857K(1887488K), 0.1302992 secs] 2007321K->336887K(5033216K) icms_dc=0 , 0.1303863 secs] [Times: user=0.16 sys=0.00, real=0.14 secs] 
1745182.033: [GC 1745182.033: [ParNew: 1718681K->47828K(1887488K), 0.1387765 secs] 2014711K->344004K(5033216K) icms_dc=0 , 0.1388687 secs] [Times: user=0.16 sys=0.00, real=0.14 secs] 
1746075.028: [GC 1746075.028: [ParNew: 1725652K->48149K(1887488K), 0.1561548 secs] 2021828K->344739K(5033216K) icms_dc=0 , 0.1562420 secs] [Times: user=0.16 sys=0.00, real=0.16 secs] 
1746832.854: [GC 1746832.854: [ParNew: 1725970K->50522K(1887488K), 0.1541032 secs] 2022560K->347286K(5033216K) icms_dc=0 , 0.1541919 secs] [Times: user=0.16 sys=0.00, real=0.16 secs] 
1747629.378: [GC 1747629.378: [ParNew: 1728346K->49751K(1887488K), 0.1699157 secs] 2025110K->346678K(5033216K) icms_dc=0 , 0.1700109 secs] [Times: user=0.19 sys=0.00, real=0.17 secs] 
1748231.295: [GC 1748231.296: [ParNew: 1727575K->44852K(1887488K), 0.1352198 secs] 2024502K->341949K(5033216K) icms_dc=0 , 0.1353112 secs] [Times: user=0.14 sys=0.00, real=0.14 secs] 
1748483.608: [GC 1748483.608: [ParNew: 1722676K->26512K(1887488K), 0.0705582 secs] 2019773K->323805K(5033216K) icms_dc=0 , 0.0706481 secs] [Times: user=0.09 sys=0.00, real=0.08 secs] 
1748778.953: [GC 1748778.953: [ParNew: 1704336K->38374K(1887488K), 0.1013426 secs] 2001629K->335828K(5033216K) icms_dc=0 , 0.1014386 secs] [Times: user=0.17 sys=0.00, real=0.11 secs] 
1749635.010: [GC 1749635.010: [ParNew: 1716198K->42241K(1887488K), 0.1345605 secs] 2013652K->339919K(5033216K) icms_dc=0 , 0.1346527 secs] [Times: user=0.13 sys=0.00, real=0.13 secs] 
1750509.503: [GC 1750509.503: [ParNew: 1720065K->34044K(1887488K), 0.1086672 secs] 2017743K->331888K(5033216K) icms_dc=0 , 0.1087655 secs] [Times: user=0.11 sys=0.00, real=0.11 secs] 
1751538.516: [GC 1751538.517: [ParNew: 1711868K->46572K(1887488K), 0.1415734 secs] 2009712K->344474K(5033216K) icms_dc=0 , 0.1416675 secs] [Times: user=0.16 sys=0.00, real=0.14 secs] 
1752394.327: [GC 1752394.328: [ParNew: 1724396K->30966K(1887488K), 0.0972997 secs] 2022298K->329183K(5033216K) icms_dc=0 , 0.0973992 secs] [Times: user=0.09 sys=0.00, real=0.09 secs] 
1753654.032: [GC 1753654.032: [ParNew: 1708790K->30107K(1887488K), 0.0906658 secs] 2007007K->328489K(5033216K) icms_dc=0 , 0.0907579 secs] [Times: user=0.14 sys=0.00, real=0.09 secs] 
1754321.010: [GC 1754321.010: [ParNew: 1707931K->52973K(1887488K), 0.1630222 secs] 2006313K->351529K(5033216K) icms_dc=0 , 0.1631124 secs] [Times: user=0.16 sys=0.00, real=0.16 secs] 
1755399.667: [GC 1755399.667: [ParNew: 1730797K->41744K(1887488K), 0.1337787 secs] 2029353K->340449K(5033216K) icms_dc=0 , 0.1338686 secs] [Times: user=0.13 sys=0.00, real=0.12 secs] 
1756396.006: [GC 1756396.006: [ParNew: 1719568K->47799K(1887488K), 0.1436791 secs] 2018273K->346641K(5033216K) icms_dc=0 , 0.1437701 secs] [Times: user=0.19 sys=0.00, real=0.16 secs] 
1757790.657: [GC 1757790.657: [ParNew: 1725623K->33841K(1887488K), 0.1085828 secs] 2024465K->332875K(5033216K) icms_dc=0 , 0.1086815 secs] [Times: user=0.11 sys=0.00, real=0.11 secs] 
1758894.632: [GC 1758894.632: [ParNew: 1711665K->38236K(1887488K), 0.1198493 secs] 2010699K->337437K(5033216K) icms_dc=0 , 0.1199407 secs] [Times: user=0.11 sys=0.00, real=0.11 secs] 
1759909.604: [GC 1759909.604: [ParNew: 1716060K->58466K(1887488K), 0.1860694 secs] 2015261K->357857K(5033216K) icms_dc=0 , 0.1861558 secs] [Times: user=0.20 sys=0.00, real=0.19 secs] 
1760389.591: [GC 1760389.591: [ParNew: 1736290K->55660K(1887488K), 0.1617735 secs] 2035681K->355220K(5033216K) icms_dc=0 , 0.1618603 secs] [Times: user=0.19 sys=0.00, real=0.17 secs] 
1761340.586: [GC 1761340.586: [ParNew: 1733484K->45628K(1887488K), 0.1361828 secs] 2033044K->345358K(5033216K) icms_dc=0 , 0.1362727 secs] [Times: user=0.12 sys=0.00, real=0.13 secs] 
1761886.835: [GC 1761886.835: [ParNew: 1723452K->62357K(1887488K), 0.1767270 secs] 2023182K->362255K(5033216K) icms_dc=0 , 0.1768103 secs] [Times: user=0.17 sys=0.00, real=0.17 secs] 
1762335.566: [GC 1762335.566: [ParNew: 1740181K->68889K(1887488K), 0.2081725 secs] 2040079K->368998K(5033216K) icms_dc=0 , 0.2082562 secs] [Times: user=0.23 sys=0.00, real=0.22 secs] 
1762747.553: [GC 1762747.553: [ParNew: 1746713K->73341K(1887488K), 0.2556539 secs] 2046822K->373562K(5033216K) icms_dc=0 , 0.2557511 secs] [Times: user=0.25 sys=0.00, real=0.25 secs] 
1763154.609: [GC 1763154.609: [ParNew: 1751165K->56366K(1887488K), 0.1762324 secs] 2051386K->356785K(5033216K) icms_dc=0 , 0.1763184 secs] [Times: user=0.17 sys=0.00, real=0.17 secs] 
1763716.252: [GC 1763716.252: [ParNew: 1734190K->61406K(1887488K), 0.1890936 secs] 2034609K->361945K(5033216K) icms_dc=0 , 0.1891812 secs] [Times: user=0.19 sys=0.00, real=0.19 secs] 
1764234.834: [GC 1764234.834: [ParNew: 1739099K->65440K(1887488K), 0.1868466 secs] 2039638K->366143K(5033216K) icms_dc=0 , 0.1869353 secs] [Times: user=0.20 sys=0.00, real=0.19 secs] 
1764718.617: [GC 1764718.617: [ParNew: 1743264K->60780K(1887488K), 0.1779611 secs] 2043967K->361659K(5033216K) icms_dc=0 , 0.1780513 secs] [Times: user=0.17 sys=0.00, real=0.17 secs] 
1765174.231: [GC 1765174.231: [ParNew: 1738604K->60990K(1887488K), 0.2060944 secs] 2039483K->362008K(5033216K) icms_dc=0 , 0.2061993 secs] [Times: user=0.20 sys=0.00, real=0.20 secs] 
1765574.057: [GC 1765574.057: [ParNew: 1738814K->70344K(1887488K), 0.2070467 secs] 2039832K->371550K(5033216K) icms_dc=0 , 0.2071327 secs] [Times: user=0.28 sys=0.00, real=0.22 secs] 
1766014.445: [GC 1766014.445: [ParNew: 1748168K->63229K(1887488K), 0.1920464 secs] 2049374K->364576K(5033216K) icms_dc=0 , 0.1921378 secs] [Times: user=0.22 sys=0.00, real=0.20 secs] 
1766340.508: [GC 1766340.508: [ParNew: 1741053K->54781K(1887488K), 0.1657280 secs] 2042400K->356269K(5033216K) icms_dc=0 , 0.1658160 secs] [Times: user=0.20 sys=0.00, real=0.17 secs] 
1766688.923: [GC 1766688.923: [ParNew: 1732605K->66702K(1887488K), 0.2001555 secs] 2034093K->368415K(5033216K) icms_dc=0 , 0.2002427 secs] [Times: user=0.23 sys=0.00, real=0.20 secs] 
1767045.218: [GC 1767045.218: [ParNew: 1744526K->56700K(1887488K), 0.1830998 secs] 2046239K->358570K(5033216K) icms_dc=0 , 0.1831965 secs] [Times: user=0.17 sys=0.00, real=0.17 secs] 
1767401.869: [GC 1767401.869: [ParNew: 1734524K->62254K(1887488K), 0.1890944 secs] 2036394K->364315K(5033216K) icms_dc=0 , 0.1891819 secs] [Times: user=0.19 sys=0.00, real=0.19 secs] 
1767643.781: [GC 1767643.781: [ParNew: 1740078K->73396K(1887488K), 0.2403860 secs] 2042139K->375598K(5033216K) icms_dc=0 , 0.2404823 secs] [Times: user=0.26 sys=0.00, real=0.25 secs] 
1767934.764: [GC 1767934.764: [ParNew: 1751220K->69572K(1887488K), 0.2187874 secs] 2053422K->371967K(5033216K) icms_dc=0 , 0.2188731 secs] [Times: user=0.22 sys=0.00, real=0.22 secs] 
1768213.903: [GC 1768213.903: [ParNew: 1747396K->73764K(1887488K), 0.2165497 secs] 2049791K->376280K(5033216K) icms_dc=0 , 0.2166357 secs] [Times: user=0.22 sys=0.00, real=0.22 secs] 
1768444.431: [GC 1768444.431: [ParNew: 1751588K->47658K(1887488K), 0.1436292 secs] 2054104K->350410K(5033216K) icms_dc=0 , 0.1437217 secs] [Times: user=0.14 sys=0.00, real=0.14 secs] 
1768714.847: [GC 1768714.847: [ParNew: 1725482K->46513K(1887488K), 0.1502812 secs] 2028234K->349429K(5033216K) icms_dc=0 , 0.1503875 secs] [Times: user=0.17 sys=0.00, real=0.16 secs] 
1769083.102: [GC 1769083.102: [ParNew: 1724337K->71941K(1887488K), 0.2054689 secs] 2027253K->375103K(5033216K) icms_dc=0 , 0.2055596 secs] [Times: user=0.23 sys=0.00, real=0.20 secs] 
1769221.023: [GC 1769221.023: [ParNew: 1749765K->62248K(1887488K), 0.1771931 secs] 2052927K->365590K(5033216K) icms_dc=0 , 0.1772941 secs] [Times: user=0.17 sys=0.00, real=0.17 secs] 
1769454.352: [GC 1769454.352: [ParNew: 1740072K->63430K(1887488K), 0.1854240 secs] 2043414K->366910K(5033216K) icms_dc=0 , 0.1855131 secs] [Times: user=0.19 sys=0.00, real=0.19 secs] 
1769778.845: [GC 1769778.845: [ParNew: 1741254K->71681K(1887488K), 0.2123455 secs] 2044734K->375329K(5033216K) icms_dc=0 , 0.2124388 secs] [Times: user=0.20 sys=0.00, real=0.20 secs] 
1769972.477: [GC 1769972.477: [ParNew: 1749505K->66161K(1887488K), 0.1958665 secs] 2053153K->369984K(5033216K) icms_dc=0 , 0.1959610 secs] [Times: user=0.27 sys=0.00, real=0.20 secs] 
1770265.965: [GC 1770265.965: [ParNew: 1743985K->72944K(1887488K), 0.2009795 secs] 2047808K->376937K(5033216K) icms_dc=0 , 0.2010694 secs] [Times: user=0.20 sys=0.00, real=0.20 secs] 
1770503.467: [GC 1770503.467: [ParNew: 1750768K->74140K(1887488K), 0.2658626 secs] 2054761K->378335K(5033216K) icms_dc=0 , 0.2659609 secs] [Times: user=0.26 sys=0.00, real=0.27 secs] 
1770807.681: [GC 1770807.681: [ParNew: 1751964K->79807K(1887488K), 0.2409873 secs] 2056159K->384162K(5033216K) icms_dc=0 , 0.2410748 secs] [Times: user=0.23 sys=0.00, real=0.23 secs] 
1770960.876: [GC 1770960.876: [ParNew: 1757631K->58068K(1887488K), 0.1752844 secs] 2061986K->362570K(5033216K) icms_dc=0 , 0.1753785 secs] [Times: user=0.17 sys=0.00, real=0.17 secs] 
1771078.706: [GC 1771078.706: [ParNew: 1735892K->45200K(1887488K), 0.1176234 secs] 2040394K->349891K(5033216K) icms_dc=0 , 0.1177083 secs] [Times: user=0.11 sys=0.00, real=0.11 secs] 
1771276.806: [GC 1771276.806: [ParNew: 1723024K->51854K(1887488K), 0.1591410 secs] 2027715K->356833K(5033216K) icms_dc=0 , 0.1592297 secs] [Times: user=0.16 sys=0.00, real=0.16 secs] 
1771436.185: [GC 1771436.185: [ParNew: 1729678K->49217K(1887488K), 0.1427234 secs] 2034657K->354445K(5033216K) icms_dc=0 , 0.1428163 secs] [Times: user=0.14 sys=0.00, real=0.14 secs] 
1771584.991: [GC 1771584.992: [ParNew: 1727041K->46253K(1887488K), 0.1497517 secs] 2032269K->351635K(5033216K) icms_dc=0 , 0.1498622 secs] [Times: user=0.14 sys=0.00, real=0.14 secs] 
1771781.697: [GC 1771781.697: [ParNew: 1724077K->52771K(1887488K), 0.1574895 secs] 2029459K->358256K(5033216K) icms_dc=0 , 0.1575728 secs] [Times: user=0.16 sys=0.00, real=0.16 secs] 
1772066.551: [GC 1772066.551: [ParNew: 1730595K->65206K(1887488K), 0.2114946 secs] 2036080K->370884K(5033216K) icms_dc=0 , 0.2115914 secs] [Times: user=0.23 sys=0.00, real=0.22 secs] 
1772269.919: [GC 1772269.919: [ParNew: 1743030K->66230K(1887488K), 0.2264243 secs] 2048708K->372110K(5033216K) icms_dc=0 , 0.2265337 secs] [Times: user=0.22 sys=0.00, real=0.22 secs] 
1772441.307: [GC 1772441.307: [ParNew: 1744054K->55798K(1887488K), 0.1840206 secs] 2049934K->361840K(5033216K) icms_dc=0 , 0.1841292 secs] [Times: user=0.17 sys=0.00, real=0.17 secs] 
1772648.226: [GC 1772648.226: [ParNew: 1733622K->64893K(1887488K), 0.2041193 secs] 2039664K->371159K(5033216K) icms_dc=0 , 0.2042080 secs] [Times: user=0.20 sys=0.00, real=0.20 secs] 
1772881.393: [GC 1772881.393: [ParNew: 1742717K->69168K(1887488K), 0.2084808 secs] 2048983K->375654K(5033216K) icms_dc=0 , 0.2085757 secs] [Times: user=0.22 sys=0.00, real=0.20 secs] 
1773065.240: [GC 1773065.240: [ParNew: 1746992K->75857K(1887488K), 0.2742498 secs] 2053478K->382509K(5033216K) icms_dc=0 , 0.2743469 secs] [Times: user=0.27 sys=0.00, real=0.27 secs] 
1773434.447: [GC 1773434.447: [ParNew: 1753137K->67326K(1887488K), 0.2231037 secs] 2059789K->374102K(5033216K) icms_dc=0 , 0.2232001 secs] [Times: user=0.25 sys=0.00, real=0.23 secs] 
1773747.481: [GC 1773747.481: [ParNew: 1745150K->58740K(1887488K), 0.1709397 secs] 2051926K->365743K(5033216K) icms_dc=0 , 0.1710280 secs] [Times: user=0.20 sys=0.00, real=0.17 secs] 
1774014.646: [GC 1774014.646: [ParNew: 1736564K->63783K(1887488K), 0.1895893 secs] 2043567K->370997K(5033216K) icms_dc=0 , 0.1896796 secs] [Times: user=0.19 sys=0.00, real=0.19 secs] 
1774203.495: [GC 1774203.495: [ParNew: 1741607K->57467K(1887488K), 0.1471022 secs] 2048821K->364845K(5033216K) icms_dc=0 , 0.1471925 secs] [Times: user=0.14 sys=0.00, real=0.14 secs] 
1774373.802: [GC 1774373.802: [ParNew: 1735291K->58380K(1887488K), 0.1764720 secs] 2042669K->366006K(5033216K) icms_dc=0 , 0.1765657 secs] [Times: user=0.25 sys=0.00, real=0.19 secs] 
1774561.141: [GC 1774561.141: [ParNew: 1736204K->66531K(1887488K), 0.2025592 secs] 2043830K->374354K(5033216K) icms_dc=0 , 0.2026536 secs] [Times: user=0.20 sys=0.00, real=0.20 secs] 
1774790.781: [GC 1774790.781: [ParNew: 1744355K->70986K(1887488K), 0.2108983 secs] 2052178K->378978K(5033216K) icms_dc=0 , 0.2109916 secs] [Times: user=0.20 sys=0.00, real=0.20 secs] 
1774934.595: [GC 1774934.595: [ParNew: 1748810K->41652K(1887488K), 0.1265777 secs] 2056802K->349825K(5033216K) icms_dc=0 , 0.1266741 secs] [Times: user=0.12 sys=0.00, real=0.13 secs] 
1775108.260: [GC 1775108.260: [ParNew: 1719476K->28434K(1887488K), 0.0814896 secs] 2027649K->336738K(5033216K) icms_dc=0 , 0.0815856 secs] [Times: user=0.11 sys=0.00, real=0.09 secs] 
1775415.130: [GC 1775415.130: [ParNew: 1706258K->55525K(1887488K), 0.1757732 secs] 2014562K->363960K(5033216K) icms_dc=0 , 0.1758722 secs] [Times: user=0.23 sys=0.00, real=0.19 secs] 
1775664.182: [GC 1775664.182: [ParNew: 1733349K->55279K(1887488K), 0.1862557 secs] 2041784K->363919K(5033216K) icms_dc=0 , 0.1863547 secs] [Times: user=0.19 sys=0.00, real=0.19 secs] 
1775896.798: [GC 1775896.798: [ParNew: 1733103K->69509K(1887488K), 0.2020508 secs] 2041743K->378295K(5033216K) icms_dc=0 , 0.2021403 secs] [Times: user=0.26 sys=0.00, real=0.20 secs] 
1776032.458: [GC 1776032.458: [ParNew: 1747333K->51324K(1887488K), 0.1460187 secs] 2056119K->360168K(5033216K) icms_dc=0 , 0.1461062 secs] [Times: user=0.14 sys=0.00, real=0.14 secs] 
1776389.146: [GC 1776389.146: [ParNew: 1729148K->75976K(1887488K), 0.2707879 secs] 2037992K->384934K(5033216K) icms_dc=0 , 0.2708877 secs] [Times: user=0.26 sys=0.00, real=0.26 secs] 
1776544.339: [GC 1776544.339: [ParNew: 1753800K->61277K(1887488K), 0.2021837 secs] 2062758K->370366K(5033216K) icms_dc=0 , 0.2022750 secs] [Times: user=0.20 sys=0.00, real=0.20 secs] 
1776859.168: [GC 1776859.168: [ParNew: 1739101K->69479K(1887488K), 0.2120775 secs] 2048190K->378777K(5033216K) icms_dc=0 , 0.2121654 secs] [Times: user=0.20 sys=0.00, real=0.20 secs] 
1777161.545: [GC 1777161.545: [ParNew: 1747303K->71858K(1887488K), 0.2507417 secs] 2056601K->381276K(5033216K) icms_dc=0 , 0.2508485 secs] [Times: user=0.26 sys=0.00, real=0.25 secs] 
1777520.224: [GC 1777520.224: [ParNew: 1749682K->60982K(1887488K), 0.1663347 secs] 2059100K->370569K(5033216K) icms_dc=0 , 0.1664242 secs] [Times: user=0.23 sys=0.00, real=0.17 secs] 
1777742.549: [GC 1777742.549: [ParNew: 1738806K->47515K(1887488K), 0.1486773 secs] 2048393K->357236K(5033216K) icms_dc=0 , 0.1487733 secs] [Times: user=0.17 sys=0.00, real=0.16 secs] 
1778018.091: [GC 1778018.091: [ParNew: 1725339K->63889K(1887488K), 0.2149738 secs] 2035060K->373814K(5033216K) icms_dc=0 , 0.2150706 secs] [Times: user=0.22 sys=0.00, real=0.22 secs] 
1778281.639: [GC 1778281.639: [ParNew: 1741713K->59405K(1887488K), 0.1809495 secs] 2051638K->369495K(5033216K) icms_dc=0 , 0.1810398 secs] [Times: user=0.17 sys=0.00, real=0.17 secs] 
1778499.034: [GC 1778499.034: [ParNew: 1737229K->70383K(1887488K), 0.2156596 secs] 2047319K->380761K(5033216K) icms_dc=0 , 0.2157494 secs] [Times: user=0.20 sys=0.00, real=0.20 secs] 
1778778.584: [GC 1778778.584: [ParNew: 1748207K->63591K(1887488K), 0.1713118 secs] 2058585K->374112K(5033216K) icms_dc=0 , 0.1713970 secs] [Times: user=0.17 sys=0.00, real=0.17 secs] 
1779047.803: [GC 1779047.803: [ParNew: 1741415K->65243K(1887488K), 0.1957145 secs] 2051936K->376014K(5033216K) icms_dc=0 , 0.1958028 secs] [Times: user=0.22 sys=0.00, real=0.20 secs] 
1779419.406: [GC 1779419.406: [ParNew: 1743067K->62185K(1887488K), 0.2041615 secs] 2053838K->373129K(5033216K) icms_dc=0 , 0.2042594 secs] [Times: user=0.20 sys=0.00, real=0.20 secs] 
1779636.648: [GC 1779636.649: [ParNew: 1740009K->51269K(1887488K), 0.1543463 secs] 2050953K->362408K(5033216K) icms_dc=0 , 0.1544312 secs] [Times: user=0.16 sys=0.00, real=0.16 secs] 
1779879.684: [GC 1779879.684: [ParNew: 1729093K->67909K(1887488K), 0.2306131 secs] 2040232K->379243K(5033216K) icms_dc=0 , 0.2307156 secs] [Times: user=0.22 sys=0.00, real=0.22 secs] 
1780112.495: [GC 1780112.495: [ParNew: 1745733K->58639K(1887488K), 0.1926554 secs] 2057067K->370197K(5033216K) icms_dc=0 , 0.1927533 secs] [Times: user=0.19 sys=0.00, real=0.19 secs] 
1780518.563: [GC 1780518.563: [ParNew: 1736463K->65685K(1887488K), 0.2012333 secs] 2048021K->377458K(5033216K) icms_dc=0 , 0.2013247 secs] [Times: user=0.20 sys=0.00, real=0.20 secs] 
1780771.650: [GC 1780771.650: [ParNew: 1743509K->78221K(1887488K), 0.2713273 secs] 2055282K->390137K(5033216K) icms_dc=0 , 0.2714237 secs] [Times: user=0.26 sys=0.00, real=0.26 secs] 
1781016.196: [GC 1781016.196: [ParNew: 1756045K->62454K(1887488K), 0.2098435 secs] 2067961K->374585K(5033216K) icms_dc=0 , 0.2099415 secs] [Times: user=0.23 sys=0.00, real=0.22 secs] 
1781289.178: [GC 1781289.178: [ParNew: 1740278K->70279K(1887488K), 0.2347320 secs] 2052409K->382589K(5033216K) icms_dc=0 , 0.2348368 secs] [Times: user=0.23 sys=0.00, real=0.23 secs] 
1781524.225: [GC 1781524.225: [ParNew: 1748103K->59251K(1887488K), 0.1759375 secs] 2060413K->371739K(5033216K) icms_dc=0 , 0.1760285 secs] [Times: user=0.20 sys=0.00, real=0.17 secs] 
1781700.723: [GC 1781700.723: [ParNew: 1737075K->56584K(1887488K), 0.1806930 secs] 2049563K->369296K(5033216K) icms_dc=0 , 0.1807875 secs] [Times: user=0.17 sys=0.00, real=0.17 secs] 
1781980.368: [GC 1781980.368: [ParNew: 1734408K->55254K(1887488K), 0.1762297 secs] 2047120K->368127K(5033216K) icms_dc=0 , 0.1763311 secs] [Times: user=0.17 sys=0.00, real=0.17 secs] 
1782185.422: [GC 1782185.422: [ParNew: 1733078K->64904K(1887488K), 0.1918809 secs] 2045951K->377984K(5033216K) icms_dc=0 , 0.1919700 secs] [Times: user=0.19 sys=0.00, real=0.19 secs] 
1782493.733: [GC 1782493.733: [ParNew: 1742728K->72139K(1887488K), 0.2339118 secs] 2055808K->385453K(5033216K) icms_dc=0 , 0.2340093 secs] [Times: user=0.25 sys=0.00, real=0.23 secs] 
1782732.912: [GC 1782732.912: [ParNew: 1749963K->67468K(1887488K), 0.1992129 secs] 2063277K->380901K(5033216K) icms_dc=0 , 0.1993016 secs] [Times: user=0.17 sys=0.00, real=0.19 secs] 
1783094.230: [GC 1783094.230: [ParNew: 1745292K->76029K(1887488K), 0.2640718 secs] 2058725K->389613K(5033216K) icms_dc=0 , 0.2641697 secs] [Times: user=0.26 sys=0.00, real=0.27 secs] 
1783344.168: [GC 1783344.168: [ParNew: 1753853K->64549K(1887488K), 0.1880999 secs] 2067437K->378304K(5033216K) icms_dc=0 , 0.1881882 secs] [Times: user=0.19 sys=0.00, real=0.19 secs] 
1783642.568: [GC 1783642.568: [ParNew: 1742373K->64404K(1887488K), 0.1898266 secs] 2056128K->378338K(5033216K) icms_dc=0 , 0.1899134 secs] [Times: user=0.19 sys=0.00, real=0.19 secs] 
1783925.444: [GC 1783925.444: [ParNew: 1742228K->60884K(1887488K), 0.1798560 secs] 2056162K->374981K(5033216K) icms_dc=0 , 0.1799408 secs] [Times: user=0.25 sys=0.00, real=0.19 secs] 
1784153.941: [GC 1784153.941: [ParNew: 1738708K->62578K(1887488K), 0.1824854 secs] 2052805K->376914K(5033216K) icms_dc=0 , 0.1825691 secs] [Times: user=0.20 sys=0.00, real=0.19 secs] 
1784263.930: [GC 1784263.930: [ParNew: 1740402K->45179K(1887488K), 0.1084948 secs] 2054738K->359776K(5033216K) icms_dc=0 , 0.1085931 secs] [Times: user=0.11 sys=0.00, real=0.11 secs] 
1784495.847: [GC 1784495.848: [ParNew: 1723003K->55181K(1887488K), 0.1851736 secs] 2037600K->369966K(5033216K) icms_dc=0 , 0.1852773 secs] [Times: user=0.19 sys=0.00, real=0.19 secs] 
1784786.405: [GC 1784786.405: [ParNew: 1733005K->65872K(1887488K), 0.2184553 secs] 2047790K->380924K(5033216K) icms_dc=0 , 0.2185513 secs] [Times: user=0.22 sys=0.00, real=0.22 secs] 
1784965.914: [GC 1784965.915: [ParNew: 1743696K->57267K(1887488K), 0.1729222 secs] 2058748K->372526K(5033216K) icms_dc=0 , 0.1730220 secs] [Times: user=0.16 sys=0.00, real=0.17 secs] 
1785236.244: [GC 1785236.244: [ParNew: 1735091K->67046K(1887488K), 0.2207449 secs] 2050350K->382463K(5033216K) icms_dc=0 , 0.2208436 secs] [Times: user=0.22 sys=0.00, real=0.22 secs] 
1785488.920: [GC 1785488.921: [ParNew: 1744870K->69499K(1887488K), 0.2416431 secs] 2060287K->385106K(5033216K) icms_dc=0 , 0.2417460 secs] [Times: user=0.31 sys=0.00, real=0.25 secs] 
1785728.853: [GC 1785728.853: [ParNew: 1747323K->53128K(1887488K), 0.1549967 secs] 2062930K->368983K(5033216K) icms_dc=0 , 0.1550847 secs] [Times: user=0.17 sys=0.00, real=0.16 secs] 
1786098.897: [GC 1786098.897: [ParNew: 1730952K->67900K(1887488K), 0.2002596 secs] 2046807K->383960K(5033216K) icms_dc=0 , 0.2003494 secs] [Times: user=0.19 sys=0.00, real=0.19 secs] 
1786377.556: [GC 1786377.556: [ParNew: 1745724K->66803K(1887488K), 0.2247110 secs] 2061784K->383035K(5033216K) icms_dc=0 , 0.2248151 secs] [Times: user=0.22 sys=0.00, real=0.22 secs] 
1786697.435: [GC 1786697.435: [ParNew: 1744627K->77226K(1887488K), 0.2635046 secs] 2060859K->393657K(5033216K) icms_dc=0 , 0.2636075 secs] [Times: user=0.25 sys=0.00, real=0.25 secs] 
1786955.339: [GC 1786955.339: [ParNew: 1754230K->62473K(1887488K), 0.1997658 secs] 2070660K->379035K(5033216K) icms_dc=0 , 0.1998641 secs] [Times: user=0.22 sys=0.00, real=0.20 secs] 
1787162.957: [GC 1787162.957: [ParNew: 1740297K->73820K(1887488K), 0.2342908 secs] 2056859K->390638K(5033216K) icms_dc=0 , 0.2343864 secs] [Times: user=0.23 sys=0.00, real=0.23 secs] 
1787695.741: [GC 1787695.741: [ParNew: 1751644K->54909K(1887488K), 0.1791341 secs] 2068462K->371902K(5033216K) icms_dc=0 , 0.1792332 secs] [Times: user=0.17 sys=0.00, real=0.17 secs] 
1787930.918: [GC 1787930.918: [ParNew: 1732733K->48363K(1887488K), 0.1577725 secs] 2049726K->365624K(5033216K) icms_dc=0 , 0.1578815 secs] [Times: user=0.19 sys=0.00, real=0.17 secs] 
1788116.468: [GC 1788116.468: [ParNew: 1726187K->60265K(1887488K), 0.1812540 secs] 2043448K->377724K(5033216K) icms_dc=0 , 0.1813431 secs] [Times: user=0.20 sys=0.00, real=0.19 secs] 
1788334.521: [GC 1788334.521: [ParNew: 1738089K->62684K(1887488K), 0.1826962 secs] 2055548K->380332K(5033216K) icms_dc=0 , 0.1827884 secs] [Times: user=0.22 sys=0.00, real=0.19 secs] 
1788641.719: [GC 1788641.719: [ParNew: 1740508K->50140K(1887488K), 0.1633209 secs] 2058156K->367952K(5033216K) icms_dc=0 , 0.1634192 secs] [Times: user=0.17 sys=0.00, real=0.17 secs] 
1788867.528: [GC 1788867.528: [ParNew: 1727964K->49929K(1887488K), 0.1524153 secs] 2045776K->367879K(5033216K) icms_dc=0 , 0.1525001 secs] [Times: user=0.22 sys=0.00, real=0.16 secs] 
1789241.926: [GC 1789241.926: [ParNew: 1727753K->63309K(1887488K), 0.1827561 secs] 2045703K->381451K(5033216K) icms_dc=0 , 0.1828414 secs] [Times: user=0.19 sys=0.00, real=0.19 secs] 
1789450.347: [GC 1789450.347: [ParNew: 1741133K->61311K(1887488K), 0.1997235 secs] 2059275K->379600K(5033216K) icms_dc=0 , 0.1998195 secs] [Times: user=0.20 sys=0.00, real=0.20 secs] 
1789804.254: [GC 1789804.254: [ParNew: 1739135K->67049K(1887488K), 0.1958389 secs] 2057424K->385520K(5033216K) icms_dc=0 , 0.1959295 secs] [Times: user=0.19 sys=0.00, real=0.19 secs] 
1789977.609: [GC 1789977.609: [ParNew: 1744873K->71381K(1887488K), 0.2496013 secs] 2063344K->390032K(5033216K) icms_dc=0 , 0.2496962 secs] [Times: user=0.25 sys=0.00, real=0.25 secs] 
1790381.830: [GC 1790381.830: [ParNew: 1749205K->61622K(1887488K), 0.2108784 secs] 2067856K->380477K(5033216K) icms_dc=0 , 0.2109801 secs] [Times: user=0.22 sys=0.00, real=0.22 secs] 
1790633.578: [GC 1790633.578: [ParNew: 1739446K->56226K(1887488K), 0.1903066 secs] 2058301K->375226K(5033216K) icms_dc=0 , 0.1904049 secs] [Times: user=0.26 sys=0.00, real=0.20 secs] 
1790905.226: [GC 1790905.226: [ParNew: 1734050K->48273K(1887488K), 0.1533322 secs] 2053050K->367430K(5033216K) icms_dc=0 , 0.1534344 secs] [Times: user=0.16 sys=0.00, real=0.16 secs] 
1791339.406: [GC 1791339.406: [ParNew: 1726097K->61142K(1887488K), 0.1834231 secs] 2045254K->380486K(5033216K) icms_dc=0 , 0.1835099 secs] [Times: user=0.20 sys=0.00, real=0.19 secs] 
1791748.711: [GC 1791748.711: [ParNew: 1738966K->64896K(1887488K), 0.1945745 secs] 2058310K->384475K(5033216K) icms_dc=0 , 0.1946670 secs] [Times: user=0.22 sys=0.00, real=0.20 secs] 
1791946.245: [GC 1791946.245: [ParNew: 1742720K->64742K(1887488K), 0.1777011 secs] 2062299K->384501K(5033216K) icms_dc=0 , 0.1777725 secs] [Times: user=0.25 sys=0.00, real=0.19 secs] 
1792133.537: [GC 1792133.537: [ParNew: 1742566K->66584K(1887488K), 0.2221092 secs] 2062325K->386522K(5033216K) icms_dc=0 , 0.2222060 secs] [Times: user=0.22 sys=0.00, real=0.22 secs] 
1792415.600: [GC 1792415.600: [ParNew: 1744408K->59115K(1887488K), 0.1732328 secs] 2064346K->379247K(5033216K) icms_dc=0 , 0.1733219 secs] [Times: user=0.17 sys=0.00, real=0.17 secs] 
1792654.734: [GC 1792654.734: [ParNew: 1736939K->58080K(1887488K), 0.1937393 secs] 2057071K->378408K(5033216K) icms_dc=0 , 0.1938399 secs] [Times: user=0.19 sys=0.00, real=0.19 secs] 
1792811.765: [GC 1792811.765: [ParNew: 1735904K->47312K(1887488K), 0.1311397 secs] 2056232K->367817K(5033216K) icms_dc=0 , 0.1312284 secs] [Times: user=0.13 sys=0.00, real=0.13 secs] 
1793081.110: [GC 1793081.110: [ParNew: 1725136K->94186K(1887488K), 0.2062307 secs] 2045641K->414988K(5033216K) icms_dc=0 , 0.2063141 secs] [Times: user=0.28 sys=0.00, real=0.22 secs] 
1793259.066: [GC 1793259.066: [ParNew: 1772010K->71414K(1887488K), 0.2072191 secs] 2092812K->392420K(5033216K) icms_dc=0 , 0.2073216 secs] [Times: user=0.27 sys=0.00, real=0.20 secs] 
1793357.110: [GC 1793357.110: [ParNew: 1749238K->76028K(1887488K), 0.1983800 secs] 2070244K->397284K(5033216K) icms_dc=0 , 0.1984664 secs] [Times: user=0.25 sys=0.00, real=0.20 secs] 
1793715.346: [GC 1793715.346: [ParNew: 1753852K->54437K(1887488K), 0.1495570 secs] 2075108K->375907K(5033216K) icms_dc=0 , 0.1496457 secs] [Times: user=0.14 sys=0.00, real=0.14 secs] 
1793864.857: [GC 1793864.857: [ParNew: 1732261K->56629K(1887488K), 0.1682419 secs] 2053731K->378240K(5033216K) icms_dc=0 , 0.1683291 secs] [Times: user=0.19 sys=0.00, real=0.17 secs] 
1794300.417: [GC 1794300.417: [ParNew: 1734453K->64173K(1887488K), 0.2166879 secs] 2056064K->385950K(5033216K) icms_dc=0 , 0.2168000 secs] [Times: user=0.20 sys=0.00, real=0.22 secs] 
1794631.385: [GC 1794631.385: [ParNew: 1741997K->62390K(1887488K), 0.1869027 secs] 2063774K->384235K(5033216K) icms_dc=0 , 0.1869967 secs] [Times: user=0.20 sys=0.00, real=0.19 secs] 
1795112.974: [GC 1795112.974: [ParNew: 1740214K->49531K(1887488K), 0.1505484 secs] 2062059K->371584K(5033216K) icms_dc=0 , 0.1506340 secs] [Times: user=0.16 sys=0.00, real=0.16 secs] 
1795753.611: [GC 1795753.611: [ParNew: 1727355K->58368K(1887488K), 0.1766410 secs] 2049408K->380539K(5033216K) icms_dc=0 , 0.1767316 secs] [Times: user=0.17 sys=0.00, real=0.17 secs] 
1796305.439: [GC 1796305.439: [ParNew: 1736192K->53171K(1887488K), 0.1732247 secs] 2058363K->375516K(5033216K) icms_dc=0 , 0.1733296 secs] [Times: user=0.17 sys=0.00, real=0.17 secs] 
1796892.894: [GC 1796892.894: [ParNew: 1730995K->56854K(1887488K), 0.1784207 secs] 2053340K->379373K(5033216K) icms_dc=0 , 0.1785094 secs] [Times: user=0.20 sys=0.00, real=0.19 secs] 
1797341.751: [GC 1797341.751: [ParNew: 1734678K->34871K(1887488K), 0.1096134 secs] 2057197K->357634K(5033216K) icms_dc=0 , 0.1097174 secs] [Times: user=0.11 sys=0.00, real=0.11 secs] 
1797719.613: [GC 1797719.613: [ParNew: 1712695K->34762K(1887488K), 0.1080821 secs] 2035458K->357677K(5033216K) icms_dc=0 , 0.1081850 secs] [Times: user=0.11 sys=0.00, real=0.11 secs] 
1798316.692: [GC 1798316.692: [ParNew: 1712586K->42372K(1887488K), 0.1407832 secs] 2035501K->365455K(5033216K) icms_dc=0 , 0.1408811 secs] [Times: user=0.16 sys=0.00, real=0.14 secs] 
1798865.422: [GC 1798865.422: [ParNew: 1720196K->47202K(1887488K), 0.1548351 secs] 2043279K->370463K(5033216K) icms_dc=0 , 0.1549319 secs] [Times: user=0.17 sys=0.00, real=0.16 secs] 
1799616.185: [GC 1799616.185: [ParNew: 1725026K->59024K(1887488K), 0.1792389 secs] 2048287K->382387K(5033216K) icms_dc=0 , 0.1793288 secs] [Times: user=0.17 sys=0.00, real=0.17 secs] 
1800304.818: [GC 1800304.818: [ParNew: 1736848K->31391K(1887488K), 0.1020268 secs] 2060211K->354837K(5033216K) icms_dc=0 , 0.1021278 secs] [Times: user=0.13 sys=0.00, real=0.11 secs] 
1801344.511: [GC 1801344.511: [ParNew: 1709215K->41884K(1887488K), 0.1245879 secs] 2032661K->365454K(5033216K) icms_dc=0 , 0.1246774 secs] [Times: user=0.14 sys=0.00, real=0.12 secs] 
1802694.479: [GC 1802694.479: [ParNew: 1719708K->30539K(1887488K), 0.0965037 secs] 2043278K->354298K(5033216K) icms_dc=0 , 0.0965920 secs] [Times: user=0.11 sys=0.00, real=0.09 secs] 
1804017.544: [GC 1804017.544: [ParNew: 1708363K->28346K(1887488K), 0.0932999 secs] 2032122K->352310K(5033216K) icms_dc=0 , 0.0933958 secs] [Times: user=0.09 sys=0.00, real=0.09 secs] 
1805569.552: [GC 1805569.552: [ParNew: 1706170K->21009K(1887488K), 0.0630450 secs] 2030134K->345070K(5033216K) icms_dc=0 , 0.0631360 secs] [Times: user=0.06 sys=0.00, real=0.06 secs] 
1807698.127: [GC 1807698.127: [ParNew: 1698833K->10489K(1887488K), 0.0360720 secs] 2022894K->334731K(5033216K) icms_dc=0 , 0.0361669 secs] [Times: user=0.03 sys=0.00, real=0.03 secs] 
1809849.229: [GC 1809849.229: [ParNew: 1688313K->10395K(1887488K), 0.0343338 secs] 2012555K->334867K(5033216K) icms_dc=0 , 0.0344267 secs] [Times: user=0.06 sys=0.00, real=0.05 secs] 
1812235.349: [GC 1812235.349: [ParNew: 1688219K->4526K(1887488K), 0.0170722 secs] 2012691K->329118K(5033216K) icms_dc=0 , 0.0171463 secs] [Times: user=0.01 sys=0.00, real=0.02 secs] 
1814264.112: [GC 1814264.112: [ParNew: 1682350K->10647K(1887488K), 0.0480232 secs] 2006942K->335369K(5033216K) icms_dc=0 , 0.0481230 secs] [Times: user=0.11 sys=0.00, real=0.05 secs] 
1816724.025: [GC 1816724.025: [ParNew: 1688471K->1753K(1887488K), 0.0196694 secs] 2013193K->326614K(5033216K) icms_dc=0 , 0.0197359 secs] [Times: user=0.09 sys=0.00, real=0.03 secs] 
1819123.980: [GC 1819123.980: [ParNew: 1679577K->4262K(1887488K), 0.0261037 secs] 2004438K->329318K(5033216K) icms_dc=0 , 0.0261905 secs] [Times: user=0.11 sys=0.00, real=0.03 secs] 
1821573.882: [GC 1821573.882: [ParNew: 1682086K->1468K(1887488K), 0.0073569 secs] 2007142K->326659K(5033216K) icms_dc=0 , 0.0074322 secs] [Times: user=0.03 sys=0.00, real=0.02 secs] 
1823683.852: [GC 1823683.852: [ParNew: 1679292K->11902K(1887488K), 0.0424913 secs] 2004483K->337222K(5033216K) icms_dc=0 , 0.0425950 secs] [Times: user=0.09 sys=0.00, real=0.05 secs] 
1825928.811: [GC 1825928.811: [ParNew: 1689726K->7358K(1887488K), 0.0265598 secs] 2015046K->332817K(5033216K) icms_dc=0 , 0.0266528 secs] [Times: user=0.05 sys=0.00, real=0.03 secs] 
1828337.722: [GC 1828337.722: [ParNew: 1685182K->3234K(1887488K), 0.0163972 secs] 2010641K->328843K(5033216K) icms_dc=0 , 0.0164698 secs] [Times: user=0.03 sys=0.00, real=0.02 secs] 
1830782.686: [GC 1830782.686: [ParNew: 1681058K->2228K(1887488K), 0.0201817 secs] 2006667K->327975K(5033216K) icms_dc=0 , 0.0202581 secs] [Times: user=0.08 sys=0.00, real=0.02 secs] 
1833087.622: [GC 1833087.622: [ParNew: 1680052K->5597K(1887488K), 0.0235491 secs] 2005799K->331562K(5033216K) icms_dc=0 , 0.0236455 secs] [Times: user=0.02 sys=0.00, real=0.01 secs] 
1835544.995: [GC 1835544.995: [ParNew: 1683421K->1360K(1887488K), 0.0072402 secs] 2009386K->327494K(5033216K) icms_dc=0 , 0.0073043 secs] [Times: user=0.00 sys=0.00, real=0.00 secs] 
1837872.460: [GC 1837872.460: [ParNew: 1679184K->6130K(1887488K), 0.0231206 secs] 2005318K->332408K(5033216K) icms_dc=0 , 0.0232151 secs] [Times: user=0.02 sys=0.00, real=0.02 secs] 
1840313.409: [GC 1840313.409: [ParNew: 1683954K->1708K(1887488K), 0.0110799 secs] 2010232K->328125K(5033216K) icms_dc=0 , 0.0111429 secs] [Times: user=0.00 sys=0.00, real=0.00 secs] 
1842752.321: [GC 1842752.321: [ParNew: 1679532K->1261K(1887488K), 0.0075697 secs] 2005949K->327958K(5033216K) icms_dc=0 , 0.0076345 secs] [Times: user=0.03 sys=0.00, real=0.02 secs] 
1845043.312: [GC 1845043.312: [ParNew: 1679085K->7069K(1887488K), 0.0299841 secs] 2005782K->333907K(5033216K) icms_dc=0 , 0.0300947 secs] [Times: user=0.05 sys=0.00, real=0.03 secs] 
1847226.470: [GC 1847226.471: [ParNew: 1684893K->9220K(1887488K), 0.0367017 secs] 2011731K->336210K(5033216K) icms_dc=0 , 0.0367943 secs] [Times: user=0.03 sys=0.00, real=0.03 secs] 
1849552.169: [GC 1849552.169: [ParNew: 1687044K->1795K(1887488K), 0.0095106 secs] 2014034K->328923K(5033216K) icms_dc=0 , 0.0095763 secs] [Times: user=0.03 sys=0.00, real=0.02 secs] 
1851843.727: [GC 1851843.727: [ParNew: 1679619K->7013K(1887488K), 0.0223634 secs] 2006747K->334282K(5033216K) icms_dc=0 , 0.0224594 secs] [Times: user=0.02 sys=0.00, real=0.02 secs] 
1854142.080: [GC 1854142.080: [ParNew: 1684837K->7482K(1887488K), 0.0267918 secs] 2012106K->334898K(5033216K) icms_dc=0 , 0.0268782 secs] [Times: user=0.02 sys=0.00, real=0.02 secs] 
1855585.219: [GC 1855585.219: [ParNew: 1685306K->37526K(1887488K), 0.1182939 secs] 2012722K->365092K(5033216K) icms_dc=0 , 0.1183879 secs] [Times: user=0.11 sys=0.00, real=0.11 secs] 
1857977.998: [GC 1857977.998: [ParNew: 1715350K->3482K(1887488K), 0.0230054 secs] 2042916K->331182K(5033216K) icms_dc=0 , 0.0230761 secs] [Times: user=0.06 sys=0.00, real=0.02 secs] 
1860257.444: [GC 1860257.444: [ParNew: 1681306K->6925K(1887488K), 0.0257224 secs] 2009006K->334777K(5033216K) icms_dc=0 , 0.0258111 secs] [Times: user=0.02 sys=0.00, real=0.02 secs] 
1862251.900: [GC 1862251.900: [ParNew: 1684749K->17920K(1887488K), 0.0613095 secs] 2012601K->345940K(5033216K) icms_dc=0 , 0.0614028 secs] [Times: user=0.08 sys=0.00, real=0.06 secs] 
1864538.278: [GC 1864538.278: [ParNew: 1695744K->3787K(1887488K), 0.0159771 secs] 2023764K->331922K(5033216K) icms_dc=0 , 0.0160570 secs] [Times: user=0.01 sys=0.00, real=0.02 secs] 
1866987.620: [GC 1866987.620: [ParNew: 1681611K->1396K(1887488K), 0.0111633 secs] 2009746K->329669K(5033216K) icms_dc=0 , 0.0112420 secs] [Times: user=0.00 sys=0.00, real=0.00 secs] 
1869437.819: [GC 1869437.819: [ParNew: 1679220K->1388K(1887488K), 0.0104948 secs] 2007493K->329797K(5033216K) icms_dc=0 , 0.0105593 secs] [Times: user=0.00 sys=0.00, real=0.00 secs] 
1871672.665: [GC 1871672.665: [ParNew: 1679212K->8858K(1887488K), 0.0335148 secs] 2007621K->337455K(5033216K) icms_dc=0 , 0.0336058 secs] [Times: user=0.06 sys=0.00, real=0.05 secs] 
1873952.610: [GC 1873952.610: [ParNew: 1686682K->5588K(1887488K), 0.0293682 secs] 2015279K->334335K(5033216K) icms_dc=0 , 0.0294496 secs] [Times: user=0.05 sys=0.00, real=0.03 secs] 
1876276.572: [GC 1876276.572: [ParNew: 1683412K->4373K(1887488K), 0.0172792 secs] 2012159K->333259K(5033216K) icms_dc=0 , 0.0173656 secs] [Times: user=0.02 sys=0.00, real=0.01 secs] 
1878532.498: [GC 1878532.498: [ParNew: 1682197K->5954K(1887488K), 0.0322937 secs] 2011083K->334980K(5033216K) icms_dc=0 , 0.0323755 secs] [Times: user=0.08 sys=0.00, real=0.03 secs] 
1880991.449: [GC 1880991.449: [ParNew: 1683778K->1800K(1887488K), 0.0100559 secs] 2012804K->330991K(5033216K) icms_dc=0 , 0.0101327 secs] [Times: user=0.03 sys=0.00, real=0.02 secs] 
1883437.410: [GC 1883437.410: [ParNew: 1679624K->1325K(1887488K), 0.0164994 secs] 2008815K->330663K(5033216K) icms_dc=0 , 0.0165769 secs] [Times: user=0.03 sys=0.00, real=0.02 secs] 
1885762.346: [GC 1885762.346: [ParNew: 1679149K->6140K(1887488K), 0.0323978 secs] 2008487K->335625K(5033216K) icms_dc=0 , 0.0324857 secs] [Times: user=0.09 sys=0.00, real=0.03 secs] 
1887856.998: [GC 1887856.998: [ParNew: 1683964K->6956K(1887488K), 0.0246258 secs] 2013449K->336615K(5033216K) icms_dc=0 , 0.0247172 secs] [Times: user=0.05 sys=0.00, real=0.03 secs] 
1890087.245: [GC 1890087.245: [ParNew: 1684780K->8781K(1887488K), 0.0393531 secs] 2014439K->338581K(5033216K) icms_dc=0 , 0.0394545 secs] [Times: user=0.06 sys=0.00, real=0.05 secs] 
1892437.161: [GC 1892437.161: [ParNew: 1686605K->4709K(1887488K), 0.0179646 secs] 2016405K->334648K(5033216K) icms_dc=0 , 0.0180399 secs] [Times: user=0.02 sys=0.00, real=0.02 secs] 
1894840.843: [GC 1894840.843: [ParNew: 1682533K->3576K(1887488K), 0.0156051 secs] 2012472K->333658K(5033216K) icms_dc=0 , 0.0156938 secs] [Times: user=0.02 sys=0.00, real=0.02 secs] 
1897282.020: [GC 1897282.020: [ParNew: 1681400K->1627K(1887488K), 0.0214588 secs] 2011482K->331995K(5033216K) icms_dc=0 , 0.0215240 secs] [Times: user=0.03 sys=0.00, real=0.03 secs] 
1899731.961: [GC 1899731.961: [ParNew: 1679451K->1703K(1887488K), 0.0208164 secs] 2009819K->332328K(5033216K) icms_dc=0 , 0.0208782 secs] [Times: user=0.03 sys=0.00, real=0.02 secs] 
1902176.904: [GC 1902176.904: [ParNew: 1679527K->1663K(1887488K), 0.0183958 secs] 2010152K->332478K(5033216K) icms_dc=0 , 0.0184634 secs] [Times: user=0.06 sys=0.00, real=0.02 secs] 
1904620.535: [GC 1904620.535: [ParNew: 1679487K->989K(1887488K), 0.0071769 secs] 2010302K->331981K(5033216K) icms_dc=0 , 0.0072467 secs] [Times: user=0.00 sys=0.00, real=0.00 secs] 
1906966.773: [GC 1906966.773: [ParNew: 1678813K->5079K(1887488K), 0.0233633 secs] 2009805K->336210K(5033216K) icms_dc=0 , 0.0234443 secs] [Times: user=0.08 sys=0.00, real=0.03 secs] 
1909249.284: [GC 1909249.284: [ParNew: 1682903K->6928K(1887488K), 0.0265790 secs] 2014034K->338199K(5033216K) icms_dc=0 , 0.0266823 secs] [Times: user=0.02 sys=0.00, real=0.02 secs] 
1911643.218: [GC 1911643.218: [ParNew: 1684752K->2834K(1887488K), 0.0171079 secs] 2016023K->334245K(5033216K) icms_dc=0 , 0.0171855 secs] [Times: user=0.01 sys=0.00, real=0.01 secs] 
1913952.912: [GC 1913952.912: [ParNew: 1680658K->2268K(1887488K), 0.0128378 secs] 2012069K->333818K(5033216K) icms_dc=0 , 0.0130194 secs] [Times: user=0.00 sys=0.00, real=0.00 secs] 
1916229.379: [GC 1916229.379: [ParNew: 1680092K->6643K(1887488K), 0.0256832 secs] 2011642K->338336K(5033216K) icms_dc=0 , 0.0257888 secs] [Times: user=0.02 sys=0.00, real=0.01 secs] 
1918266.509: [GC 1918266.509: [ParNew: 1684467K->8705K(1887488K), 0.0336127 secs] 2016160K->340540K(5033216K) icms_dc=0 , 0.0337044 secs] [Times: user=0.05 sys=0.00, real=0.03 secs] 
1920723.739: [GC 1920723.739: [ParNew: 1686529K->1707K(1887488K), 0.0088114 secs] 2018364K->333688K(5033216K) icms_dc=0 , 0.0088836 secs] [Times: user=0.00 sys=0.00, real=0.00 secs] 
1923172.160: [GC 1923172.160: [ParNew: 1679531K->1796K(1887488K), 0.0093759 secs] 2011512K->333917K(5033216K) icms_dc=0 , 0.0094388 secs] [Times: user=0.00 sys=0.00, real=0.00 secs] 
1925616.369: [GC 1925616.369: [ParNew: 1679620K->2506K(1887488K), 0.0152234 secs] 2011741K->334845K(5033216K) icms_dc=0 , 0.0153014 secs] [Times: user=0.01 sys=0.00, real=0.01 secs] 
1927536.322: [GC 1927536.322: [ParNew: 1680330K->12305K(1887488K), 0.0400642 secs] 2012669K->344819K(5033216K) icms_dc=0 , 0.0401544 secs] [Times: user=0.06 sys=0.00, real=0.05 secs] 
1929686.236: [GC 1929686.236: [ParNew: 1690129K->5469K(1887488K), 0.0217471 secs] 2022643K->338124K(5033216K) icms_dc=0 , 0.0218308 secs] [Times: user=0.01 sys=0.00, real=0.02 secs] 
1932140.132: [GC 1932140.132: [ParNew: 1683293K->2275K(1887488K), 0.0176559 secs] 2015948K->335070K(5033216K) icms_dc=0 , 0.0177346 secs] [Times: user=0.06 sys=0.00, real=0.02 secs] 
1934496.098: [GC 1934496.098: [ParNew: 1680099K->5075K(1887488K), 0.0223538 secs] 2012894K->338050K(5033216K) icms_dc=0 , 0.0224502 secs] [Times: user=0.01 sys=0.00, real=0.02 secs] 
1936951.047: [GC 1936951.047: [ParNew: 1682899K->1934K(1887488K), 0.0092879 secs] 2015874K->335071K(5033216K) icms_dc=0 , 0.0093690 secs] [Times: user=0.03 sys=0.00, real=0.02 secs] 
1939400.961: [GC 1939400.961: [ParNew: 1679758K->1808K(1887488K), 0.0209166 secs] 2012895K->335375K(5033216K) icms_dc=0 , 0.0209819 secs] [Times: user=0.03 sys=0.00, real=0.02 secs] 
1941484.921: [GC 1941484.921: [ParNew: 1679632K->7517K(1887488K), 0.0394679 secs] 2013199K->341226K(5033216K) icms_dc=0 , 0.0395574 secs] [Times: user=0.11 sys=0.00, real=0.05 secs] 
1943935.843: [GC 1943935.843: [ParNew: 1685341K->1988K(1887488K), 0.0174313 secs] 2019050K->335842K(5033216K) icms_dc=0 , 0.0174965 secs] [Times: user=0.06 sys=0.00, real=0.02 secs] 
1946245.779: [GC 1946245.779: [ParNew: 1679812K->2938K(1887488K), 0.0120145 secs] 2013666K->336932K(5033216K) icms_dc=0 , 0.0120929 secs] [Times: user=0.03 sys=0.00, real=0.02 secs] 
1948305.765: [GC 1948305.765: [ParNew: 1680762K->10238K(1887488K), 0.0365209 secs] 2014756K->344373K(5033216K) icms_dc=0 , 0.0366057 secs] [Times: user=0.03 sys=0.00, real=0.03 secs] 
1950755.668: [GC 1950755.668: [ParNew: 1688062K->2539K(1887488K), 0.0163907 secs] 2022197K->336881K(5033216K) icms_dc=0 , 0.0164590 secs] [Times: user=0.06 sys=0.00, real=0.02 secs] 
1952258.432: [GC 1952258.432: [ParNew: 1680363K->25769K(1887488K), 0.0914810 secs] 2014705K->360251K(5033216K) icms_dc=0 , 0.0915927 secs] [Times: user=0.08 sys=0.00, real=0.08 secs] 
1953613.670: [GC 1953613.670: [ParNew: 1703593K->22400K(1887488K), 0.0810622 secs] 2038075K->357020K(5033216K) icms_dc=0 , 0.0811667 secs] [Times: user=0.08 sys=0.00, real=0.08 secs] 
1955174.555: [GC 1955174.555: [ParNew: 1700224K->22030K(1887488K), 0.0780200 secs] 2034844K->356778K(5033216K) icms_dc=0 , 0.0781137 secs] [Times: user=0.09 sys=0.00, real=0.08 secs] 
1957494.519: [GC 1957494.519: [ParNew: 1699854K->6164K(1887488K), 0.0304856 secs] 2034602K->341052K(5033216K) icms_dc=0 , 0.0305831 secs] [Times: user=0.09 sys=0.00, real=0.03 secs] 
1959948.111: [GC 1959948.111: [ParNew: 1683988K->1744K(1887488K), 0.0083019 secs] 2018876K->336782K(5033216K) icms_dc=0 , 0.0083806 secs] [Times: user=0.03 sys=0.00, real=0.02 secs] 
1962309.390: [GC 1962309.390: [ParNew: 1679568K->3705K(1887488K), 0.0175361 secs] 2014606K->338843K(5033216K) icms_dc=0 , 0.0176186 secs] [Times: user=0.03 sys=0.00, real=0.02 secs] 
1964727.277: [GC 1964727.277: [ParNew: 1681529K->3417K(1887488K), 0.0119205 secs] 2016667K->338758K(5033216K) icms_dc=0 , 0.0119976 secs] [Times: user=0.00 sys=0.00, real=0.00 secs] 
1966920.309: [GC 1966920.309: [ParNew: 1681241K->7830K(1887488K), 0.0343722 secs] 2016582K->343313K(5033216K) icms_dc=0 , 0.0344578 secs] [Times: user=0.09 sys=0.00, real=0.03 secs] 
1969370.229: [GC 1969370.229: [ParNew: 1685654K->1759K(1887488K), 0.0086482 secs] 2021137K->337382K(5033216K) icms_dc=0 , 0.0087258 secs] [Times: user=0.03 sys=0.00, real=0.02 secs] 
1971649.178: [GC 1971649.178: [ParNew: 1679583K->5143K(1887488K), 0.0242794 secs] 2015206K->340903K(5033216K) icms_dc=0 , 0.0243551 secs] [Times: user=0.05 sys=0.00, real=0.03 secs] 
1973505.141: [GC 1973505.141: [ParNew: 1682967K->16130K(1887488K), 0.0606548 secs] 2018727K->352056K(5033216K) icms_dc=0 , 0.0607558 secs] [Times: user=0.12 sys=0.00, real=0.06 secs] 
1975670.084: [GC 1975670.084: [ParNew: 1693954K->9970K(1887488K), 0.0366345 secs] 2029880K->346086K(5033216K) icms_dc=0 , 0.0367252 secs] [Times: user=0.03 sys=0.00, real=0.03 secs] 
1978000.042: [GC 1978000.042: [ParNew: 1687794K->6650K(1887488K), 0.0236893 secs] 2023910K->342906K(5033216K) icms_dc=0 , 0.0239623 secs] [Times: user=0.03 sys=0.00, real=0.03 secs] 
1980046.965: [GC 1980046.965: [ParNew: 1684474K->14206K(1887488K), 0.0496827 secs] 2020730K->350598K(5033216K) icms_dc=0 , 0.0497818 secs] [Times: user=0.05 sys=0.00, real=0.05 secs] 
1981194.504: [GC 1981194.505: [ParNew: 1692030K->39410K(1887488K), 0.1345551 secs] 2028422K->375939K(5033216K) icms_dc=0 , 0.1346596 secs] [Times: user=0.16 sys=0.00, real=0.14 secs] 
1982757.189: [GC 1982757.189: [ParNew: 1717234K->23624K(1887488K), 0.0746061 secs] 2053763K->360338K(5033216K) icms_dc=0 , 0.0746963 secs] [Times: user=0.09 sys=0.00, real=0.08 secs] 
1984708.860: [GC 1984708.860: [ParNew: 1701448K->14865K(1887488K), 0.0550280 secs] 2038162K->351734K(5033216K) icms_dc=0 , 0.0551244 secs] [Times: user=0.08 sys=0.00, real=0.06 secs] 
1986353.826: [GC 1986353.826: [ParNew: 1692689K->22434K(1887488K), 0.0694612 secs] 2029558K->359472K(5033216K) icms_dc=0 , 0.0695591 secs] [Times: user=0.09 sys=0.00, real=0.08 secs] 
1987998.682: [GC 1987998.682: [ParNew: 1700258K->33665K(1887488K), 0.1020625 secs] 2037296K->370850K(5033216K) icms_dc=0 , 0.1021589 secs] [Times: user=0.13 sys=0.00, real=0.11 secs] 
1989464.749: [GC 1989464.749: [ParNew: 1711489K->32372K(1887488K), 0.1029591 secs] 2048674K->369693K(5033216K) icms_dc=0 , 0.1030539 secs] [Times: user=0.09 sys=0.00, real=0.09 secs] 
1991323.664: [GC 1991323.664: [ParNew: 1710196K->17358K(1887488K), 0.0565117 secs] 2047517K->354855K(5033216K) icms_dc=0 , 0.0566027 secs] [Times: user=0.05 sys=0.00, real=0.05 secs] 
1993389.584: [GC 1993389.584: [ParNew: 1695182K->12361K(1887488K), 0.0398799 secs] 2032679K->349991K(5033216K) icms_dc=0 , 0.0399678 secs] [Times: user=0.03 sys=0.00, real=0.03 secs] 
1994425.246: [GC 1994425.246: [ParNew: 1690185K->35757K(1887488K), 0.1163095 secs] 2027815K->373659K(5033216K) icms_dc=0 , 0.1163993 secs] [Times: user=0.14 sys=0.00, real=0.13 secs] 
1995915.019: [GC 1995915.019: [ParNew: 1713581K->31906K(1887488K), 0.0993025 secs] 2051483K->369990K(5033216K) icms_dc=0 , 0.0994043 secs] [Times: user=0.14 sys=0.00, real=0.11 secs] 
1997016.845: [GC 1997016.845: [ParNew: 1709730K->38592K(1887488K), 0.1321657 secs] 2047814K->376821K(5033216K) icms_dc=0 , 0.1322594 secs] [Times: user=0.13 sys=0.00, real=0.13 secs] 
1999072.002: [GC 1999072.002: [ParNew: 1716416K->15073K(1887488K), 0.0424418 secs] 2054645K->353469K(5033216K) icms_dc=0 , 0.0425370 secs] [Times: user=0.03 sys=0.00, real=0.03 secs] 
2000244.452: [GC 2000244.452: [ParNew: 1692897K->37363K(1887488K), 0.1237939 secs] 2031293K->375879K(5033216K) icms_dc=0 , 0.1238891 secs] [Times: user=0.14 sys=0.00, real=0.13 secs] 
2001757.441: [GC 2001757.441: [ParNew: 1715187K->31874K(1887488K), 0.0923295 secs] 2053703K->370566K(5033216K) icms_dc=0 , 0.0924225 secs] [Times: user=0.16 sys=0.00, real=0.09 secs] 
2003368.372: [GC 2003368.372: [ParNew: 1709698K->29945K(1887488K), 0.0932077 secs] 2048390K->368796K(5033216K) icms_dc=0 , 0.0933102 secs] [Times: user=0.08 sys=0.00, real=0.08 secs] 
2004868.312: [GC 2004868.312: [ParNew: 1707769K->25167K(1887488K), 0.0828972 secs] 2046620K->364165K(5033216K) icms_dc=0 , 0.0829921 secs] [Times: user=0.08 sys=0.00, real=0.08 secs] 
2006482.032: [GC 2006482.032: [ParNew: 1702991K->26113K(1887488K), 0.0898936 secs] 2041989K->365258K(5033216K) icms_dc=0 , 0.0899927 secs] [Times: user=0.11 sys=0.00, real=0.09 secs] 
2007794.953: [GC 2007794.953: [ParNew: 1703937K->32483K(1887488K), 0.1110617 secs] 2043082K->371792K(5033216K) icms_dc=0 , 0.1111615 secs] [Times: user=0.11 sys=0.00, real=0.11 secs] 
2008855.571: [GC 2008855.571: [ParNew: 1710307K->34082K(1887488K), 0.1035969 secs] 2049616K->373545K(5033216K) icms_dc=0 , 0.1036879 secs] [Times: user=0.11 sys=0.00, real=0.11 secs] 
2010218.179: [GC 2010218.179: [ParNew: 1711906K->37528K(1887488K), 0.1102093 secs] 2051369K->377130K(5033216K) icms_dc=0 , 0.1102953 secs] [Times: user=0.14 sys=0.00, real=0.13 secs] 
2011106.327: [GC 2011106.328: [ParNew: 1715352K->39109K(1887488K), 0.1174057 secs] 2054954K->378844K(5033216K) icms_dc=0 , 0.1174971 secs] [Times: user=0.11 sys=0.00, real=0.11 secs] 
2012094.127: [GC 2012094.127: [ParNew: 1716933K->43218K(1887488K), 0.1329037 secs] 2056668K->383082K(5033216K) icms_dc=0 , 0.1329912 secs] [Times: user=0.16 sys=0.00, real=0.14 secs] 
2013110.475: [GC 2013110.475: [ParNew: 1721042K->36307K(1887488K), 0.1142283 secs] 2060906K->376267K(5033216K) icms_dc=0 , 0.1143182 secs] [Times: user=0.11 sys=0.00, real=0.11 secs] 
2013980.404: [GC 2013980.404: [ParNew: 1714131K->47743K(1887488K), 0.1471046 secs] 2054091K->387864K(5033216K) icms_dc=0 , 0.1472021 secs] [Times: user=0.22 sys=0.00, real=0.16 secs] 
2015002.821: [GC 2015002.821: [ParNew: 1725567K->49530K(1887488K), 0.1569857 secs] 2065688K->389829K(5033216K) icms_dc=0 , 0.1570752 secs] [Times: user=0.16 sys=0.00, real=0.16 secs] 
2015467.714: [GC 2015467.714: [ParNew: 1727354K->65506K(1887488K), 0.1998721 secs] 2067653K->405948K(5033216K) icms_dc=0 , 0.1999662 secs] [Times: user=0.19 sys=0.00, real=0.19 secs] 
2015842.998: [GC 2015842.998: [ParNew: 1743330K->71568K(1887488K), 0.2264124 secs] 2083772K->412172K(5033216K) icms_dc=0 , 0.2264961 secs] [Times: user=0.25 sys=0.00, real=0.23 secs] 
2016877.711: [GC 2016877.711: [ParNew: 1749392K->43897K(1887488K), 0.1203009 secs] 2089996K->384628K(5033216K) icms_dc=0 , 0.1203907 secs] [Times: user=0.13 sys=0.00, real=0.13 secs] 
2017663.989: [GC 2017663.989: [ParNew: 1721721K->43455K(1887488K), 0.1245545 secs] 2062452K->384378K(5033216K) icms_dc=0 , 0.1246421 secs] [Times: user=0.13 sys=0.00, real=0.13 secs] 
2018452.381: [GC 2018452.381: [ParNew: 1721279K->53473K(1887488K), 0.1591993 secs] 2062202K->394573K(5033216K) icms_dc=0 , 0.1592853 secs] [Times: user=0.19 sys=0.00, real=0.17 secs] 
2019277.199: [GC 2019277.199: [ParNew: 1731297K->53462K(1887488K), 0.1638231 secs] 2072397K->394832K(5033216K) icms_dc=0 , 0.1639157 secs] [Times: user=0.19 sys=0.00, real=0.17 secs] 
2019892.918: [GC 2019892.918: [ParNew: 1731286K->54362K(1887488K), 0.1662660 secs] 2072656K->395905K(5033216K) icms_dc=0 , 0.1663604 secs] [Times: user=0.19 sys=0.00, real=0.17 secs] 
2020486.395: [GC 2020486.395: [ParNew: 1732186K->56289K(1887488K), 0.1735496 secs] 2073729K->397937K(5033216K) icms_dc=0 , 0.1736367 secs] [Times: user=0.17 sys=0.00, real=0.17 secs] 
2021019.737: [GC 2021019.737: [ParNew: 1734113K->60674K(1887488K), 0.1837982 secs] 2075761K->402503K(5033216K) icms_dc=0 , 0.1840866 secs] [Times: user=0.19 sys=0.00, real=0.19 secs] 
2021494.318: [GC 2021494.318: [ParNew: 1738498K->60758K(1887488K), 0.2170830 secs] 2080327K->402776K(5033216K) icms_dc=0 , 0.2171847 secs] [Times: user=0.20 sys=0.00, real=0.20 secs] 
2021866.907: [GC 2021866.907: [ParNew: 1738582K->55594K(1887488K), 0.1732278 secs] 2080600K->397801K(5033216K) icms_dc=0 , 0.1733134 secs] [Times: user=0.17 sys=0.00, real=0.17 secs] 
2022463.071: [GC 2022463.071: [ParNew: 1733418K->60133K(1887488K), 0.2005330 secs] 2075625K->402518K(5033216K) icms_dc=0 , 0.2006309 secs] [Times: user=0.22 sys=0.00, real=0.20 secs] 
2023065.445: [GC 2023065.445: [ParNew: 1737957K->65531K(1887488K), 0.1978559 secs] 2080342K->408175K(5033216K) icms_dc=0 , 0.1979415 secs] [Times: user=0.20 sys=0.00, real=0.20 secs] 
2023632.381: [GC 2023632.381: [ParNew: 1743355K->66412K(1887488K), 0.2169394 secs] 2085999K->409225K(5033216K) icms_dc=0 , 0.2170434 secs] [Times: user=0.23 sys=0.00, real=0.22 secs] 
2023681.968: [GC 2023681.968: [ParNew: 1744236K->31264K(1887488K), 0.0848021 secs] 2087049K->374228K(5033216K) icms_dc=0 , 0.0848924 secs] [Times: user=0.08 sys=0.00, real=0.08 secs] 
2023912.138: [GC 2023912.138: [ParNew: 1709088K->43660K(1887488K), 0.1370003 secs] 2052052K->386741K(5033216K) icms_dc=0 , 0.1370970 secs] [Times: user=0.14 sys=0.00, real=0.14 secs] 
2024217.385: [GC 2024217.385: [ParNew: 1721484K->66230K(1887488K), 0.1970350 secs] 2064565K->409508K(5033216K) icms_dc=0 , 0.1971271 secs] [Times: user=0.19 sys=0.00, real=0.19 secs] 
2024411.446: [GC 2024411.446: [ParNew: 1744054K->51814K(1887488K), 0.1500235 secs] 2087332K->395270K(5033216K) icms_dc=0 , 0.1501207 secs] [Times: user=0.14 sys=0.00, real=0.14 secs] 
2024620.318: [GC 2024620.318: [ParNew: 1729638K->40974K(1887488K), 0.0994768 secs] 2073094K->384449K(5033216K) icms_dc=0 , 0.0995655 secs] [Times: user=0.17 sys=0.00, real=0.11 secs] 
2024991.684: [GC 2024991.684: [ParNew: 1718798K->56046K(1887488K), 0.1763898 secs] 2062273K->399622K(5033216K) icms_dc=0 , 0.1764904 secs] [Times: user=0.17 sys=0.00, real=0.17 secs] 
2025250.527: [GC 2025250.527: [ParNew: 1733870K->77962K(1887488K), 0.2684629 secs] 2077446K->421696K(5033216K) icms_dc=0 , 0.2685696 secs] [Times: user=0.27 sys=0.00, real=0.26 secs] 
2025637.459: [GC 2025637.459: [ParNew: 1755786K->59806K(1887488K), 0.1804673 secs] 2099520K->403655K(5033216K) icms_dc=0 , 0.1805571 secs] [Times: user=0.17 sys=0.00, real=0.17 secs] 
2025967.101: [GC 2025967.101: [ParNew: 1737630K->65910K(1887488K), 0.1957271 secs] 2081479K->409826K(5033216K) icms_dc=0 , 0.1958189 secs] [Times: user=0.22 sys=0.00, real=0.20 secs] 
2026201.115: [GC 2026201.116: [ParNew: 1743734K->64708K(1887488K), 0.2384792 secs] 2087650K->408752K(5033216K) icms_dc=0 , 0.2385771 secs] [Times: user=0.23 sys=0.00, real=0.23 secs] 
2026520.249: [GC 2026520.249: [ParNew: 1742532K->74775K(1887488K), 0.2613763 secs] 2086576K->418981K(5033216K) icms_dc=0 , 0.2614746 secs] [Times: user=0.25 sys=0.00, real=0.25 secs] 
2026740.827: [GC 2026740.827: [ParNew: 1752599K->55376K(1887488K), 0.1786034 secs] 2096805K->399759K(5033216K) icms_dc=0 , 0.1787044 secs] [Times: user=0.17 sys=0.00, real=0.17 secs] 
2027142.337: [GC 2027142.337: [ParNew: 1733200K->69413K(1887488K), 0.2316152 secs] 2077583K->413991K(5033216K) icms_dc=0 , 0.2317139 secs] [Times: user=0.28 sys=0.00, real=0.23 secs] 
2027514.456: [GC 2027514.456: [ParNew: 1747237K->67578K(1887488K), 0.2050374 secs] 2091815K->412296K(5033216K) icms_dc=0 , 0.2051257 secs] [Times: user=0.20 sys=0.00, real=0.20 secs] 
2027705.847: [GC 2027705.847: [ParNew: 1745402K->61930K(1887488K), 0.1991948 secs] 2090120K->406862K(5033216K) icms_dc=0 , 0.1992797 secs] [Times: user=0.22 sys=0.00, real=0.20 secs] 
2027977.065: [GC 2027977.065: [ParNew: 1739754K->59905K(1887488K), 0.1803905 secs] 2084686K->404990K(5033216K) icms_dc=0 , 0.1804799 secs] [Times: user=0.20 sys=0.00, real=0.19 secs] 
2028344.080: [GC 2028344.080: [ParNew: 1737729K->70818K(1887488K), 0.2135074 secs] 2082814K->416164K(5033216K) icms_dc=0 , 0.2135984 secs] [Times: user=0.20 sys=0.00, real=0.20 secs] 
2028672.792: [GC 2028672.792: [ParNew: 1748642K->60953K(1887488K), 0.1825641 secs] 2093988K->406475K(5033216K) icms_dc=0 , 0.1829381 secs] [Times: user=0.17 sys=0.00, real=0.17 secs] 
2028858.052: [GC 2028858.052: [ParNew: 1738777K->75554K(1887488K), 0.2524404 secs] 2084299K->421241K(5033216K) icms_dc=0 , 0.2525399 secs] [Times: user=0.25 sys=0.00, real=0.25 secs] 
2029141.438: [GC 2029141.438: [ParNew: 1753378K->79515K(1887488K), 0.2467738 secs] 2099065K->425356K(5033216K) icms_dc=0 , 0.2468628 secs] [Times: user=0.25 sys=0.00, real=0.25 secs] 
2029458.008: [GC 2029458.008: [ParNew: 1757339K->75966K(1887488K), 0.2183570 secs] 2103180K->421988K(5033216K) icms_dc=0 , 0.2184442 secs] [Times: user=0.26 sys=0.00, real=0.22 secs] 
2029753.309: [GC 2029753.309: [ParNew: 1753790K->63303K(1887488K), 0.1827081 secs] 2099812K->409523K(5033216K) icms_dc=0 , 0.1827976 secs] [Times: user=0.17 sys=0.00, real=0.17 secs] 
2030043.101: [GC 2030043.101: [ParNew: 1741127K->63108K(1887488K), 0.2111084 secs] 2087347K->409547K(5033216K) icms_dc=0 , 0.2112136 secs] [Times: user=0.20 sys=0.00, real=0.20 secs] 
2030287.238: [GC 2030287.238: [ParNew: 1740932K->57905K(1887488K), 0.1995342 secs] 2087371K->404623K(5033216K) icms_dc=0 , 0.1996298 secs] [Times: user=0.20 sys=0.00, real=0.20 secs] 
2030526.309: [GC 2030526.309: [ParNew: 1735729K->50656K(1887488K), 0.1500792 secs] 2082447K->397590K(5033216K) icms_dc=0 , 0.1501767 secs] [Times: user=0.22 sys=0.00, real=0.16 secs] 
2030688.286: [GC 2030688.286: [ParNew: 1728480K->60495K(1887488K), 0.1814130 secs] 2075414K->408247K(5033216K) icms_dc=0 , 0.1815067 secs] [Times: user=0.19 sys=0.00, real=0.19 secs] 
2031078.653: [GC 2031078.653: [ParNew: 1738319K->71367K(1887488K), 0.2113023 secs] 2086071K->419359K(5033216K) icms_dc=0 , 0.2113887 secs] [Times: user=0.28 sys=0.00, real=0.22 secs] 
2031426.624: [GC 2031426.624: [ParNew: 1749191K->78828K(1887488K), 0.2256030 secs] 2097183K->427021K(5033216K) icms_dc=0 , 0.2256836 secs] [Times: user=0.22 sys=0.00, real=0.22 secs] 
2031712.413: [GC 2031712.413: [ParNew: 1756652K->75769K(1887488K), 0.2226241 secs] 2104845K->424120K(5033216K) icms_dc=0 , 0.2227086 secs] [Times: user=0.23 sys=0.00, real=0.22 secs] 
2031915.235: [GC 2031915.235: [ParNew: 1753593K->60663K(1887488K), 0.1968887 secs] 2101944K->409191K(5033216K) icms_dc=0 , 0.1969847 secs] [Times: user=0.20 sys=0.00, real=0.20 secs] 
2032125.908: [GC 2032125.908: [ParNew: 1738487K->52490K(1887488K), 0.1810440 secs] 2087015K->401310K(5033216K) icms_dc=0 , 0.1811434 secs] [Times: user=0.19 sys=0.00, real=0.19 secs] 
2032325.940: [GC 2032325.940: [ParNew: 1730314K->58203K(1887488K), 0.1662410 secs] 2079134K->407240K(5033216K) icms_dc=0 , 0.1663293 secs] [Times: user=0.17 sys=0.00, real=0.17 secs] 
2032558.841: [GC 2032558.841: [ParNew: 1736027K->71426K(1887488K), 0.2019944 secs] 2085064K->420682K(5033216K) icms_dc=0 , 0.2020773 secs] [Times: user=0.20 sys=0.00, real=0.20 secs] 
2032865.950: [GC 2032865.950: [ParNew: 1749250K->75012K(1887488K), 0.2241374 secs] 2098506K->424457K(5033216K) icms_dc=0 , 0.2242245 secs] [Times: user=0.22 sys=0.00, real=0.22 secs] 
2033114.064: [GC 2033114.064: [ParNew: 1752836K->70700K(1887488K), 0.2386370 secs] 2102281K->420279K(5033216K) icms_dc=0 , 0.2387429 secs] [Times: user=0.28 sys=0.00, real=0.25 secs] 
2033450.252: [GC 2033450.252: [ParNew: 1748524K->76061K(1887488K), 0.2294170 secs] 2098103K->425832K(5033216K) icms_dc=0 , 0.2295115 secs] [Times: user=0.22 sys=0.00, real=0.22 secs] 
2033769.237: [GC 2033769.237: [ParNew: 1753885K->61466K(1887488K), 0.1862587 secs] 2103656K->411471K(5033216K) icms_dc=0 , 0.1863444 secs] [Times: user=0.19 sys=0.00, real=0.19 secs] 
2033951.837: [GC 2033951.837: [ParNew: 1732656K->92998K(1887488K), 0.2118967 secs] 2082662K->443210K(5033216K) icms_dc=0 , 0.2120023 secs] [Times: user=0.26 sys=0.00, real=0.22 secs] 
2033967.341: [GC 2033967.341: [ParNew: 1770822K->48007K(1887488K), 0.0455942 secs] 2121034K->398386K(5033216K) icms_dc=0 , 0.0456844 secs] [Times: user=0.17 sys=0.00, real=0.05 secs] 
2033969.253: [GC 2033969.253: [ParNew: 1725831K->55498K(1887488K), 0.0292626 secs] 2076210K->406164K(5033216K) icms_dc=0 , 0.0293536 secs] [Times: user=0.16 sys=0.00, real=0.03 secs] 
2033971.029: [GC 2033971.029: [ParNew: 1733322K->30084K(1887488K), 0.0144443 secs] 2083988K->381085K(5033216K) icms_dc=0 , 0.0145411 secs] [Times: user=0.08 sys=0.00, real=0.02 secs] 
2033972.809: [GC 2033972.809: [ParNew: 1707908K->36074K(1887488K), 0.0244242 secs] 2058909K->387719K(5033216K) icms_dc=0 , 0.0245179 secs] [Times: user=0.08 sys=0.00, real=0.02 secs] 
2033984.749: [GC 2033984.749: [ParNew: 1713898K->97753K(1887488K), 0.1975276 secs] 2065543K->457694K(5033216K) icms_dc=6 , 0.1976117 secs] [Times: user=0.26 sys=0.00, real=0.20 secs] 
2034126.488: [GC [1 CMS-initial-mark: 359940K(3145728K)] 1249387K(5033216K), 0.7351649 secs] [Times: user=0.75 sys=0.00, real=0.75 secs] 
2034127.223: [CMS-concurrent-mark-start]
2034127.419: [CMS-concurrent-mark: 0.195/0.195 secs] [Times: user=0.38 sys=0.00, real=0.19 secs] 
2034127.419: [CMS-concurrent-preclean-start]
2034127.432: [CMS-concurrent-preclean: 0.013/0.013 secs] [Times: user=0.01 sys=0.00, real=0.02 secs] 
2034127.432: [CMS-concurrent-abortable-preclean-start]
 CMS: abort preclean due to time 2034132.810: [CMS-concurrent-abortable-preclean: 5.063/5.378 secs] [Times: user=5.32 sys=0.03, real=5.38 secs] 
2034132.810: [GC[YG occupancy: 941031 K (1887488 K)]2034132.810: [Rescan (parallel) , 0.5438200 secs]2034133.354: [weak refs processing, 0.0511576 secs] [1 CMS-remark: 359940K(3145728K)] 1300972K(5033216K), 0.5952714 secs] [Times: user=0.66 sys=0.00, real=0.59 secs] 
2034133.406: [CMS-concurrent-sweep-start]
2034133.752: [CMS-concurrent-sweep: 0.346/0.346 secs] [Times: user=0.36 sys=0.00, real=0.34 secs] 
2034133.752: [CMS-concurrent-reset-start]
2034133.760: [CMS-concurrent-reset: 0.008/0.008 secs] [Times: user=0.02 sys=0.00, real=0.02 secs] 
2034269.158: [GC 2034269.158: [ParNew: 1775577K->84018K(1887488K), 0.2117903 secs] 1911698K->220248K(5033216K) icms_dc=1 , 0.2118805 secs] [Times: user=0.26 sys=0.00, real=0.22 secs] 
2034418.553: [GC [1 CMS-initial-mark: 136230K(3145728K)] 1051510K(5033216K), 0.7638105 secs] [Times: user=0.76 sys=0.00, real=0.76 secs] 
2034419.317: [CMS-concurrent-mark-start]
2034419.447: [CMS-concurrent-mark: 0.130/0.130 secs] [Times: user=0.26 sys=0.00, real=0.13 secs] 
2034419.447: [CMS-concurrent-preclean-start]
2034419.456: [CMS-concurrent-preclean: 0.009/0.009 secs] [Times: user=0.02 sys=0.00, real=0.02 secs] 
2034419.456: [CMS-concurrent-abortable-preclean-start]
 CMS: abort preclean due to time 2034424.869: [CMS-concurrent-abortable-preclean: 4.798/5.413 secs] [Times: user=4.80 sys=0.00, real=5.41 secs] 
2034424.869: [GC[YG occupancy: 926189 K (1887488 K)]2034424.870: [Rescan (parallel) , 0.5252968 secs]2034425.395: [weak refs processing, 0.0000204 secs] [1 CMS-remark: 136230K(3145728K)] 1062419K(5033216K), 0.5253855 secs] [Times: user=0.59 sys=0.00, real=0.53 secs] 
2034425.395: [CMS-concurrent-sweep-start]
2034525.190: [GC 2034525.190: [ParNew: 1761842K->77677K(1887488K), 0.1993895 secs] 1892725K->209693K(5033216K) icms_dc=1 , 0.1994770 secs] [Times: user=0.20 sys=0.00, real=0.20 secs] 
2034912.179: [GC 2034912.179: [ParNew: 1755501K->72933K(1887488K), 0.2112120 secs] 1887364K->212718K(5033216K) icms_dc=1 , 0.2112977 secs] [Times: user=0.22 sys=0.00, real=0.20 secs] 
2035093.896: [CMS-concurrent-sweep: 0.240/668.501 secs] [Times: user=20.44 sys=0.75, real=668.53 secs] 
2035093.896: [CMS-concurrent-reset-start]
2035093.905: [CMS-concurrent-reset: 0.009/0.009 secs] [Times: user=0.00 sys=0.00, real=0.00 secs] 
2035264.739: [GC 2035264.739: [ParNew: 1750757K->72442K(1887488K), 0.2525552 secs] 1865717K->188473K(5033216K) icms_dc=0 , 0.2526516 secs] [Times: user=0.27 sys=0.00, real=0.27 secs] 
2035447.508: [GC 2035447.508: [ParNew: 1750266K->59214K(1887488K), 0.1800322 secs] 1866297K->175620K(5033216K) icms_dc=0 , 0.1801228 secs] [Times: user=0.17 sys=0.00, real=0.17 secs] 
2035797.505: [GC 2035797.505: [ParNew: 1737038K->76036K(1887488K), 0.2582926 secs] 1853444K->192730K(5033216K) icms_dc=0 , 0.2583955 secs] [Times: user=0.28 sys=0.00, real=0.26 secs] 
2036027.146: [GC 2036027.146: [ParNew: 1753860K->54721K(1887488K), 0.1654239 secs] 1870554K->171599K(5033216K) icms_dc=0 , 0.1655146 secs] [Times: user=0.19 sys=0.00, real=0.17 secs] 
2036310.032: [GC 2036310.032: [ParNew: 1732545K->63357K(1887488K), 0.2098835 secs] 1849423K->180481K(5033216K) icms_dc=0 , 0.2099833 secs] [Times: user=0.20 sys=0.00, real=0.20 secs] 
2036673.491: [GC 2036673.492: [ParNew: 1741181K->69880K(1887488K), 0.2123048 secs] 1858305K->187129K(5033216K) icms_dc=0 , 0.2123893 secs] [Times: user=0.22 sys=0.00, real=0.22 secs] 
2036923.477: [GC 2036923.477: [ParNew: 1747704K->55665K(1887488K), 0.1625706 secs] 1864953K->173139K(5033216K) icms_dc=0 , 0.1626574 secs] [Times: user=0.17 sys=0.00, real=0.17 secs] 
2037140.609: [GC 2037140.609: [ParNew: 1733489K->53729K(1887488K), 0.1564727 secs] 1850963K->171392K(5033216K) icms_dc=0 , 0.1565687 secs] [Times: user=0.22 sys=0.00, real=0.16 secs] 
2037344.769: [GC 2037344.769: [ParNew: 1731553K->75790K(1887488K), 0.2585114 secs] 1849216K->193701K(5033216K) icms_dc=0 , 0.2586097 secs] [Times: user=0.25 sys=0.00, real=0.25 secs] 
2037579.154: [GC 2037579.154: [ParNew: 1753614K->75321K(1887488K), 0.2331054 secs] 1871525K->193441K(5033216K) icms_dc=0 , 0.2331964 secs] [Times: user=0.25 sys=0.00, real=0.23 secs] 
2037823.183: [GC 2037823.183: [ParNew: 1753145K->83798K(1887488K), 0.2533723 secs] 1871265K->202062K(5033216K) icms_dc=0 , 0.2534564 secs] [Times: user=0.28 sys=0.00, real=0.26 secs] 
2038065.929: [GC 2038065.929: [ParNew: 1761622K->75627K(1887488K), 0.2096293 secs] 1879886K->194144K(5033216K) icms_dc=0 , 0.2097184 secs] [Times: user=0.20 sys=0.00, real=0.20 secs] 
2038321.964: [GC 2038321.964: [ParNew: 1753451K->60313K(1887488K), 0.1658075 secs] 1871968K->179092K(5033216K) icms_dc=0 , 0.1659031 secs] [Times: user=0.16 sys=0.00, real=0.16 secs] 
2038626.086: [GC 2038626.086: [ParNew: 1738137K->62403K(1887488K), 0.1796110 secs] 1856916K->181431K(5033216K) icms_dc=0 , 0.1796955 secs] [Times: user=0.23 sys=0.00, real=0.19 secs] 
2039023.339: [GC 2039023.339: [ParNew: 1740227K->70981K(1887488K), 0.2133711 secs] 1859255K->190272K(5033216K) icms_dc=0 , 0.2134637 secs] [Times: user=0.22 sys=0.00, real=0.22 secs] 
2039252.917: [GC 2039252.917: [ParNew: 1748805K->67318K(1887488K), 0.2013136 secs] 1868096K->186922K(5033216K) icms_dc=0 , 0.2013992 secs] [Times: user=0.20 sys=0.00, real=0.20 secs] 
2039487.736: [GC 2039487.736: [ParNew: 1745142K->54418K(1887488K), 0.1859692 secs] 1864746K->174306K(5033216K) icms_dc=0 , 0.1860587 secs] [Times: user=0.19 sys=0.00, real=0.19 secs] 
2039743.258: [GC 2039743.258: [ParNew: 1732242K->68479K(1887488K), 0.2261628 secs] 1852130K->188597K(5033216K) icms_dc=0 , 0.2262584 secs] [Times: user=0.23 sys=0.00, real=0.23 secs] 
2039832.697: [GC 2039832.697: [ParNew: 1746303K->81845K(1887488K), 0.2576913 secs] 1866421K->202180K(5033216K) icms_dc=0 , 0.2577846 secs] [Times: user=0.28 sys=0.00, real=0.26 secs] 
2039909.344: [GC 2039909.344: [ParNew: 1759669K->95628K(1887488K), 0.2655478 secs] 1880004K->216315K(5033216K) icms_dc=0 , 0.2656372 secs] [Times: user=0.26 sys=0.00, real=0.27 secs] 
2039973.179: [GC 2039973.179: [ParNew: 1773452K->84127K(1887488K), 0.2315035 secs] 1894139K->204991K(5033216K) icms_dc=0 , 0.2315934 secs] [Times: user=0.23 sys=0.00, real=0.23 secs] 
2040020.215: [GC 2040020.215: [ParNew: 1761951K->79525K(1887488K), 0.1687657 secs] 1882815K->200676K(5033216K) icms_dc=0 , 0.1688494 secs] [Times: user=0.23 sys=0.00, real=0.17 secs] 
2040022.188: [GC 2040022.188: [ParNew: 1757349K->15756K(1887488K), 0.0094538 secs] 1878500K->137221K(5033216K) icms_dc=0 , 0.0095421 secs] [Times: user=0.00 sys=0.00, real=0.00 secs] 
2040024.360: [GC 2040024.361: [ParNew: 1693580K->23300K(1887488K), 0.0147269 secs] 1815045K->145029K(5033216K) icms_dc=0 , 0.0148041 secs] [Times: user=0.08 sys=0.00, real=0.01 secs] 
2040026.076: [GC 2040026.076: [ParNew: 1701124K->26744K(1887488K), 0.0121343 secs] 1822853K->148709K(5033216K) icms_dc=0 , 0.0122134 secs] [Times: user=0.08 sys=0.00, real=0.02 secs] 
2040027.772: [GC 2040027.772: [ParNew: 1704568K->15328K(1887488K), 0.0176720 secs] 1826533K->143330K(5033216K) icms_dc=0 , 0.0177526 secs] [Times: user=0.06 sys=0.00, real=0.02 secs] 
2040029.498: [GC 2040029.498: [ParNew: 1693152K->13915K(1887488K), 0.0116578 secs] 1821154K->142311K(5033216K) icms_dc=0 , 0.0117377 secs] [Times: user=0.08 sys=0.00, real=0.02 secs] 
2040031.301: [GC 2040031.301: [ParNew: 1691739K->19462K(1887488K), 0.0232293 secs] 1820135K->152367K(5033216K) icms_dc=0 , 0.0233256 secs] [Times: user=0.08 sys=0.00, real=0.02 secs] 
2040074.419: [GC 2040074.419: [ParNew: 1697286K->80131K(1887488K), 0.1695025 secs] 1830191K->213036K(5033216K) icms_dc=0 , 0.1695851 secs] [Times: user=0.17 sys=0.00, real=0.17 secs] 
2040314.242: [GC 2040314.242: [ParNew: 1757955K->55653K(1887488K), 0.1605970 secs] 1890860K->188581K(5033216K) icms_dc=0 , 0.1606915 secs] [Times: user=0.16 sys=0.00, real=0.16 secs] 
2040604.570: [GC 2040604.570: [ParNew: 1733477K->67890K(1887488K), 0.2067134 secs] 1866405K->200819K(5033216K) icms_dc=0 , 0.2068025 secs] [Times: user=0.22 sys=0.00, real=0.20 secs] 
2040822.207: [GC 2040822.207: [ParNew: 1745714K->48284K(1887488K), 0.1414025 secs] 1878643K->181218K(5033216K) icms_dc=0 , 0.1414916 secs] [Times: user=0.14 sys=0.00, real=0.14 secs] 
2041093.525: [GC 2041093.525: [ParNew: 1726108K->79281K(1887488K), 0.2403353 secs] 1859042K->212551K(5033216K) icms_dc=0 , 0.2404248 secs] [Times: user=0.27 sys=0.00, real=0.25 secs] 
2041314.605: [GC 2041314.605: [ParNew: 1757105K->62172K(1887488K), 0.1879866 secs] 1890375K->195892K(5033216K) icms_dc=0 , 0.1880815 secs] [Times: user=0.19 sys=0.00, real=0.19 secs] 
2041656.537: [GC 2041656.537: [ParNew: 1739996K->52786K(1887488K), 0.1595507 secs] 1873716K->186828K(5033216K) icms_dc=0 , 0.1596378 secs] [Times: user=0.16 sys=0.00, real=0.16 secs] 
2042035.264: [GC 2042035.264: [ParNew: 1730610K->80570K(1887488K), 0.2350499 secs] 1864652K->214798K(5033216K) icms_dc=0 , 0.2351374 secs] [Times: user=0.23 sys=0.00, real=0.23 secs] 
2042354.129: [GC 2042354.129: [ParNew: 1758394K->56247K(1887488K), 0.1680050 secs] 1892622K->190726K(5033216K) icms_dc=0 , 0.1680876 secs] [Times: user=0.17 sys=0.00, real=0.17 secs] 
2042778.213: [GC 2042778.213: [ParNew: 1734071K->68451K(1887488K), 0.2102801 secs] 1868550K->203094K(5033216K) icms_dc=0 , 0.2103696 secs] [Times: user=0.20 sys=0.00, real=0.20 secs] 
2043085.782: [GC 2043085.782: [ParNew: 1746275K->66832K(1887488K), 0.2271642 secs] 1880918K->201586K(5033216K) icms_dc=0 , 0.2272664 secs] [Times: user=0.25 sys=0.00, real=0.23 secs] 
2043192.445: [GC 2043192.445: [ParNew: 1744656K->93061K(1887488K), 0.3007390 secs] 1879410K->228011K(5033216K) icms_dc=0 , 0.3008438 secs] [Times: user=0.30 sys=0.00, real=0.30 secs] 
2043497.919: [GC 2043497.919: [ParNew: 1770885K->62140K(1887488K), 0.2019306 secs] 1905835K->197205K(5033216K) icms_dc=0 , 0.2020285 secs] [Times: user=0.20 sys=0.00, real=0.20 secs] 
2043881.199: [GC 2043881.199: [ParNew: 1739964K->63530K(1887488K), 0.1937078 secs] 1875029K->198766K(5033216K) icms_dc=0 , 0.1938069 secs] [Times: user=0.19 sys=0.00, real=0.19 secs] 
2044216.620: [GC 2044216.620: [ParNew: 1741354K->73542K(1887488K), 0.2258418 secs] 1876590K->208979K(5033216K) icms_dc=0 , 0.2259363 secs] [Times: user=0.22 sys=0.00, real=0.22 secs] 
2044499.872: [GC 2044499.872: [ParNew: 1751366K->57371K(1887488K), 0.1562339 secs] 1886803K->192876K(5033216K) icms_dc=0 , 0.1563261 secs] [Times: user=0.16 sys=0.00, real=0.16 secs] 
2044777.738: [GC 2044777.738: [ParNew: 1735195K->65381K(1887488K), 0.1994916 secs] 1870700K->201044K(5033216K) icms_dc=0 , 0.1995788 secs] [Times: user=0.22 sys=0.00, real=0.20 secs] 
2044970.356: [GC 2044970.356: [ParNew: 1743205K->67208K(1887488K), 0.2273240 secs] 1878868K->203058K(5033216K) icms_dc=0 , 0.2274353 secs] [Times: user=0.22 sys=0.00, real=0.22 secs] 
2045160.823: [GC 2045160.823: [ParNew: 1745032K->68226K(1887488K), 0.2065875 secs] 1880882K->204316K(5033216K) icms_dc=0 , 0.2066796 secs] [Times: user=0.20 sys=0.00, real=0.20 secs] 
2045380.125: [GC 2045380.125: [ParNew: 1746050K->58272K(1887488K), 0.1699395 secs] 1882140K->194544K(5033216K) icms_dc=0 , 0.1700285 secs] [Times: user=0.17 sys=0.00, real=0.17 secs] 
2045612.184: [GC 2045612.184: [ParNew: 1736096K->57878K(1887488K), 0.1713149 secs] 1872368K->194346K(5033216K) icms_dc=0 , 0.1714028 secs] [Times: user=0.17 sys=0.00, real=0.17 secs] 
2045835.496: [GC 2045835.496: [ParNew: 1735702K->67339K(1887488K), 0.1881563 secs] 1872170K->204005K(5033216K) icms_dc=0 , 0.1882454 secs] [Times: user=0.25 sys=0.00, real=0.19 secs] 
2045915.761: [GC 2045915.761: [ParNew: 1745163K->29246K(1887488K), 0.0943715 secs] 1881829K->166082K(5033216K) icms_dc=0 , 0.0944737 secs] [Times: user=0.09 sys=0.00, real=0.09 secs] 
2046023.336: [GC 2046023.336: [ParNew: 1707070K->58382K(1887488K), 0.1820012 secs] 1843906K->195497K(5033216K) icms_dc=0 , 0.1821014 secs] [Times: user=0.17 sys=0.00, real=0.17 secs] 
2046346.385: [GC 2046346.385: [ParNew: 1736206K->67476K(1887488K), 0.2047693 secs] 1873321K->204839K(5033216K) icms_dc=0 , 0.2048573 secs] [Times: user=0.20 sys=0.00, real=0.20 secs] 
2046675.861: [GC 2046675.861: [ParNew: 1745300K->63439K(1887488K), 0.1895732 secs] 1882663K->200944K(5033216K) icms_dc=0 , 0.1896627 secs] [Times: user=0.19 sys=0.00, real=0.19 secs] 
2046931.820: [GC 2046931.820: [ParNew: 1741263K->70350K(1887488K), 0.2167551 secs] 1878768K->207903K(5033216K) icms_dc=0 , 0.2168403 secs] [Times: user=0.22 sys=0.00, real=0.22 secs] 
2047081.625: [GC 2047081.625: [ParNew: 1748174K->67395K(1887488K), 0.2154357 secs] 1885727K->205075K(5033216K) icms_dc=0 , 0.2155325 secs] [Times: user=0.22 sys=0.00, real=0.22 secs] 
2047353.912: [GC 2047353.913: [ParNew: 1745219K->64901K(1887488K), 0.1977173 secs] 1882899K->202861K(5033216K) icms_dc=0 , 0.1978117 secs] [Times: user=0.19 sys=0.00, real=0.19 secs] 
2047570.994: [GC 2047570.994: [ParNew: 1742725K->70571K(1887488K), 0.2108776 secs] 1880685K->208723K(5033216K) icms_dc=0 , 0.2109697 secs] [Times: user=0.20 sys=0.00, real=0.20 secs] 
2047848.204: [GC 2047848.205: [ParNew: 1748395K->73906K(1887488K), 0.2234523 secs] 1886547K->212257K(5033216K) icms_dc=0 , 0.2235414 secs] [Times: user=0.23 sys=0.00, real=0.22 secs] 
2048222.056: [GC 2048222.056: [ParNew: 1751730K->67260K(1887488K), 0.2080005 secs] 1890081K->205807K(5033216K) icms_dc=0 , 0.2080911 secs] [Times: user=0.20 sys=0.00, real=0.20 secs] 
2048435.467: [GC 2048435.467: [ParNew: 1745084K->68512K(1887488K), 0.2099457 secs] 1883631K->207242K(5033216K) icms_dc=0 , 0.2100378 secs] [Times: user=0.23 sys=0.00, real=0.22 secs] 
2048743.394: [GC 2048743.395: [ParNew: 1746336K->77176K(1887488K), 0.2327825 secs] 1885066K->216034K(5033216K) icms_dc=0 , 0.2328724 secs] [Times: user=0.23 sys=0.00, real=0.23 secs] 
2048954.673: [GC 2048954.673: [ParNew: 1755000K->74557K(1887488K), 0.2477617 secs] 1893858K->213617K(5033216K) icms_dc=0 , 0.2478546 secs] [Times: user=0.25 sys=0.00, real=0.25 secs] 
2049239.457: [GC 2049239.457: [ParNew: 1752381K->54884K(1887488K), 0.1366946 secs] 1891441K->194119K(5033216K) icms_dc=0 , 0.1367764 secs] [Times: user=0.14 sys=0.00, real=0.14 secs] 
2049467.636: [GC 2049467.636: [ParNew: 1732708K->57969K(1887488K), 0.1799842 secs] 1871943K->197339K(5033216K) icms_dc=0 , 0.1800771 secs] [Times: user=0.20 sys=0.00, real=0.19 secs] 
2049694.676: [GC 2049694.676: [ParNew: 1735793K->65235K(1887488K), 0.1953881 secs] 1875163K->204782K(5033216K) icms_dc=0 , 0.1954749 secs] [Times: user=0.22 sys=0.00, real=0.20 secs] 
2049934.006: [GC 2049934.006: [ParNew: 1743059K->70001K(1887488K), 0.2103316 secs] 1882606K->209762K(5033216K) icms_dc=0 , 0.2104195 secs] [Times: user=0.20 sys=0.00, real=0.20 secs] 
2049992.654: [GC 2049992.654: [ParNew: 1747825K->38233K(1887488K), 0.0835918 secs] 1887586K->178155K(5033216K) icms_dc=0 , 0.0836732 secs] [Times: user=0.09 sys=0.00, real=0.09 secs] 
2050299.251: [GC 2050299.251: [ParNew: 1716057K->59342K(1887488K), 0.1774677 secs] 1855979K->199536K(5033216K) icms_dc=0 , 0.1776040 secs] [Times: user=0.20 sys=0.00, real=0.19 secs] 
2050605.616: [GC 2050605.616: [ParNew: 1737166K->67160K(1887488K), 0.2175810 secs] 1877360K->207708K(5033216K) icms_dc=0 , 0.2176778 secs] [Times: user=0.22 sys=0.00, real=0.22 secs] 
2050904.904: [GC 2050904.904: [ParNew: 1744984K->59737K(1887488K), 0.1775936 secs] 1885532K->200523K(5033216K) icms_dc=0 , 0.1776811 secs] [Times: user=0.17 sys=0.00, real=0.17 secs] 
2051189.880: [GC 2051189.880: [ParNew: 1737561K->59809K(1887488K), 0.1756634 secs] 1878347K->200700K(5033216K) icms_dc=0 , 0.1757517 secs] [Times: user=0.17 sys=0.00, real=0.17 secs] 
2051406.890: [GC 2051406.890: [ParNew: 1737633K->66819K(1887488K), 0.2249353 secs] 1878524K->207948K(5033216K) icms_dc=0 , 0.2250339 secs] [Times: user=0.26 sys=0.00, real=0.23 secs] 
2051674.416: [GC 2051674.416: [ParNew: 1744643K->59496K(1887488K), 0.1797769 secs] 1885772K->200869K(5033216K) icms_dc=0 , 0.1798690 secs] [Times: user=0.17 sys=0.00, real=0.17 secs] 
2052078.018: [GC 2052078.018: [ParNew: 1737320K->57093K(1887488K), 0.1686470 secs] 1878693K->198612K(5033216K) icms_dc=0 , 0.1687353 secs] [Times: user=0.16 sys=0.00, real=0.16 secs] 
2052442.516: [GC 2052442.516: [ParNew: 1734917K->63365K(1887488K), 0.1944719 secs] 1876436K->205008K(5033216K) icms_dc=0 , 0.1945602 secs] [Times: user=0.19 sys=0.00, real=0.19 secs] 
2052756.456: [GC 2052756.456: [ParNew: 1741189K->65519K(1887488K), 0.2181566 secs] 1882832K->207310K(5033216K) icms_dc=0 , 0.2184879 secs] [Times: user=0.22 sys=0.00, real=0.22 secs] 
2053192.619: [GC 2053192.619: [ParNew: 1743343K->74355K(1887488K), 0.2503082 secs] 1885134K->216333K(5033216K) icms_dc=0 , 0.2504004 secs] [Times: user=0.25 sys=0.00, real=0.25 secs] 
2053441.936: [GC 2053441.936: [ParNew: 1752179K->46075K(1887488K), 0.1318474 secs] 1894157K->188237K(5033216K) icms_dc=0 , 0.1319384 secs] [Times: user=0.12 sys=0.00, real=0.13 secs] 
2053856.776: [GC 2053856.777: [ParNew: 1723899K->62668K(1887488K), 0.1892545 secs] 1866061K->205019K(5033216K) icms_dc=0 , 0.1893478 secs] [Times: user=0.20 sys=0.00, real=0.19 secs] 
2054000.274: [GC 2054000.274: [ParNew: 1740492K->42166K(1887488K), 0.1252219 secs] 1882843K->184680K(5033216K) icms_dc=0 , 0.1253087 secs] [Times: user=0.13 sys=0.00, real=0.13 secs] 
2054284.115: [GC 2054284.115: [ParNew: 1719990K->28184K(1887488K), 0.0812323 secs] 1862504K->170875K(5033216K) icms_dc=0 , 0.0813229 secs] [Times: user=0.16 sys=0.00, real=0.09 secs] 
2054313.850: [GC 2054313.850: [ParNew: 1706008K->21813K(1887488K), 0.0403672 secs] 1848699K->164648K(5033216K) icms_dc=0 , 0.0404478 secs] [Times: user=0.03 sys=0.00, real=0.03 secs] 
2054470.695: [GC 2054470.695: [ParNew: 1699637K->27176K(1887488K), 0.0652997 secs] 1842472K->170233K(5033216K) icms_dc=0 , 0.0653857 secs] [Times: user=0.06 sys=0.00, real=0.06 secs] 
2054786.240: [GC 2054786.240: [ParNew: 1705000K->51678K(1887488K), 0.1511651 secs] 1848057K->194819K(5033216K) icms_dc=0 , 0.1512515 secs] [Times: user=0.16 sys=0.00, real=0.16 secs] 
2055216.283: [GC 2055216.283: [ParNew: 1729502K->63453K(1887488K), 0.2102014 secs] 1872643K->206688K(5033216K) icms_dc=0 , 0.2103028 secs] [Times: user=0.20 sys=0.00, real=0.20 secs] 
2055592.017: [GC 2055592.017: [ParNew: 1741277K->49007K(1887488K), 0.1607594 secs] 1884512K->192271K(5033216K) icms_dc=0 , 0.1608573 secs] [Times: user=0.16 sys=0.00, real=0.16 secs] 
2055984.276: [GC 2055984.276: [ParNew: 1726831K->61140K(1887488K), 0.1834646 secs] 1870095K->204462K(5033216K) icms_dc=0 , 0.1835521 secs] [Times: user=0.17 sys=0.00, real=0.17 secs] 
2056138.791: [GC 2056138.791: [ParNew: 1738964K->35969K(1887488K), 0.1158752 secs] 1882286K->179404K(5033216K) icms_dc=0 , 0.1159739 secs] [Times: user=0.11 sys=0.00, real=0.11 secs] 
2056475.085: [GC 2056475.085: [ParNew: 1713433K->44415K(1887488K), 0.1387301 secs] 1856868K->188009K(5033216K) icms_dc=0 , 0.1388291 secs] [Times: user=0.14 sys=0.00, real=0.14 secs] 
2056744.318: [GC 2056744.318: [ParNew: 1722239K->33013K(1887488K), 0.0984263 secs] 1865833K->176749K(5033216K) icms_dc=0 , 0.0985215 secs] [Times: user=0.09 sys=0.00, real=0.09 secs] 
2057184.866: [GC 2057184.866: [ParNew: 1710837K->46633K(1887488K), 0.1455326 secs] 1854573K->190517K(5033216K) icms_dc=0 , 0.1456201 secs] [Times: user=0.14 sys=0.00, real=0.14 secs] 
2057840.327: [GC 2057840.327: [ParNew: 1724457K->46364K(1887488K), 0.1357320 secs] 1868341K->190285K(5033216K) icms_dc=0 , 0.1358199 secs] [Times: user=0.14 sys=0.00, real=0.14 secs] 
2058491.773: [GC 2058491.773: [ParNew: 1724188K->45966K(1887488K), 0.1355028 secs] 1868109K->190014K(5033216K) icms_dc=0 , 0.1355919 secs] [Times: user=0.13 sys=0.00, real=0.13 secs] 
2058901.353: [GC 2058901.353: [ParNew: 1723790K->29959K(1887488K), 0.0993520 secs] 1867838K->174084K(5033216K) icms_dc=0 , 0.0994511 secs] [Times: user=0.09 sys=0.00, real=0.09 secs] 
2060126.566: [GC 2060126.566: [ParNew: 1707783K->41782K(1887488K), 0.1221274 secs] 1851908K->185999K(5033216K) icms_dc=0 , 0.1222196 secs] [Times: user=0.14 sys=0.00, real=0.13 secs] 
2061102.720: [GC 2061102.720: [ParNew: 1719606K->44726K(1887488K), 0.1326261 secs] 1863823K->189072K(5033216K) icms_dc=0 , 0.1327086 secs] [Times: user=0.19 sys=0.00, real=0.14 secs] 
2061924.071: [GC 2061924.071: [ParNew: 1722550K->46637K(1887488K), 0.1525977 secs] 1866896K->191104K(5033216K) icms_dc=0 , 0.1526944 secs] [Times: user=0.14 sys=0.00, real=0.14 secs] 
2062972.188: [GC 2062972.188: [ParNew: 1724461K->19941K(1887488K), 0.0665526 secs] 1868928K->164505K(5033216K) icms_dc=0 , 0.0666498 secs] [Times: user=0.06 sys=0.00, real=0.06 secs] 
2064160.766: [GC 2064160.766: [ParNew: 1697765K->36215K(1887488K), 0.1162711 secs] 1842329K->180957K(5033216K) icms_dc=0 , 0.1163717 secs] [Times: user=0.11 sys=0.00, real=0.11 secs] 
2065167.165: [GC 2065167.165: [ParNew: 1714039K->34587K(1887488K), 0.1050790 secs] 1858781K->179482K(5033216K) icms_dc=0 , 0.1051723 secs] [Times: user=0.09 sys=0.00, real=0.09 secs] 
2066806.539: [GC 2066806.539: [ParNew: 1712411K->25909K(1887488K), 0.0823681 secs] 1857306K->171020K(5033216K) icms_dc=0 , 0.0824703 secs] [Times: user=0.09 sys=0.00, real=0.08 secs] 
2068127.493: [GC 2068127.493: [ParNew: 1703733K->30796K(1887488K), 0.1005781 secs] 1848844K->176008K(5033216K) icms_dc=0 , 0.1006879 secs] [Times: user=0.13 sys=0.00, real=0.11 secs] 
2069761.425: [GC 2069761.425: [ParNew: 1708620K->25696K(1887488K), 0.0772448 secs] 1853832K->171083K(5033216K) icms_dc=0 , 0.0773350 secs] [Times: user=0.08 sys=0.00, real=0.08 secs] 
2072046.094: [GC 2072046.094: [ParNew: 1703520K->7783K(1887488K), 0.0301968 secs] 1848907K->153447K(5033216K) icms_dc=0 , 0.0302859 secs] [Times: user=0.02 sys=0.00, real=0.02 secs] 
2073666.259: [GC 2073666.259: [ParNew: 1685607K->27103K(1887488K), 0.0910010 secs] 1831271K->172926K(5033216K) icms_dc=0 , 0.0911035 secs] [Times: user=0.08 sys=0.00, real=0.08 secs] 
2075621.285: [GC 2075621.285: [ParNew: 1704927K->11397K(1887488K), 0.0409508 secs] 1850750K->157381K(5033216K) icms_dc=0 , 0.0410387 secs] [Times: user=0.03 sys=0.00, real=0.03 secs] 
2077542.262: [GC 2077542.262: [ParNew: 1689221K->15756K(1887488K), 0.0527108 secs] 1835205K->161892K(5033216K) icms_dc=0 , 0.0528021 secs] [Times: user=0.09 sys=0.00, real=0.05 secs] 
2079761.215: [GC 2079761.215: [ParNew: 1693580K->9337K(1887488K), 0.0404393 secs] 1839716K->155654K(5033216K) icms_dc=0 , 0.0405419 secs] [Times: user=0.06 sys=0.00, real=0.05 secs] 
2081942.661: [GC 2081942.661: [ParNew: 1687161K->11820K(1887488K), 0.0442019 secs] 1833478K->158274K(5033216K) icms_dc=0 , 0.0442906 secs] [Times: user=0.05 sys=0.00, real=0.05 secs] 
2083857.113: [GC 2083857.113: [ParNew: 1689644K->16854K(1887488K), 0.0590221 secs] 1836098K->163449K(5033216K) icms_dc=0 , 0.0591124 secs] [Times: user=0.06 sys=0.00, real=0.06 secs] 
2086037.204: [GC 2086037.204: [ParNew: 1694678K->13694K(1887488K), 0.0483768 secs] 1841273K->160440K(5033216K) icms_dc=0 , 0.0484698 secs] [Times: user=0.05 sys=0.00, real=0.05 secs] 
2087396.280: [GC 2087396.280: [ParNew: 1691518K->34737K(1887488K), 0.1088051 secs] 1838264K->181617K(5033216K) icms_dc=0 , 0.1088938 secs] [Times: user=0.11 sys=0.00, real=0.11 secs] 
2088608.815: [GC 2088608.815: [ParNew: 1712561K->42957K(1887488K), 0.1333191 secs] 1859441K->189990K(5033216K) icms_dc=0 , 0.1334213 secs] [Times: user=0.13 sys=0.00, real=0.13 secs] 
2089868.912: [GC 2089868.912: [ParNew: 1720781K->35171K(1887488K), 0.1139392 secs] 1867814K->182361K(5033216K) icms_dc=0 , 0.1140348 secs] [Times: user=0.11 sys=0.00, real=0.11 secs] 
2090732.752: [GC 2090732.752: [ParNew: 1712995K->52209K(1887488K), 0.1608566 secs] 1860185K->199579K(5033216K) icms_dc=0 , 0.1609430 secs] [Times: user=0.16 sys=0.00, real=0.16 secs] 
2091457.304: [GC 2091457.304: [ParNew: 1730033K->56534K(1887488K), 0.1683379 secs] 1877403K->204136K(5033216K) icms_dc=0 , 0.1684312 secs] [Times: user=0.17 sys=0.00, real=0.17 secs] 
2092322.499: [GC 2092322.499: [ParNew: 1734358K->39051K(1887488K), 0.1138628 secs] 1881960K->186814K(5033216K) icms_dc=0 , 0.1139557 secs] [Times: user=0.11 sys=0.00, real=0.11 secs] 
2093485.543: [GC 2093485.543: [ParNew: 1716875K->34485K(1887488K), 0.1076658 secs] 1864638K->182501K(5033216K) icms_dc=0 , 0.1077549 secs] [Times: user=0.13 sys=0.00, real=0.11 secs] 
2094383.813: [GC 2094383.813: [ParNew: 1712309K->37277K(1887488K), 0.1178150 secs] 1860325K->185443K(5033216K) icms_dc=0 , 0.1179080 secs] [Times: user=0.14 sys=0.00, real=0.12 secs] 
2095516.640: [GC 2095516.640: [ParNew: 1715101K->39344K(1887488K), 0.1338782 secs] 1863267K->187714K(5033216K) icms_dc=0 , 0.1339857 secs] [Times: user=0.13 sys=0.00, real=0.13 secs] 
2096441.510: [GC 2096441.510: [ParNew: 1717168K->42506K(1887488K), 0.1281113 secs] 1865538K->191014K(5033216K) icms_dc=0 , 0.1282150 secs] [Times: user=0.19 sys=0.00, real=0.13 secs] 
2097235.078: [GC 2097235.078: [ParNew: 1720330K->38527K(1887488K), 0.1103368 secs] 1868838K->187173K(5033216K) icms_dc=0 , 0.1104320 secs] [Times: user=0.11 sys=0.00, real=0.11 secs] 
2098235.532: [GC 2098235.532: [ParNew: 1716351K->31853K(1887488K), 0.0983760 secs] 1864997K->180629K(5033216K) icms_dc=0 , 0.0984712 secs] [Times: user=0.13 sys=0.00, real=0.11 secs] 
2099330.656: [GC 2099330.656: [ParNew: 1709677K->51747K(1887488K), 0.1625011 secs] 1858453K->200696K(5033216K) icms_dc=0 , 0.1625921 secs] [Times: user=0.16 sys=0.00, real=0.16 secs] 
2100434.789: [GC 2100434.789: [ParNew: 1729571K->44616K(1887488K), 0.1479524 secs] 1878520K->193764K(5033216K) icms_dc=0 , 0.1480510 secs] [Times: user=0.14 sys=0.00, real=0.14 secs] 
2101309.999: [GC 2101309.999: [ParNew: 1722440K->41791K(1887488K), 0.1372526 secs] 1871588K->191095K(5033216K) icms_dc=0 , 0.1373474 secs] [Times: user=0.13 sys=0.00, real=0.13 secs] 
2102325.650: [GC 2102325.650: [ParNew: 1719615K->50167K(1887488K), 0.1790166 secs] 1868919K->199594K(5033216K) icms_dc=0 , 0.1791157 secs] [Times: user=0.17 sys=0.00, real=0.17 secs] 
2103240.564: [GC 2103240.564: [ParNew: 1727991K->39555K(1887488K), 0.1247849 secs] 1877418K->189395K(5033216K) icms_dc=0 , 0.1248748 secs] [Times: user=0.12 sys=0.00, real=0.12 secs] 
2104125.951: [GC 2104125.951: [ParNew: 1717379K->50684K(1887488K), 0.1584959 secs] 1867219K->200630K(5033216K) icms_dc=0 , 0.1585800 secs] [Times: user=0.17 sys=0.00, real=0.16 secs] 
2105182.507: [GC 2105182.507: [ParNew: 1728508K->50681K(1887488K), 0.1556468 secs] 1878454K->200764K(5033216K) icms_dc=0 , 0.1557332 secs] [Times: user=0.17 sys=0.00, real=0.16 secs] 
2105686.904: [GC 2105686.904: [ParNew: 1728505K->66052K(1887488K), 0.1977733 secs] 1878588K->216370K(5033216K) icms_dc=0 , 0.1978620 secs] [Times: user=0.26 sys=0.00, real=0.20 secs] 
2106363.473: [GC 2106363.473: [ParNew: 1743876K->52603K(1887488K), 0.1565745 secs] 1894194K->203062K(5033216K) icms_dc=0 , 0.1566705 secs] [Times: user=0.19 sys=0.00, real=0.17 secs] 
2107249.135: [GC 2107249.136: [ParNew: 1730427K->59172K(1887488K), 0.1640470 secs] 1880886K->209790K(5033216K) icms_dc=0 , 0.1641330 secs] [Times: user=0.19 sys=0.00, real=0.17 secs] 
2108099.970: [GC 2108099.970: [ParNew: 1736996K->61288K(1887488K), 0.1937677 secs] 1887614K->212102K(5033216K) icms_dc=0 , 0.1938610 secs] [Times: user=0.19 sys=0.00, real=0.19 secs] 
2108503.052: [GC 2108503.052: [ParNew: 1739112K->56919K(1887488K), 0.1735312 secs] 1889926K->207925K(5033216K) icms_dc=0 , 0.1736256 secs] [Times: user=0.23 sys=0.00, real=0.17 secs] 
2108774.149: [GC 2108774.149: [ParNew: 1734743K->50189K(1887488K), 0.1551811 secs] 1885749K->201354K(5033216K) icms_dc=0 , 0.1552632 secs] [Times: user=0.16 sys=0.00, real=0.16 secs] 
2109154.915: [GC 2109154.915: [ParNew: 1728013K->70152K(1887488K), 0.2317231 secs] 1879178K->221561K(5033216K) icms_dc=0 , 0.2318199 secs] [Times: user=0.23 sys=0.00, real=0.23 secs] 
2109551.930: [GC 2109551.930: [ParNew: 1747976K->66166K(1887488K), 0.1985478 secs] 1899385K->217788K(5033216K) icms_dc=0 , 0.1986346 secs] [Times: user=0.22 sys=0.00, real=0.20 secs] 
2109843.572: [GC 2109843.572: [ParNew: 1743990K->67503K(1887488K), 0.2057711 secs] 1895612K->219266K(5033216K) icms_dc=0 , 0.2058579 secs] [Times: user=0.20 sys=0.00, real=0.20 secs] 
2110139.991: [GC 2110139.991: [ParNew: 1745327K->72536K(1887488K), 0.2069641 secs] 1897090K->224453K(5033216K) icms_dc=0 , 0.2070490 secs] [Times: user=0.20 sys=0.00, real=0.20 secs] 
2110317.203: [GC 2110317.203: [ParNew: 1750360K->47084K(1887488K), 0.1520194 secs] 1902277K->199146K(5033216K) icms_dc=0 , 0.1521070 secs] [Times: user=0.14 sys=0.00, real=0.14 secs] 
2110718.743: [GC 2110718.743: [ParNew: 1724908K->65519K(1887488K), 0.1994509 secs] 1876970K->217784K(5033216K) icms_dc=0 , 0.1995381 secs] [Times: user=0.22 sys=0.00, real=0.20 secs] 
2110962.917: [GC 2110962.917: [ParNew: 1743343K->62859K(1887488K), 0.1860848 secs] 1895608K->215309K(5033216K) icms_dc=0 , 0.1861700 secs] [Times: user=0.19 sys=0.00, real=0.19 secs] 
2111185.295: [GC 2111185.295: [ParNew: 1740683K->52885K(1887488K), 0.1655825 secs] 1893133K->205506K(5033216K) icms_dc=0 , 0.1656735 secs] [Times: user=0.19 sys=0.00, real=0.17 secs] 
2111597.893: [GC 2111597.893: [ParNew: 1730709K->70284K(1887488K), 0.2519317 secs] 1883330K->222989K(5033216K) icms_dc=0 , 0.2520246 secs] [Times: user=0.25 sys=0.00, real=0.25 secs] 
2111922.767: [GC 2111922.767: [ParNew: 1748108K->73471K(1887488K), 0.2395704 secs] 1900813K->226363K(5033216K) icms_dc=0 , 0.2396699 secs] [Times: user=0.23 sys=0.00, real=0.23 secs] 
2112222.761: [GC 2112222.761: [ParNew: 1751295K->76744K(1887488K), 0.2603733 secs] 1904187K->229771K(5033216K) icms_dc=0 , 0.2604820 secs] [Times: user=0.25 sys=0.00, real=0.25 secs] 
2112397.726: [GC 2112397.726: [ParNew: 1754568K->66376K(1887488K), 0.1846691 secs] 1907595K->219554K(5033216K) icms_dc=0 , 0.1847555 secs] [Times: user=0.19 sys=0.00, real=0.19 secs] 
2112702.954: [GC 2112702.955: [ParNew: 1744200K->79848K(1887488K), 0.2300770 secs] 1897378K->233293K(5033216K) icms_dc=0 , 0.2301608 secs] [Times: user=0.28 sys=0.00, real=0.23 secs] 
2112942.726: [GC 2112942.726: [ParNew: 1757672K->80208K(1887488K), 0.2804075 secs] 1911117K->233856K(5033216K) icms_dc=0 , 0.2805097 secs] [Times: user=0.28 sys=0.00, real=0.28 secs] 
2113045.411: [GC 2113045.411: [ParNew: 1758032K->55955K(1887488K), 0.1553485 secs] 1911680K->209814K(5033216K) icms_dc=0 , 0.1554349 secs] [Times: user=0.22 sys=0.00, real=0.16 secs] 
2113313.140: [GC 2113313.141: [ParNew: 1733779K->69570K(1887488K), 0.2359741 secs] 1887638K->223618K(5033216K) icms_dc=0 , 0.2360670 secs] [Times: user=0.23 sys=0.00, real=0.23 secs] 
2113592.499: [GC 2113592.499: [ParNew: 1747394K->79495K(1887488K), 0.2352365 secs] 1901442K->233909K(5033216K) icms_dc=0 , 0.2353283 secs] [Times: user=0.25 sys=0.00, real=0.23 secs] 
2113785.840: [GC 2113785.840: [ParNew: 1757319K->72061K(1887488K), 0.2244230 secs] 1911733K->226806K(5033216K) icms_dc=0 , 0.2245133 secs] [Times: user=0.23 sys=0.00, real=0.22 secs] 
2114015.212: [GC 2114015.212: [ParNew: 1749885K->67199K(1887488K), 0.2009131 secs] 1904630K->222071K(5033216K) icms_dc=0 , 0.2010010 secs] [Times: user=0.20 sys=0.00, real=0.20 secs] 
2114274.978: [GC 2114274.978: [ParNew: 1745023K->78413K(1887488K), 0.2365493 secs] 1899895K->233551K(5033216K) icms_dc=0 , 0.2366392 secs] [Times: user=0.25 sys=0.00, real=0.23 secs] 
2114588.779: [GC 2114588.779: [ParNew: 1756237K->74236K(1887488K), 0.2537433 secs] 1911375K->229607K(5033216K) icms_dc=0 , 0.2538400 secs] [Times: user=0.26 sys=0.00, real=0.25 secs] 
2114759.530: [GC 2114759.530: [ParNew: 1752060K->61611K(1887488K), 0.1833920 secs] 1907431K->217265K(5033216K) icms_dc=0 , 0.1834849 secs] [Times: user=0.20 sys=0.00, real=0.19 secs] 
2115079.321: [GC 2115079.321: [ParNew: 1739435K->70937K(1887488K), 0.2134153 secs] 1895089K->226780K(5033216K) icms_dc=0 , 0.2135001 secs] [Times: user=0.25 sys=0.00, real=0.22 secs] 
2115300.696: [GC 2115300.696: [ParNew: 1748761K->70301K(1887488K), 0.2141034 secs] 1904604K->226458K(5033216K) icms_dc=0 , 0.2141913 secs] [Times: user=0.23 sys=0.00, real=0.22 secs] 
2115581.457: [GC 2115581.457: [ParNew: 1748125K->76176K(1887488K), 0.2276684 secs] 1904282K->232592K(5033216K) icms_dc=0 , 0.2277575 secs] [Times: user=0.25 sys=0.00, real=0.23 secs] 
2115804.343: [GC 2115804.343: [ParNew: 1754000K->82118K(1887488K), 0.2463836 secs] 1910416K->238767K(5033216K) icms_dc=0 , 0.2464693 secs] [Times: user=0.30 sys=0.00, real=0.25 secs] 
2116026.952: [GC 2116026.952: [ParNew: 1759942K->62375K(1887488K), 0.1932025 secs] 1916591K->219244K(5033216K) icms_dc=0 , 0.1932893 secs] [Times: user=0.19 sys=0.00, real=0.19 secs] 
2116232.944: [GC 2116232.944: [ParNew: 1740199K->64223K(1887488K), 0.2176593 secs] 1897068K->221231K(5033216K) icms_dc=0 , 0.2177599 secs] [Times: user=0.22 sys=0.00, real=0.22 secs] 
2116461.601: [GC 2116461.601: [ParNew: 1742047K->70291K(1887488K), 0.2139866 secs] 1899055K->227575K(5033216K) icms_dc=0 , 0.2140772 secs] [Times: user=0.20 sys=0.00, real=0.20 secs] 
2116688.149: [GC 2116688.149: [ParNew: 1748115K->81492K(1887488K), 0.2447494 secs] 1905399K->239132K(5033216K) icms_dc=0 , 0.2448339 secs] [Times: user=0.26 sys=0.00, real=0.25 secs] 
2116935.793: [GC 2116935.793: [ParNew: 1759316K->77723K(1887488K), 0.2467979 secs] 1916956K->235616K(5033216K) icms_dc=0 , 0.2468989 secs] [Times: user=0.23 sys=0.00, real=0.25 secs] 
2117186.906: [GC 2117186.906: [ParNew: 1755547K->55674K(1887488K), 0.1548992 secs] 1913440K->213778K(5033216K) icms_dc=0 , 0.1549837 secs] [Times: user=0.16 sys=0.00, real=0.16 secs] 
2117308.463: [GC 2117308.463: [ParNew: 1733498K->54311K(1887488K), 0.1950894 secs] 1891602K->212733K(5033216K) icms_dc=0 , 0.1951777 secs] [Times: user=0.26 sys=0.00, real=0.20 secs] 
2117581.035: [GC 2117581.035: [ParNew: 1732135K->62256K(1887488K), 0.2123137 secs] 1890557K->220944K(5033216K) icms_dc=0 , 0.2124215 secs] [Times: user=0.23 sys=0.00, real=0.22 secs] 
2117826.751: [GC 2117826.751: [ParNew: 1740080K->80547K(1887488K), 0.2782201 secs] 1898768K->239534K(5033216K) icms_dc=0 , 0.2783253 secs] [Times: user=0.30 sys=0.00, real=0.28 secs] 
2118208.017: [GC 2118208.017: [ParNew: 1758371K->67583K(1887488K), 0.1934310 secs] 1917358K->226755K(5033216K) icms_dc=0 , 0.1935266 secs] [Times: user=0.19 sys=0.00, real=0.19 secs] 
2118468.009: [GC 2118468.009: [ParNew: 1745407K->67561K(1887488K), 0.2205242 secs] 1904579K->226938K(5033216K) icms_dc=0 , 0.2206179 secs] [Times: user=0.22 sys=0.00, real=0.22 secs] 
2118704.609: [GC 2118704.609: [ParNew: 1745385K->70535K(1887488K), 0.2127353 secs] 1904762K->230090K(5033216K) icms_dc=0 , 0.2128228 secs] [Times: user=0.20 sys=0.00, real=0.20 secs] 
2118980.289: [GC 2118980.289: [ParNew: 1748359K->73999K(1887488K), 0.2536419 secs] 1907914K->233760K(5033216K) icms_dc=0 , 0.2537479 secs] [Times: user=0.25 sys=0.00, real=0.25 secs] 
2119166.989: [GC 2119166.989: [ParNew: 1751823K->71147K(1887488K), 0.2107758 secs] 1911584K->231139K(5033216K) icms_dc=0 , 0.2108626 secs] [Times: user=0.27 sys=0.00, real=0.22 secs] 
2119237.220: [GC 2119237.220: [ParNew: 1748971K->41415K(1887488K), 0.1208024 secs] 1908963K->201698K(5033216K) icms_dc=0 , 0.1209010 secs] [Times: user=0.11 sys=0.00, real=0.13 secs] 
2119430.109: [GC 2119430.109: [ParNew: 1719239K->70402K(1887488K), 0.2160985 secs] 1879522K->230916K(5033216K) icms_dc=0 , 0.2161860 secs] [Times: user=0.20 sys=0.00, real=0.20 secs] 
2119674.136: [GC 2119674.137: [ParNew: 1748226K->74427K(1887488K), 0.2256233 secs] 1908740K->235226K(5033216K) icms_dc=0 , 0.2257090 secs] [Times: user=0.22 sys=0.00, real=0.22 secs] 
2119973.675: [GC 2119973.675: [ParNew: 1752251K->65649K(1887488K), 0.2062058 secs] 1913050K->226617K(5033216K) icms_dc=0 , 0.2062914 secs] [Times: user=0.20 sys=0.00, real=0.20 secs] 
2120215.733: [GC 2120215.733: [ParNew: 1743473K->69372K(1887488K), 0.2119688 secs] 1904441K->230449K(5033216K) icms_dc=0 , 0.2120671 secs] [Times: user=0.20 sys=0.00, real=0.20 secs] 
2120343.773: [GC 2120343.773: [ParNew: 1747196K->53078K(1887488K), 0.1613961 secs] 1908273K->214377K(5033216K) icms_dc=0 , 0.1614959 secs] [Times: user=0.16 sys=0.00, real=0.16 secs] 
2120621.507: [GC 2120621.507: [ParNew: 1730902K->67370K(1887488K), 0.1971317 secs] 1892201K->228879K(5033216K) icms_dc=0 , 0.1972177 secs] [Times: user=0.19 sys=0.00, real=0.19 secs] 
2120856.740: [GC 2120856.740: [ParNew: 1745194K->63715K(1887488K), 0.1861604 secs] 1906703K->225503K(5033216K) icms_dc=0 , 0.1862514 secs] [Times: user=0.20 sys=0.00, real=0.19 secs] 
2121006.458: [GC 2121006.458: [ParNew: 1741539K->95400K(1887488K), 0.2598415 secs] 1903327K->257433K(5033216K) icms_dc=0 , 0.2599279 secs] [Times: user=0.25 sys=0.00, real=0.25 secs] 
2121193.918: [GC 2121193.919: [ParNew: 1773224K->68125K(1887488K), 0.2052424 secs] 1935257K->230299K(5033216K) icms_dc=0 , 0.2053307 secs] [Times: user=0.20 sys=0.00, real=0.20 secs] 
2121437.496: [GC 2121437.496: [ParNew: 1745949K->67314K(1887488K), 0.2006155 secs] 1908123K->229682K(5033216K) icms_dc=0 , 0.2007004 secs] [Times: user=0.22 sys=0.00, real=0.20 secs] 
2121576.454: [GC 2121576.454: [ParNew: 1745138K->48250K(1887488K), 0.1619363 secs] 1907506K->210843K(5033216K) icms_dc=0 , 0.1620377 secs] [Times: user=0.17 sys=0.00, real=0.17 secs] 
2121732.679: [GC 2121732.679: [ParNew: 1726074K->60570K(1887488K), 0.1793249 secs] 1888667K->223397K(5033216K) icms_dc=0 , 0.1794144 secs] [Times: user=0.17 sys=0.00, real=0.17 secs] 
2121904.572: [GC 2121904.572: [ParNew: 1738394K->78954K(1887488K), 0.2848348 secs] 1901221K->242024K(5033216K) icms_dc=0 , 0.2849430 secs] [Times: user=0.30 sys=0.00, real=0.28 secs] 
2122087.679: [GC 2122087.679: [ParNew: 1756778K->72259K(1887488K), 0.2482678 secs] 1919848K->235592K(5033216K) icms_dc=0 , 0.2483623 secs] [Times: user=0.26 sys=0.00, real=0.25 secs] 
2122264.522: [GC 2122264.522: [ParNew: 1750083K->56943K(1887488K), 0.1620814 secs] 1913416K->220462K(5033216K) icms_dc=0 , 0.1621698 secs] [Times: user=0.23 sys=0.00, real=0.17 secs] 
2122460.342: [GC 2122460.342: [ParNew: 1734767K->62711K(1887488K), 0.1762892 secs] 1898286K->226368K(5033216K) icms_dc=0 , 0.1763814 secs] [Times: user=0.25 sys=0.00, real=0.19 secs] 
2122673.480: [GC 2122673.480: [ParNew: 1740535K->64030K(1887488K), 0.2063329 secs] 1904192K->227983K(5033216K) icms_dc=0 , 0.2064323 secs] [Times: user=0.23 sys=0.03, real=0.22 secs] 
2122796.346: [GC 2122796.346: [ParNew: 1741854K->71408K(1887488K), 0.2126281 secs] 1905807K->235596K(5033216K) icms_dc=0 , 0.2127130 secs] [Times: user=0.20 sys=0.00, real=0.20 secs] 
2122982.927: [GC 2122982.927: [ParNew: 1749232K->67090K(1887488K), 0.1967708 secs] 1913420K->231438K(5033216K) icms_dc=0 , 0.1968606 secs] [Times: user=0.25 sys=0.00, real=0.20 secs] 
2123248.438: [GC 2123248.438: [ParNew: 1744914K->72164K(1887488K), 0.2223254 secs] 1909262K->236759K(5033216K) icms_dc=0 , 0.2224195 secs] [Times: user=0.20 sys=0.00, real=0.22 secs] 
2123479.612: [GC 2123479.612: [ParNew: 1749988K->81055K(1887488K), 0.2154438 secs] 1914583K->245826K(5033216K) icms_dc=0 , 0.2155333 secs] [Times: user=0.28 sys=0.00, real=0.22 secs] 
2123544.203: [GC 2123544.203: [ParNew: 1758879K->72791K(1887488K), 0.2078672 secs] 1923650K->237816K(5033216K) icms_dc=0 , 0.2079567 secs] [Times: user=0.20 sys=0.00, real=0.20 secs] 
2123777.295: [GC 2123777.295: [ParNew: 1750615K->78773K(1887488K), 0.2418163 secs] 1915640K->244094K(5033216K) icms_dc=0 , 0.2418981 secs] [Times: user=0.26 sys=0.00, real=0.25 secs] 
2123921.102: [GC 2123921.102: [ParNew: 1756597K->68824K(1887488K), 0.2118686 secs] 1921918K->234419K(5033216K) icms_dc=0 , 0.2119585 secs] [Times: user=0.20 sys=0.00, real=0.20 secs] 
2124204.702: [GC 2124204.702: [ParNew: 1746648K->68715K(1887488K), 0.2226687 secs] 1912243K->234498K(5033216K) icms_dc=0 , 0.2227685 secs] [Times: user=0.22 sys=0.00, real=0.22 secs] 
2124421.100: [GC 2124421.100: [ParNew: 1746539K->58042K(1887488K), 0.1994586 secs] 1912322K->223936K(5033216K) icms_dc=0 , 0.1995538 secs] [Times: user=0.20 sys=0.00, real=0.20 secs] 
2124722.594: [GC 2124722.594: [ParNew: 1735866K->65772K(1887488K), 0.2240494 secs] 1901760K->231894K(5033216K) icms_dc=0 , 0.2241439 secs] [Times: user=0.23 sys=0.00, real=0.22 secs] 
2124978.013: [GC 2124978.013: [ParNew: 1743596K->65931K(1887488K), 0.2272629 secs] 1909718K->232286K(5033216K) icms_dc=0 , 0.2273562 secs] [Times: user=0.22 sys=0.00, real=0.22 secs] 
2125168.506: [GC 2125168.506: [ParNew: 1743755K->43072K(1887488K), 0.1321200 secs] 1910110K->209669K(5033216K) icms_dc=0 , 0.1322091 secs] [Times: user=0.16 sys=0.00, real=0.14 secs] 
2125353.387: [GC 2125353.387: [ParNew: 1720896K->58992K(1887488K), 0.1355646 secs] 1887493K->225713K(5033216K) icms_dc=0 , 0.1356487 secs] [Times: user=0.13 sys=0.00, real=0.13 secs] 
2125567.563: [GC 2125567.563: [ParNew: 1736816K->63556K(1887488K), 0.2086482 secs] 1903537K->230418K(5033216K) icms_dc=0 , 0.2087454 secs] [Times: user=0.23 sys=0.00, real=0.22 secs] 
2125792.784: [GC 2125792.784: [ParNew: 1741380K->39032K(1887488K), 0.1128691 secs] 1908242K->206105K(5033216K) icms_dc=0 , 0.1129624 secs] [Times: user=0.11 sys=0.00, real=0.11 secs] 
2125967.394: [GC 2125967.394: [ParNew: 1716856K->70653K(1887488K), 0.2088610 secs] 1883929K->237849K(5033216K) icms_dc=0 , 0.2089520 secs] [Times: user=0.23 sys=0.00, real=0.22 secs] 
2126138.012: [GC 2126138.012: [ParNew: 1748477K->65516K(1887488K), 0.1912988 secs] 1915673K->232897K(5033216K) icms_dc=0 , 0.1913829 secs] [Times: user=0.19 sys=0.00, real=0.19 secs] 
2126424.767: [GC 2126424.767: [ParNew: 1743340K->68423K(1887488K), 0.2040459 secs] 1910721K->236151K(5033216K) icms_dc=0 , 0.2041339 secs] [Times: user=0.25 sys=0.00, real=0.20 secs] 
2126681.395: [GC 2126681.395: [ParNew: 1746247K->62237K(1887488K), 0.1656543 secs] 1913975K->230094K(5033216K) icms_dc=0 , 0.1657407 secs] [Times: user=0.17 sys=0.00, real=0.17 secs] 
2126994.106: [GC 2126994.106: [ParNew: 1740061K->64322K(1887488K), 0.1871430 secs] 1907918K->232358K(5033216K) icms_dc=0 , 0.1872340 secs] [Times: user=0.20 sys=0.00, real=0.19 secs] 
2127196.663: [GC 2127196.663: [ParNew: 1742146K->86236K(1887488K), 0.2978903 secs] 1910182K->254458K(5033216K) icms_dc=0 , 0.2979862 secs] [Times: user=0.31 sys=0.00, real=0.30 secs] 
2127539.366: [GC 2127539.366: [ParNew: 1764060K->79552K(1887488K), 0.2401091 secs] 1932282K->247960K(5033216K) icms_dc=0 , 0.2401990 secs] [Times: user=0.25 sys=0.00, real=0.23 secs] 
2127761.245: [GC 2127761.245: [ParNew: 1757376K->62403K(1887488K), 0.1961345 secs] 1925784K->230925K(5033216K) icms_dc=0 , 0.1962217 secs] [Times: user=0.19 sys=0.00, real=0.19 secs] 
2128015.662: [GC 2128015.662: [ParNew: 1740227K->62969K(1887488K), 0.1869553 secs] 1908749K->231756K(5033216K) icms_dc=0 , 0.1870436 secs] [Times: user=0.19 sys=0.00, real=0.19 secs] 
2128299.063: [GC 2128299.063: [ParNew: 1740793K->64417K(1887488K), 0.2140999 secs] 1909580K->233466K(5033216K) icms_dc=0 , 0.2142063 secs] [Times: user=0.23 sys=0.00, real=0.22 secs] 
2128433.712: [GC 2128433.712: [ParNew: 1742241K->65701K(1887488K), 0.1951013 secs] 1911290K->234962K(5033216K) icms_dc=0 , 0.1951911 secs] [Times: user=0.19 sys=0.00, real=0.19 secs] 
2128632.608: [GC 2128632.608: [ParNew: 1743525K->65215K(1887488K), 0.1657753 secs] 1912786K->234665K(5033216K) icms_dc=0 , 0.1658632 secs] [Times: user=0.16 sys=0.00, real=0.16 secs] 
2128717.021: [GC 2128717.021: [ParNew: 1743039K->25834K(1887488K), 0.0698517 secs] 1912489K->195521K(5033216K) icms_dc=0 , 0.0699358 secs] [Times: user=0.08 sys=0.00, real=0.08 secs] 
2129056.088: [GC 2129056.088: [ParNew: 1703658K->57696K(1887488K), 0.1654209 secs] 1873345K->227609K(5033216K) icms_dc=0 , 0.1655111 secs] [Times: user=0.16 sys=0.00, real=0.16 secs] 
2129306.884: [GC 2129306.884: [ParNew: 1735520K->62439K(1887488K), 0.1869975 secs] 1905433K->232557K(5033216K) icms_dc=0 , 0.1870847 secs] [Times: user=0.20 sys=0.00, real=0.19 secs] 
2129512.940: [GC 2129512.940: [ParNew: 1740263K->60114K(1887488K), 0.1709524 secs] 1910381K->230360K(5033216K) icms_dc=0 , 0.1710376 secs] [Times: user=0.17 sys=0.00, real=0.17 secs] 
2129693.410: [GC 2129693.410: [ParNew: 1737938K->53181K(1887488K), 0.1582256 secs] 1908184K->223493K(5033216K) icms_dc=0 , 0.1583177 secs] [Times: user=0.17 sys=0.00, real=0.16 secs] 
2129898.530: [GC 2129898.530: [ParNew: 1731005K->60945K(1887488K), 0.1695586 secs] 1901317K->231490K(5033216K) icms_dc=0 , 0.1696427 secs] [Times: user=0.23 sys=0.00, real=0.17 secs] 
2130072.694: [GC 2130072.694: [ParNew: 1738769K->43497K(1887488K), 0.1352167 secs] 1909314K->214259K(5033216K) icms_dc=0 , 0.1353093 secs] [Times: user=0.14 sys=0.00, real=0.14 secs] 
2130290.297: [GC 2130290.297: [ParNew: 1721321K->60151K(1887488K), 0.1941409 secs] 1892083K->231129K(5033216K) icms_dc=0 , 0.1942408 secs] [Times: user=0.22 sys=0.00, real=0.20 secs] 
2130489.286: [GC 2130489.286: [ParNew: 1737975K->56617K(1887488K), 0.1717898 secs] 1908953K->227752K(5033216K) icms_dc=0 , 0.1718912 secs] [Times: user=0.23 sys=0.00, real=0.17 secs] 
2130629.697: [GC 2130629.697: [ParNew: 1734441K->59944K(1887488K), 0.2031962 secs] 1905576K->231276K(5033216K) icms_dc=0 , 0.2033037 secs] [Times: user=0.22 sys=0.00, real=0.20 secs] 
2130875.856: [GC 2130875.856: [ParNew: 1737768K->70305K(1887488K), 0.2176574 secs] 1909100K->241779K(5033216K) icms_dc=0 , 0.2177534 secs] [Times: user=0.28 sys=0.00, real=0.22 secs] 
2131124.392: [GC 2131124.393: [ParNew: 1748129K->68714K(1887488K), 0.2307866 secs] 1919603K->240335K(5033216K) icms_dc=0 , 0.2308976 secs] [Times: user=0.22 sys=0.00, real=0.22 secs] 
2131320.300: [GC 2131320.300: [ParNew: 1746538K->71105K(1887488K), 0.2172301 secs] 1918159K->242914K(5033216K) icms_dc=0 , 0.2173214 secs] [Times: user=0.23 sys=0.00, real=0.22 secs] 
2131417.735: [GC 2131417.735: [ParNew: 1748929K->41709K(1887488K), 0.1135399 secs] 1920738K->213735K(5033216K) icms_dc=0 , 0.1136420 secs] [Times: user=0.19 sys=0.00, real=0.13 secs] 
2131633.364: [GC 2131633.364: [ParNew: 1719533K->62778K(1887488K), 0.2084348 secs] 1891559K->235016K(5033216K) icms_dc=0 , 0.2085380 secs] [Times: user=0.20 sys=0.00, real=0.20 secs] 
2131896.692: [GC 2131896.692: [ParNew: 1740602K->62750K(1887488K), 0.1817574 secs] 1912840K->235232K(5033216K) icms_dc=0 , 0.1818507 secs] [Times: user=0.17 sys=0.00, real=0.17 secs] 
2131987.229: [GC 2131987.229: [ParNew: 1740574K->37459K(1887488K), 0.1182501 secs] 1913056K->210302K(5033216K) icms_dc=0 , 0.1183534 secs] [Times: user=0.14 sys=0.00, real=0.12 secs] 
2132195.702: [GC 2132195.702: [ParNew: 1715283K->54615K(1887488K), 0.1370026 secs] 1888126K->227585K(5033216K) icms_dc=0 , 0.1370886 secs] [Times: user=0.20 sys=0.00, real=0.14 secs] 
2132283.408: [GC 2132283.408: [ParNew: 1732439K->42579K(1887488K), 0.1295658 secs] 1905409K->215828K(5033216K) icms_dc=0 , 0.1296576 secs] [Times: user=0.13 sys=0.00, real=0.12 secs] 
2132509.253: [GC 2132509.253: [ParNew: 1720403K->66871K(1887488K), 0.2230162 secs] 1893652K->240365K(5033216K) icms_dc=0 , 0.2231075 secs] [Times: user=0.22 sys=0.00, real=0.22 secs] 
2132731.877: [GC 2132731.877: [ParNew: 1744695K->65082K(1887488K), 0.1961864 secs] 1918189K->238648K(5033216K) icms_dc=0 , 0.1962747 secs] [Times: user=0.19 sys=0.00, real=0.19 secs] 
2132968.827: [GC 2132968.827: [ParNew: 1742906K->65943K(1887488K), 0.1921523 secs] 1916472K->239852K(5033216K) icms_dc=0 , 0.1922430 secs] [Times: user=0.22 sys=0.00, real=0.20 secs] 
2133194.442: [GC 2133194.442: [ParNew: 1743767K->63132K(1887488K), 0.2140385 secs] 1917676K->237183K(5033216K) icms_dc=0 , 0.2141387 secs] [Times: user=0.23 sys=0.00, real=0.22 secs] 
2133549.314: [GC 2133549.314: [ParNew: 1740956K->72934K(1887488K), 0.2158608 secs] 1915007K->247164K(5033216K) icms_dc=0 , 0.2159541 secs] [Times: user=0.22 sys=0.00, real=0.22 secs] 
2133711.978: [GC 2133711.979: [ParNew: 1750758K->58706K(1887488K), 0.1957748 secs] 1924988K->233082K(5033216K) icms_dc=0 , 0.1958830 secs] [Times: user=0.19 sys=0.00, real=0.19 secs] 
2133952.406: [GC 2133952.406: [ParNew: 1736530K->64203K(1887488K), 0.1901975 secs] 1910906K->238795K(5033216K) icms_dc=0 , 0.1902893 secs] [Times: user=0.20 sys=0.00, real=0.19 secs] 
2134261.016: [GC 2134261.016: [ParNew: 1742027K->69814K(1887488K), 0.1945372 secs] 1916619K->244631K(5033216K) icms_dc=0 , 0.1946209 secs] [Times: user=0.19 sys=0.00, real=0.19 secs] 
2134531.816: [GC 2134531.816: [ParNew: 1747638K->59060K(1887488K), 0.1756096 secs] 1922455K->234114K(5033216K) icms_dc=0 , 0.1756995 secs] [Times: user=0.17 sys=0.00, real=0.17 secs] 
2134882.950: [GC 2134882.950: [ParNew: 1736884K->75083K(1887488K), 0.2226848 secs] 1911938K->250315K(5033216K) icms_dc=0 , 0.2227719 secs] [Times: user=0.26 sys=0.00, real=0.23 secs] 
2135061.564: [GC 2135061.564: [ParNew: 1752907K->64887K(1887488K), 0.2056532 secs] 1928139K->240282K(5033216K) icms_dc=0 , 0.2057489 secs] [Times: user=0.23 sys=0.00, real=0.22 secs] 
2135339.051: [GC 2135339.051: [ParNew: 1742711K->71085K(1887488K), 0.2175088 secs] 1918106K->246665K(5033216K) icms_dc=0 , 0.2175983 secs] [Times: user=0.20 sys=0.00, real=0.20 secs] 
2135475.696: [GC 2135475.696: [ParNew: 1748909K->53757K(1887488K), 0.1775936 secs] 1924489K->229561K(5033216K) icms_dc=0 , 0.1777061 secs] [Times: user=0.17 sys=0.00, real=0.17 secs] 
2135715.767: [GC 2135715.767: [ParNew: 1731581K->60399K(1887488K), 0.2025154 secs] 1907385K->236409K(5033216K) icms_dc=0 , 0.2026145 secs] [Times: user=0.20 sys=0.00, real=0.20 secs] 
2136051.211: [GC 2136051.211: [ParNew: 1738223K->65430K(1887488K), 0.2182015 secs] 1914233K->241596K(5033216K) icms_dc=0 , 0.2183017 secs] [Times: user=0.23 sys=0.00, real=0.22 secs] 
2136279.546: [GC 2136279.546: [ParNew: 1743254K->59984K(1887488K), 0.1759540 secs] 1919420K->236401K(5033216K) icms_dc=0 , 0.1762466 secs] [Times: user=0.17 sys=0.00, real=0.17 secs] 
2136544.264: [GC 2136544.264: [ParNew: 1737808K->64153K(1887488K), 0.1926926 secs] 1914225K->240681K(5033216K) icms_dc=0 , 0.1927798 secs] [Times: user=0.22 sys=0.00, real=0.20 secs] 
2136779.533: [GC 2136779.533: [ParNew: 1741977K->64906K(1887488K), 0.1939635 secs] 1918505K->241629K(5033216K) icms_dc=0 , 0.1940546 secs] [Times: user=0.20 sys=0.00, real=0.19 secs] 
2136992.232: [GC 2136992.232: [ParNew: 1742730K->58874K(1887488K), 0.1787651 secs] 1919453K->235783K(5033216K) icms_dc=0 , 0.1788576 secs] [Times: user=0.19 sys=0.00, real=0.17 secs] 
2137165.930: [GC 2137165.930: [ParNew: 1736698K->60750K(1887488K), 0.2036746 secs] 1913607K->237855K(5033216K) icms_dc=0 , 0.2037764 secs] [Times: user=0.20 sys=0.00, real=0.20 secs] 
2137393.902: [GC 2137393.902: [ParNew: 1738574K->70035K(1887488K), 0.2147373 secs] 1915679K->247318K(5033216K) icms_dc=0 , 0.2148214 secs] [Times: user=0.22 sys=0.00, real=0.22 secs] 
2137678.285: [GC 2137678.285: [ParNew: 1747859K->77570K(1887488K), 0.2316675 secs] 1925142K->255033K(5033216K) icms_dc=0 , 0.2317539 secs] [Times: user=0.27 sys=0.00, real=0.23 secs] 
2137875.117: [GC 2137875.117: [ParNew: 1755394K->62846K(1887488K), 0.1852347 secs] 1932857K->240474K(5033216K) icms_dc=0 , 0.1853230 secs] [Times: user=0.19 sys=0.00, real=0.19 secs] 
2137983.961: [GC 2137983.961: [ParNew: 1740670K->51430K(1887488K), 0.1467198 secs] 1918298K->229265K(5033216K) icms_dc=0 , 0.1468066 secs] [Times: user=0.22 sys=0.00, real=0.16 secs] 
2138155.056: [GC 2138155.056: [ParNew: 1729254K->63495K(1887488K), 0.1855795 secs] 1907089K->241676K(5033216K) icms_dc=0 , 0.1856697 secs] [Times: user=0.25 sys=0.00, real=0.19 secs] 
2138380.152: [GC 2138380.152: [ParNew: 1741319K->49811K(1887488K), 0.1620550 secs] 1919500K->228297K(5033216K) icms_dc=0 , 0.1621532 secs] [Times: user=0.17 sys=0.00, real=0.16 secs] 
2138473.200: [GC 2138473.201: [ParNew: 1727635K->87011K(1887488K), 0.2129088 secs] 1906121K->265758K(5033216K) icms_dc=0 , 0.2129902 secs] [Times: user=0.20 sys=0.00, real=0.20 secs] 
2138894.913: [GC 2138894.913: [ParNew: 1764835K->55206K(1887488K), 0.1671649 secs] 1943582K->234072K(5033216K) icms_dc=0 , 0.1672528 secs] [Times: user=0.16 sys=0.00, real=0.16 secs] 
2139190.842: [GC 2139190.842: [ParNew: 1733030K->56010K(1887488K), 0.1829750 secs] 1911896K->235058K(5033216K) icms_dc=0 , 0.1830714 secs] [Times: user=0.19 sys=0.00, real=0.19 secs] 
2139397.841: [GC 2139397.841: [ParNew: 1733834K->50568K(1887488K), 0.1518221 secs] 1912882K->229753K(5033216K) icms_dc=0 , 0.1519127 secs] [Times: user=0.14 sys=0.00, real=0.14 secs] 
2139822.535: [GC 2139822.535: [ParNew: 1728392K->73782K(1887488K), 0.2247644 secs] 1907577K->253062K(5033216K) icms_dc=0 , 0.2248546 secs] [Times: user=0.25 sys=0.00, real=0.23 secs] 
2140241.749: [GC 2140241.749: [ParNew: 1751606K->65892K(1887488K), 0.1975806 secs] 1930886K->245394K(5033216K) icms_dc=0 , 0.1977134 secs] [Times: user=0.20 sys=0.00, real=0.20 secs] 
2140505.602: [GC 2140505.602: [ParNew: 1743716K->56229K(1887488K), 0.1897156 secs] 1923218K->235905K(5033216K) icms_dc=0 , 0.1898278 secs] [Times: user=0.19 sys=0.00, real=0.19 secs] 
2140943.720: [GC 2140943.720: [ParNew: 1734053K->62612K(1887488K), 0.1837080 secs] 1913729K->242423K(5033216K) icms_dc=0 , 0.1837959 secs] [Times: user=0.20 sys=0.00, real=0.19 secs] 
2141304.826: [GC 2141304.826: [ParNew: 1740436K->66582K(1887488K), 0.1961845 secs] 1920247K->246641K(5033216K) icms_dc=0 , 0.1962732 secs] [Times: user=0.20 sys=0.00, real=0.20 secs] 
2141666.898: [GC 2141666.898: [ParNew: 1744406K->55402K(1887488K), 0.1796075 secs] 1924465K->235644K(5033216K) icms_dc=0 , 0.1796951 secs] [Times: user=0.25 sys=0.00, real=0.19 secs] 
2142231.390: [GC 2142231.390: [ParNew: 1733226K->60808K(1887488K), 0.1809730 secs] 1913468K->241231K(5033216K) icms_dc=0 , 0.1810620 secs] [Times: user=0.19 sys=0.00, real=0.19 secs] 
2142677.622: [GC 2142677.623: [ParNew: 1738632K->51540K(1887488K), 0.1480073 secs] 1919055K->232199K(5033216K) icms_dc=0 , 0.1484066 secs] [Times: user=0.16 sys=0.00, real=0.16 secs] 
2143246.468: [GC 2143246.468: [ParNew: 1729364K->56512K(1887488K), 0.1817574 secs] 1910023K->237318K(5033216K) icms_dc=0 , 0.1818503 secs] [Times: user=0.19 sys=0.00, real=0.19 secs] 
2143716.553: [GC 2143716.553: [ParNew: 1734336K->61362K(1887488K), 0.2025035 secs] 1915142K->242307K(5033216K) icms_dc=0 , 0.2025976 secs] [Times: user=0.20 sys=0.00, real=0.20 secs] 
2144319.420: [GC 2144319.420: [ParNew: 1739186K->57360K(1887488K), 0.1731314 secs] 1920131K->238487K(5033216K) icms_dc=0 , 0.1732182 secs] [Times: user=0.19 sys=0.00, real=0.17 secs] 
2144713.002: [GC 2144713.002: [ParNew: 1735184K->42563K(1887488K), 0.1391874 secs] 1916311K->223841K(5033216K) icms_dc=0 , 0.1392961 secs] [Times: user=0.14 sys=0.00, real=0.14 secs] 
2145312.291: [GC 2145312.291: [ParNew: 1720387K->51606K(1887488K), 0.1676617 secs] 1901665K->233051K(5033216K) icms_dc=0 , 0.1677577 secs] [Times: user=0.17 sys=0.00, real=0.17 secs] 
2145774.909: [GC 2145774.909: [ParNew: 1729430K->50475K(1887488K), 0.1672390 secs] 1910875K->232081K(5033216K) icms_dc=0 , 0.1673442 secs] [Times: user=0.16 sys=0.00, real=0.16 secs] 
2146567.276: [GC 2146567.276: [ParNew: 1728299K->46868K(1887488K), 0.1514723 secs] 1909905K->228619K(5033216K) icms_dc=0 , 0.1515729 secs] [Times: user=0.16 sys=0.00, real=0.16 secs] 
2147260.763: [GC 2147260.763: [ParNew: 1724692K->55027K(1887488K), 0.1799489 secs] 1906443K->236909K(5033216K) icms_dc=0 , 0.1800476 secs] [Times: user=0.17 sys=0.00, real=0.17 secs] 
2147751.541: [GC 2147751.541: [ParNew: 1732851K->39277K(1887488K), 0.0977870 secs] 1914733K->221321K(5033216K) icms_dc=0 , 0.0978749 secs] [Times: user=0.09 sys=0.00, real=0.09 secs] 
2148873.705: [GC 2148873.705: [ParNew: 1717101K->34469K(1887488K), 0.1130572 secs] 1899145K->216618K(5033216K) icms_dc=0 , 0.1131540 secs] [Times: user=0.11 sys=0.00, real=0.11 secs] 
2149727.807: [GC 2149727.807: [ParNew: 1712293K->46513K(1887488K), 0.1717411 secs] 1894442K->228826K(5033216K) icms_dc=0 , 0.1718424 secs] [Times: user=0.20 sys=0.00, real=0.17 secs] 
2150939.125: [GC 2150939.125: [ParNew: 1724337K->37850K(1887488K), 0.1252883 secs] 1906650K->220308K(5033216K) icms_dc=0 , 0.1253858 secs] [Times: user=0.13 sys=0.00, real=0.13 secs] 
2152079.117: [GC 2152079.117: [ParNew: 1715674K->35867K(1887488K), 0.1165675 secs] 1898132K->218443K(5033216K) icms_dc=0 , 0.1166631 secs] [Times: user=0.14 sys=0.00, real=0.13 secs] 
2153349.881: [GC 2153349.881: [ParNew: 1713691K->38525K(1887488K), 0.1263865 secs] 1896267K->221255K(5033216K) icms_dc=0 , 0.1264821 secs] [Times: user=0.14 sys=0.00, real=0.13 secs] 
2154515.814: [GC 2154515.814: [ParNew: 1716349K->42087K(1887488K), 0.1268538 secs] 1899079K->225009K(5033216K) icms_dc=0 , 0.1269479 secs] [Times: user=0.13 sys=0.00, real=0.13 secs] 
2155932.787: [GC 2155932.787: [ParNew: 1719911K->37586K(1887488K), 0.1238235 secs] 1902833K->220897K(5033216K) icms_dc=0 , 0.1239279 secs] [Times: user=0.14 sys=0.00, real=0.12 secs] 
2156877.277: [GC 2156877.277: [ParNew: 1715410K->33717K(1887488K), 0.0961908 secs] 1898721K->217155K(5033216K) icms_dc=0 , 0.0962860 secs] [Times: user=0.16 sys=0.00, real=0.09 secs] 
2157898.958: [GC 2157898.958: [ParNew: 1711541K->40223K(1887488K), 0.1467985 secs] 1894979K->223872K(5033216K) icms_dc=0 , 0.1468957 secs] [Times: user=0.14 sys=0.00, real=0.14 secs] 
2158847.114: [GC 2158847.114: [ParNew: 1718047K->33912K(1887488K), 0.1142863 secs] 1901696K->217694K(5033216K) icms_dc=0 , 0.1143812 secs] [Times: user=0.11 sys=0.00, real=0.11 secs] 
2159675.361: [GC 2159675.361: [ParNew: 1711736K->44157K(1887488K), 0.1688928 secs] 1895518K->228110K(5033216K) icms_dc=0 , 0.1689922 secs] [Times: user=0.22 sys=0.00, real=0.17 secs] 
2160378.982: [GC 2160378.982: [ParNew: 1721981K->30266K(1887488K), 0.0937506 secs] 1905934K->214347K(5033216K) icms_dc=0 , 0.0938401 secs] [Times: user=0.09 sys=0.00, real=0.09 secs] 
2161532.003: [GC 2161532.003: [ParNew: 1708090K->36292K(1887488K), 0.1246528 secs] 1892171K->220522K(5033216K) icms_dc=0 , 0.1247592 secs] [Times: user=0.13 sys=0.00, real=0.13 secs] 
2162931.811: [GC 2162931.811: [ParNew: 1714116K->26688K(1887488K), 0.0819177 secs] 1898346K->211043K(5033216K) icms_dc=0 , 0.0820037 secs] [Times: user=0.08 sys=0.00, real=0.08 secs] 
2164613.763: [GC 2164613.763: [ParNew: 1704512K->22961K(1887488K), 0.0695718 secs] 1888867K->207431K(5033216K) icms_dc=0 , 0.0696617 secs] [Times: user=0.09 sys=0.00, real=0.08 secs] 
2166178.566: [GC 2166178.566: [ParNew: 1700785K->26365K(1887488K), 0.0807616 secs] 1885255K->210959K(5033216K) icms_dc=0 , 0.0808503 secs] [Times: user=0.09 sys=0.02, real=0.09 secs] 
2168046.599: [GC 2168046.599: [ParNew: 1704189K->18610K(1887488K), 0.0639704 secs] 1888783K->203354K(5033216K) icms_dc=0 , 0.0640710 secs] [Times: user=0.06 sys=0.00, real=0.06 secs] 
2170066.777: [GC 2170066.777: [ParNew: 1696434K->14523K(1887488K), 0.0511480 secs] 1881178K->199383K(5033216K) icms_dc=0 , 0.0512501 secs] [Times: user=0.05 sys=0.00, real=0.05 secs] 
2172208.559: [GC 2172208.559: [ParNew: 1692347K->10597K(1887488K), 0.0370051 secs] 1877207K->195598K(5033216K) icms_dc=0 , 0.0371088 secs] [Times: user=0.03 sys=0.00, real=0.03 secs] 
2173748.826: [GC 2173748.826: [ParNew: 1688421K->34139K(1887488K), 0.1173274 secs] 1873422K->219291K(5033216K) icms_dc=0 , 0.1174395 secs] [Times: user=0.11 sys=0.00, real=0.11 secs] 
2175137.518: [GC 2175137.518: [ParNew: 1711963K->43061K(1887488K), 0.1320774 secs] 1897115K->228355K(5033216K) icms_dc=0 , 0.1321664 secs] [Times: user=0.16 sys=0.00, real=0.14 secs] 
2176356.467: [GC 2176356.467: [ParNew: 1720885K->38565K(1887488K), 0.1181418 secs] 1906179K->223991K(5033216K) icms_dc=0 , 0.1182293 secs] [Times: user=0.14 sys=0.00, real=0.13 secs] 
2177287.291: [GC 2177287.291: [ParNew: 1716389K->42081K(1887488K), 0.1274973 secs] 1901815K->227652K(5033216K) icms_dc=0 , 0.1275841 secs] [Times: user=0.13 sys=0.00, real=0.13 secs] 
2178574.826: [GC 2178574.826: [ParNew: 1719905K->46255K(1887488K), 0.1416579 secs] 1905476K->232037K(5033216K) icms_dc=0 , 0.1417466 secs] [Times: user=0.16 sys=0.00, real=0.14 secs] 
2179474.513: [GC 2179474.513: [ParNew: 1724079K->52086K(1887488K), 0.1562950 secs] 1909861K->238050K(5033216K) icms_dc=0 , 0.1568367 secs] [Times: user=0.17 sys=0.02, real=0.17 secs] 
2180737.128: [GC 2180737.128: [ParNew: 1729910K->33370K(1887488K), 0.1062989 secs] 1915874K->219510K(5033216K) icms_dc=0 , 0.1063911 secs] [Times: user=0.11 sys=0.00, real=0.11 secs] 
2182056.588: [GC 2182056.588: [ParNew: 1711194K->37500K(1887488K), 0.1274969 secs] 1897334K->223802K(5033216K) icms_dc=0 , 0.1276133 secs] [Times: user=0.14 sys=0.00, real=0.13 secs] 
2183201.796: [GC 2183201.796: [ParNew: 1715324K->42276K(1887488K), 0.1278410 secs] 1901626K->228801K(5033216K) icms_dc=0 , 0.1279278 secs] [Times: user=0.19 sys=0.00, real=0.14 secs] 
2183851.283: [GC 2183851.283: [ParNew: 1720100K->45287K(1887488K), 0.1369865 secs] 1906625K->231977K(5033216K) icms_dc=0 , 0.1370798 secs] [Times: user=0.16 sys=0.00, real=0.14 secs] 
2184397.975: [GC 2184397.975: [ParNew: 1723111K->31850K(1887488K), 0.0992856 secs] 1909801K->218694K(5033216K) icms_dc=0 , 0.0993805 secs] [Times: user=0.09 sys=0.00, real=0.09 secs] 
2185476.214: [GC 2185476.214: [ParNew: 1709674K->31070K(1887488K), 0.0962787 secs] 1896518K->218049K(5033216K) icms_dc=0 , 0.0963690 secs] [Times: user=0.09 sys=0.00, real=0.09 secs] 
2186066.730: [GC 2186066.730: [ParNew: 1708894K->67981K(1887488K), 0.2043535 secs] 1895873K->255198K(5033216K) icms_dc=0 , 0.2044414 secs] [Times: user=0.20 sys=0.00, real=0.20 secs] 
2187077.408: [GC 2187077.409: [ParNew: 1745805K->41236K(1887488K), 0.1325976 secs] 1933022K->228593K(5033216K) icms_dc=0 , 0.1326890 secs] [Times: user=0.13 sys=0.00, real=0.13 secs] 
2187958.132: [GC 2187958.132: [ParNew: 1719060K->45958K(1887488K), 0.1382724 secs] 1906417K->233438K(5033216K) icms_dc=0 , 0.1383580 secs] [Times: user=0.16 sys=0.00, real=0.14 secs] 
2189042.178: [GC 2189042.178: [ParNew: 1723782K->35208K(1887488K), 0.1151960 secs] 1911262K->222841K(5033216K) icms_dc=0 , 0.1152843 secs] [Times: user=0.11 sys=0.00, real=0.11 secs] 
2189990.084: [GC 2189990.084: [ParNew: 1713032K->40640K(1887488K), 0.1122712 secs] 1900665K->228442K(5033216K) icms_dc=0 , 0.1123572 secs] [Times: user=0.11 sys=0.00, real=0.11 secs] 
2190910.595: [GC 2190910.596: [ParNew: 1718464K->37144K(1887488K), 0.1126552 secs] 1906266K->225114K(5033216K) icms_dc=0 , 0.1127550 secs] [Times: user=0.11 sys=0.00, real=0.11 secs] 
2191849.457: [GC 2191849.457: [ParNew: 1714968K->57168K(1887488K), 0.1769297 secs] 1902938K->245303K(5033216K) icms_dc=0 , 0.1770192 secs] [Times: user=0.19 sys=0.00, real=0.17 secs] 
2192419.722: [GC 2192419.722: [ParNew: 1734992K->53383K(1887488K), 0.1567273 secs] 1923127K->241678K(5033216K) icms_dc=0 , 0.1568122 secs] [Times: user=0.16 sys=0.00, real=0.16 secs] 
2193192.438: [GC 2193192.438: [ParNew: 1731207K->51777K(1887488K), 0.1575855 secs] 1919502K->240230K(5033216K) icms_dc=0 , 0.1576796 secs] [Times: user=0.17 sys=0.00, real=0.16 secs] 
2193341.937: [GC 2193341.937: [ParNew: 1729601K->93614K(1887488K), 0.2879062 secs] 1918054K->282252K(5033216K) icms_dc=0 , 0.2880037 secs] [Times: user=0.28 sys=0.00, real=0.28 secs] 
2193502.412: [GC 2193502.412: [ParNew: 1771438K->107326K(1887488K), 0.2126492 secs] 1960076K->296165K(5033216K) icms_dc=0 , 0.2127310 secs] [Times: user=0.34 sys=0.00, real=0.22 secs] 
2193784.479: [GC 2193784.479: [ParNew: 1785150K->56574K(1887488K), 0.2020243 secs] 1973989K->272444K(5033216K) icms_dc=0 , 0.2021284 secs] [Times: user=0.33 sys=0.00, real=0.20 secs] 
2194242.059: [GC 2194242.059: [ParNew: 1734398K->67438K(1887488K), 0.1966944 secs] 1950268K->283308K(5033216K) icms_dc=0 , 0.1967819 secs] [Times: user=0.19 sys=0.00, real=0.19 secs] 
2194585.321: [GC 2194585.321: [ParNew: 1745262K->76162K(1887488K), 0.2146037 secs] 1961132K->292031K(5033216K) icms_dc=0 , 0.2146931 secs] [Times: user=0.28 sys=0.00, real=0.22 secs] 
2194994.630: [GC 2194994.630: [ParNew: 1753986K->67855K(1887488K), 0.2012506 secs] 1969855K->283724K(5033216K) icms_dc=0 , 0.2013431 secs] [Times: user=0.22 sys=0.00, real=0.20 secs] 
2195387.953: [GC 2195387.953: [ParNew: 1745679K->77149K(1887488K), 0.2576575 secs] 1961548K->296852K(5033216K) icms_dc=0 , 0.2577592 secs] [Times: user=0.25 sys=0.00, real=0.25 secs] 
2195770.631: [GC 2195770.631: [ParNew: 1754973K->63911K(1887488K), 0.2143330 secs] 1974676K->283850K(5033216K) icms_dc=0 , 0.2144401 secs] [Times: user=0.23 sys=0.00, real=0.22 secs] 
2196012.572: [GC 2196012.572: [ParNew: 1741735K->94756K(1887488K), 0.2176374 secs] 1961674K->314919K(5033216K) icms_dc=0 , 0.2177212 secs] [Times: user=0.22 sys=0.00, real=0.22 secs] 
2196261.092: [GC 2196261.092: [ParNew: 1772580K->71482K(1887488K), 0.2029769 secs] 1992743K->291860K(5033216K) icms_dc=0 , 0.2030656 secs] [Times: user=0.20 sys=0.00, real=0.20 secs] 
2196496.994: [GC 2196496.994: [ParNew: 1749306K->60856K(1887488K), 0.1776216 secs] 1969684K->281509K(5033216K) icms_dc=0 , 0.1777084 secs] [Times: user=0.25 sys=0.00, real=0.19 secs] 
2196801.147: [GC 2196801.147: [ParNew: 1738680K->67960K(1887488K), 0.2091950 secs] 1959333K->288839K(5033216K) icms_dc=0 , 0.2092826 secs] [Times: user=0.22 sys=0.00, real=0.20 secs] 
2197021.822: [GC 2197021.822: [ParNew: 1745784K->61216K(1887488K), 0.1882097 secs] 1966663K->282216K(5033216K) icms_dc=0 , 0.1883011 secs] [Times: user=0.19 sys=0.00, real=0.19 secs] 
2197242.679: [GC 2197242.679: [ParNew: 1739040K->64706K(1887488K), 0.1969969 secs] 1960040K->285909K(5033216K) icms_dc=0 , 0.1970822 secs] [Times: user=0.22 sys=0.00, real=0.20 secs] 
2197525.244: [GC 2197525.244: [ParNew: 1742530K->64924K(1887488K), 0.1957740 secs] 1963733K->286277K(5033216K) icms_dc=0 , 0.1958661 secs] [Times: user=0.19 sys=0.00, real=0.19 secs] 
2197788.759: [GC 2197788.759: [ParNew: 1742748K->44684K(1887488K), 0.1370963 secs] 1964101K->266300K(5033216K) icms_dc=0 , 0.1371861 secs] [Times: user=0.16 sys=0.00, real=0.14 secs] 
2198135.968: [GC 2198135.968: [ParNew: 1722508K->65522K(1887488K), 0.2259232 secs] 1944124K->287316K(5033216K) icms_dc=0 , 0.2260265 secs] [Times: user=0.25 sys=0.00, real=0.23 secs] 
2198270.619: [GC 2198270.619: [ParNew: 1743346K->98533K(1887488K), 0.2082934 secs] 1965140K->320498K(5033216K) icms_dc=0 , 0.2083710 secs] [Times: user=0.27 sys=0.00, real=0.20 secs] 
2198522.883: [GC 2198522.883: [ParNew: 1776357K->69997K(1887488K), 0.2074917 secs] 1998322K->292150K(5033216K) icms_dc=0 , 0.2075969 secs] [Times: user=0.22 sys=0.00, real=0.20 secs] 
2198781.539: [GC 2198781.539: [ParNew: 1747821K->116506K(1887488K), 0.2631641 secs] 1969974K->338768K(5033216K) icms_dc=0 , 0.2632416 secs] [Times: user=0.33 sys=0.00, real=0.27 secs] 
2198880.672: [GC 2198880.672: [ParNew: 1794330K->57215K(1887488K), 0.1469479 secs] 2016592K->280986K(5033216K) icms_dc=0 , 0.1470374 secs] [Times: user=0.16 sys=0.00, real=0.14 secs] 
2198926.573: [GC 2198926.573: [ParNew: 1735039K->139643K(1887488K), 0.3453867 secs] 1958810K->363414K(5033216K) icms_dc=0 , 0.3454684 secs] [Times: user=0.42 sys=0.00, real=0.36 secs] 
2199088.598: [GC 2199088.598: [ParNew: 1817467K->48811K(1887488K), 0.1331429 secs] 2041238K->273215K(5033216K) icms_dc=0 , 0.1333545 secs] [Times: user=0.14 sys=0.00, real=0.14 secs] 
2199420.184: [GC 2199420.185: [ParNew: 1726635K->60329K(1887488K), 0.2081813 secs] 1951039K->284733K(5033216K) icms_dc=0 , 0.2082850 secs] [Times: user=0.23 sys=0.00, real=0.22 secs] 
2199695.797: [GC 2199695.797: [ParNew: 1738153K->67274K(1887488K), 0.1982898 secs] 1962557K->291678K(5033216K) icms_dc=0 , 0.1983731 secs] [Times: user=0.22 sys=0.00, real=0.20 secs] 
2200015.077: [GC 2200015.077: [ParNew: 1745098K->59822K(1887488K), 0.1923743 secs] 1969502K->284226K(5033216K) icms_dc=0 , 0.1924718 secs] [Times: user=0.19 sys=0.00, real=0.19 secs] 
2200221.420: [GC 2200221.420: [ParNew: 1737646K->64910K(1887488K), 0.1995995 secs] 1962050K->289572K(5033216K) icms_dc=0 , 0.1996905 secs] [Times: user=0.22 sys=0.00, real=0.20 secs] 
2200685.445: [GC 2200685.445: [ParNew: 1742734K->63513K(1887488K), 0.1903438 secs] 1967396K->288495K(5033216K) icms_dc=0 , 0.1904337 secs] [Times: user=0.20 sys=0.00, real=0.19 secs] 
2201057.735: [GC 2201057.735: [ParNew: 1741337K->65300K(1887488K), 0.2039480 secs] 1966319K->290581K(5033216K) icms_dc=0 , 0.2040770 secs] [Times: user=0.20 sys=0.00, real=0.20 secs] 
2201246.799: [GC 2201246.799: [ParNew: 1743124K->57189K(1887488K), 0.1847113 secs] 1968405K->282612K(5033216K) icms_dc=0 , 0.1848181 secs] [Times: user=0.17 sys=0.00, real=0.17 secs] 
2201461.967: [GC 2201461.967: [ParNew: 1735013K->76528K(1887488K), 0.2373188 secs] 1960436K->302109K(5033216K) icms_dc=0 , 0.2374106 secs] [Times: user=0.23 sys=0.00, real=0.23 secs] 
2201795.128: [GC 2201795.128: [ParNew: 1754352K->61393K(1887488K), 0.1813784 secs] 1979933K->287330K(5033216K) icms_dc=0 , 0.1814687 secs] [Times: user=0.19 sys=0.00, real=0.19 secs] 
2202060.725: [GC 2202060.725: [ParNew: 1739217K->70897K(1887488K), 0.2449099 secs] 1965154K->297023K(5033216K) icms_dc=0 , 0.2450082 secs] [Times: user=0.25 sys=0.00, real=0.25 secs] 
2202338.339: [GC 2202338.339: [ParNew: 1748721K->62107K(1887488K), 0.1824939 secs] 1974847K->288457K(5033216K) icms_dc=0 , 0.1825814 secs] [Times: user=0.20 sys=0.00, real=0.19 secs] 
2202562.969: [GC 2202562.969: [ParNew: 1739931K->65249K(1887488K), 0.2241646 secs] 1966281K->291823K(5033216K) icms_dc=0 , 0.2242606 secs] [Times: user=0.23 sys=0.00, real=0.22 secs] 
2202862.557: [GC 2202862.557: [ParNew: 1743073K->72929K(1887488K), 0.2551855 secs] 1969647K->299706K(5033216K) icms_dc=0 , 0.2552888 secs] [Times: user=0.26 sys=0.00, real=0.25 secs] 
2203182.775: [GC 2203182.775: [ParNew: 1750753K->61074K(1887488K), 0.1838082 secs] 1977530K->288129K(5033216K) icms_dc=0 , 0.1839011 secs] [Times: user=0.20 sys=0.00, real=0.19 secs] 
2203497.632: [GC 2203497.632: [ParNew: 1738898K->68581K(1887488K), 0.2096070 secs] 1965953K->295866K(5033216K) icms_dc=0 , 0.2096926 secs] [Times: user=0.23 sys=0.00, real=0.22 secs] 
2203791.295: [GC 2203791.295: [ParNew: 1746405K->66918K(1887488K), 0.1975625 secs] 1973690K->294372K(5033216K) icms_dc=0 , 0.1976532 secs] [Times: user=0.22 sys=0.00, real=0.20 secs] 
2203997.367: [GC 2203997.367: [ParNew: 1744742K->50412K(1887488K), 0.1648821 secs] 1972196K->278041K(5033216K) icms_dc=0 , 0.1649716 secs] [Times: user=0.16 sys=0.00, real=0.16 secs] 
2204159.482: [GC 2204159.482: [ParNew: 1728236K->58949K(1887488K), 0.1967604 secs] 1955865K->286787K(5033216K) icms_dc=0 , 0.1968599 secs] [Times: user=0.19 sys=0.00, real=0.19 secs] 
2204360.633: [GC 2204360.633: [ParNew: 1736773K->70033K(1887488K), 0.2040294 secs] 1964611K->298079K(5033216K) icms_dc=0 , 0.2041166 secs] [Times: user=0.20 sys=0.00, real=0.20 secs] 
2204563.148: [GC 2204563.148: [ParNew: 1747857K->66550K(1887488K), 0.2266508 secs] 1975903K->294835K(5033216K) icms_dc=0 , 0.2267488 secs] [Times: user=0.22 sys=0.00, real=0.22 secs] 
2204763.716: [GC 2204763.716: [ParNew: 1744374K->69301K(1887488K), 0.2162390 secs] 1972659K->297719K(5033216K) icms_dc=0 , 0.2163231 secs] [Times: user=0.22 sys=0.00, real=0.22 secs] 
2204933.830: [GC 2204933.831: [ParNew: 1747125K->61811K(1887488K), 0.1795307 secs] 1975543K->290414K(5033216K) icms_dc=0 , 0.1796179 secs] [Times: user=0.19 sys=0.00, real=0.19 secs] 
2205185.833: [GC 2205185.834: [ParNew: 1739635K->73018K(1887488K), 0.2421880 secs] 1968238K->301819K(5033216K) icms_dc=0 , 0.2422855 secs] [Times: user=0.23 sys=0.00, real=0.23 secs] 
2205394.133: [GC 2205394.134: [ParNew: 1750842K->61265K(1887488K), 0.1863705 secs] 1979643K->290264K(5033216K) icms_dc=0 , 0.1864596 secs] [Times: user=0.19 sys=0.00, real=0.19 secs] 
2205665.803: [GC 2205665.803: [ParNew: 1739089K->60271K(1887488K), 0.2072206 secs] 1968088K->289413K(5033216K) icms_dc=0 , 0.2073189 secs] [Times: user=0.22 sys=0.00, real=0.20 secs] 
2205943.060: [GC 2205943.060: [ParNew: 1738095K->68680K(1887488K), 0.2052316 secs] 1967237K->297930K(5033216K) icms_dc=0 , 0.2053161 secs] [Times: user=0.25 sys=0.00, real=0.22 secs] 
2206135.366: [GC 2206135.366: [ParNew: 1746504K->75715K(1887488K), 0.2253261 secs] 1975754K->305068K(5033216K) icms_dc=0 , 0.2254152 secs] [Times: user=0.23 sys=0.00, real=0.22 secs] 
2206404.469: [GC 2206404.469: [ParNew: 1753539K->80221K(1887488K), 0.2435196 secs] 1982892K->309745K(5033216K) icms_dc=0 , 0.2436117 secs] [Times: user=0.23 sys=0.00, real=0.23 secs] 
2206730.284: [GC 2206730.284: [ParNew: 1758045K->64660K(1887488K), 0.1940492 secs] 1987569K->294422K(5033216K) icms_dc=0 , 0.1941383 secs] [Times: user=0.19 sys=0.00, real=0.19 secs] 
2206948.692: [GC 2206948.692: [ParNew: 1742484K->71470K(1887488K), 0.2685282 secs] 1972246K->301572K(5033216K) icms_dc=0 , 0.2686265 secs] [Times: user=0.28 sys=0.00, real=0.27 secs] 
2207175.594: [GC 2207175.594: [ParNew: 1749294K->69247K(1887488K), 0.2436378 secs] 1979396K->299521K(5033216K) icms_dc=0 , 0.2437392 secs] [Times: user=0.27 sys=0.00, real=0.25 secs] 
2207458.088: [GC 2207458.089: [ParNew: 1747071K->70116K(1887488K), 0.2139144 secs] 1977345K->300566K(5033216K) icms_dc=0 , 0.2140016 secs] [Times: user=0.20 sys=0.00, real=0.20 secs] 
2207686.266: [GC 2207686.266: [ParNew: 1747940K->62027K(1887488K), 0.1620553 secs] 1978390K->292680K(5033216K) icms_dc=0 , 0.1621410 secs] [Times: user=0.16 sys=0.00, real=0.16 secs] 
2208046.807: [GC 2208046.807: [ParNew: 1739851K->65045K(1887488K), 0.2042237 secs] 1970504K->295899K(5033216K) icms_dc=0 , 0.2043220 secs] [Times: user=0.20 sys=0.00, real=0.20 secs] 
2208424.122: [GC 2208424.122: [ParNew: 1742869K->74800K(1887488K), 0.2511895 secs] 1973723K->305860K(5033216K) icms_dc=0 , 0.2512878 secs] [Times: user=0.25 sys=0.00, real=0.25 secs] 
2208625.502: [GC 2208625.502: [ParNew: 1752624K->64160K(1887488K), 0.2131588 secs] 1983684K->295445K(5033216K) icms_dc=0 , 0.2132617 secs] [Times: user=0.23 sys=0.00, real=0.22 secs] 
2209068.896: [GC 2209068.896: [ParNew: 1741984K->73519K(1887488K), 0.2191073 secs] 1973269K->304987K(5033216K) icms_dc=0 , 0.2191929 secs] [Times: user=0.22 sys=0.00, real=0.22 secs] 
2209432.593: [GC 2209432.593: [ParNew: 1751343K->66859K(1887488K), 0.1999466 secs] 1982811K->298569K(5033216K) icms_dc=0 , 0.2000338 secs] [Times: user=0.25 sys=0.00, real=0.20 secs] 
2209667.262: [GC 2209667.262: [ParNew: 1744683K->65728K(1887488K), 0.1976927 secs] 1976393K->297628K(5033216K) icms_dc=0 , 0.1977779 secs] [Times: user=0.19 sys=0.00, real=0.19 secs] 
2209961.208: [GC 2209961.208: [ParNew: 1743475K->61907K(1887488K), 0.1848334 secs] 1975376K->293977K(5033216K) icms_dc=0 , 0.1849183 secs] [Times: user=0.20 sys=0.00, real=0.19 secs] 
2210325.385: [GC 2210325.385: [ParNew: 1739731K->64555K(1887488K), 0.2233337 secs] 1971801K->296831K(5033216K) icms_dc=0 , 0.2234335 secs] [Times: user=0.25 sys=0.00, real=0.23 secs] 
2210609.090: [GC 2210609.090: [ParNew: 1742379K->55424K(1887488K), 0.1821829 secs] 1974655K->287865K(5033216K) icms_dc=0 , 0.1822800 secs] [Times: user=0.20 sys=0.00, real=0.19 secs] 
2210916.208: [GC 2210916.208: [ParNew: 1733248K->64342K(1887488K), 0.2166311 secs] 1965689K->296943K(5033216K) icms_dc=0 , 0.2167317 secs] [Times: user=0.22 sys=0.00, real=0.22 secs] 
2211136.948: [GC 2211136.948: [ParNew: 1742166K->75625K(1887488K), 0.2302806 secs] 1974767K->308369K(5033216K) icms_dc=0 , 0.2303669 secs] [Times: user=0.28 sys=0.00, real=0.23 secs] 
2211463.933: [GC 2211463.933: [ParNew: 1753449K->69029K(1887488K), 0.2067952 secs] 1986193K->301952K(5033216K) icms_dc=0 , 0.2068820 secs] [Times: user=0.20 sys=0.00, real=0.20 secs] 
2211712.970: [GC 2211712.971: [ParNew: 1746853K->76572K(1887488K), 0.2324746 secs] 1979776K->309660K(5033216K) icms_dc=0 , 0.2325644 secs] [Times: user=0.25 sys=0.00, real=0.23 secs] 
2211951.004: [GC 2211951.004: [ParNew: 1754396K->72302K(1887488K), 0.2095218 secs] 1987484K->305561K(5033216K) icms_dc=0 , 0.2096124 secs] [Times: user=0.22 sys=0.00, real=0.22 secs] 
2212240.399: [GC 2212240.399: [ParNew: 1750126K->50658K(1887488K), 0.1415934 secs] 1983385K->284201K(5033216K) icms_dc=0 , 0.1416805 secs] [Times: user=0.14 sys=0.00, real=0.14 secs] 
2212651.358: [GC 2212651.358: [ParNew: 1728482K->60754K(1887488K), 0.1819721 secs] 1962025K->294509K(5033216K) icms_dc=0 , 0.1820607 secs] [Times: user=0.19 sys=0.00, real=0.19 secs] 
2212999.753: [GC 2212999.753: [ParNew: 1738578K->58275K(1887488K), 0.1945998 secs] 1972333K->292249K(5033216K) icms_dc=0 , 0.1947069 secs] [Times: user=0.19 sys=0.00, real=0.19 secs] 
2213335.109: [GC 2213335.109: [ParNew: 1736099K->54524K(1887488K), 0.1572146 secs] 1970073K->288699K(5033216K) icms_dc=0 , 0.1573044 secs] [Times: user=0.16 sys=0.00, real=0.16 secs] 
2213646.908: [GC 2213646.908: [ParNew: 1732348K->69039K(1887488K), 0.2060530 secs] 1966523K->303397K(5033216K) icms_dc=0 , 0.2061424 secs] [Times: user=0.22 sys=0.00, real=0.20 secs] 
2213995.346: [GC 2213995.346: [ParNew: 1746863K->62191K(1887488K), 0.2059328 secs] 1981221K->296685K(5033216K) icms_dc=0 , 0.2060399 secs] [Times: user=0.20 sys=0.00, real=0.20 secs] 
2214388.157: [GC 2214388.157: [ParNew: 1740015K->56579K(1887488K), 0.1940054 secs] 1974509K->291215K(5033216K) icms_dc=0 , 0.1941041 secs] [Times: user=0.19 sys=0.00, real=0.19 secs] 
2214703.066: [GC 2214703.066: [ParNew: 1734403K->53265K(1887488K), 0.1579065 secs] 1969039K->288035K(5033216K) icms_dc=0 , 0.1579963 secs] [Times: user=0.16 sys=0.00, real=0.16 secs] 
2215021.636: [GC 2215021.636: [ParNew: 1731089K->69871K(1887488K), 0.2135316 secs] 1965859K->304785K(5033216K) icms_dc=0 , 0.2136253 secs] [Times: user=0.20 sys=0.00, real=0.20 secs] 
2215221.274: [GC 2215221.274: [ParNew: 1747695K->50338K(1887488K), 0.1682953 secs] 1982609K->285417K(5033216K) icms_dc=0 , 0.1684001 secs] [Times: user=0.19 sys=0.00, real=0.17 secs] 
2215440.529: [GC 2215440.529: [ParNew: 1728162K->55138K(1887488K), 0.1645677 secs] 1963241K->290361K(5033216K) icms_dc=0 , 0.1646587 secs] [Times: user=0.16 sys=0.00, real=0.16 secs] 
2215681.327: [GC 2215681.327: [ParNew: 1732962K->53874K(1887488K), 0.1523485 secs] 1968185K->289234K(5033216K) icms_dc=0 , 0.1524333 secs] [Times: user=0.16 sys=0.00, real=0.16 secs] 
2215853.935: [GC 2215853.936: [ParNew: 1731698K->48890K(1887488K), 0.1635006 secs] 1967058K->284410K(5033216K) icms_dc=0 , 0.1636047 secs] [Times: user=0.16 sys=0.00, real=0.16 secs] 
2216135.444: [GC 2216135.444: [ParNew: 1726714K->70114K(1887488K), 0.2257739 secs] 1962234K->305851K(5033216K) icms_dc=0 , 0.2258748 secs] [Times: user=0.22 sys=0.00, real=0.22 secs] 
2216304.885: [GC 2216304.885: [ParNew: 1747938K->44184K(1887488K), 0.1389486 secs] 1983675K->280063K(5033216K) icms_dc=0 , 0.1390472 secs] [Times: user=0.14 sys=0.00, real=0.14 secs] 
2216460.357: [GC 2216460.357: [ParNew: 1722008K->62871K(1887488K), 0.1768940 secs] 1957887K->298884K(5033216K) icms_dc=0 , 0.1769785 secs] [Times: user=0.19 sys=0.00, real=0.19 secs] 
2216637.722: [GC 2216637.722: [ParNew: 1740695K->61883K(1887488K), 0.1905896 secs] 1976708K->297985K(5033216K) icms_dc=0 , 0.1906806 secs] [Times: user=0.20 sys=0.00, real=0.19 secs] 
2216793.915: [GC 2216793.915: [ParNew: 1739707K->97377K(1887488K), 0.2104414 secs] 1975809K->333690K(5033216K) icms_dc=0 , 0.2105224 secs] [Times: user=0.20 sys=0.00, real=0.20 secs] 
2216806.606: [GC 2216806.606: [ParNew: 1775201K->41860K(1887488K), 0.0775454 secs] 2011514K->278284K(5033216K) icms_dc=0 , 0.0776287 secs] [Times: user=0.14 sys=0.00, real=0.08 secs] 
2216808.431: [GC 2216808.431: [ParNew: 1719684K->19886K(1887488K), 0.0125801 secs] 1956108K->256561K(5033216K) icms_dc=0 , 0.0126473 secs] [Times: user=0.08 sys=0.00, real=0.02 secs] 
2216810.228: [GC 2216810.228: [ParNew: 1697710K->13732K(1887488K), 0.0142631 secs] 1934385K->250796K(5033216K) icms_dc=0 , 0.0143445 secs] [Times: user=0.00 sys=0.00, real=0.00 secs] 
2216898.616: [GC 2216898.616: [ParNew: 1682268K->36264K(1887488K), 0.0784750 secs] 1919332K->273579K(5033216K) icms_dc=0 , 0.0785626 secs] [Times: user=0.08 sys=0.00, real=0.08 secs] 
2217112.629: [GC 2217112.629: [ParNew: 1714088K->98406K(1887488K), 0.2095598 secs] 1951403K->335751K(5033216K) icms_dc=0 , 0.2096439 secs] [Times: user=0.20 sys=0.00, real=0.20 secs] 
2217314.025: [GC 2217314.025: [ParNew: 1776230K->49905K(1887488K), 0.1543482 secs] 2013575K->287251K(5033216K) icms_dc=0 , 0.1544450 secs] [Times: user=0.17 sys=0.00, real=0.16 secs] 
2217452.045: [GC 2217452.045: [ParNew: 1727729K->67872K(1887488K), 0.1902862 secs] 1965075K->305218K(5033216K) icms_dc=0 , 0.1903707 secs] [Times: user=0.19 sys=0.00, real=0.19 secs] 
2217711.389: [GC 2217711.389: [ParNew: 1745696K->80840K(1887488K), 0.2460757 secs] 1983042K->318317K(5033216K) icms_dc=0 , 0.2461575 secs] [Times: user=0.26 sys=0.00, real=0.25 secs] 
2217844.946: [GC 2217844.946: [ParNew: 1758664K->58515K(1887488K), 0.1754222 secs] 1996141K->296302K(5033216K) icms_dc=0 , 0.1755148 secs] [Times: user=0.17 sys=0.00, real=0.17 secs] 
2218014.263: [GC 2218014.263: [ParNew: 1736339K->73730K(1887488K), 0.2214019 secs] 1974126K->311726K(5033216K) icms_dc=0 , 0.2214864 secs] [Times: user=0.22 sys=0.00, real=0.22 secs] 
2218181.545: [GC 2218181.545: [ParNew: 1751554K->84221K(1887488K), 0.2505386 secs] 1989550K->322379K(5033216K) icms_dc=0 , 0.2506312 secs] [Times: user=0.27 sys=0.00, real=0.25 secs] 
2218471.774: [GC 2218471.775: [ParNew: 1762045K->62902K(1887488K), 0.1853453 secs] 2000203K->301266K(5033216K) icms_dc=0 , 0.1854347 secs] [Times: user=0.20 sys=0.00, real=0.19 secs] 
2218681.668: [GC 2218681.668: [ParNew: 1740726K->86219K(1887488K), 0.2503900 secs] 1979090K->324734K(5033216K) icms_dc=0 , 0.2504776 secs] [Times: user=0.30 sys=0.00, real=0.25 secs] 
2218911.510: [GC 2218911.510: [ParNew: 1764043K->60139K(1887488K), 0.1796751 secs] 2002558K->298875K(5033216K) icms_dc=0 , 0.1797596 secs] [Times: user=0.20 sys=0.00, real=0.19 secs] 
2218993.504: [GC 2218993.504: [ParNew: 1722470K->137962K(1887488K), 0.2530886 secs] 1961206K->376915K(5033216K) icms_dc=0 , 0.2531777 secs] [Times: user=0.25 sys=0.02, real=0.25 secs] 
2219231.311: [GC 2219231.311: [ParNew: 1815786K->83239K(1887488K), 0.2322357 secs] 2054739K->323168K(5033216K) icms_dc=0 , 0.2323198 secs] [Times: user=0.28 sys=0.00, real=0.23 secs] 
2219421.358: [GC 2219421.358: [ParNew: 1761063K->75427K(1887488K), 0.2209296 secs] 2000992K->315356K(5033216K) icms_dc=0 , 0.2210180 secs] [Times: user=0.22 sys=0.00, real=0.22 secs] 
2219642.931: [GC 2219642.931: [ParNew: 1753251K->78533K(1887488K), 0.2408298 secs] 1993180K->318462K(5033216K) icms_dc=0 , 0.2409166 secs] [Times: user=0.23 sys=0.00, real=0.23 secs] 
2219847.245: [GC 2219847.245: [ParNew: 1756357K->72272K(1887488K), 0.2170980 secs] 1996286K->312201K(5033216K) icms_dc=0 , 0.2171882 secs] [Times: user=0.23 sys=0.00, real=0.22 secs] 
2220090.460: [GC 2220090.460: [ParNew: 1750096K->72471K(1887488K), 0.2100855 secs] 1990025K->312622K(5033216K) icms_dc=0 , 0.2101699 secs] [Times: user=0.25 sys=0.00, real=0.22 secs] 
2220437.057: [GC 2220437.057: [ParNew: 1750295K->68456K(1887488K), 0.2105359 secs] 1990446K->308804K(5033216K) icms_dc=0 , 0.2106288 secs] [Times: user=0.20 sys=0.00, real=0.20 secs] 
2220701.327: [GC 2220701.327: [ParNew: 1746280K->72485K(1887488K), 0.2168979 secs] 1986628K->313017K(5033216K) icms_dc=0 , 0.2169843 secs] [Times: user=0.22 sys=0.00, real=0.22 secs] 
2220992.995: [GC 2220992.995: [ParNew: 1750309K->62815K(1887488K), 0.2026840 secs] 1990841K->303545K(5033216K) icms_dc=0 , 0.2027800 secs] [Times: user=0.20 sys=0.00, real=0.20 secs] 
2221042.064: [GC 2221042.064: [ParNew: 1740639K->58217K(1887488K), 0.0785073 secs] 1981369K->299113K(5033216K) icms_dc=0 , 0.0785998 secs] [Times: user=0.20 sys=0.00, real=0.08 secs] 
2221043.912: [GC 2221043.912: [ParNew: 1736041K->60506K(1887488K), 0.0281092 secs] 1976937K->301748K(5033216K) icms_dc=0 , 0.0281894 secs] [Times: user=0.16 sys=0.00, real=0.03 secs] 
2221045.584: [GC 2221045.584: [ParNew: 1738330K->60386K(1887488K), 0.0272429 secs] 1979572K->302094K(5033216K) icms_dc=0 , 0.0273412 secs] [Times: user=0.16 sys=0.00, real=0.03 secs] 
2221047.300: [GC 2221047.300: [ParNew: 1738210K->39076K(1887488K), 0.0245616 secs] 1979918K->281381K(5033216K) icms_dc=0 , 0.0246423 secs] [Times: user=0.16 sys=0.00, real=0.03 secs] 
2221058.953: [GC 2221058.953: [ParNew: 1716900K->89806K(1887488K), 0.1605440 secs] 1959205K->332451K(5033216K) icms_dc=0 , 0.1606281 secs] [Times: user=0.23 sys=0.00, real=0.17 secs] 
2221201.461: [GC 2221201.461: [ParNew: 1767630K->50057K(1887488K), 0.1479700 secs] 2010275K->292703K(5033216K) icms_dc=0 , 0.1480629 secs] [Times: user=0.14 sys=0.00, real=0.14 secs] 
2221395.155: [GC 2221395.155: [ParNew: 1727881K->66898K(1887488K), 0.1931787 secs] 1970527K->309561K(5033216K) icms_dc=0 , 0.1932674 secs] [Times: user=0.22 sys=0.00, real=0.20 secs] 
2221568.643: [GC 2221568.643: [ParNew: 1744722K->63835K(1887488K), 0.2124611 secs] 1987385K->306533K(5033216K) icms_dc=0 , 0.2125563 secs] [Times: user=0.20 sys=0.00, real=0.20 secs] 
2221730.877: [GC 2221730.878: [ParNew: 1741659K->50577K(1887488K), 0.1456458 secs] 1984357K->293316K(5033216K) icms_dc=0 , 0.1457338 secs] [Times: user=0.14 sys=0.00, real=0.14 secs] 
2221850.894: [GC 2221850.894: [ParNew: 1728401K->68599K(1887488K), 0.2016906 secs] 1971140K->311655K(5033216K) icms_dc=0 , 0.2017820 secs] [Times: user=0.22 sys=0.00, real=0.20 secs] 
2222131.082: [GC 2222131.082: [ParNew: 1746423K->61539K(1887488K), 0.2066946 secs] 1989479K->304922K(5033216K) icms_dc=0 , 0.2067983 secs] [Times: user=0.20 sys=0.00, real=0.20 secs] 
2222282.317: [GC 2222282.317: [ParNew: 1739363K->65049K(1887488K), 0.1983036 secs] 1982746K->308825K(5033216K) icms_dc=0 , 0.1983935 secs] [Times: user=0.22 sys=0.00, real=0.20 secs] 
2222805.140: [GC 2222805.140: [ParNew: 1742873K->58760K(1887488K), 0.1937251 secs] 1986649K->302758K(5033216K) icms_dc=0 , 0.1938272 secs] [Times: user=0.19 sys=0.00, real=0.19 secs] 
2223116.211: [GC 2223116.211: [ParNew: 1736584K->54112K(1887488K), 0.1637728 secs] 1980582K->298324K(5033216K) icms_dc=0 , 0.1638612 secs] [Times: user=0.16 sys=0.00, real=0.16 secs] 
2223306.892: [GC 2223306.892: [ParNew: 1731936K->79001K(1887488K), 0.2742943 secs] 1976148K->323379K(5033216K) icms_dc=0 , 0.2743984 secs] [Times: user=0.30 sys=0.00, real=0.28 secs] 
2223484.183: [GC 2223484.183: [ParNew: 1756825K->63199K(1887488K), 0.1779015 secs] 2001203K->307791K(5033216K) icms_dc=0 , 0.1779964 secs] [Times: user=0.17 sys=0.00, real=0.17 secs] 
2223750.372: [GC 2223750.372: [ParNew: 1741023K->58956K(1887488K), 0.1936011 secs] 1985615K->303758K(5033216K) icms_dc=0 , 0.1937005 secs] [Times: user=0.19 sys=0.00, real=0.19 secs] 
2224045.548: [GC 2224045.548: [ParNew: 1736780K->58994K(1887488K), 0.1873903 secs] 1981582K->303957K(5033216K) icms_dc=0 , 0.1874802 secs] [Times: user=0.19 sys=0.00, real=0.19 secs] 
2224348.536: [GC 2224348.536: [ParNew: 1736818K->71391K(1887488K), 0.2352995 secs] 1981781K->316617K(5033216K) icms_dc=0 , 0.2353947 secs] [Times: user=0.23 sys=0.00, real=0.23 secs] 
2224530.629: [GC 2224530.629: [ParNew: 1749215K->76999K(1887488K), 0.2302986 secs] 1994441K->322341K(5033216K) icms_dc=0 , 0.2303884 secs] [Times: user=0.22 sys=0.00, real=0.22 secs] 
2224730.097: [GC 2224730.097: [ParNew: 1754823K->66620K(1887488K), 0.2016592 secs] 2000165K->312137K(5033216K) icms_dc=0 , 0.2017513 secs] [Times: user=0.22 sys=0.00, real=0.20 secs] 
2224875.515: [GC 2224875.515: [ParNew: 1744444K->69630K(1887488K), 0.2147096 secs] 1989961K->315301K(5033216K) icms_dc=0 , 0.2148053 secs] [Times: user=0.28 sys=0.00, real=0.22 secs] 
2225194.813: [GC 2225194.813: [ParNew: 1747454K->61561K(1887488K), 0.1874525 secs] 1993125K->307401K(5033216K) icms_dc=0 , 0.1875500 secs] [Times: user=0.19 sys=0.00, real=0.19 secs] 
2225487.691: [GC 2225487.691: [ParNew: 1739165K->46379K(1887488K), 0.1418852 secs] 1985005K->292454K(5033216K) icms_dc=0 , 0.1419720 secs] [Times: user=0.14 sys=0.00, real=0.14 secs] 
2225632.308: [GC 2225632.308: [ParNew: 1724203K->56807K(1887488K), 0.1703423 secs] 1970278K->303038K(5033216K) icms_dc=0 , 0.1704306 secs] [Times: user=0.19 sys=0.00, real=0.17 secs] 
2225818.365: [GC 2225818.365: [ParNew: 1734631K->56310K(1887488K), 0.1686055 secs] 1980862K->302765K(5033216K) icms_dc=0 , 0.1686981 secs] [Times: user=0.23 sys=0.00, real=0.17 secs] 
2225948.243: [GC 2225948.243: [ParNew: 1734134K->50234K(1887488K), 0.1492609 secs] 1980589K->296976K(5033216K) icms_dc=0 , 0.1493531 secs] [Times: user=0.16 sys=0.00, real=0.16 secs] 
2226085.894: [GC 2226085.894: [ParNew: 1728058K->42899K(1887488K), 0.1258923 secs] 1974800K->289866K(5033216K) icms_dc=0 , 0.1259848 secs] [Times: user=0.13 sys=0.00, real=0.13 secs] 
2226206.933: [GC 2226206.933: [ParNew: 1720723K->69802K(1887488K), 0.2347320 secs] 1967690K->316989K(5033216K) icms_dc=0 , 0.2348280 secs] [Times: user=0.30 sys=0.00, real=0.23 secs] 
2226390.915: [GC 2226390.915: [ParNew: 1747626K->64906K(1887488K), 0.2134187 secs] 1994813K->312287K(5033216K) icms_dc=0 , 0.2135136 secs] [Times: user=0.23 sys=0.00, real=0.22 secs] 
2226558.287: [GC 2226558.287: [ParNew: 1742730K->59479K(1887488K), 0.1959748 secs] 1990111K->307144K(5033216K) icms_dc=0 , 0.1960812 secs] [Times: user=0.19 sys=0.00, real=0.19 secs] 
2226998.154: [GC 2226998.154: [ParNew: 1737303K->63123K(1887488K), 0.2106614 secs] 1984968K->310947K(5033216K) icms_dc=0 , 0.2107616 secs] [Times: user=0.23 sys=0.00, real=0.22 secs] 
2227234.029: [GC 2227234.029: [ParNew: 1740947K->40862K(1887488K), 0.1382447 secs] 1988771K->288803K(5033216K) icms_dc=0 , 0.1383419 secs] [Times: user=0.14 sys=0.00, real=0.14 secs] 
2227541.306: [GC 2227541.306: [ParNew: 1718686K->81634K(1887488K), 0.2777297 secs] 1966627K->329802K(5033216K) icms_dc=0 , 0.2778322 secs] [Times: user=0.28 sys=0.00, real=0.28 secs] 
2227817.809: [GC 2227817.809: [ParNew: 1759458K->45527K(1887488K), 0.1499064 secs] 2007626K->293894K(5033216K) icms_dc=0 , 0.1500043 secs] [Times: user=0.14 sys=0.00, real=0.14 secs] 
2228279.288: [GC 2228279.288: [ParNew: 1723351K->62912K(1887488K), 0.1906817 secs] 1971718K->311564K(5033216K) icms_dc=0 , 0.1907739 secs] [Times: user=0.19 sys=0.00, real=0.19 secs] 
2228529.988: [GC 2228529.988: [ParNew: 1740736K->52613K(1887488K), 0.1611323 secs] 1989388K->301387K(5033216K) icms_dc=0 , 0.1612206 secs] [Times: user=0.16 sys=0.00, real=0.16 secs] 
2229236.976: [GC 2229236.976: [ParNew: 1730437K->49452K(1887488K), 0.1517767 secs] 1979211K->298379K(5033216K) icms_dc=0 , 0.1518624 secs] [Times: user=0.16 sys=0.00, real=0.16 secs] 
2229598.829: [GC 2229598.829: [ParNew: 1727276K->32736K(1887488K), 0.0834939 secs] 1976203K->281782K(5033216K) icms_dc=0 , 0.0835822 secs] [Times: user=0.16 sys=0.00, real=0.09 secs] 
2230055.027: [GC 2230055.027: [ParNew: 1710560K->71744K(1887488K), 0.2140561 secs] 1959606K->321046K(5033216K) icms_dc=0 , 0.2141471 secs] [Times: user=0.20 sys=0.00, real=0.20 secs] 
2230447.833: [GC 2230447.833: [ParNew: 1749568K->52844K(1887488K), 0.1707516 secs] 1998870K->302277K(5033216K) icms_dc=0 , 0.1708579 secs] [Times: user=0.19 sys=0.00, real=0.17 secs] 
2231099.947: [GC 2231099.947: [ParNew: 1730668K->51304K(1887488K), 0.1517307 secs] 1980101K->300908K(5033216K) icms_dc=0 , 0.1518186 secs] [Times: user=0.16 sys=0.00, real=0.16 secs] 
2231750.206: [GC 2231750.206: [ParNew: 1729128K->57679K(1887488K), 0.1731944 secs] 1978732K->307382K(5033216K) icms_dc=0 , 0.1732835 secs] [Times: user=0.20 sys=0.00, real=0.19 secs] 
2232079.080: [GC 2232079.080: [ParNew: 1735503K->48746K(1887488K), 0.1455445 secs] 1985206K->298661K(5033216K) icms_dc=0 , 0.1456355 secs] [Times: user=0.14 sys=0.00, real=0.14 secs] 
2232599.012: [GC 2232599.012: [ParNew: 1726570K->46999K(1887488K), 0.1339554 secs] 1976485K->297092K(5033216K) icms_dc=0 , 0.1340406 secs] [Times: user=0.13 sys=0.00, real=0.13 secs] 
2232976.361: [GC 2232976.361: [ParNew: 1724823K->52047K(1887488K), 0.1671910 secs] 1974916K->302363K(5033216K) icms_dc=0 , 0.1672912 secs] [Times: user=0.16 sys=0.00, real=0.16 secs] 
2233400.991: [GC 2233400.991: [ParNew: 1729871K->50174K(1887488K), 0.1514492 secs] 1980187K->300668K(5033216K) icms_dc=0 , 0.1515352 secs] [Times: user=0.17 sys=0.00, real=0.16 secs] 
2233899.886: [GC 2233899.886: [ParNew: 1727998K->35724K(1887488K), 0.1202537 secs] 1978492K->286337K(5033216K) icms_dc=0 , 0.1203543 secs] [Times: user=0.11 sys=0.00, real=0.11 secs] 
2234188.660: [GC 2234188.660: [ParNew: 1713548K->19378K(1887488K), 0.0537402 secs] 1964161K->270127K(5033216K) icms_dc=0 , 0.0538346 secs] [Times: user=0.08 sys=0.00, real=0.06 secs] 
2235397.602: [GC 2235397.602: [ParNew: 1697202K->40588K(1887488K), 0.1189589 secs] 1947951K->291402K(5033216K) icms_dc=0 , 0.1190491 secs] [Times: user=0.13 sys=0.00, real=0.12 secs] 
2236352.812: [GC 2236352.812: [ParNew: 1718412K->35291K(1887488K), 0.1113270 secs] 1969226K->286239K(5033216K) icms_dc=0 , 0.1114165 secs] [Times: user=0.11 sys=0.00, real=0.11 secs] 
2237877.415: [GC 2237877.415: [ParNew: 1713115K->26887K(1887488K), 0.0837554 secs] 1964063K->277923K(5033216K) icms_dc=0 , 0.0838445 secs] [Times: user=0.08 sys=0.00, real=0.08 secs] 
2239034.716: [GC 2239034.716: [ParNew: 1704711K->42326K(1887488K), 0.1313098 secs] 1955747K->293402K(5033216K) icms_dc=0 , 0.1314019 secs] [Times: user=0.13 sys=0.00, real=0.13 secs] 
2240612.961: [GC 2240612.961: [ParNew: 1720150K->30493K(1887488K), 0.0993528 secs] 1971226K->281749K(5033216K) icms_dc=0 , 0.0994434 secs] [Times: user=0.09 sys=0.00, real=0.09 secs] 
2242601.524: [GC 2242601.524: [ParNew: 1708317K->16020K(1887488K), 0.0473739 secs] 1959573K->267393K(5033216K) icms_dc=0 , 0.0474668 secs] [Times: user=0.05 sys=0.00, real=0.05 secs] 
2244766.561: [GC 2244766.561: [ParNew: 1693844K->12196K(1887488K), 0.0395654 secs] 1945217K->263779K(5033216K) icms_dc=0 , 0.0396510 secs] [Times: user=0.06 sys=0.00, real=0.05 secs] 
2246210.758: [GC 2246210.758: [ParNew: 1690020K->26885K(1887488K), 0.0902684 secs] 1941603K->278673K(5033216K) icms_dc=0 , 0.0903786 secs] [Times: user=0.09 sys=0.00, real=0.09 secs] 
2248047.458: [GC 2248047.458: [ParNew: 1704709K->24123K(1887488K), 0.0774801 secs] 1956497K->276090K(5033216K) icms_dc=0 , 0.0775692 secs] [Times: user=0.08 sys=0.00, real=0.08 secs] 
2249751.323: [GC 2249751.323: [ParNew: 1701947K->30737K(1887488K), 0.0984390 secs] 1953914K->282851K(5033216K) icms_dc=0 , 0.0985346 secs] [Times: user=0.14 sys=0.00, real=0.11 secs] 
2251462.573: [GC 2251462.573: [ParNew: 1708561K->19046K(1887488K), 0.0598039 secs] 1960675K->271306K(5033216K) icms_dc=0 , 0.0598987 secs] [Times: user=0.11 sys=0.00, real=0.06 secs] 
2253045.576: [GC 2253045.576: [ParNew: 1696870K->27049K(1887488K), 0.0811974 secs] 1949130K->279462K(5033216K) icms_dc=0 , 0.0812899 secs] [Times: user=0.09 sys=0.00, real=0.08 secs] 
2254656.567: [GC 2254656.567: [ParNew: 1704873K->28779K(1887488K), 0.0964619 secs] 1957286K->281360K(5033216K) icms_dc=0 , 0.0965709 secs] [Times: user=0.09 sys=0.00, real=0.09 secs] 
2256062.388: [GC 2256062.388: [ParNew: 1706603K->33561K(1887488K), 0.1054211 secs] 1959184K->286316K(5033216K) icms_dc=0 , 0.1055121 secs] [Times: user=0.12 sys=0.00, real=0.11 secs] 
2257442.686: [GC 2257442.686: [ParNew: 1711385K->30831K(1887488K), 0.1053747 secs] 1964140K->283758K(5033216K) icms_dc=0 , 0.1054764 secs] [Times: user=0.11 sys=0.00, real=0.11 secs] 
2258614.240: [GC 2258614.240: [ParNew: 1708655K->38087K(1887488K), 0.1107269 secs] 1961582K->291186K(5033216K) icms_dc=0 , 0.1108194 secs] [Times: user=0.11 sys=0.00, real=0.11 secs] 
2259484.059: [GC 2259484.059: [ParNew: 1715911K->26742K(1887488K), 0.0604793 secs] 1969010K->279956K(5033216K) icms_dc=0 , 0.0605799 secs] [Times: user=0.12 sys=0.00, real=0.06 secs] 
2260380.211: [GC 2260380.211: [ParNew: 1704566K->26187K(1887488K), 0.0784374 secs] 1957780K->279561K(5033216K) icms_dc=0 , 0.0785487 secs] [Times: user=0.08 sys=0.00, real=0.08 secs] 
2261139.682: [GC 2261139.682: [ParNew: 1704011K->30548K(1887488K), 0.0957607 secs] 1957385K->284067K(5033216K) icms_dc=0 , 0.0958579 secs] [Times: user=0.11 sys=0.00, real=0.09 secs] 
2262459.002: [GC 2262459.002: [ParNew: 1708372K->37848K(1887488K), 0.1285882 secs] 1961891K->291502K(5033216K) icms_dc=0 , 0.1286880 secs] [Times: user=0.12 sys=0.00, real=0.13 secs] 
2263554.226: [GC 2263554.226: [ParNew: 1715672K->46108K(1887488K), 0.1388914 secs] 1969326K->299866K(5033216K) icms_dc=0 , 0.1389839 secs] [Times: user=0.13 sys=0.00, real=0.12 secs] 
2264587.815: [GC 2264587.815: [ParNew: 1723815K->49954K(1887488K), 0.1695332 secs] 1977573K->303812K(5033216K) icms_dc=0 , 0.1696354 secs] [Times: user=0.20 sys=0.00, real=0.17 secs] 
2265216.489: [GC 2265216.489: [ParNew: 1727778K->46924K(1887488K), 0.1385419 secs] 1981636K->300882K(5033216K) icms_dc=0 , 0.1386402 secs] [Times: user=0.20 sys=0.00, real=0.14 secs] 
2266257.089: [GC 2266257.089: [ParNew: 1724748K->37813K(1887488K), 0.1095880 secs] 1978706K->291959K(5033216K) icms_dc=0 , 0.1096825 secs] [Times: user=0.16 sys=0.00, real=0.11 secs] 
2267140.933: [GC 2267140.933: [ParNew: 1715637K->52341K(1887488K), 0.1597780 secs] 1969783K->306617K(5033216K) icms_dc=0 , 0.1598694 secs] [Times: user=0.16 sys=0.00, real=0.16 secs] 
2268091.269: [GC 2268091.269: [ParNew: 1730165K->44792K(1887488K), 0.1262763 secs] 1984441K->299244K(5033216K) icms_dc=0 , 0.1263700 secs] [Times: user=0.13 sys=0.00, real=0.12 secs] 
2269187.028: [GC 2269187.028: [ParNew: 1722616K->32713K(1887488K), 0.1124958 secs] 1977068K->287335K(5033216K) icms_dc=0 , 0.1125961 secs] [Times: user=0.13 sys=0.00, real=0.11 secs] 
2270168.746: [GC 2270168.746: [ParNew: 1710537K->44988K(1887488K), 0.1389129 secs] 1965159K->299788K(5033216K) icms_dc=0 , 0.1390039 secs] [Times: user=0.12 sys=0.00, real=0.13 secs] 
2270995.991: [GC 2270995.991: [ParNew: 1722812K->43525K(1887488K), 0.1420975 secs] 1977612K->298515K(5033216K) icms_dc=0 , 0.1421897 secs] [Times: user=0.14 sys=0.00, real=0.14 secs] 
2272046.984: [GC 2272046.984: [ParNew: 1721349K->39600K(1887488K), 0.1287260 secs] 1976339K->294842K(5033216K) icms_dc=0 , 0.1288408 secs] [Times: user=0.14 sys=0.00, real=0.13 secs] 
2273109.275: [GC 2273109.275: [ParNew: 1717424K->45712K(1887488K), 0.1416809 secs] 1972666K->301087K(5033216K) icms_dc=0 , 0.1417769 secs] [Times: user=0.14 sys=0.00, real=0.14 secs] 
2274043.213: [GC 2274043.213: [ParNew: 1723536K->39612K(1887488K), 0.1306532 secs] 1978911K->295146K(5033216K) icms_dc=0 , 0.1307469 secs] [Times: user=0.13 sys=0.00, real=0.13 secs] 
2274808.074: [GC 2274808.074: [ParNew: 1717436K->53425K(1887488K), 0.1619325 secs] 1972970K->309113K(5033216K) icms_dc=0 , 0.1620215 secs] [Times: user=0.16 sys=0.00, real=0.16 secs] 
2275413.669: [GC 2275413.669: [ParNew: 1731249K->57772K(1887488K), 0.1804315 secs] 1986937K->313623K(5033216K) icms_dc=0 , 0.1805272 secs] [Times: user=0.20 sys=0.00, real=0.19 secs] 
2276331.781: [GC 2276331.781: [ParNew: 1735596K->41963K(1887488K), 0.1278145 secs] 1991447K->297955K(5033216K) icms_dc=0 , 0.1279650 secs] [Times: user=0.16 sys=0.00, real=0.14 secs] 
2277067.476: [GC 2277067.476: [ParNew: 1719787K->52567K(1887488K), 0.1547510 secs] 1975779K->308686K(5033216K) icms_dc=0 , 0.1548378 secs] [Times: user=0.16 sys=0.00, real=0.16 secs] 
2277671.895: [GC 2277671.895: [ParNew: 1730391K->43204K(1887488K), 0.1471610 secs] 1986510K->299498K(5033216K) icms_dc=0 , 0.1472639 secs] [Times: user=0.14 sys=0.00, real=0.14 secs] 
2278366.886: [GC 2278366.886: [ParNew: 1721028K->66707K(1887488K), 0.1973191 secs] 1977322K->323254K(5033216K) icms_dc=0 , 0.1974086 secs] [Times: user=0.19 sys=0.00, real=0.19 secs] 
2278887.326: [GC 2278887.326: [ParNew: 1744531K->49308K(1887488K), 0.1458002 secs] 2001078K->305978K(5033216K) icms_dc=0 , 0.1458843 secs] [Times: user=0.19 sys=0.00, real=0.16 secs] 
2279415.909: [GC 2279415.909: [ParNew: 1727132K->55795K(1887488K), 0.1657188 secs] 1983802K->312582K(5033216K) icms_dc=0 , 0.1658156 secs] [Times: user=0.17 sys=0.00, real=0.17 secs] 
2279893.090: [GC 2279893.091: [ParNew: 1733619K->77930K(1887488K), 0.2349574 secs] 1990406K->334804K(5033216K) icms_dc=0 , 0.2350445 secs] [Times: user=0.25 sys=0.00, real=0.25 secs] 
2280328.309: [GC 2280328.309: [ParNew: 1755754K->62405K(1887488K), 0.1937942 secs] 2012628K->319498K(5033216K) icms_dc=0 , 0.1938990 secs] [Times: user=0.19 sys=0.00, real=0.19 secs] 
2280798.537: [GC 2280798.537: [ParNew: 1740229K->45085K(1887488K), 0.1333856 secs] 1997322K->302302K(5033216K) icms_dc=0 , 0.1334762 secs] [Times: user=0.13 sys=0.00, real=0.13 secs] 
2281274.570: [GC 2281274.570: [ParNew: 1722909K->60614K(1887488K), 0.1821061 secs] 1980126K->318001K(5033216K) icms_dc=0 , 0.1821978 secs] [Times: user=0.17 sys=0.00, real=0.17 secs] 
2281626.432: [GC 2281626.432: [ParNew: 1738438K->55364K(1887488K), 0.1662053 secs] 1995825K->313021K(5033216K) icms_dc=0 , 0.1662967 secs] [Times: user=0.16 sys=0.00, real=0.16 secs] 
2282102.965: [GC 2282102.965: [ParNew: 1733188K->68121K(1887488K), 0.2065130 secs] 1990845K->325943K(5033216K) icms_dc=0 , 0.2066032 secs] [Times: user=0.20 sys=0.00, real=0.20 secs] 
2282343.101: [GC 2282343.101: [ParNew: 1745945K->83379K(1887488K), 0.2952328 secs] 2003767K->341344K(5033216K) icms_dc=0 , 0.2953414 secs] [Times: user=0.31 sys=0.00, real=0.30 secs] 
2282642.758: [GC 2282642.758: [ParNew: 1761203K->80379K(1887488K), 0.2658008 secs] 2019168K->338588K(5033216K) icms_dc=0 , 0.2659014 secs] [Times: user=0.27 sys=0.00, real=0.27 secs] 
2282891.520: [GC 2282891.520: [ParNew: 1758203K->77628K(1887488K), 0.2337551 secs] 2016412K->336013K(5033216K) icms_dc=0 , 0.2338381 secs] [Times: user=0.23 sys=0.00, real=0.23 secs] 
2283161.123: [GC 2283161.124: [ParNew: 1755452K->80947K(1887488K), 0.2415256 secs] 2013837K->339569K(5033216K) icms_dc=0 , 0.2416147 secs] [Times: user=0.31 sys=0.00, real=0.25 secs] 
2283393.674: [GC 2283393.674: [ParNew: 1758771K->69019K(1887488K), 0.2212092 secs] 2017393K->327893K(5033216K) icms_dc=0 , 0.2212979 secs] [Times: user=0.22 sys=0.00, real=0.22 secs] 
2283673.920: [GC 2283673.920: [ParNew: 1746843K->72065K(1887488K), 0.2135823 secs] 2005717K->331230K(5033216K) icms_dc=0 , 0.2136737 secs] [Times: user=0.23 sys=0.00, real=0.22 secs] 
2283926.741: [GC 2283926.741: [ParNew: 1749889K->69983K(1887488K), 0.2367920 secs] 2009054K->329349K(5033216K) icms_dc=0 , 0.2368926 secs] [Times: user=0.23 sys=0.00, real=0.23 secs] 
2284233.248: [GC 2284233.248: [ParNew: 1747807K->73449K(1887488K), 0.2205741 secs] 2007173K->333064K(5033216K) icms_dc=0 , 0.2206632 secs] [Times: user=0.25 sys=0.00, real=0.23 secs] 
2284440.442: [GC 2284440.442: [ParNew: 1751273K->75149K(1887488K), 0.2298263 secs] 2010888K->335130K(5033216K) icms_dc=0 , 0.2299215 secs] [Times: user=0.22 sys=0.00, real=0.22 secs] 
2284662.616: [GC 2284662.616: [ParNew: 1752973K->79179K(1887488K), 0.2777409 secs] 2012954K->339423K(5033216K) icms_dc=0 , 0.2778365 secs] [Times: user=0.34 sys=0.00, real=0.28 secs] 
2284887.403: [GC 2284887.403: [ParNew: 1757003K->72787K(1887488K), 0.2168223 secs] 2017247K->333257K(5033216K) icms_dc=0 , 0.2169102 secs] [Times: user=0.22 sys=0.00, real=0.22 secs] 
2285181.981: [GC 2285181.981: [ParNew: 1750611K->62499K(1887488K), 0.1879789 secs] 2011081K->323180K(5033216K) icms_dc=0 , 0.1880711 secs] [Times: user=0.19 sys=0.00, real=0.19 secs] 
2285400.049: [GC 2285400.049: [ParNew: 1740323K->80030K(1887488K), 0.2381056 secs] 2001004K->341063K(5033216K) icms_dc=0 , 0.2381950 secs] [Times: user=0.23 sys=0.00, real=0.23 secs] 
2285669.120: [GC 2285669.120: [ParNew: 1757854K->74850K(1887488K), 0.2197194 secs] 2018887K->336170K(5033216K) icms_dc=0 , 0.2198123 secs] [Times: user=0.28 sys=0.00, real=0.22 secs] 
2285959.053: [GC 2285959.053: [ParNew: 1752674K->58354K(1887488K), 0.1730101 secs] 2013994K->319985K(5033216K) icms_dc=0 , 0.1730984 secs] [Times: user=0.20 sys=0.00, real=0.19 secs] 
2286244.115: [GC 2286244.115: [ParNew: 1736178K->62956K(1887488K), 0.1818146 secs] 1997809K->324830K(5033216K) icms_dc=0 , 0.1819033 secs] [Times: user=0.23 sys=0.00, real=0.19 secs] 
2286451.887: [GC 2286451.887: [ParNew: 1740780K->69192K(1887488K), 0.2054593 secs] 2002654K->331338K(5033216K) icms_dc=0 , 0.2055446 secs] [Times: user=0.23 sys=0.00, real=0.22 secs] 
2286657.866: [GC 2286657.866: [ParNew: 1747016K->81541K(1887488K), 0.2631280 secs] 2009162K->343945K(5033216K) icms_dc=0 , 0.2632297 secs] [Times: user=0.25 sys=0.00, real=0.25 secs] 
2286846.816: [GC 2286846.816: [ParNew: 1759365K->56204K(1887488K), 0.1660825 secs] 2021769K->318896K(5033216K) icms_dc=0 , 0.1661792 secs] [Times: user=0.17 sys=0.00, real=0.17 secs] 
2287016.132: [GC 2287016.132: [ParNew: 1734028K->64159K(1887488K), 0.1923297 secs] 1996720K->327261K(5033216K) icms_dc=0 , 0.1924207 secs] [Times: user=0.20 sys=0.00, real=0.19 secs] 
2287276.660: [GC 2287276.660: [ParNew: 1741983K->66062K(1887488K), 0.1909686 secs] 2005085K->329491K(5033216K) icms_dc=0 , 0.1910580 secs] [Times: user=0.19 sys=0.00, real=0.19 secs] 
2287442.447: [GC 2287442.447: [ParNew: 1743886K->65389K(1887488K), 0.2388666 secs] 2007315K->329089K(5033216K) icms_dc=0 , 0.2389756 secs] [Times: user=0.23 sys=0.00, real=0.23 secs] 
2287697.822: [GC 2287697.822: [ParNew: 1743213K->70079K(1887488K), 0.2027178 secs] 2006913K->333992K(5033216K) icms_dc=0 , 0.2028080 secs] [Times: user=0.22 sys=0.00, real=0.20 secs] 
2287839.098: [GC 2287839.098: [ParNew: 1747903K->57234K(1887488K), 0.1636580 secs] 2011816K->321444K(5033216K) icms_dc=0 , 0.1637529 secs] [Times: user=0.16 sys=0.00, real=0.16 secs] 
2288031.634: [GC 2288031.634: [ParNew: 1735058K->57361K(1887488K), 0.1508882 secs] 1999268K->321911K(5033216K) icms_dc=0 , 0.1509739 secs] [Times: user=0.22 sys=0.00, real=0.16 secs] 
2288284.223: [GC 2288284.223: [ParNew: 1735185K->55499K(1887488K), 0.1503583 secs] 1999735K->320276K(5033216K) icms_dc=0 , 0.1504520 secs] [Times: user=0.17 sys=0.00, real=0.16 secs] 
2288487.819: [GC 2288487.819: [ParNew: 1733323K->71923K(1887488K), 0.2386673 secs] 1998100K->337018K(5033216K) icms_dc=0 , 0.2387710 secs] [Times: user=0.23 sys=0.00, real=0.23 secs] 
2288693.521: [GC 2288693.521: [ParNew: 1749747K->74041K(1887488K), 0.2241673 secs] 2014842K->339397K(5033216K) icms_dc=0 , 0.2242614 secs] [Times: user=0.25 sys=0.00, real=0.23 secs] 
2288899.669: [GC 2288899.669: [ParNew: 1751865K->76948K(1887488K), 0.2276043 secs] 2017221K->342527K(5033216K) icms_dc=0 , 0.2276956 secs] [Times: user=0.25 sys=0.00, real=0.23 secs] 
2289016.126: [GC 2289016.126: [ParNew: 1754772K->68289K(1887488K), 0.2056214 secs] 2020351K->334073K(5033216K) icms_dc=0 , 0.2057124 secs] [Times: user=0.20 sys=0.00, real=0.20 secs] 
2289196.992: [GC 2289196.992: [ParNew: 1746113K->67973K(1887488K), 0.2030967 secs] 2011897K->334028K(5033216K) icms_dc=0 , 0.2031901 secs] [Times: user=0.22 sys=0.00, real=0.20 secs] 
2289372.391: [GC 2289372.391: [ParNew: 1745797K->64010K(1887488K), 0.2113541 secs] 2011852K->330358K(5033216K) icms_dc=0 , 0.2114605 secs] [Times: user=0.23 sys=0.00, real=0.22 secs] 
2289568.786: [GC 2289568.786: [ParNew: 1741834K->68415K(1887488K), 0.1987083 secs] 2008182K->335113K(5033216K) icms_dc=0 , 0.1987970 secs] [Times: user=0.20 sys=0.00, real=0.20 secs] 
2289791.979: [GC 2289791.979: [ParNew: 1746239K->74153K(1887488K), 0.2380084 secs] 2012937K->341243K(5033216K) icms_dc=0 , 0.2381370 secs] [Times: user=0.23 sys=0.00, real=0.23 secs] 
2290023.549: [GC 2290023.550: [ParNew: 1751977K->76287K(1887488K), 0.2577923 secs] 2019067K->343738K(5033216K) icms_dc=0 , 0.2578833 secs] [Times: user=0.28 sys=0.00, real=0.27 secs] 
2290177.283: [GC 2290177.283: [ParNew: 1754111K->80400K(1887488K), 0.2408133 secs] 2021562K->348046K(5033216K) icms_dc=0 , 0.2409009 secs] [Times: user=0.27 sys=0.00, real=0.25 secs] 
2290396.819: [GC 2290396.819: [ParNew: 1758224K->79575K(1887488K), 0.2733751 secs] 2025870K->347490K(5033216K) icms_dc=0 , 0.2734810 secs] [Times: user=0.27 sys=0.00, real=0.27 secs] 
2290585.153: [GC 2290585.153: [ParNew: 1757399K->73479K(1887488K), 0.2195873 secs] 2025314K->341829K(5033216K) icms_dc=0 , 0.2196848 secs] [Times: user=0.22 sys=0.00, real=0.22 secs] 
2290736.708: [GC 2290736.708: [ParNew: 1751303K->71808K(1887488K), 0.2211627 secs] 2019653K->340411K(5033216K) icms_dc=0 , 0.2212526 secs] [Times: user=0.22 sys=0.00, real=0.22 secs] 
2290861.102: [GC 2290861.102: [ParNew: 1749632K->68583K(1887488K), 0.2223358 secs] 2018235K->337413K(5033216K) icms_dc=0 , 0.2224375 secs] [Times: user=0.25 sys=0.00, real=0.22 secs] 
2290969.307: [GC 2290969.307: [ParNew: 1746407K->53562K(1887488K), 0.1182340 secs] 2015237K->322741K(5033216K) icms_dc=0 , 0.1183192 secs] [Times: user=0.11 sys=0.00, real=0.11 secs] 
2291183.529: [GC 2291183.529: [ParNew: 1731386K->58758K(1887488K), 0.1705688 secs] 2000565K->328278K(5033216K) icms_dc=0 , 0.1706610 secs] [Times: user=0.20 sys=0.00, real=0.17 secs] 
2291393.177: [GC 2291393.177: [ParNew: 1736582K->69153K(1887488K), 0.2275666 secs] 2006102K->338900K(5033216K) icms_dc=0 , 0.2276611 secs] [Times: user=0.22 sys=0.00, real=0.22 secs] 
2291639.673: [GC 2291639.673: [ParNew: 1746977K->67048K(1887488K), 0.2016707 secs] 2016724K->337277K(5033216K) icms_dc=0 , 0.2017659 secs] [Times: user=0.22 sys=0.00, real=0.20 secs] 
2291884.259: [GC 2291884.259: [ParNew: 1744872K->77148K(1887488K), 0.2466302 secs] 2015101K->347517K(5033216K) icms_dc=0 , 0.2467265 secs] [Times: user=0.31 sys=0.00, real=0.25 secs] 
2292023.089: [GC 2292023.089: [ParNew: 1754972K->55033K(1887488K), 0.1768187 secs] 2025341K->325653K(5033216K) icms_dc=0 , 0.1769243 secs] [Times: user=0.17 sys=0.00, real=0.17 secs] 
2292247.008: [GC 2292247.008: [ParNew: 1732857K->45473K(1887488K), 0.1383338 secs] 2003477K->316388K(5033216K) icms_dc=0 , 0.1384252 secs] [Times: user=0.14 sys=0.00, real=0.14 secs] 
2292431.543: [GC 2292431.543: [ParNew: 1723297K->54467K(1887488K), 0.1546784 secs] 1994212K->325818K(5033216K) icms_dc=0 , 0.1547671 secs] [Times: user=0.16 sys=0.00, real=0.16 secs] 
2292622.606: [GC 2292622.606: [ParNew: 1732291K->61853K(1887488K), 0.1836585 secs] 2003642K->333494K(5033216K) icms_dc=0 , 0.1837495 secs] [Times: user=0.17 sys=0.00, real=0.17 secs] 
2292942.288: [GC 2292942.288: [ParNew: 1739677K->67486K(1887488K), 0.2294185 secs] 2011318K->339323K(5033216K) icms_dc=0 , 0.2295195 secs] [Times: user=0.22 sys=0.00, real=0.22 secs] 
2293156.380: [GC 2293156.380: [ParNew: 1745310K->62883K(1887488K), 0.1822992 secs] 2017147K->334985K(5033216K) icms_dc=0 , 0.1823875 secs] [Times: user=0.20 sys=0.00, real=0.19 secs] 
2293348.510: [GC 2293348.510: [ParNew: 1740707K->68246K(1887488K), 0.1979438 secs] 2012809K->340594K(5033216K) icms_dc=0 , 0.1980341 secs] [Times: user=0.22 sys=0.00, real=0.20 secs] 
2293553.926: [GC 2293553.926: [ParNew: 1746070K->75488K(1887488K), 0.2296977 secs] 2018418K->348057K(5033216K) icms_dc=0 , 0.2297875 secs] [Times: user=0.22 sys=0.00, real=0.22 secs] 
2293768.599: [GC 2293768.599: [ParNew: 1753312K->58833K(1887488K), 0.1278417 secs] 2025881K->331777K(5033216K) icms_dc=0 , 0.1279251 secs] [Times: user=0.13 sys=0.00, real=0.13 secs] 
2293890.402: [GC 2293890.402: [ParNew: 1736657K->25621K(1887488K), 0.0712590 secs] 2009601K->298880K(5033216K) icms_dc=0 , 0.0713515 secs] [Times: user=0.09 sys=0.00, real=0.08 secs] 
2294030.252: [GC 2294030.252: [ParNew: 1703445K->48578K(1887488K), 0.1385032 secs] 1976704K->322134K(5033216K) icms_dc=0 , 0.1385991 secs] [Times: user=0.16 sys=0.00, real=0.14 secs] 
2294281.636: [GC 2294281.636: [ParNew: 1726402K->67884K(1887488K), 0.2147811 secs] 1999958K->341761K(5033216K) icms_dc=0 , 0.2148694 secs] [Times: user=0.23 sys=0.00, real=0.22 secs] 
2294572.066: [GC 2294572.066: [ParNew: 1745708K->49080K(1887488K), 0.1424512 secs] 2019585K->323289K(5033216K) icms_dc=0 , 0.1425429 secs] [Times: user=0.17 sys=0.00, real=0.14 secs] 
2294920.400: [GC 2294920.400: [ParNew: 1726904K->62883K(1887488K), 0.2020593 secs] 2001113K->337269K(5033216K) icms_dc=0 , 0.2021560 secs] [Times: user=0.20 sys=0.00, real=0.20 secs] 
2295170.944: [GC 2295170.944: [ParNew: 1740707K->75320K(1887488K), 0.2256994 secs] 2015093K->349859K(5033216K) icms_dc=0 , 0.2257888 secs] [Times: user=0.22 sys=0.00, real=0.22 secs] 
2295406.520: [GC 2295406.520: [ParNew: 1753144K->67552K(1887488K), 0.2260595 secs] 2027683K->342475K(5033216K) icms_dc=0 , 0.2261620 secs] [Times: user=0.30 sys=0.00, real=0.23 secs] 
2295701.746: [GC 2295701.746: [ParNew: 1745376K->66877K(1887488K), 0.1956177 secs] 2020299K->342173K(5033216K) icms_dc=0 , 0.1957095 secs] [Times: user=0.19 sys=0.00, real=0.19 secs] 
2295889.247: [GC 2295889.247: [ParNew: 1744701K->52653K(1887488K), 0.1562086 secs] 2019997K->328168K(5033216K) icms_dc=0 , 0.1563007 secs] [Times: user=0.17 sys=0.00, real=0.16 secs] 
2296048.686: [GC 2296048.686: [ParNew: 1730477K->43084K(1887488K), 0.1291665 secs] 2005992K->318896K(5033216K) icms_dc=0 , 0.1292647 secs] [Times: user=0.14 sys=0.00, real=0.13 secs] 
2296270.493: [GC 2296270.493: [ParNew: 1720908K->59217K(1887488K), 0.1944692 secs] 1996720K->335323K(5033216K) icms_dc=0 , 0.1945698 secs] [Times: user=0.20 sys=0.00, real=0.19 secs] 
2296617.806: [GC 2296617.806: [ParNew: 1737041K->71274K(1887488K), 0.2171671 secs] 2013147K->347635K(5033216K) icms_dc=0 , 0.2172573 secs] [Times: user=0.23 sys=0.00, real=0.22 secs] 
2296842.283: [GC 2296842.283: [ParNew: 1749098K->58086K(1887488K), 0.1661796 secs] 2025459K->334727K(5033216K) icms_dc=0 , 0.1662748 secs] [Times: user=0.19 sys=0.00, real=0.17 secs] 
2297097.713: [GC 2297097.713: [ParNew: 1735910K->65461K(1887488K), 0.2201682 secs] 2012551K->342259K(5033216K) icms_dc=0 , 0.2202765 secs] [Times: user=0.23 sys=0.00, real=0.23 secs] 
2297282.325: [GC 2297282.325: [ParNew: 1743285K->73165K(1887488K), 0.2101346 secs] 2020083K->350264K(5033216K) icms_dc=0 , 0.2102206 secs] [Times: user=0.20 sys=0.00, real=0.20 secs] 
2297637.787: [GC 2297637.787: [ParNew: 1750989K->75422K(1887488K), 0.2467146 secs] 2028088K->352783K(5033216K) icms_dc=0 , 0.2468122 secs] [Times: user=0.23 sys=0.00, real=0.23 secs] 
2297972.614: [GC 2297972.614: [ParNew: 1753246K->69372K(1887488K), 0.2298720 secs] 2030607K->346892K(5033216K) icms_dc=0 , 0.2299715 secs] [Times: user=0.22 sys=0.00, real=0.22 secs] 
2298251.891: [GC 2298251.892: [ParNew: 1747196K->63301K(1887488K), 0.1813281 secs] 2024716K->341051K(5033216K) icms_dc=0 , 0.1814176 secs] [Times: user=0.17 sys=0.00, real=0.17 secs] 
2298484.510: [GC 2298484.510: [ParNew: 1741125K->65489K(1887488K), 0.2113380 secs] 2018875K->343569K(5033216K) icms_dc=0 , 0.2114390 secs] [Times: user=0.20 sys=0.00, real=0.20 secs] 
2298703.470: [GC 2298703.470: [ParNew: 1743313K->78976K(1887488K), 0.2383498 secs] 2021393K->357280K(5033216K) icms_dc=0 , 0.2384354 secs] [Times: user=0.23 sys=0.00, real=0.23 secs] 
2298805.558: [GC 2298805.558: [ParNew: 1756800K->34485K(1887488K), 0.1115678 secs] 2035104K->313081K(5033216K) icms_dc=0 , 0.1116699 secs] [Times: user=0.13 sys=0.00, real=0.11 secs] 
2298996.438: [GC 2298996.438: [ParNew: 1712309K->51698K(1887488K), 0.1450680 secs] 1990905K->330567K(5033216K) icms_dc=0 , 0.1451590 secs] [Times: user=0.20 sys=0.00, real=0.16 secs] 
2299289.978: [GC 2299289.978: [ParNew: 1729522K->78719K(1887488K), 0.2359061 secs] 2008391K->357855K(5033216K) icms_dc=0 , 0.2359929 secs] [Times: user=0.23 sys=0.00, real=0.23 secs] 
2299549.982: [GC 2299549.982: [ParNew: 1756543K->75983K(1887488K), 0.2279276 secs] 2035679K->355428K(5033216K) icms_dc=0 , 0.2280186 secs] [Times: user=0.25 sys=0.00, real=0.23 secs] 
2299761.692: [GC 2299761.692: [ParNew: 1753807K->61778K(1887488K), 0.1950986 secs] 2033252K->341345K(5033216K) icms_dc=0 , 0.1951930 secs] [Times: user=0.19 sys=0.00, real=0.19 secs] 
2299944.422: [GC 2299944.422: [ParNew: 1739602K->69984K(1887488K), 0.2114048 secs] 2019169K->349755K(5033216K) icms_dc=0 , 0.2115023 secs] [Times: user=0.20 sys=0.00, real=0.20 secs] 
2300155.870: [GC 2300155.870: [ParNew: 1747808K->61719K(1887488K), 0.1942792 secs] 2027579K->341843K(5033216K) icms_dc=0 , 0.1943732 secs] [Times: user=0.22 sys=0.00, real=0.20 secs] 
2300307.240: [GC 2300307.241: [ParNew: 1739543K->60958K(1887488K), 0.1904725 secs] 2019667K->341321K(5033216K) icms_dc=0 , 0.1905711 secs] [Times: user=0.19 sys=0.00, real=0.19 secs] 
2300446.910: [GC 2300446.910: [ParNew: 1738782K->60382K(1887488K), 0.1789129 secs] 2019145K->340983K(5033216K) icms_dc=0 , 0.1790055 secs] [Times: user=0.20 sys=0.00, real=0.19 secs] 
2300701.769: [GC 2300701.769: [ParNew: 1738206K->67427K(1887488K), 0.2042180 secs] 2018807K->348359K(5033216K) icms_dc=0 , 0.2043116 secs] [Times: user=0.22 sys=0.00, real=0.20 secs] 
2300927.984: [GC 2300927.984: [ParNew: 1745251K->58586K(1887488K), 0.1740230 secs] 2026183K->339776K(5033216K) icms_dc=0 , 0.1741175 secs] [Times: user=0.20 sys=0.00, real=0.19 secs] 
2301206.074: [GC 2301206.074: [ParNew: 1736410K->76638K(1887488K), 0.2362997 secs] 2017600K->358016K(5033216K) icms_dc=0 , 0.2363915 secs] [Times: user=0.26 sys=0.00, real=0.23 secs] 
2301406.379: [GC 2301406.379: [ParNew: 1754462K->62418K(1887488K), 0.2061578 secs] 2035840K->343967K(5033216K) icms_dc=0 , 0.2062599 secs] [Times: user=0.20 sys=0.00, real=0.20 secs] 
2301637.162: [GC 2301637.162: [ParNew: 1740242K->67810K(1887488K), 0.2021057 secs] 2021791K->349636K(5033216K) icms_dc=0 , 0.2021979 secs] [Times: user=0.22 sys=0.00, real=0.20 secs] 
2301946.906: [GC 2301946.906: [ParNew: 1745634K->67692K(1887488K), 0.2061827 secs] 2027460K->349739K(5033216K) icms_dc=0 , 0.2062707 secs] [Times: user=0.22 sys=0.00, real=0.20 secs] 
2302112.359: [GC 2302112.359: [ParNew: 1745516K->63979K(1887488K), 0.1784011 secs] 2027563K->346354K(5033216K) icms_dc=0 , 0.1784956 secs] [Times: user=0.23 sys=0.00, real=0.19 secs] 
2302353.162: [GC 2302353.162: [ParNew: 1741803K->70851K(1887488K), 0.2118867 secs] 2024178K->353454K(5033216K) icms_dc=0 , 0.2119788 secs] [Times: user=0.20 sys=0.00, real=0.20 secs] 
2302551.350: [GC 2302551.350: [ParNew: 1748675K->74041K(1887488K), 0.2154415 secs] 2031278K->356976K(5033216K) icms_dc=0 , 0.2155329 secs] [Times: user=0.20 sys=0.00, real=0.20 secs] 
2302808.179: [GC 2302808.179: [ParNew: 1751865K->70436K(1887488K), 0.2450374 secs] 2034800K->353667K(5033216K) icms_dc=0 , 0.2451388 secs] [Times: user=0.28 sys=0.00, real=0.25 secs] 
2303011.348: [GC 2303011.348: [ParNew: 1748260K->65450K(1887488K), 0.1903431 secs] 2031491K->348860K(5033216K) icms_dc=0 , 0.1904325 secs] [Times: user=0.19 sys=0.00, real=0.19 secs] 
2303246.767: [GC 2303246.767: [ParNew: 1743274K->55275K(1887488K), 0.1611833 secs] 2026684K->338880K(5033216K) icms_dc=0 , 0.1612736 secs] [Times: user=0.17 sys=0.00, real=0.16 secs] 
2303434.688: [GC 2303434.688: [ParNew: 1733099K->54058K(1887488K), 0.1786584 secs] 2016704K->338060K(5033216K) icms_dc=0 , 0.1787666 secs] [Times: user=0.17 sys=0.00, real=0.17 secs] 
2303684.459: [GC 2303684.459: [ParNew: 1731882K->60598K(1887488K), 0.1747603 secs] 2015884K->344896K(5033216K) icms_dc=0 , 0.1748559 secs] [Times: user=0.17 sys=0.00, real=0.17 secs] 
2303972.431: [GC 2303972.431: [ParNew: 1738422K->70849K(1887488K), 0.2386216 secs] 2022720K->355356K(5033216K) icms_dc=0 , 0.2387203 secs] [Times: user=0.27 sys=0.00, real=0.25 secs] 
2304249.811: [GC 2304249.811: [ParNew: 1748673K->58430K(1887488K), 0.1765381 secs] 2033180K->343096K(5033216K) icms_dc=0 , 0.1766233 secs] [Times: user=0.17 sys=0.00, real=0.17 secs] 
2304454.188: [GC 2304454.188: [ParNew: 1736254K->68055K(1887488K), 0.2064634 secs] 2020920K->352957K(5033216K) icms_dc=0 , 0.2065602 secs] [Times: user=0.26 sys=0.00, real=0.20 secs] 
2304680.287: [GC 2304680.287: [ParNew: 1745879K->66338K(1887488K), 0.2254287 secs] 2030781K->351474K(5033216K) icms_dc=0 , 0.2255335 secs] [Times: user=0.25 sys=0.00, real=0.23 secs] 
2304983.563: [GC 2304983.563: [ParNew: 1744162K->64863K(1887488K), 0.2188923 secs] 2029298K->350368K(5033216K) icms_dc=0 , 0.2189898 secs] [Times: user=0.22 sys=0.00, real=0.22 secs] 
2305188.438: [GC 2305188.438: [ParNew: 1742687K->65357K(1887488K), 0.1884869 secs] 2028192K->351071K(5033216K) icms_dc=0 , 0.1885779 secs] [Times: user=0.19 sys=0.00, real=0.19 secs] 
2305434.361: [GC 2305434.361: [ParNew: 1743181K->71680K(1887488K), 0.2197482 secs] 2028895K->357653K(5033216K) icms_dc=0 , 0.2198357 secs] [Times: user=0.22 sys=0.00, real=0.22 secs] 
2305652.160: [GC 2305652.160: [ParNew: 1749504K->58236K(1887488K), 0.1955962 secs] 2035477K->344566K(5033216K) icms_dc=0 , 0.1957064 secs] [Times: user=0.19 sys=0.00, real=0.19 secs] 
2305878.626: [GC 2305878.626: [ParNew: 1736060K->67212K(1887488K), 0.2187775 secs] 2022390K->353759K(5033216K) icms_dc=0 , 0.2188781 secs] [Times: user=0.22 sys=0.00, real=0.22 secs] 
2306142.862: [GC 2306142.862: [ParNew: 1745036K->66008K(1887488K), 0.2036370 secs] 2031583K->352736K(5033216K) icms_dc=0 , 0.2037222 secs] [Times: user=0.20 sys=0.00, real=0.20 secs] 
2306461.781: [GC 2306461.781: [ParNew: 1743832K->78650K(1887488K), 0.2402570 secs] 2030560K->365572K(5033216K) icms_dc=0 , 0.2403541 secs] [Times: user=0.25 sys=0.00, real=0.23 secs] 
2306640.714: [GC 2306640.714: [ParNew: 1756474K->61423K(1887488K), 0.1764221 secs] 2043396K->348509K(5033216K) icms_dc=0 , 0.1765181 secs] [Times: user=0.22 sys=0.00, real=0.19 secs] 
2306927.531: [GC 2306927.531: [ParNew: 1739247K->55357K(1887488K), 0.1849651 secs] 2026333K->342693K(5033216K) icms_dc=0 , 0.1850776 secs] [Times: user=0.19 sys=0.00, real=0.19 secs] 
2307283.551: [GC 2307283.551: [ParNew: 1733181K->60507K(1887488K), 0.1827550 secs] 2020517K->348239K(5033216K) icms_dc=0 , 0.1828410 secs] [Times: user=0.20 sys=0.00, real=0.19 secs] 
2307546.324: [GC 2307546.324: [ParNew: 1738331K->53609K(1887488K), 0.1539773 secs] 2026063K->341616K(5033216K) icms_dc=0 , 0.1540771 secs] [Times: user=0.22 sys=0.00, real=0.16 secs] 
2307796.370: [GC 2307796.370: [ParNew: 1731433K->38117K(1887488K), 0.1040062 secs] 2019440K->326284K(5033216K) icms_dc=0 , 0.1040941 secs] [Times: user=0.16 sys=0.00, real=0.11 secs] 
2308085.344: [GC 2308085.344: [ParNew: 1715941K->63698K(1887488K), 0.1938372 secs] 2004108K->352067K(5033216K) icms_dc=0 , 0.1939259 secs] [Times: user=0.17 sys=0.00, real=0.19 secs] 
2308342.473: [GC 2308342.473: [ParNew: 1741522K->66413K(1887488K), 0.1952944 secs] 2029891K->355008K(5033216K) icms_dc=0 , 0.1953827 secs] [Times: user=0.22 sys=0.00, real=0.20 secs] 
2308509.548: [GC 2308509.548: [ParNew: 1744237K->74175K(1887488K), 0.2398772 secs] 2032832K->362971K(5033216K) icms_dc=0 , 0.2399694 secs] [Times: user=0.30 sys=0.00, real=0.25 secs] 
2308658.878: [GC 2308658.878: [ParNew: 1751999K->59501K(1887488K), 0.1751899 secs] 2040795K->348574K(5033216K) icms_dc=0 , 0.1752809 secs] [Times: user=0.17 sys=0.00, real=0.17 secs] 
2308953.693: [GC 2308953.693: [ParNew: 1737325K->65740K(1887488K), 0.1879405 secs] 2026398K->355082K(5033216K) icms_dc=0 , 0.1880254 secs] [Times: user=0.19 sys=0.00, real=0.19 secs] 
2309168.842: [GC 2309168.842: [ParNew: 1743564K->63439K(1887488K), 0.1985935 secs] 2032906K->352996K(5033216K) icms_dc=0 , 0.1986937 secs] [Times: user=0.20 sys=0.00, real=0.20 secs] 
2309497.177: [GC 2309497.177: [ParNew: 1741263K->65728K(1887488K), 0.1959978 secs] 2030820K->355494K(5033216K) icms_dc=0 , 0.1960896 secs] [Times: user=0.19 sys=0.00, real=0.19 secs] 
2309736.966: [GC 2309736.966: [ParNew: 1743552K->67701K(1887488K), 0.2211489 secs] 2033318K->357653K(5033216K) icms_dc=0 , 0.2212460 secs] [Times: user=0.25 sys=0.00, real=0.23 secs] 
2309907.935: [GC 2309907.935: [ParNew: 1745525K->56304K(1887488K), 0.1644417 secs] 2035477K->346612K(5033216K) icms_dc=0 , 0.1645323 secs] [Times: user=0.20 sys=0.00, real=0.17 secs] 
2310166.640: [GC 2310166.640: [ParNew: 1734128K->59293K(1887488K), 0.1734882 secs] 2024436K->349801K(5033216K) icms_dc=0 , 0.1735761 secs] [Times: user=0.20 sys=0.00, real=0.19 secs] 
2310400.768: [GC 2310400.768: [ParNew: 1737117K->50179K(1887488K), 0.1687169 secs] 2027625K->340956K(5033216K) icms_dc=0 , 0.1688117 secs] [Times: user=0.19 sys=0.00, real=0.17 secs] 
2310667.077: [GC 2310667.077: [ParNew: 1728003K->71818K(1887488K), 0.2156934 secs] 2018780K->362788K(5033216K) icms_dc=0 , 0.2157836 secs] [Times: user=0.22 sys=0.00, real=0.22 secs] 
2310935.023: [GC 2310935.023: [ParNew: 1749642K->63659K(1887488K), 0.1845493 secs] 2040612K->354869K(5033216K) icms_dc=0 , 0.1846361 secs] [Times: user=0.20 sys=0.00, real=0.19 secs] 
2311365.368: [GC 2311365.369: [ParNew: 1741483K->55377K(1887488K), 0.1597384 secs] 2032693K->346887K(5033216K) icms_dc=0 , 0.1598279 secs] [Times: user=0.23 sys=0.00, real=0.17 secs] 
2311601.034: [GC 2311601.034: [ParNew: 1733201K->58616K(1887488K), 0.1733188 secs] 2024711K->350272K(5033216K) icms_dc=0 , 0.1734083 secs] [Times: user=0.17 sys=0.00, real=0.17 secs] 
2312031.799: [GC 2312031.799: [ParNew: 1736440K->61798K(1887488K), 0.2092526 secs] 2028096K->353711K(5033216K) icms_dc=0 , 0.2093494 secs] [Times: user=0.20 sys=0.00, real=0.20 secs] 
2312426.434: [GC 2312426.434: [ParNew: 1739622K->43937K(1887488K), 0.1389893 secs] 2031535K->336070K(5033216K) icms_dc=0 , 0.1390818 secs] [Times: user=0.14 sys=0.00, real=0.14 secs] 
2312714.301: [GC 2312714.301: [ParNew: 1721761K->63972K(1887488K), 0.1888394 secs] 2013894K->356270K(5033216K) icms_dc=0 , 0.1889281 secs] [Times: user=0.22 sys=0.00, real=0.19 secs] 
2313077.983: [GC 2313077.983: [ParNew: 1741796K->70576K(1887488K), 0.2392490 secs] 2034094K->363013K(5033216K) icms_dc=0 , 0.2393577 secs] [Times: user=0.23 sys=0.00, real=0.23 secs] 
2313332.827: [GC 2313332.827: [ParNew: 1748400K->58751K(1887488K), 0.1967009 secs] 2040837K->351400K(5033216K) icms_dc=0 , 0.1968134 secs] [Times: user=0.19 sys=0.00, real=0.19 secs] 
2313637.481: [GC 2313637.481: [ParNew: 1736575K->58829K(1887488K), 0.1690344 secs] 2029224K->351683K(5033216K) icms_dc=0 , 0.1691270 secs] [Times: user=0.19 sys=0.00, real=0.17 secs] 
2314116.165: [GC 2314116.165: [ParNew: 1736653K->64607K(1887488K), 0.1808412 secs] 2029507K->357613K(5033216K) icms_dc=0 , 0.1809215 secs] [Times: user=0.19 sys=0.00, real=0.19 secs] 
2314760.539: [GC 2314760.539: [ParNew: 1742431K->52699K(1887488K), 0.1671276 secs] 2035437K->345853K(5033216K) icms_dc=0 , 0.1672294 secs] [Times: user=0.19 sys=0.00, real=0.17 secs] 
2315341.043: [GC 2315341.043: [ParNew: 1730523K->62670K(1887488K), 0.1884581 secs] 2023677K->355986K(5033216K) icms_dc=0 , 0.1885534 secs] [Times: user=0.20 sys=0.00, real=0.19 secs] 
2315725.841: [GC 2315725.841: [ParNew: 1740494K->71215K(1887488K), 0.2125229 secs] 2033810K->364713K(5033216K) icms_dc=0 , 0.2126143 secs] [Times: user=0.20 sys=0.00, real=0.20 secs] 
2316113.339: [GC 2316113.339: [ParNew: 1749039K->69495K(1887488K), 0.2016676 secs] 2042537K->363205K(5033216K) icms_dc=0 , 0.2017586 secs] [Times: user=0.20 sys=0.00, real=0.20 secs] 
2316531.157: [GC 2316531.157: [ParNew: 1747319K->54238K(1887488K), 0.1592627 secs] 2041029K->348179K(5033216K) icms_dc=0 , 0.1593529 secs] [Times: user=0.16 sys=0.00, real=0.16 secs] 
2316820.621: [GC 2316820.621: [ParNew: 1732062K->59198K(1887488K), 0.1328288 secs] 2026003K->353333K(5033216K) icms_dc=0 , 0.1329090 secs] [Times: user=0.14 sys=0.00, real=0.14 secs] 
2316898.909: [GC 2316898.909: [ParNew: 1737022K->16729K(1887488K), 0.0476523 secs] 2031157K->311003K(5033216K) icms_dc=0 , 0.0477429 secs] [Times: user=0.05 sys=0.00, real=0.05 secs] 
2317232.327: [GC 2317232.327: [ParNew: 1694553K->56173K(1887488K), 0.1736433 secs] 1988827K->350692K(5033216K) icms_dc=0 , 0.1737347 secs] [Times: user=0.19 sys=0.00, real=0.17 secs] 
2317740.709: [GC 2317740.709: [ParNew: 1733997K->51554K(1887488K), 0.1513782 secs] 2028516K->346372K(5033216K) icms_dc=0 , 0.1514711 secs] [Times: user=0.16 sys=0.00, real=0.16 secs] 
2318324.678: [GC 2318324.678: [ParNew: 1729378K->66086K(1887488K), 0.2133488 secs] 2024196K->361118K(5033216K) icms_dc=0 , 0.2134475 secs] [Times: user=0.22 sys=0.00, real=0.22 secs] 
2318972.243: [GC 2318972.243: [ParNew: 1743910K->62015K(1887488K), 0.1885560 secs] 2038942K->357089K(5033216K) icms_dc=0 , 0.1886482 secs] [Times: user=0.19 sys=0.00, real=0.19 secs] 
2319627.845: [GC 2319627.846: [ParNew: 1739839K->55525K(1887488K), 0.1870301 secs] 2034913K->350758K(5033216K) icms_dc=0 , 0.1871361 secs] [Times: user=0.19 sys=0.00, real=0.19 secs] 
2320149.947: [GC 2320149.947: [ParNew: 1733349K->57033K(1887488K), 0.1740046 secs] 2028582K->352434K(5033216K) icms_dc=0 , 0.1740983 secs] [Times: user=0.19 sys=0.00, real=0.17 secs] 
2320950.443: [GC 2320950.443: [ParNew: 1734857K->52101K(1887488K), 0.1508517 secs] 2030258K->347726K(5033216K) icms_dc=0 , 0.1509424 secs] [Times: user=0.14 sys=0.00, real=0.14 secs] 
2322161.498: [GC 2322161.498: [ParNew: 1729925K->40506K(1887488K), 0.1227979 secs] 2025550K->336368K(5033216K) icms_dc=0 , 0.1228892 secs] [Times: user=0.13 sys=0.00, real=0.12 secs] 
2323231.972: [GC 2323231.972: [ParNew: 1718330K->37076K(1887488K), 0.1090819 secs] 2014192K->333107K(5033216K) icms_dc=0 , 0.1091741 secs] [Times: user=0.11 sys=0.00, real=0.11 secs] 
2324178.334: [GC 2324178.334: [ParNew: 1714900K->41498K(1887488K), 0.1154931 secs] 2010931K->337631K(5033216K) icms_dc=0 , 0.1155949 secs] [Times: user=0.13 sys=0.00, real=0.13 secs] 
2325241.550: [GC 2325241.550: [ParNew: 1719322K->40568K(1887488K), 0.1215031 secs] 2015455K->336884K(5033216K) icms_dc=0 , 0.1215983 secs] [Times: user=0.14 sys=0.00, real=0.13 secs] 
2326632.337: [GC 2326632.337: [ParNew: 1718392K->40821K(1887488K), 0.1301049 secs] 2014708K->337312K(5033216K) icms_dc=0 , 0.1302039 secs] [Times: user=0.13 sys=0.00, real=0.12 secs] 
2327885.886: [GC 2327885.886: [ParNew: 1718645K->31860K(1887488K), 0.0842696 secs] 2015136K->328518K(5033216K) icms_dc=0 , 0.0843705 secs] [Times: user=0.09 sys=0.00, real=0.09 secs] 
2329297.038: [GC 2329297.038: [ParNew: 1709684K->35210K(1887488K), 0.0937180 secs] 2006342K->331995K(5033216K) icms_dc=0 , 0.0938213 secs] [Times: user=0.16 sys=0.00, real=0.09 secs] 
2330445.706: [GC 2330445.706: [ParNew: 1713034K->27416K(1887488K), 0.0873540 secs] 2009819K->324349K(5033216K) icms_dc=0 , 0.0874658 secs] [Times: user=0.11 sys=0.00, real=0.09 secs] 
2331770.801: [GC 2331770.801: [ParNew: 1705240K->32577K(1887488K), 0.0951153 secs] 2002173K->329711K(5033216K) icms_dc=0 , 0.0952059 secs] [Times: user=0.09 sys=0.00, real=0.09 secs] 
2332948.871: [GC 2332948.871: [ParNew: 1710401K->34706K(1887488K), 0.1167699 secs] 2007535K->332036K(5033216K) icms_dc=0 , 0.1168693 secs] [Times: user=0.11 sys=0.00, real=0.11 secs] 
2333922.811: [GC 2333922.811: [ParNew: 1712530K->35550K(1887488K), 0.0956682 secs] 2009860K->333343K(5033216K) icms_dc=0 , 0.0957592 secs] [Times: user=0.09 sys=0.00, real=0.09 secs] 
2336007.996: [GC 2336007.996: [ParNew: 1713374K->13286K(1887488K), 0.0454026 secs] 2011167K->311201K(5033216K) icms_dc=0 , 0.0455089 secs] [Times: user=0.03 sys=0.00, real=0.03 secs] 
2337533.248: [GC 2337533.248: [ParNew: 1691110K->26457K(1887488K), 0.0929381 secs] 1989025K->324608K(5033216K) icms_dc=0 , 0.0930399 secs] [Times: user=0.11 sys=0.00, real=0.09 secs] 
2339776.559: [GC 2339776.559: [ParNew: 1704281K->10285K(1887488K), 0.0369640 secs] 2002432K->308622K(5033216K) icms_dc=0 , 0.0370515 secs] [Times: user=0.08 sys=0.00, real=0.03 secs] 
2341621.512: [GC 2341621.512: [ParNew: 1688109K->19508K(1887488K), 0.0584519 secs] 1986446K->317967K(5033216K) icms_dc=0 , 0.0585376 secs]